2019-01-25T15:22:19.912+0000: [GC (Allocation Failure) 2019-01-25T15:22:19.912+0000: [ParNew: 68864K->6780K(77440K), 0.0150173 secs] 68864K->6780K(249472K), 0.0150991 secs] [Times: user=0.02 sys=0.01, real=0.02 secs] 
2019-01-25T15:22:20.444+0000: [GC (Allocation Failure) 2019-01-25T15:22:20.444+0000: [ParNew: 75644K->4541K(77440K), 0.0422140 secs] 75644K->6932K(249472K), 0.0422851 secs] [Times: user=0.07 sys=0.00, real=0.04 secs] 
2019-01-25T15:22:21.103+0000: [GC (Allocation Failure) 2019-01-25T15:22:21.103+0000: [ParNew: 73405K->3330K(77440K), 0.0083838 secs] 75796K->5721K(249472K), 0.0084389 secs] [Times: user=0.02 sys=0.01, real=0.00 secs] 
2019-01-25T15:22:21.547+0000: [GC (Allocation Failure) 2019-01-25T15:22:21.547+0000: [ParNew: 72194K->3958K(77440K), 0.0066000 secs] 74585K->6349K(249472K), 0.0066637 secs] [Times: user=0.01 sys=0.00, real=0.00 secs] 
2019-01-25T15:22:21.926+0000: [GC (Allocation Failure) 2019-01-25T15:22:21.926+0000: [ParNew: 72822K->5347K(77440K), 0.0069535 secs] 75213K->7738K(249472K), 0.0070222 secs] [Times: user=0.02 sys=0.00, real=0.00 secs] 
2019-01-25T15:22:22.236+0000: [GC (Allocation Failure) 2019-01-25T15:22:22.236+0000: [ParNew: 63625K->4839K(77440K), 0.0231601 secs] 66016K->24376K(249472K), 0.0232263 secs] [Times: user=0.05 sys=0.02, real=0.02 secs] 
2019-01-25T15:22:22.262+0000: [GC (CMS Initial Mark) [1 CMS-initial-mark: 19537K(172032K)] 40760K(249472K), 0.0026398 secs] [Times: user=0.01 sys=0.00, real=0.01 secs] 
2019-01-25T15:22:22.264+0000: [CMS-concurrent-mark-start]
2019-01-25T15:22:22.340+0000: [CMS-concurrent-mark: 0.076/0.076 secs] [Times: user=0.11 sys=0.02, real=0.07 secs] 
2019-01-25T15:22:22.340+0000: [CMS-concurrent-preclean-start]
2019-01-25T15:22:22.342+0000: [CMS-concurrent-preclean: 0.001/0.001 secs] [Times: user=0.00 sys=0.00, real=0.00 secs] 
2019-01-25T15:22:22.342+0000: [CMS-concurrent-abortable-preclean-start]
2019-01-25T15:22:22.597+0000: [GC (Allocation Failure) 2019-01-25T15:22:22.598+0000: [ParNew: 73703K->5420K(77440K), 0.0247014 secs] 93240K->41341K(249472K), 0.0247860 secs] [Times: user=0.05 sys=0.01, real=0.03 secs] 
2019-01-25T15:22:22.824+0000: [CMS-concurrent-abortable-preclean: 0.233/0.482 secs] [Times: user=0.87 sys=0.02, real=0.49 secs] 
2019-01-25T15:22:22.824+0000: [GC (CMS Final Remark) [YG occupancy: 55479 K (77440 K)]2019-01-25T15:22:22.824+0000: [Rescan (parallel) , 0.0084216 secs]2019-01-25T15:22:22.832+0000: [weak refs processing, 0.0000526 secs]2019-01-25T15:22:22.832+0000: [class unloading, 0.0041062 secs]2019-01-25T15:22:22.837+0000: [scrub symbol table, 0.0041855 secs]2019-01-25T15:22:22.841+0000: [scrub string table, 0.0004798 secs][1 CMS-remark: 35921K(172032K)] 91400K(249472K), 0.0179217 secs] [Times: user=0.04 sys=0.00, real=0.01 secs] 
2019-01-25T15:22:22.842+0000: [CMS-concurrent-sweep-start]
2019-01-25T15:22:22.844+0000: [CMS-concurrent-sweep: 0.002/0.002 secs] [Times: user=0.00 sys=0.00, real=0.01 secs] 
2019-01-25T15:22:22.844+0000: [CMS-concurrent-reset-start]
2019-01-25T15:22:23.086+0000: [CMS-concurrent-reset: 0.238/0.242 secs] [Times: user=0.35 sys=0.17, real=0.24 secs] 
2019-01-25T15:22:23.159+0000: [GC (Allocation Failure) 2019-01-25T15:22:23.159+0000: [ParNew: 74284K->6470K(77440K), 0.0183497 secs] 110189K->43325K(249472K), 0.0184175 secs] [Times: user=0.03 sys=0.00, real=0.02 secs] 
2019-01-25T15:22:23.747+0000: [GC (Allocation Failure) 2019-01-25T15:22:23.747+0000: [ParNew: 75334K->5648K(77440K), 0.0519520 secs] 112189K->77083K(249472K), 0.0520167 secs] [Times: user=0.15 sys=0.01, real=0.05 secs] 
2019-01-25T15:22:23.800+0000: [GC (CMS Initial Mark) [1 CMS-initial-mark: 71434K(172032K)] 77083K(249472K), 0.0187182 secs] [Times: user=0.03 sys=0.00, real=0.02 secs] 
2019-01-25T15:22:23.819+0000: [CMS-concurrent-mark-start]
2019-01-25T15:22:23.932+0000: [CMS-concurrent-mark: 0.108/0.114 secs] [Times: user=0.20 sys=0.00, real=0.11 secs] 
2019-01-25T15:22:23.939+0000: [CMS-concurrent-preclean-start]
2019-01-25T15:22:23.940+0000: [CMS-concurrent-preclean: 0.001/0.001 secs] [Times: user=0.00 sys=0.00, real=0.00 secs] 
2019-01-25T15:22:23.940+0000: [CMS-concurrent-abortable-preclean-start]
2019-01-25T15:22:24.573+0000: [GC (Allocation Failure) 2019-01-25T15:22:24.573+0000: [ParNew: 74512K->5332K(77440K), 0.0345106 secs] 145947K->93151K(249472K), 0.0345818 secs] [Times: user=0.08 sys=0.00, real=0.04 secs] 
2019-01-25T15:22:25.229+0000: [CMS-concurrent-abortable-preclean: 0.531/1.285 secs] [Times: user=2.02 sys=0.05, real=1.29 secs] 
2019-01-25T15:22:25.229+0000: [GC (CMS Final Remark) [YG occupancy: 46660 K (77440 K)]2019-01-25T15:22:25.229+0000: [Rescan (parallel) , 0.0087830 secs]2019-01-25T15:22:25.238+0000: [weak refs processing, 0.0000407 secs]2019-01-25T15:22:25.238+0000: [class unloading, 0.0054760 secs]2019-01-25T15:22:25.243+0000: [scrub symbol table, 0.0050174 secs]2019-01-25T15:22:25.248+0000: [scrub string table, 0.0005241 secs][1 CMS-remark: 87819K(172032K)] 134479K(249472K), 0.0202442 secs] [Times: user=0.04 sys=0.00, real=0.02 secs] 
2019-01-25T15:22:25.255+0000: [CMS-concurrent-sweep-start]
2019-01-25T15:22:25.258+0000: [CMS-concurrent-sweep: 0.003/0.003 secs] [Times: user=0.00 sys=0.00, real=0.00 secs] 
2019-01-25T15:22:25.258+0000: [CMS-concurrent-reset-start]
2019-01-25T15:22:25.278+0000: [CMS-concurrent-reset: 0.020/0.020 secs] [Times: user=0.04 sys=0.00, real=0.02 secs] 
2019-01-25T15:22:25.521+0000: [GC (Allocation Failure) 2019-01-25T15:22:25.521+0000: [ParNew: 74196K->7415K(77440K), 0.0386215 secs] 161958K->111849K(249472K), 0.0387030 secs] [Times: user=0.09 sys=0.01, real=0.04 secs] 
2019-01-25T15:22:25.564+0000: [GC (CMS Initial Mark) [1 CMS-initial-mark: 104433K(172032K)] 113169K(249472K), 0.0024940 secs] [Times: user=0.01 sys=0.00, real=0.00 secs] 
2019-01-25T15:22:25.567+0000: [CMS-concurrent-mark-start]
2019-01-25T15:22:25.657+0000: [CMS-concurrent-mark: 0.090/0.090 secs] [Times: user=0.18 sys=0.00, real=0.09 secs] 
2019-01-25T15:22:25.657+0000: [CMS-concurrent-preclean-start]
2019-01-25T15:22:25.658+0000: [CMS-concurrent-preclean: 0.001/0.001 secs] [Times: user=0.00 sys=0.00, real=0.00 secs] 
2019-01-25T15:22:25.658+0000: [CMS-concurrent-abortable-preclean-start]
2019-01-25T15:22:26.066+0000: [GC (Allocation Failure) 2019-01-25T15:22:26.066+0000: [ParNew: 76279K->6505K(77440K), 0.0235988 secs] 180713K->112359K(249472K), 0.0236780 secs] [Times: user=0.05 sys=0.00, real=0.02 secs] 
2019-01-25T15:22:26.279+0000: [CMS-concurrent-abortable-preclean: 0.276/0.621 secs] [Times: user=1.25 sys=0.04, real=0.62 secs] 
2019-01-25T15:22:26.282+0000: [GC (CMS Final Remark) [YG occupancy: 42020 K (77440 K)]2019-01-25T15:22:26.282+0000: [Rescan (parallel) , 0.0198529 secs]2019-01-25T15:22:26.302+0000: [weak refs processing, 0.0000739 secs]2019-01-25T15:22:26.302+0000: [class unloading, 0.0057004 secs]2019-01-25T15:22:26.308+0000: [scrub symbol table, 0.0059662 secs]2019-01-25T15:22:26.314+0000: [scrub string table, 0.0125951 secs][1 CMS-remark: 105853K(172032K)] 147873K(249472K), 0.0444843 secs] [Times: user=0.10 sys=0.00, real=0.04 secs] 
2019-01-25T15:22:26.327+0000: [CMS-concurrent-sweep-start]
2019-01-25T15:22:26.331+0000: [CMS-concurrent-sweep: 0.004/0.004 secs] [Times: user=0.01 sys=0.00, real=0.00 secs] 
2019-01-25T15:22:26.331+0000: [CMS-concurrent-reset-start]
2019-01-25T15:22:26.343+0000: [CMS-concurrent-reset: 0.011/0.011 secs] [Times: user=0.05 sys=0.00, real=0.02 secs] 
2019-01-25T15:22:26.790+0000: [GC (Allocation Failure) 2019-01-25T15:22:26.790+0000: [ParNew: 75369K->4969K(77440K), 0.0220451 secs] 180893K->111047K(253316K), 0.0221255 secs] [Times: user=0.05 sys=0.00, real=0.02 secs] 
2019-01-25T15:22:27.104+0000: [GC (Allocation Failure) 2019-01-25T15:22:27.104+0000: [ParNew: 73833K->4711K(77440K), 0.0099332 secs] 179911K->111404K(253316K), 0.0100013 secs] [Times: user=0.02 sys=0.00, real=0.00 secs] 
2019-01-25T15:22:27.642+0000: [GC (Allocation Failure) 2019-01-25T15:22:27.642+0000: [ParNew: 73548K->7291K(77440K), 0.0087718 secs] 180241K->113984K(253316K), 0.0088493 secs] [Times: user=0.02 sys=0.00, real=0.01 secs] 
2019-01-25T15:22:28.223+0000: [GC (Allocation Failure) 2019-01-25T15:22:28.223+0000: [ParNew: 76155K->6816K(77440K), 0.0369638 secs] 182848K->116264K(253316K), 0.0370454 secs] [Times: user=0.09 sys=0.00, real=0.03 secs] 
2019-01-25T15:22:28.905+0000: [GC (Allocation Failure) 2019-01-25T15:22:28.905+0000: [ParNew: 75680K->6571K(77440K), 0.0105847 secs] 185128K->116962K(253316K), 0.0106347 secs] [Times: user=0.03 sys=0.00, real=0.01 secs] 
2019-01-25T15:22:29.405+0000: [GC (Allocation Failure) 2019-01-25T15:22:29.405+0000: [ParNew: 75435K->4524K(77440K), 0.0319368 secs] 185826K->118538K(253316K), 0.0320052 secs] [Times: user=0.09 sys=0.00, real=0.03 secs] 
2019-01-25T15:22:30.149+0000: [GC (Allocation Failure) 2019-01-25T15:22:30.149+0000: [ParNew: 73388K->4234K(77440K), 0.0061533 secs] 187402K->118249K(253316K), 0.0062348 secs] [Times: user=0.02 sys=0.00, real=0.01 secs] 
2019-01-25T15:22:30.793+0000: [GC (Allocation Failure) 2019-01-25T15:22:30.793+0000: [ParNew: 73098K->6721K(77440K), 0.0184312 secs] 187113K->120735K(253316K), 0.0185130 secs] [Times: user=0.03 sys=0.00, real=0.02 secs] 
2019-01-25T15:22:31.610+0000: [GC (Allocation Failure) 2019-01-25T15:22:31.610+0000: [ParNew: 75585K->4220K(77440K), 0.0237860 secs] 189599K->120213K(253316K), 0.0238524 secs] [Times: user=0.02 sys=0.00, real=0.03 secs] 
2019-01-25T15:22:32.058+0000: [GC (Allocation Failure) 2019-01-25T15:22:32.059+0000: [ParNew: 73084K->3240K(77440K), 0.0168672 secs] 189077K->119233K(253316K), 0.0169449 secs] [Times: user=0.03 sys=0.00, real=0.02 secs] 
2019-01-25T15:22:32.411+0000: [GC (Allocation Failure) 2019-01-25T15:22:32.411+0000: [ParNew: 72104K->4549K(77440K), 0.0147134 secs] 188097K->120543K(253316K), 0.0147909 secs] [Times: user=0.02 sys=0.00, real=0.02 secs] 
2019-01-25T15:22:32.647+0000: [GC (Allocation Failure) 2019-01-25T15:22:32.647+0000: [ParNew: 73413K->5024K(77440K), 0.0300695 secs] 189407K->121017K(253316K), 0.0301542 secs] [Times: user=0.03 sys=0.00, real=0.03 secs] 
2019-01-25T15:22:32.839+0000: [GC (Allocation Failure) 2019-01-25T15:22:32.839+0000: [ParNew: 73888K->6057K(77440K), 0.0300079 secs] 189881K->122050K(253316K), 0.0300763 secs] [Times: user=0.03 sys=0.00, real=0.03 secs] 
2019-01-25T15:22:33.013+0000: [GC (Allocation Failure) 2019-01-25T15:22:33.013+0000: [ParNew: 74921K->6091K(77440K), 0.0204118 secs] 190914K->123626K(253316K), 0.0204817 secs] [Times: user=0.03 sys=0.00, real=0.02 secs] 
2019-01-25T15:22:33.162+0000: [GC (Allocation Failure) 2019-01-25T15:22:33.162+0000: [ParNew: 74955K->4470K(77440K), 0.0223132 secs] 192490K->122434K(253316K), 0.0223927 secs] [Times: user=0.03 sys=0.00, real=0.02 secs] 
2019-01-25T15:22:33.264+0000: [GC (Allocation Failure) 2019-01-25T15:22:33.264+0000: [ParNew: 73334K->4541K(77440K), 0.0133766 secs] 191298K->122942K(253316K), 0.0134513 secs] [Times: user=0.03 sys=0.00, real=0.01 secs] 
2019-01-25T15:22:33.368+0000: [GC (Allocation Failure) 2019-01-25T15:22:33.368+0000: [ParNew: 73405K->6401K(77440K), 0.0298963 secs] 191806K->125366K(253316K), 0.0299695 secs] [Times: user=0.03 sys=0.00, real=0.03 secs] 
2019-01-25T15:22:33.546+0000: [GC (Allocation Failure) 2019-01-25T15:22:33.546+0000: [ParNew: 75265K->6156K(77440K), 0.0165237 secs] 194230K->125501K(253316K), 0.0165872 secs] [Times: user=0.04 sys=0.00, real=0.02 secs] 
2019-01-25T15:22:33.678+0000: [GC (Allocation Failure) 2019-01-25T15:22:33.678+0000: [ParNew: 75020K->6882K(77440K), 0.0281614 secs] 194365K->127186K(253316K), 0.0282405 secs] [Times: user=0.04 sys=0.00, real=0.03 secs] 
2019-01-25T15:22:33.786+0000: [GC (Allocation Failure) 2019-01-25T15:22:33.786+0000: [ParNew: 75746K->5701K(77440K), 0.0546474 secs] 196050K->128184K(253316K), 0.0547341 secs] [Times: user=0.08 sys=0.01, real=0.05 secs] 
2019-01-25T15:22:33.954+0000: [GC (Allocation Failure) 2019-01-25T15:22:33.955+0000: [ParNew: 74565K->7205K(77440K), 0.0479142 secs] 197048K->129688K(253316K), 0.0479973 secs] [Times: user=0.08 sys=0.00, real=0.05 secs] 
2019-01-25T15:22:34.098+0000: [GC (Allocation Failure) 2019-01-25T15:22:34.098+0000: [ParNew: 76069K->6905K(77440K), 0.0270087 secs] 198552K->131921K(253316K), 0.0270587 secs] [Times: user=0.05 sys=0.00, real=0.03 secs] 
2019-01-25T15:22:34.135+0000: [GC (CMS Initial Mark) [1 CMS-initial-mark: 125015K(175876K)] 137955K(253316K), 0.0150400 secs] [Times: user=0.01 sys=0.00, real=0.01 secs] 
2019-01-25T15:22:34.158+0000: [CMS-concurrent-mark-start]
2019-01-25T15:22:34.254+0000: [GC (Allocation Failure) 2019-01-25T15:22:34.255+0000: [ParNew: 75769K->6395K(77440K), 0.0411042 secs] 200785K->132408K(253316K), 0.0411821 secs] [Times: user=0.04 sys=0.00, real=0.04 secs] 
2019-01-25T15:22:34.426+0000: [CMS-concurrent-mark: 0.215/0.268 secs] [Times: user=0.52 sys=0.01, real=0.27 secs] 
2019-01-25T15:22:34.427+0000: [GC (Allocation Failure) 2019-01-25T15:22:34.427+0000: [ParNew: 75259K->3829K(77440K), 0.0253005 secs] 201272K->132225K(253316K), 0.0253571 secs] [Times: user=0.05 sys=0.00, real=0.02 secs] 
2019-01-25T15:22:34.478+0000: [CMS-concurrent-preclean-start]
2019-01-25T15:22:34.508+0000: [CMS-concurrent-preclean: 0.029/0.030 secs] [Times: user=0.08 sys=0.00, real=0.03 secs] 
2019-01-25T15:22:34.508+0000: [CMS-concurrent-abortable-preclean-start]
2019-01-25T15:22:34.531+0000: [GC (Allocation Failure) 2019-01-25T15:22:34.531+0000: [ParNew: 72693K->6452K(77440K), 0.0237604 secs] 201089K->134848K(253316K), 0.0238299 secs] [Times: user=0.05 sys=0.00, real=0.03 secs] 
2019-01-25T15:22:34.642+0000: [CMS-concurrent-abortable-preclean: 0.101/0.134 secs] [Times: user=0.29 sys=0.01, real=0.13 secs] 
2019-01-25T15:22:34.654+0000: [GC (CMS Final Remark) [YG occupancy: 61872 K (77440 K)]2019-01-25T15:22:34.654+0000: [Rescan (parallel) , 0.0652445 secs]2019-01-25T15:22:34.720+0000: [weak refs processing, 0.0001161 secs]2019-01-25T15:22:34.720+0000: [class unloading, 0.0104487 secs]2019-01-25T15:22:34.730+0000: [scrub symbol table, 0.0096368 secs]2019-01-25T15:22:34.740+0000: [scrub string table, 0.0007962 secs][1 CMS-remark: 128396K(175876K)] 190268K(253316K), 0.0868391 secs] [Times: user=0.14 sys=0.00, real=0.08 secs] 
2019-01-25T15:22:34.757+0000: [CMS-concurrent-sweep-start]
2019-01-25T15:22:34.767+0000: [GC (Allocation Failure) 2019-01-25T15:22:34.767+0000: [ParNew: 75316K->5940K(77440K), 0.0257346 secs] 202569K->134079K(253316K), 0.0257994 secs] [Times: user=0.04 sys=0.00, real=0.02 secs] 
2019-01-25T15:22:34.818+0000: [CMS-concurrent-sweep: 0.034/0.061 secs] [Times: user=0.11 sys=0.00, real=0.06 secs] 
2019-01-25T15:22:34.818+0000: [CMS-concurrent-reset-start]
2019-01-25T15:22:34.887+0000: [CMS-concurrent-reset: 0.050/0.068 secs] [Times: user=0.07 sys=0.02, real=0.07 secs] 
2019-01-25T15:22:34.938+0000: [GC (Allocation Failure) 2019-01-25T15:22:34.938+0000: [ParNew: 74804K->7436K(77440K), 0.0093164 secs] 202818K->135449K(290796K), 0.0093754 secs] [Times: user=0.04 sys=0.00, real=0.01 secs] 
2019-01-25T15:22:35.038+0000: [GC (Allocation Failure) 2019-01-25T15:22:35.038+0000: [ParNew: 76300K->5472K(77440K), 0.0315746 secs] 204313K->135274K(290796K), 0.0316551 secs] [Times: user=0.05 sys=0.00, real=0.03 secs] 
2019-01-25T15:22:35.162+0000: [GC (Allocation Failure) 2019-01-25T15:22:35.162+0000: [ParNew: 74336K->6731K(77440K), 0.0166568 secs] 204138K->137517K(290796K), 0.0167221 secs] [Times: user=0.05 sys=0.00, real=0.01 secs] 
2019-01-25T15:22:35.275+0000: [GC (Allocation Failure) 2019-01-25T15:22:35.275+0000: [ParNew: 75595K->5476K(77440K), 0.0175962 secs] 206381K->137045K(290796K), 0.0176898 secs] [Times: user=0.04 sys=0.00, real=0.01 secs] 
2019-01-25T15:22:35.362+0000: [GC (Allocation Failure) 2019-01-25T15:22:35.362+0000: [ParNew: 74340K->7292K(77440K), 0.0196710 secs] 205909K->139450K(290796K), 0.0197512 secs] [Times: user=0.05 sys=0.00, real=0.02 secs] 
2019-01-25T15:22:35.473+0000: [GC (Allocation Failure) 2019-01-25T15:22:35.473+0000: [ParNew: 76156K->8576K(77440K), 0.0394033 secs] 208314K->142581K(290796K), 0.0394842 secs] [Times: user=0.06 sys=0.00, real=0.04 secs] 
2019-01-25T15:22:35.595+0000: [GC (Allocation Failure) 2019-01-25T15:22:35.595+0000: [ParNew: 77440K->6660K(77440K), 0.0557499 secs] 211445K->144472K(290796K), 0.0558248 secs] [Times: user=0.09 sys=0.00, real=0.05 secs] 
2019-01-25T15:22:35.750+0000: [GC (Allocation Failure) 2019-01-25T15:22:35.751+0000: [ParNew: 75524K->5509K(77440K), 0.0125752 secs] 213336K->143321K(290796K), 0.0126800 secs] [Times: user=0.04 sys=0.00, real=0.02 secs] 
2019-01-25T15:22:35.882+0000: [GC (Allocation Failure) 2019-01-25T15:22:35.882+0000: [ParNew: 74373K->3501K(77440K), 0.0323818 secs] 212185K->144258K(290796K), 0.0324622 secs] [Times: user=0.07 sys=0.00, real=0.03 secs] 
2019-01-25T15:22:36.013+0000: [GC (Allocation Failure) 2019-01-25T15:22:36.013+0000: [ParNew: 72365K->6068K(77440K), 0.0414661 secs] 213122K->146826K(290796K), 0.0415537 secs] [Times: user=0.05 sys=0.00, real=0.04 secs] 
2019-01-25T15:22:36.159+0000: [GC (Allocation Failure) 2019-01-25T15:22:36.159+0000: [ParNew: 74932K->8576K(77440K), 0.0599555 secs] 215690K->149879K(290796K), 0.0600457 secs] [Times: user=0.06 sys=0.00, real=0.06 secs] 
2019-01-25T15:22:36.314+0000: [GC (Allocation Failure) 2019-01-25T15:22:36.314+0000: [ParNew: 77440K->7339K(77440K), 0.0408590 secs] 218743K->152725K(290796K), 0.0409342 secs] [Times: user=0.08 sys=0.00, real=0.05 secs] 
2019-01-25T15:22:36.446+0000: [GC (Allocation Failure) 2019-01-25T15:22:36.446+0000: [ParNew: 76203K->5576K(77440K), 0.0323701 secs] 221589K->153465K(290796K), 0.0324532 secs] [Times: user=0.06 sys=0.00, real=0.03 secs] 
2019-01-25T15:22:36.574+0000: [GC (Allocation Failure) 2019-01-25T15:22:36.574+0000: [ParNew: 74440K->5837K(77440K), 0.0365737 secs] 222329K->153726K(290796K), 0.0366554 secs] [Times: user=0.04 sys=0.00, real=0.03 secs] 
2019-01-25T15:22:36.700+0000: [GC (Allocation Failure) 2019-01-25T15:22:36.700+0000: [ParNew: 74701K->4612K(77440K), 0.0761446 secs] 222590K->155520K(290796K), 0.0762271 secs] [Times: user=0.09 sys=0.01, real=0.08 secs] 
2019-01-25T15:22:36.789+0000: [GC (CMS Initial Mark) [1 CMS-initial-mark: 150908K(213356K)] 164072K(290796K), 0.0157828 secs] [Times: user=0.01 sys=0.00, real=0.02 secs] 
2019-01-25T15:22:36.805+0000: [CMS-concurrent-mark-start]
2019-01-25T15:22:36.891+0000: [GC (Allocation Failure) 2019-01-25T15:22:36.891+0000: [ParNew: 73476K->6027K(77440K), 0.0142458 secs] 224384K->156935K(290796K), 0.0143139 secs] [Times: user=0.04 sys=0.00, real=0.02 secs] 
2019-01-25T15:22:37.014+0000: [GC (Allocation Failure) 2019-01-25T15:22:37.014+0000: [ParNew: 74891K->7800K(77440K), 0.0119855 secs] 225799K->158708K(290796K), 0.0120623 secs] [Times: user=0.05 sys=0.00, real=0.01 secs] 
2019-01-25T15:22:37.109+0000: [GC (Allocation Failure) 2019-01-25T15:22:37.109+0000: [ParNew: 76664K->6263K(77440K), 0.0584719 secs] 227572K->159244K(290796K), 0.0585349 secs] [Times: user=0.07 sys=0.00, real=0.06 secs] 
2019-01-25T15:22:37.308+0000: [CMS-concurrent-mark: 0.400/0.503 secs] [Times: user=0.94 sys=0.02, real=0.50 secs] 
2019-01-25T15:22:37.308+0000: [GC (Allocation Failure) 2019-01-25T15:22:37.308+0000: [ParNew: 75127K->7462K(77440K), 0.0340745 secs] 228108K->160443K(290796K), 0.0341353 secs] [Times: user=0.05 sys=0.00, real=0.04 secs] 
2019-01-25T15:22:37.342+0000: [CMS-concurrent-preclean-start]
2019-01-25T15:22:37.411+0000: [CMS-concurrent-preclean: 0.067/0.069 secs] [Times: user=0.17 sys=0.01, real=0.06 secs] 
2019-01-25T15:22:37.411+0000: [CMS-concurrent-abortable-preclean-start]
2019-01-25T15:22:37.420+0000: [GC (Allocation Failure) 2019-01-25T15:22:37.420+0000: [ParNew: 76326K->7215K(77440K), 0.0617509 secs] 229307K->161215K(290796K), 0.0618150 secs] [Times: user=0.09 sys=0.00, real=0.06 secs] 
2019-01-25T15:22:37.521+0000: [CMS-concurrent-abortable-preclean: 0.039/0.110 secs] [Times: user=0.19 sys=0.01, real=0.11 secs] 
2019-01-25T15:22:37.540+0000: [GC (CMS Final Remark) [YG occupancy: 45499 K (77440 K)]2019-01-25T15:22:37.540+0000: [Rescan (parallel) , 0.0344924 secs]2019-01-25T15:22:37.574+0000: [weak refs processing, 0.0004045 secs]2019-01-25T15:22:37.575+0000: [class unloading, 0.0216338 secs]2019-01-25T15:22:37.596+0000: [scrub symbol table, 0.0088954 secs]2019-01-25T15:22:37.605+0000: [scrub string table, 0.0007278 secs][1 CMS-remark: 153999K(213356K)] 199499K(290796K), 0.0663047 secs] [Times: user=0.10 sys=0.00, real=0.07 secs] 
2019-01-25T15:22:37.611+0000: [CMS-concurrent-sweep-start]
2019-01-25T15:22:37.630+0000: [GC (Allocation Failure) 2019-01-25T15:22:37.630+0000: [ParNew: 76079K->7182K(77440K), 0.0448979 secs] 230060K->162203K(290796K), 0.0449794 secs] [Times: user=0.06 sys=0.00, real=0.05 secs] 
2019-01-25T15:22:37.749+0000: [CMS-concurrent-sweep: 0.093/0.138 secs] [Times: user=0.34 sys=0.00, real=0.14 secs] 
2019-01-25T15:22:37.749+0000: [CMS-concurrent-reset-start]
2019-01-25T15:22:37.774+0000: [GC (Allocation Failure) 2019-01-25T15:22:37.774+0000: [ParNew: 76046K->7286K(77440K), 0.0261046 secs] 226989K->159399K(329012K), 0.0261578 secs] [Times: user=0.06 sys=0.00, real=0.02 secs] 
2019-01-25T15:22:37.830+0000: [CMS-concurrent-reset: 0.049/0.081 secs] [Times: user=0.17 sys=0.00, real=0.08 secs] 
2019-01-25T15:22:37.907+0000: [GC (Allocation Failure) 2019-01-25T15:22:37.907+0000: [ParNew: 76150K->8576K(77440K), 0.0200285 secs] 228263K->161650K(329012K), 0.0200852 secs] [Times: user=0.06 sys=0.00, real=0.02 secs] 
2019-01-25T15:22:38.008+0000: [GC (Allocation Failure) 2019-01-25T15:22:38.008+0000: [ParNew: 77440K->6958K(77440K), 0.0320381 secs] 230514K->162835K(329012K), 0.0321065 secs] [Times: user=0.07 sys=0.01, real=0.03 secs] 
2019-01-25T15:22:38.105+0000: [GC (Allocation Failure) 2019-01-25T15:22:38.105+0000: [ParNew: 75822K->6540K(77440K), 0.0339580 secs] 231699K->163375K(329012K), 0.0340417 secs] [Times: user=0.05 sys=0.00, real=0.03 secs] 
2019-01-25T15:22:38.218+0000: [GC (Allocation Failure) 2019-01-25T15:22:38.219+0000: [ParNew: 75404K->3968K(77440K), 0.0305578 secs] 232239K->164056K(329012K), 0.0306321 secs] [Times: user=0.05 sys=0.00, real=0.03 secs] 
2019-01-25T15:22:38.338+0000: [GC (Allocation Failure) 2019-01-25T15:22:38.338+0000: [ParNew: 72832K->6143K(77440K), 0.0224763 secs] 232920K->166231K(329012K), 0.0225594 secs] [Times: user=0.04 sys=0.00, real=0.02 secs] 
2019-01-25T15:22:38.444+0000: [GC (Allocation Failure) 2019-01-25T15:22:38.444+0000: [ParNew: 75007K->6726K(77440K), 0.0302662 secs] 235095K->166814K(329012K), 0.0303391 secs] [Times: user=0.05 sys=0.00, real=0.03 secs] 
2019-01-25T15:22:38.553+0000: [GC (Allocation Failure) 2019-01-25T15:22:38.553+0000: [ParNew: 75590K->8116K(77440K), 0.0351413 secs] 235678K->169098K(329012K), 0.0352029 secs] [Times: user=0.06 sys=0.00, real=0.04 secs] 
2019-01-25T15:22:38.678+0000: [GC (Allocation Failure) 2019-01-25T15:22:38.678+0000: [ParNew: 76980K->5157K(77440K), 0.0166295 secs] 237962K->168202K(329012K), 0.0166854 secs] [Times: user=0.06 sys=0.00, real=0.02 secs] 
2019-01-25T15:22:38.782+0000: [GC (Allocation Failure) 2019-01-25T15:22:38.782+0000: [ParNew: 74021K->5680K(77440K), 0.0289535 secs] 237066K->169805K(329012K), 0.0290327 secs] [Times: user=0.06 sys=0.00, real=0.03 secs] 
2019-01-25T15:22:38.942+0000: [GC (Allocation Failure) 2019-01-25T15:22:38.942+0000: [ParNew: 74544K->7623K(77440K), 0.0417464 secs] 238669K->172566K(329012K), 0.0418209 secs] [Times: user=0.09 sys=0.00, real=0.04 secs] 
2019-01-25T15:22:39.098+0000: [GC (Allocation Failure) 2019-01-25T15:22:39.098+0000: [ParNew: 76487K->6466K(77440K), 0.0593238 secs] 241430K->173771K(329012K), 0.0594089 secs] [Times: user=0.08 sys=0.00, real=0.06 secs] 
2019-01-25T15:22:39.242+0000: [GC (Allocation Failure) 2019-01-25T15:22:39.243+0000: [ParNew: 75330K->5657K(77440K), 0.0406721 secs] 242635K->174150K(329012K), 0.0407488 secs] [Times: user=0.05 sys=0.00, real=0.04 secs] 
2019-01-25T15:22:39.390+0000: [GC (Allocation Failure) 2019-01-25T15:22:39.390+0000: [ParNew: 74521K->5596K(77440K), 0.0239094 secs] 243014K->174089K(329012K), 0.0239778 secs] [Times: user=0.05 sys=0.00, real=0.03 secs] 
2019-01-25T15:22:39.529+0000: [GC (Allocation Failure) 2019-01-25T15:22:39.529+0000: [ParNew: 74460K->4455K(77440K), 0.0329253 secs] 242953K->175802K(329012K), 0.0330066 secs] [Times: user=0.05 sys=0.00, real=0.03 secs] 
2019-01-25T15:22:39.666+0000: [GC (Allocation Failure) 2019-01-25T15:22:39.666+0000: [ParNew: 73319K->5574K(77440K), 0.0269545 secs] 244666K->176921K(329012K), 0.0270437 secs] [Times: user=0.04 sys=0.00, real=0.02 secs] 
2019-01-25T15:22:39.800+0000: [GC (Allocation Failure) 2019-01-25T15:22:39.800+0000: [ParNew: 74438K->8576K(77440K), 0.0342107 secs] 245785K->180337K(329012K), 0.0342974 secs] [Times: user=0.06 sys=0.00, real=0.04 secs] 
2019-01-25T15:22:39.934+0000: [GC (Allocation Failure) 2019-01-25T15:22:39.934+0000: [ParNew: 77440K->4262K(77440K), 0.0570410 secs] 249201K->184533K(329012K), 0.0571227 secs] [Times: user=0.09 sys=0.01, real=0.05 secs] 
2019-01-25T15:22:39.997+0000: [GC (CMS Initial Mark) [1 CMS-initial-mark: 180271K(251572K)] 191841K(329012K), 0.0059348 secs] [Times: user=0.01 sys=0.00, real=0.01 secs] 
2019-01-25T15:22:40.003+0000: [CMS-concurrent-mark-start]
2019-01-25T15:22:40.119+0000: [GC (Allocation Failure) 2019-01-25T15:22:40.119+0000: [ParNew: 73126K->6456K(77440K), 0.0128016 secs] 253397K->186727K(329012K), 0.0128794 secs] [Times: user=0.05 sys=0.00, real=0.01 secs] 
2019-01-25T15:22:40.214+0000: [GC (Allocation Failure) 2019-01-25T15:22:40.214+0000: [ParNew: 75320K->1231K(77440K), 0.0271565 secs] 255591K->186937K(329012K), 0.0272345 secs] [Times: user=0.05 sys=0.01, real=0.03 secs] 
2019-01-25T15:22:40.334+0000: [GC (Allocation Failure) 2019-01-25T15:22:40.334+0000: [ParNew: 70095K->1898K(77440K), 0.0443336 secs] 255801K->187605K(329012K), 0.0444194 secs] [Times: user=0.04 sys=0.00, real=0.05 secs] 
2019-01-25T15:22:40.482+0000: [GC (Allocation Failure) 2019-01-25T15:22:40.483+0000: [ParNew: 70762K->2481K(77440K), 0.0278740 secs] 256469K->188188K(329012K), 0.0279565 secs] [Times: user=0.03 sys=0.00, real=0.02 secs] 
2019-01-25T15:22:40.639+0000: [GC (Allocation Failure) 2019-01-25T15:22:40.639+0000: [ParNew: 71345K->3525K(77440K), 0.0089295 secs] 257052K->189232K(329012K), 0.0089988 secs] [Times: user=0.03 sys=0.00, real=0.01 secs] 
2019-01-25T15:22:40.763+0000: [CMS-concurrent-mark: 0.615/0.761 secs] [Times: user=1.47 sys=0.02, real=0.76 secs] 
2019-01-25T15:22:40.764+0000: [GC (Allocation Failure) 2019-01-25T15:22:40.764+0000: [ParNew: 72389K->3905K(77440K), 0.0308316 secs] 258096K->189611K(329012K), 0.0308853 secs] [Times: user=0.04 sys=0.00, real=0.03 secs] 
2019-01-25T15:22:40.794+0000: [CMS-concurrent-preclean-start]
2019-01-25T15:22:40.879+0000: [GC (Allocation Failure) 2019-01-25T15:22:40.879+0000: [ParNew: 72769K->5347K(77440K), 0.0196201 secs] 258475K->191054K(329012K), 0.0196974 secs] [Times: user=0.04 sys=0.00, real=0.02 secs] 
2019-01-25T15:22:40.899+0000: [CMS-concurrent-preclean: 0.068/0.104 secs] [Times: user=0.24 sys=0.01, real=0.10 secs] 
2019-01-25T15:22:40.971+0000: [GC (CMS Final Remark) [YG occupancy: 20184 K (77440 K)]2019-01-25T15:22:40.971+0000: [Rescan (parallel) , 0.0474418 secs]2019-01-25T15:22:41.018+0000: [weak refs processing, 0.0000507 secs]2019-01-25T15:22:41.018+0000: [class unloading, 0.0095308 secs]2019-01-25T15:22:41.028+0000: [scrub symbol table, 0.0091503 secs]2019-01-25T15:22:41.037+0000: [scrub string table, 0.0007809 secs][1 CMS-remark: 185706K(251572K)] 205890K(329012K), 0.0670860 secs] [Times: user=0.08 sys=0.01, real=0.07 secs] 
2019-01-25T15:22:41.059+0000: [CMS-concurrent-sweep-start]
2019-01-25T15:22:41.138+0000: [GC (Allocation Failure) 2019-01-25T15:22:41.139+0000: [ParNew: 74211K->5575K(77440K), 0.0433354 secs] 259566K->191717K(329012K), 0.0434106 secs] [Times: user=0.06 sys=0.00, real=0.04 secs] 
2019-01-25T15:22:41.266+0000: [GC (Allocation Failure) 2019-01-25T15:22:41.266+0000: [ParNew: 74439K->6948K(77440K), 0.0297669 secs] 256484K->189547K(329012K), 0.0298402 secs] [Times: user=0.06 sys=0.00, real=0.03 secs] 
2019-01-25T15:22:41.304+0000: [CMS-concurrent-sweep: 0.147/0.245 secs] [Times: user=0.45 sys=0.01, real=0.25 secs] 
2019-01-25T15:22:41.304+0000: [CMS-concurrent-reset-start]
2019-01-25T15:22:41.362+0000: [CMS-concurrent-reset: 0.057/0.057 secs] [Times: user=0.09 sys=0.00, real=0.05 secs] 
2019-01-25T15:22:41.418+0000: [GC (Allocation Failure) 2019-01-25T15:22:41.418+0000: [ParNew: 75812K->7190K(77440K), 0.0247774 secs] 258410K->190323K(381772K), 0.0248568 secs] [Times: user=0.05 sys=0.00, real=0.03 secs] 
2019-01-25T15:22:41.561+0000: [GC (Allocation Failure) 2019-01-25T15:22:41.561+0000: [ParNew: 76054K->6898K(77440K), 0.0454553 secs] 259187K->190498K(381772K), 0.0455380 secs] [Times: user=0.07 sys=0.00, real=0.05 secs] 
2019-01-25T15:22:41.723+0000: [GC (Allocation Failure) 2019-01-25T15:22:41.723+0000: [ParNew: 75762K->7289K(77440K), 0.0357080 secs] 259362K->191830K(381772K), 0.0357952 secs] [Times: user=0.06 sys=0.00, real=0.03 secs] 
2019-01-25T15:22:41.870+0000: [GC (Allocation Failure) 2019-01-25T15:22:41.870+0000: [ParNew: 76153K->7120K(77440K), 0.0252337 secs] 260694K->192661K(381772K), 0.0253061 secs] [Times: user=0.09 sys=0.00, real=0.03 secs] 
2019-01-25T15:22:41.971+0000: [GC (Allocation Failure) 2019-01-25T15:22:41.971+0000: [ParNew: 75984K->5598K(77440K), 0.0454284 secs] 261525K->192387K(381772K), 0.0455145 secs] [Times: user=0.06 sys=0.00, real=0.05 secs] 
2019-01-25T15:22:42.105+0000: [GC (Allocation Failure) 2019-01-25T15:22:42.105+0000: [ParNew: 74462K->6342K(77440K), 0.0728735 secs] 261251K->193131K(381772K), 0.0729557 secs] [Times: user=0.09 sys=0.00, real=0.07 secs] 
2019-01-25T15:22:42.254+0000: [GC (Allocation Failure) 2019-01-25T15:22:42.254+0000: [ParNew: 75206K->5610K(77440K), 0.0363263 secs] 261995K->193339K(381772K), 0.0364073 secs] [Times: user=0.06 sys=0.01, real=0.03 secs] 
2019-01-25T15:22:42.376+0000: [GC (Allocation Failure) 2019-01-25T15:22:42.376+0000: [ParNew: 74474K->5534K(77440K), 0.0429662 secs] 262203K->194018K(381772K), 0.0430498 secs] [Times: user=0.07 sys=0.00, real=0.04 secs] 
2019-01-25T15:22:42.490+0000: [GC (Allocation Failure) 2019-01-25T15:22:42.490+0000: [ParNew: 74398K->6396K(77440K), 0.0339380 secs] 262882K->195570K(381772K), 0.0340142 secs] [Times: user=0.05 sys=0.00, real=0.04 secs] 
2019-01-25T15:22:42.622+0000: [GC (Allocation Failure) 2019-01-25T15:22:42.622+0000: [ParNew: 75260K->6581K(77440K), 0.0502935 secs] 264434K->196434K(381772K), 0.0503736 secs] [Times: user=0.06 sys=0.00, real=0.05 secs] 
2019-01-25T15:22:42.748+0000: [GC (Allocation Failure) 2019-01-25T15:22:42.748+0000: [ParNew: 75445K->8576K(77440K), 0.0552585 secs] 265298K->200104K(381772K), 0.0553389 secs] [Times: user=0.09 sys=0.00, real=0.06 secs] 
2019-01-25T15:22:42.901+0000: [GC (Allocation Failure) 2019-01-25T15:22:42.901+0000: [ParNew: 77440K->4537K(77440K), 0.0538434 secs] 268968K->204632K(381772K), 0.0539177 secs] [Times: user=0.09 sys=0.01, real=0.06 secs] 
2019-01-25T15:22:43.038+0000: [GC (Allocation Failure) 2019-01-25T15:22:43.039+0000: [ParNew: 73401K->4622K(77440K), 0.0197839 secs] 273496K->204717K(381772K), 0.0198584 secs] [Times: user=0.04 sys=0.00, real=0.02 secs] 
2019-01-25T15:22:43.138+0000: [GC (Allocation Failure) 2019-01-25T15:22:43.138+0000: [ParNew: 73486K->5945K(77440K), 0.0254588 secs] 273581K->206040K(381772K), 0.0255196 secs] [Times: user=0.05 sys=0.00, real=0.03 secs] 
2019-01-25T15:22:43.275+0000: [GC (Allocation Failure) 2019-01-25T15:22:43.275+0000: [ParNew: 74809K->6573K(77440K), 0.0310048 secs] 274904K->208180K(381772K), 0.0310866 secs] [Times: user=0.08 sys=0.00, real=0.03 secs] 
2019-01-25T15:22:43.417+0000: [GC (Allocation Failure) 2019-01-25T15:22:43.417+0000: [ParNew: 75437K->4356K(77440K), 0.0495979 secs] 277044K->207835K(381772K), 0.0496766 secs] [Times: user=0.07 sys=0.00, real=0.05 secs] 
2019-01-25T15:22:43.546+0000: [GC (Allocation Failure) 2019-01-25T15:22:43.546+0000: [ParNew: 73220K->7254K(77440K), 0.0124871 secs] 276699K->210733K(381772K), 0.0125629 secs] [Times: user=0.05 sys=0.00, real=0.01 secs] 
2019-01-25T15:22:43.646+0000: [GC (Allocation Failure) 2019-01-25T15:22:43.646+0000: [ParNew: 76118K->3783K(77440K), 0.0386639 secs] 279597K->208633K(381772K), 0.0387390 secs] [Times: user=0.10 sys=0.00, real=0.04 secs] 
2019-01-25T15:22:43.782+0000: [GC (Allocation Failure) 2019-01-25T15:22:43.783+0000: [ParNew: 72647K->5667K(77440K), 0.0265051 secs] 277497K->210516K(381772K), 0.0265776 secs] [Times: user=0.05 sys=0.00, real=0.02 secs] 
2019-01-25T15:22:43.884+0000: [GC (Allocation Failure) 2019-01-25T15:22:43.884+0000: [ParNew: 74531K->7739K(77440K), 0.0503154 secs] 279380K->212588K(381772K), 0.0503938 secs] [Times: user=0.06 sys=0.00, real=0.05 secs] 
2019-01-25T15:22:44.019+0000: [GC (Allocation Failure) 2019-01-25T15:22:44.019+0000: [ParNew: 76603K->6079K(77440K), 0.0342525 secs] 281452K->211954K(381772K), 0.0343222 secs] [Times: user=0.07 sys=0.00, real=0.03 secs] 
2019-01-25T15:22:44.132+0000: [GC (Allocation Failure) 2019-01-25T15:22:44.132+0000: [ParNew: 74943K->5871K(77440K), 0.0342220 secs] 280818K->212671K(381772K), 0.0343031 secs] [Times: user=0.09 sys=0.00, real=0.04 secs] 
2019-01-25T15:22:44.251+0000: [GC (Allocation Failure) 2019-01-25T15:22:44.251+0000: [ParNew: 74735K->6160K(77440K), 0.0384460 secs] 281535K->213853K(381772K), 0.0385187 secs] [Times: user=0.06 sys=0.00, real=0.04 secs] 
2019-01-25T15:22:44.374+0000: [GC (Allocation Failure) 2019-01-25T15:22:44.375+0000: [ParNew: 75024K->6170K(77440K), 0.0334182 secs] 282717K->214434K(381772K), 0.0334998 secs] [Times: user=0.06 sys=0.00, real=0.03 secs] 
2019-01-25T15:22:44.510+0000: [GC (Allocation Failure) 2019-01-25T15:22:44.510+0000: [ParNew: 75034K->6198K(77440K), 0.0443306 secs] 283298K->215050K(381772K), 0.0444148 secs] [Times: user=0.05 sys=0.00, real=0.05 secs] 
2019-01-25T15:22:44.635+0000: [GC (Allocation Failure) 2019-01-25T15:22:44.636+0000: [ParNew: 75062K->6237K(77440K), 0.0311529 secs] 283914K->215637K(381772K), 0.0312591 secs] [Times: user=0.06 sys=0.00, real=0.03 secs] 
2019-01-25T15:22:44.758+0000: [GC (Allocation Failure) 2019-01-25T15:22:44.758+0000: [ParNew: 75101K->6300K(77440K), 0.0219436 secs] 284501K->216419K(381772K), 0.0220129 secs] [Times: user=0.05 sys=0.00, real=0.02 secs] 
2019-01-25T15:22:44.867+0000: [GC (Allocation Failure) 2019-01-25T15:22:44.867+0000: [ParNew: 75164K->6022K(77440K), 0.0370522 secs] 285283K->216918K(381772K), 0.0371370 secs] [Times: user=0.07 sys=0.00, real=0.04 secs] 
2019-01-25T15:22:44.973+0000: [GC (Allocation Failure) 2019-01-25T15:22:44.973+0000: [ParNew: 74886K->4746K(77440K), 0.0319913 secs] 285782K->216495K(381772K), 0.0320605 secs] [Times: user=0.07 sys=0.00, real=0.04 secs] 
2019-01-25T15:22:45.090+0000: [GC (Allocation Failure) 2019-01-25T15:22:45.090+0000: [ParNew: 73610K->4266K(77440K), 0.0193156 secs] 285359K->216609K(381772K), 0.0193954 secs] [Times: user=0.04 sys=0.00, real=0.02 secs] 
2019-01-25T15:22:45.214+0000: [GC (Allocation Failure) 2019-01-25T15:22:45.214+0000: [ParNew: 73130K->3170K(77440K), 0.0343514 secs] 285473K->216128K(381772K), 0.0344313 secs] [Times: user=0.04 sys=0.00, real=0.03 secs] 
2019-01-25T15:22:45.339+0000: [GC (Allocation Failure) 2019-01-25T15:22:45.339+0000: [ParNew: 72034K->4246K(77440K), 0.0261026 secs] 284992K->217768K(381772K), 0.0261688 secs] [Times: user=0.06 sys=0.00, real=0.03 secs] 
2019-01-25T15:22:45.372+0000: [GC (CMS Initial Mark) [1 CMS-initial-mark: 213522K(304332K)] 224573K(381772K), 0.0095365 secs] [Times: user=0.02 sys=0.00, real=0.01 secs] 
2019-01-25T15:22:45.382+0000: [CMS-concurrent-mark-start]
2019-01-25T15:22:45.479+0000: [GC (Allocation Failure) 2019-01-25T15:22:45.479+0000: [ParNew: 73110K->3161K(77440K), 0.0423795 secs] 286632K->217172K(381772K), 0.0424536 secs] [Times: user=0.04 sys=0.00, real=0.04 secs] 
2019-01-25T15:22:45.618+0000: [GC (Allocation Failure) 2019-01-25T15:22:45.618+0000: [ParNew: 72025K->4489K(77440K), 0.0403425 secs] 286036K->219033K(381772K), 0.0404252 secs] [Times: user=0.05 sys=0.00, real=0.04 secs] 
2019-01-25T15:22:45.732+0000: [GC (Allocation Failure) 2019-01-25T15:22:45.732+0000: [ParNew: 73353K->5133K(77440K), 0.0308993 secs] 287897K->220090K(381772K), 0.0309782 secs] [Times: user=0.04 sys=0.00, real=0.04 secs] 
2019-01-25T15:22:45.874+0000: [GC (Allocation Failure) 2019-01-25T15:22:45.874+0000: [ParNew: 73997K->5771K(77440K), 0.0530811 secs] 288954K->221095K(381772K), 0.0531649 secs] [Times: user=0.08 sys=0.00, real=0.05 secs] 
2019-01-25T15:22:45.999+0000: [GC (Allocation Failure) 2019-01-25T15:22:45.999+0000: [ParNew: 74635K->5825K(77440K), 0.0255330 secs] 289959K->221457K(381772K), 0.0256019 secs] [Times: user=0.06 sys=0.00, real=0.03 secs] 
2019-01-25T15:22:46.104+0000: [GC (Allocation Failure) 2019-01-25T15:22:46.104+0000: [ParNew: 74689K->6545K(77440K), 0.0363977 secs] 290321K->222964K(381772K), 0.0364793 secs] [Times: user=0.05 sys=0.00, real=0.03 secs] 
2019-01-25T15:22:46.230+0000: [GC (Allocation Failure) 2019-01-25T15:22:46.230+0000: [ParNew: 75409K->6357K(77440K), 0.0137696 secs] 291828K->222777K(381772K), 0.0138463 secs] [Times: user=0.05 sys=0.00, real=0.02 secs] 
2019-01-25T15:22:46.364+0000: [CMS-concurrent-mark: 0.707/0.982 secs] [Times: user=1.97 sys=0.05, real=0.99 secs] 
2019-01-25T15:22:46.365+0000: [GC (Allocation Failure) 2019-01-25T15:22:46.365+0000: [ParNew: 75221K->8181K(77440K), 0.0542405 secs] 291641K->225782K(381772K), 0.0542984 secs] [Times: user=0.07 sys=0.00, real=0.05 secs] 
2019-01-25T15:22:46.419+0000: [CMS-concurrent-preclean-start]
2019-01-25T15:22:46.530+0000: [GC (Allocation Failure) 2019-01-25T15:22:46.530+0000: [ParNew: 77045K->5927K(77440K), 0.0556348 secs] 294646K->224245K(381772K), 0.0557200 secs] [Times: user=0.07 sys=0.00, real=0.06 secs] 
2019-01-25T15:22:46.586+0000: [CMS-concurrent-preclean: 0.101/0.168 secs] [Times: user=0.27 sys=0.01, real=0.17 secs] 
2019-01-25T15:22:46.609+0000: [GC (CMS Final Remark) [YG occupancy: 21234 K (77440 K)]2019-01-25T15:22:46.609+0000: [Rescan (parallel) , 0.0394957 secs]2019-01-25T15:22:46.649+0000: [weak refs processing, 0.0000313 secs]2019-01-25T15:22:46.649+0000: [class unloading, 0.0088207 secs]2019-01-25T15:22:46.658+0000: [scrub symbol table, 0.0091697 secs]2019-01-25T15:22:46.667+0000: [scrub string table, 0.0007838 secs][1 CMS-remark: 218317K(304332K)] 239552K(381772K), 0.0584442 secs] [Times: user=0.08 sys=0.00, real=0.06 secs] 
2019-01-25T15:22:46.674+0000: [CMS-concurrent-sweep-start]
2019-01-25T15:22:46.750+0000: [GC (Allocation Failure) 2019-01-25T15:22:46.750+0000: [ParNew: 74791K->6638K(77440K), 0.0604610 secs] 291057K->223900K(381772K), 0.0605326 secs] [Times: user=0.11 sys=0.00, real=0.06 secs] 
2019-01-25T15:22:46.906+0000: [GC (Allocation Failure) 2019-01-25T15:22:46.907+0000: [ParNew: 75502K->6782K(77440K), 0.0361646 secs] 290715K->222762K(381772K), 0.0362505 secs] [Times: user=0.07 sys=0.00, real=0.04 secs] 
2019-01-25T15:22:47.007+0000: [CMS-concurrent-sweep: 0.229/0.332 secs] [Times: user=0.62 sys=0.02, real=0.33 secs] 
2019-01-25T15:22:47.007+0000: [CMS-concurrent-reset-start]
2019-01-25T15:22:47.047+0000: [GC (Allocation Failure) 2019-01-25T15:22:47.047+0000: [ParNew: 75646K->7111K(77440K), 0.0481568 secs] 291576K->224126K(437324K), 0.0482400 secs] [Times: user=0.07 sys=0.00, real=0.05 secs] 
2019-01-25T15:22:47.099+0000: [CMS-concurrent-reset: 0.043/0.092 secs] [Times: user=0.16 sys=0.00, real=0.09 secs] 
2019-01-25T15:22:47.167+0000: [GC (Allocation Failure) 2019-01-25T15:22:47.167+0000: [ParNew: 75963K->6072K(77440K), 0.0358645 secs] 292978K->224251K(437324K), 0.0359471 secs] [Times: user=0.08 sys=0.00, real=0.04 secs] 
2019-01-25T15:22:47.319+0000: [GC (Allocation Failure) 2019-01-25T15:22:47.319+0000: [ParNew: 74936K->7024K(77440K), 0.0624761 secs] 293115K->234222K(437324K), 0.0625493 secs] [Times: user=0.12 sys=0.00, real=0.06 secs] 
2019-01-25T15:22:47.481+0000: [GC (Allocation Failure) 2019-01-25T15:22:47.481+0000: [ParNew: 75888K->5557K(77440K), 0.0536811 secs] 303086K->233422K(437324K), 0.0537568 secs] [Times: user=0.11 sys=0.00, real=0.06 secs] 
2019-01-25T15:22:47.627+0000: [GC (Allocation Failure) 2019-01-25T15:22:47.627+0000: [ParNew: 74421K->8576K(77440K), 0.0519074 secs] 302286K->237420K(437324K), 0.0519926 secs] [Times: user=0.08 sys=0.00, real=0.05 secs] 
2019-01-25T15:22:47.769+0000: [GC (Allocation Failure) 2019-01-25T15:22:47.769+0000: [ParNew: 77440K->6647K(77440K), 0.1022351 secs] 306284K->244898K(437324K), 0.1023210 secs] [Times: user=0.12 sys=0.00, real=0.10 secs] 
2019-01-25T15:22:47.976+0000: [GC (Allocation Failure) 2019-01-25T15:22:47.976+0000: [ParNew: 75511K->7847K(77440K), 0.0762812 secs] 313762K->247538K(437324K), 0.0763659 secs] [Times: user=0.10 sys=0.00, real=0.07 secs] 
2019-01-25T15:22:48.150+0000: [GC (Allocation Failure) 2019-01-25T15:22:48.151+0000: [ParNew: 76711K->6160K(77440K), 0.0420142 secs] 316402K->247277K(437324K), 0.0421006 secs] [Times: user=0.09 sys=0.00, real=0.04 secs] 
2019-01-25T15:22:48.281+0000: [GC (Allocation Failure) 2019-01-25T15:22:48.281+0000: [ParNew: 75024K->8330K(77440K), 0.0657018 secs] 316141K->250708K(437324K), 0.0657872 secs] [Times: user=0.11 sys=0.00, real=0.07 secs] 
2019-01-25T15:22:48.440+0000: [GC (Allocation Failure) 2019-01-25T15:22:48.440+0000: [ParNew: 77194K->8576K(77440K), 0.0707643 secs] 319572K->251966K(437324K), 0.0708466 secs] [Times: user=0.09 sys=0.01, real=0.07 secs] 
2019-01-25T15:22:48.611+0000: [GC (Allocation Failure) 2019-01-25T15:22:48.611+0000: [ParNew: 76198K->7177K(77440K), 0.0642842 secs] 319588K->252918K(437324K), 0.0643706 secs] [Times: user=0.10 sys=0.01, real=0.07 secs] 
2019-01-25T15:22:48.785+0000: [GC (Allocation Failure) 2019-01-25T15:22:48.785+0000: [ParNew: 76041K->6717K(77440K), 0.0697350 secs] 321782K->258423K(437324K), 0.0698112 secs] [Times: user=0.11 sys=0.00, real=0.07 secs] 
2019-01-25T15:22:48.954+0000: [GC (Allocation Failure) 2019-01-25T15:22:48.954+0000: [ParNew: 75581K->8576K(77440K), 0.0962261 secs] 327287K->261913K(437324K), 0.0963054 secs] [Times: user=0.16 sys=0.00, real=0.09 secs] 
2019-01-25T15:22:49.078+0000: [GC (CMS Initial Mark) [1 CMS-initial-mark: 253337K(359884K)] 277607K(437324K), 0.0159186 secs] [Times: user=0.02 sys=0.00, real=0.02 secs] 
2019-01-25T15:22:49.101+0000: [CMS-concurrent-mark-start]
2019-01-25T15:22:49.171+0000: [GC (Allocation Failure) 2019-01-25T15:22:49.171+0000: [ParNew: 77440K->8576K(77440K), 0.0684301 secs] 330777K->263630K(437324K), 0.0685157 secs] [Times: user=0.12 sys=0.00, real=0.07 secs] 
2019-01-25T15:22:49.354+0000: [GC (Allocation Failure) 2019-01-25T15:22:49.354+0000: [ParNew: 77440K->7919K(77440K), 0.0987813 secs] 332494K->266757K(437324K), 0.0988656 secs] [Times: user=0.13 sys=0.00, real=0.09 secs] 
2019-01-25T15:22:49.554+0000: [GC (Allocation Failure) 2019-01-25T15:22:49.554+0000: [ParNew: 76783K->5802K(77440K), 0.0748425 secs] 335621K->267539K(437324K), 0.0749256 secs] [Times: user=0.11 sys=0.01, real=0.07 secs] 
2019-01-25T15:22:49.706+0000: [GC (Allocation Failure) 2019-01-25T15:22:49.706+0000: [ParNew: 74666K->5904K(77440K), 0.0652244 secs] 336403K->270346K(437324K), 0.0652979 secs] [Times: user=0.11 sys=0.01, real=0.06 secs] 
2019-01-25T15:22:49.854+0000: [GC (Allocation Failure) 2019-01-25T15:22:49.855+0000: [ParNew: 74768K->6839K(77440K), 0.0644964 secs] 339210K->281143K(437324K), 0.0645702 secs] [Times: user=0.11 sys=0.00, real=0.06 secs] 
2019-01-25T15:22:50.019+0000: [GC (Allocation Failure) 2019-01-25T15:22:50.019+0000: [ParNew: 75703K->5977K(77440K), 0.0598064 secs] 350007K->280280K(437324K), 0.0598929 secs] [Times: user=0.08 sys=0.00, real=0.06 secs] 
2019-01-25T15:22:50.205+0000: [GC (Allocation Failure) 2019-01-25T15:22:50.205+0000: [ParNew: 74841K->4804K(77440K), 0.0464216 secs] 349144K->281846K(437324K), 0.0465108 secs] [Times: user=0.10 sys=0.02, real=0.04 secs] 
2019-01-25T15:22:50.335+0000: [GC (Allocation Failure) 2019-01-25T15:22:50.335+0000: [ParNew: 73668K->7890K(77440K), 0.0666094 secs] 350710K->286187K(437324K), 0.0666927 secs] [Times: user=0.08 sys=0.00, real=0.06 secs] 
2019-01-25T15:22:50.498+0000: [GC (Allocation Failure) 2019-01-25T15:22:50.498+0000: [ParNew: 76754K->7125K(77440K), 0.0469907 secs] 355051K->286868K(437324K), 0.0470685 secs] [Times: user=0.09 sys=0.01, real=0.05 secs] 
2019-01-25T15:22:50.650+0000: [GC (Allocation Failure) 2019-01-25T15:22:50.651+0000: [ParNew: 75989K->6734K(77440K), 0.0654790 secs] 355732K->288120K(437324K), 0.0655647 secs] [Times: user=0.14 sys=0.00, real=0.07 secs] 
2019-01-25T15:22:50.842+0000: [GC (Allocation Failure) 2019-01-25T15:22:50.842+0000: [ParNew: 75598K->8002K(77440K), 0.0732320 secs] 356984K->290813K(437324K), 0.0733170 secs] [Times: user=0.09 sys=0.00, real=0.07 secs] 
2019-01-25T15:22:51.003+0000: [CMS-concurrent-mark: 1.095/1.902 secs] [Times: user=3.62 sys=0.11, real=1.91 secs] 
2019-01-25T15:22:51.003+0000: [CMS-concurrent-preclean-start]
2019-01-25T15:22:51.020+0000: [GC (Allocation Failure) 2019-01-25T15:22:51.020+0000: [ParNew: 76866K->6935K(77440K), 0.0676372 secs] 359677K->291633K(437324K), 0.0677057 secs] [Times: user=0.10 sys=0.00, real=0.07 secs] 
2019-01-25T15:22:51.191+0000: [GC (Allocation Failure) 2019-01-25T15:22:51.191+0000: [ParNew: 75799K->5294K(77440K), 0.0521583 secs] 360497K->292184K(437324K), 0.0522464 secs] [Times: user=0.08 sys=0.00, real=0.06 secs] 
2019-01-25T15:22:51.350+0000: [GC (Allocation Failure) 2019-01-25T15:22:51.351+0000: [ParNew: 74158K->8576K(77440K), 0.0398436 secs] 361048K->295466K(437324K), 0.0399274 secs] [Times: user=0.06 sys=0.00, real=0.04 secs] 
2019-01-25T15:22:51.498+0000: [GC (Allocation Failure) 2019-01-25T15:22:51.498+0000: [ParNew: 77440K->6322K(77440K), 0.0439739 secs] 364330K->294656K(437324K), 0.0440475 secs] [Times: user=0.09 sys=0.00, real=0.05 secs] 
2019-01-25T15:22:51.649+0000: [GC (Allocation Failure) 2019-01-25T15:22:51.649+0000: [ParNew: 75186K->6073K(77440K), 0.0580313 secs] 363520K->295916K(437324K), 0.0581152 secs] [Times: user=0.08 sys=0.01, real=0.06 secs] 
2019-01-25T15:22:51.799+0000: [GC (Allocation Failure) 2019-01-25T15:22:51.800+0000: [ParNew: 74937K->5540K(77440K), 0.0528235 secs] 364780K->296626K(437324K), 0.0529013 secs] [Times: user=0.09 sys=0.00, real=0.05 secs] 
2019-01-25T15:22:51.945+0000: [GC (Allocation Failure) 2019-01-25T15:22:51.946+0000: [ParNew: 74404K->7271K(77440K), 0.0648295 secs] 365490K->298357K(437324K), 0.0649139 secs] [Times: user=0.09 sys=0.00, real=0.06 secs] 
2019-01-25T15:22:52.016+0000: [CMS-concurrent-preclean: 0.490/1.013 secs] [Times: user=1.83 sys=0.10, real=1.01 secs] 
2019-01-25T15:22:52.016+0000: [CMS-concurrent-abortable-preclean-start]
2019-01-25T15:22:52.092+0000: [GC (Allocation Failure) 2019-01-25T15:22:52.092+0000: [ParNew: 76135K->6445K(77440K), 0.0554720 secs] 367221K->299523K(437324K), 0.0555408 secs] [Times: user=0.11 sys=0.00, real=0.06 secs] 
2019-01-25T15:22:52.230+0000: [GC (Allocation Failure) 2019-01-25T15:22:52.230+0000: [ParNew: 75309K->6235K(77440K), 0.0664883 secs] 368387K->300273K(437324K), 0.0665704 secs] [Times: user=0.09 sys=0.00, real=0.07 secs] 
2019-01-25T15:22:52.394+0000: [GC (Allocation Failure) 2019-01-25T15:22:52.395+0000: [ParNew: 75099K->5331K(77440K), 0.0648878 secs] 369137K->301828K(437324K), 0.0649711 secs] [Times: user=0.10 sys=0.00, real=0.06 secs] 
2019-01-25T15:22:52.566+0000: [GC (Allocation Failure) 2019-01-25T15:22:52.566+0000: [ParNew: 74195K->5689K(77440K), 0.0572395 secs] 370692K->303619K(437324K), 0.0573224 secs] [Times: user=0.08 sys=0.00, real=0.06 secs] 
2019-01-25T15:22:52.726+0000: [GC (Allocation Failure) 2019-01-25T15:22:52.726+0000: [ParNew: 74553K->6543K(77440K), 0.0548764 secs] 372483K->304472K(437324K), 0.0549873 secs] [Times: user=0.09 sys=0.00, real=0.05 secs] 
2019-01-25T15:22:52.782+0000: [CMS-concurrent-abortable-preclean: 0.393/0.765 secs] [Times: user=1.46 sys=0.07, real=0.76 secs] 
2019-01-25T15:22:52.802+0000: [GC (CMS Final Remark) [YG occupancy: 18691 K (77440 K)]2019-01-25T15:22:52.802+0000: [Rescan (parallel) , 0.0385426 secs]2019-01-25T15:22:52.841+0000: [weak refs processing, 0.0000420 secs]2019-01-25T15:22:52.841+0000: [class unloading, 0.0099064 secs]2019-01-25T15:22:52.851+0000: [scrub symbol table, 0.0096667 secs]2019-01-25T15:22:52.861+0000: [scrub string table, 0.0008052 secs][1 CMS-remark: 297929K(359884K)] 316620K(437324K), 0.0591196 secs] [Times: user=0.09 sys=0.00, real=0.05 secs] 
2019-01-25T15:22:52.868+0000: [CMS-concurrent-sweep-start]
2019-01-25T15:22:52.944+0000: [GC (Allocation Failure) 2019-01-25T15:22:52.944+0000: [ParNew: 75407K->5466K(77440K), 0.0633993 secs] 373336K->304853K(437324K), 0.0634800 secs] [Times: user=0.11 sys=0.00, real=0.06 secs] 
2019-01-25T15:22:53.106+0000: [GC (Allocation Failure) 2019-01-25T15:22:53.106+0000: [ParNew: 74330K->6465K(77440K), 0.0403259 secs] 363476K->296901K(437324K), 0.0404055 secs] [Times: user=0.09 sys=0.00, real=0.04 secs] 
2019-01-25T15:22:53.236+0000: [GC (Allocation Failure) 2019-01-25T15:22:53.236+0000: [ParNew: 75329K->6121K(77440K), 0.0743272 secs] 365764K->296557K(437324K), 0.0744154 secs] [Times: user=0.12 sys=0.01, real=0.07 secs] 
2019-01-25T15:22:53.376+0000: [CMS-concurrent-sweep: 0.325/0.508 secs] [Times: user=1.03 sys=0.01, real=0.51 secs] 
2019-01-25T15:22:53.376+0000: [CMS-concurrent-reset-start]
2019-01-25T15:22:53.392+0000: [CMS-concurrent-reset: 0.016/0.016 secs] [Times: user=0.04 sys=0.00, real=0.01 secs] 
2019-01-25T15:22:53.410+0000: [GC (Allocation Failure) 2019-01-25T15:22:53.411+0000: [ParNew: 74985K->8106K(77440K), 0.0509592 secs] 365421K->299213K(561500K), 0.0510403 secs] [Times: user=0.08 sys=0.00, real=0.05 secs] 
2019-01-25T15:22:53.534+0000: [GC (Allocation Failure) 2019-01-25T15:22:53.534+0000: [ParNew: 76970K->5870K(77440K), 0.0486146 secs] 368077K->298093K(561500K), 0.0486870 secs] [Times: user=0.08 sys=0.00, real=0.05 secs] 
2019-01-25T15:22:53.652+0000: [GC (Allocation Failure) 2019-01-25T15:22:53.653+0000: [ParNew: 74734K->6159K(77440K), 0.0262422 secs] 366957K->299530K(561500K), 0.0263108 secs] [Times: user=0.07 sys=0.01, real=0.03 secs] 
2019-01-25T15:22:53.758+0000: [GC (Allocation Failure) 2019-01-25T15:22:53.758+0000: [ParNew: 75023K->6956K(77440K), 0.0613170 secs] 368394K->300327K(561500K), 0.0613882 secs] [Times: user=0.12 sys=0.00, real=0.06 secs] 
2019-01-25T15:22:53.922+0000: [GC (Allocation Failure) 2019-01-25T15:22:53.922+0000: [ParNew: 75820K->6894K(77440K), 0.0602917 secs] 369191K->301271K(561500K), 0.0603651 secs] [Times: user=0.11 sys=0.00, real=0.06 secs] 
2019-01-25T15:22:54.082+0000: [GC (Allocation Failure) 2019-01-25T15:22:54.083+0000: [ParNew: 75758K->7123K(77440K), 0.0464947 secs] 370135K->302295K(561500K), 0.0465691 secs] [Times: user=0.08 sys=0.00, real=0.04 secs] 
2019-01-25T15:22:54.174+0000: [GC (Allocation Failure) 2019-01-25T15:22:54.174+0000: [ParNew: 75987K->7040K(77440K), 0.0670042 secs] 371159K->302823K(561500K), 0.0670823 secs] [Times: user=0.11 sys=0.00, real=0.06 secs] 
2019-01-25T15:22:54.349+0000: [GC (Allocation Failure) 2019-01-25T15:22:54.349+0000: [ParNew: 75904K->5997K(77440K), 0.0619019 secs] 371687K->302653K(561500K), 0.0619868 secs] [Times: user=0.07 sys=0.00, real=0.06 secs] 
2019-01-25T15:22:54.517+0000: [GC (Allocation Failure) 2019-01-25T15:22:54.517+0000: [ParNew: 74861K->7251K(77440K), 0.0613489 secs] 371517K->304475K(561500K), 0.0614267 secs] [Times: user=0.07 sys=0.00, real=0.06 secs] 
2019-01-25T15:22:54.706+0000: [GC (Allocation Failure) 2019-01-25T15:22:54.706+0000: [ParNew: 76115K->6396K(77440K), 0.0551192 secs] 373339K->305480K(561500K), 0.0552010 secs] [Times: user=0.09 sys=0.00, real=0.05 secs] 
2019-01-25T15:22:54.854+0000: [GC (Allocation Failure) 2019-01-25T15:22:54.854+0000: [ParNew: 75260K->7034K(77440K), 0.0620454 secs] 374344K->306821K(561500K), 0.0621159 secs] [Times: user=0.08 sys=0.00, real=0.07 secs] 
2019-01-25T15:22:55.083+0000: [GC (Allocation Failure) 2019-01-25T15:22:55.083+0000: [ParNew: 75898K->6918K(77440K), 0.0494934 secs] 375685K->307474K(561500K), 0.0495835 secs] [Times: user=0.07 sys=0.00, real=0.04 secs] 
2019-01-25T15:22:55.295+0000: [GC (Allocation Failure) 2019-01-25T15:22:55.295+0000: [ParNew: 75782K->8576K(77440K), 0.1076991 secs] 376338K->310007K(561500K), 0.1077752 secs] [Times: user=0.10 sys=0.00, real=0.11 secs] 
2019-01-25T15:22:55.639+0000: [GC (Allocation Failure) 2019-01-25T15:22:55.639+0000: [ParNew: 77440K->6930K(77440K), 0.0744645 secs] 378871K->310473K(561500K), 0.0745384 secs] [Times: user=0.11 sys=0.00, real=0.07 secs] 
2019-01-25T15:22:55.862+0000: [GC (Allocation Failure) 2019-01-25T15:22:55.862+0000: [ParNew: 75794K->7346K(77440K), 0.0524651 secs] 379337K->311691K(561500K), 0.0525501 secs] [Times: user=0.08 sys=0.00, real=0.05 secs] 
2019-01-25T15:22:56.126+0000: [GC (Allocation Failure) 2019-01-25T15:22:56.126+0000: [ParNew: 76210K->6475K(77440K), 0.0417897 secs] 380555K->311934K(561500K), 0.0418747 secs] [Times: user=0.07 sys=0.00, real=0.04 secs] 
2019-01-25T15:22:57.561+0000: [GC (Allocation Failure) 2019-01-25T15:22:57.561+0000: [ParNew: 75339K->6610K(77440K), 0.0387015 secs] 380798K->313618K(561500K), 0.0387700 secs] [Times: user=0.06 sys=0.00, real=0.04 secs] 
2019-01-25T15:23:04.951+0000: [GC (Allocation Failure) 2019-01-25T15:23:04.951+0000: [ParNew: 75474K->5191K(77440K), 0.0483720 secs] 382482K->329371K(561500K), 0.0484577 secs] [Times: user=0.11 sys=0.01, real=0.05 secs] 
2019-01-25T15:23:05.182+0000: [GC (Allocation Failure) 2019-01-25T15:23:05.182+0000: [ParNew: 60613K->6388K(77440K), 0.0763442 secs] 384794K->363833K(561500K), 0.0764329 secs] [Times: user=0.15 sys=0.01, real=0.08 secs] 
2019-01-25T15:23:05.263+0000: [GC (CMS Initial Mark) [1 CMS-initial-mark: 357445K(484060K)] 381159K(561500K), 0.0154202 secs] [Times: user=0.02 sys=0.00, real=0.01 secs] 
2019-01-25T15:23:05.278+0000: [CMS-concurrent-mark-start]
2019-01-25T15:23:05.636+0000: [GC (Allocation Failure) 2019-01-25T15:23:05.636+0000: [ParNew: 75252K->7221K(77440K), 0.0755383 secs] 432697K->400237K(561500K), 0.0756278 secs] [Times: user=0.09 sys=0.03, real=0.07 secs] 
2019-01-25T15:23:05.886+0000: [CMS-concurrent-mark: 0.458/0.608 secs] [Times: user=1.16 sys=0.06, real=0.61 secs] 
2019-01-25T15:23:05.886+0000: [CMS-concurrent-preclean-start]
2019-01-25T15:23:05.896+0000: [CMS-concurrent-preclean: 0.009/0.009 secs] [Times: user=0.02 sys=0.00, real=0.01 secs] 
2019-01-25T15:23:05.896+0000: [CMS-concurrent-abortable-preclean-start]
2019-01-25T15:23:06.335+0000: [GC (Allocation Failure) 2019-01-25T15:23:06.335+0000: [ParNew: 74161K->8576K(77440K), 0.1524588 secs] 467177K->422582K(561500K), 0.1525225 secs] [Times: user=0.29 sys=0.00, real=0.15 secs] 
2019-01-25T15:23:06.979+0000: [CMS-concurrent-abortable-preclean: 0.619/1.083 secs] [Times: user=2.26 sys=0.02, real=1.08 secs] 
2019-01-25T15:23:06.997+0000: [GC (CMS Final Remark) [YG occupancy: 54850 K (77440 K)]2019-01-25T15:23:06.997+0000: [Rescan (parallel) , 0.0536150 secs]2019-01-25T15:23:07.050+0000: [weak refs processing, 0.0001078 secs]2019-01-25T15:23:07.050+0000: [class unloading, 0.0104366 secs]2019-01-25T15:23:07.061+0000: [scrub symbol table, 0.0210484 secs]2019-01-25T15:23:07.082+0000: [scrub string table, 0.0008272 secs][1 CMS-remark: 414006K(484060K)] 468857K(561500K), 0.0863010 secs] [Times: user=0.11 sys=0.00, real=0.09 secs] 
2019-01-25T15:23:07.086+0000: [CMS-concurrent-sweep-start]
2019-01-25T15:23:07.212+0000: [GC (Allocation Failure) 2019-01-25T15:23:07.212+0000: [ParNew: 77440K->8576K(77440K), 0.2356869 secs] 474738K->441288K(561500K), 0.2357778 secs] [Times: user=0.37 sys=0.01, real=0.24 secs] 
2019-01-25T15:23:07.874+0000: [GC (Allocation Failure) 2019-01-25T15:23:07.874+0000: [ParNew: 74365K->8576K(77440K), 0.2949052 secs] 450005K->428816K(561500K), 0.2950185 secs] [Times: user=0.52 sys=0.01, real=0.30 secs] 
2019-01-25T15:23:08.423+0000: [GC (Allocation Failure) 2019-01-25T15:23:08.423+0000: [ParNew: 77440K->8576K(77440K), 0.1888611 secs] 398113K->381410K(561500K), 0.1889471 secs] [Times: user=0.38 sys=0.01, real=0.18 secs] 
2019-01-25T15:23:08.638+0000: [CMS-concurrent-sweep: 0.773/1.552 secs] [Times: user=3.21 sys=0.03, real=1.55 secs] 
2019-01-25T15:23:08.639+0000: [CMS-concurrent-reset-start]
2019-01-25T15:23:08.665+0000: [CMS-concurrent-reset: 0.026/0.026 secs] [Times: user=0.06 sys=0.00, real=0.03 secs] 
2019-01-25T15:23:08.978+0000: [GC (Allocation Failure) 2019-01-25T15:23:08.978+0000: [ParNew: 77440K->8476K(77440K), 0.1152834 secs] 450274K->405216K(698832K), 0.1153625 secs] [Times: user=0.23 sys=0.01, real=0.11 secs] 
2019-01-25T15:23:09.114+0000: [GC (CMS Initial Mark) [1 CMS-initial-mark: 396740K(621392K)] 407248K(698832K), 0.0072264 secs] [Times: user=0.01 sys=0.00, real=0.00 secs] 
2019-01-25T15:23:09.122+0000: [CMS-concurrent-mark-start]
2019-01-25T15:23:09.304+0000: [GC (Allocation Failure) 2019-01-25T15:23:09.304+0000: [ParNew: 77340K->4701K(77440K), 0.0722445 secs] 474080K->407057K(698832K), 0.0723209 secs] [Times: user=0.10 sys=0.00, real=0.07 secs] 
2019-01-25T15:23:09.503+0000: [GC (Allocation Failure) 2019-01-25T15:23:09.503+0000: [ParNew: 73565K->1175K(77440K), 0.0019949 secs] 475921K->403531K(698832K), 0.0020596 secs] [Times: user=0.01 sys=0.00, real=0.00 secs] 
2019-01-25T15:23:09.622+0000: [GC (Allocation Failure) 2019-01-25T15:23:09.622+0000: [ParNew: 70039K->293K(77440K), 0.0019521 secs] 472395K->402650K(698832K), 0.0020236 secs] [Times: user=0.01 sys=0.00, real=0.00 secs] 
2019-01-25T15:23:09.690+0000: [GC (Allocation Failure) 2019-01-25T15:23:09.690+0000: [ParNew: 69157K->73K(77440K), 0.0024651 secs] 471514K->402429K(698832K), 0.0025122 secs] [Times: user=0.01 sys=0.00, real=0.00 secs] 
2019-01-25T15:23:09.803+0000: [GC (Allocation Failure) 2019-01-25T15:23:09.803+0000: [ParNew: 68937K->18K(77440K), 0.0049235 secs] 471293K->402374K(698832K), 0.0049766 secs] [Times: user=0.01 sys=0.00, real=0.00 secs] 
2019-01-25T15:23:09.895+0000: [GC (Allocation Failure) 2019-01-25T15:23:09.895+0000: [ParNew: 68882K->4K(77440K), 0.0034603 secs] 471238K->402360K(698832K), 0.0035210 secs] [Times: user=0.01 sys=0.00, real=0.00 secs] 
2019-01-25T15:23:09.963+0000: [CMS-concurrent-mark: 0.731/0.841 secs] [Times: user=1.83 sys=0.02, real=0.85 secs] 
2019-01-25T15:23:09.963+0000: [CMS-concurrent-preclean-start]
2019-01-25T15:23:10.010+0000: [GC (Allocation Failure) 2019-01-25T15:23:10.010+0000: [ParNew: 68868K->2K(77440K), 0.0065183 secs] 471224K->402358K(698832K), 0.0065807 secs] [Times: user=0.00 sys=0.00, real=0.01 secs] 
2019-01-25T15:23:10.118+0000: [CMS-concurrent-preclean: 0.136/0.155 secs] [Times: user=0.29 sys=0.00, real=0.15 secs] 
2019-01-25T15:23:10.118+0000: [CMS-concurrent-abortable-preclean-start]
2019-01-25T15:23:10.127+0000: [GC (Allocation Failure) 2019-01-25T15:23:10.127+0000: [ParNew: 68866K->82K(77440K), 0.0072834 secs] 471222K->402439K(698832K), 0.0073417 secs] [Times: user=0.01 sys=0.00, real=0.00 secs] 
2019-01-25T15:23:10.182+0000: [CMS-concurrent-abortable-preclean: 0.010/0.065 secs] [Times: user=0.11 sys=0.01, real=0.07 secs] 
2019-01-25T15:23:10.183+0000: [GC (CMS Final Remark) [YG occupancy: 35690 K (77440 K)]2019-01-25T15:23:10.183+0000: [Rescan (parallel) , 0.0396283 secs]2019-01-25T15:23:10.222+0000: [weak refs processing, 0.0000463 secs]2019-01-25T15:23:10.222+0000: [class unloading, 0.0135438 secs]2019-01-25T15:23:10.236+0000: [scrub symbol table, 0.0092219 secs]2019-01-25T15:23:10.245+0000: [scrub string table, 0.0008428 secs][1 CMS-remark: 402356K(621392K)] 438046K(698832K), 0.0634523 secs] [Times: user=0.08 sys=0.00, real=0.06 secs] 
2019-01-25T15:23:10.294+0000: [CMS-concurrent-sweep-start]
2019-01-25T15:23:10.386+0000: [GC (Allocation Failure) 2019-01-25T15:23:10.386+0000: [ParNew: 68946K->315K(77440K), 0.0138980 secs] 468225K->399594K(698832K), 0.0139654 secs] [Times: user=0.00 sys=0.00, real=0.01 secs] 
2019-01-25T15:23:10.918+0000: [CMS-concurrent-sweep: 0.598/0.624 secs] [Times: user=1.22 sys=0.03, real=0.62 secs] 
2019-01-25T15:23:10.919+0000: [CMS-concurrent-reset-start]
2019-01-25T15:23:10.933+0000: [CMS-concurrent-reset: 0.014/0.014 secs] [Times: user=0.04 sys=0.00, real=0.01 secs] 
2019-01-25T15:23:12.272+0000: [GC (Allocation Failure) 2019-01-25T15:23:12.272+0000: [ParNew: 69179K->1254K(77440K), 0.0048453 secs] 417867K->349942K(698832K), 0.0049034 secs] [Times: user=0.00 sys=0.00, real=0.01 secs] 
Heap
 par new generation   total 77440K, used 6293K [0x0000000680000000, 0x0000000685400000, 0x0000000694cc0000)
  eden space 68864K,   7% used [0x0000000680000000, 0x00000006804eb9f8, 0x0000000684340000)
  from space 8576K,  14% used [0x0000000684ba0000, 0x0000000684cd9b88, 0x0000000685400000)
  to   space 8576K,   0% used [0x0000000684340000, 0x0000000684340000, 0x0000000684ba0000)
 concurrent mark-sweep generation total 621392K, used 348687K [0x0000000694cc0000, 0x00000006bab94000, 0x00000007c0000000)
 Metaspace       used 62049K, capacity 62798K, committed 63176K, reserved 1103872K
  class space    used 7917K, capacity 8114K, committed 8136K, reserved 1048576K
