2019-01-25T15:22:19.944+0000: [GC (Allocation Failure) 2019-01-25T15:22:19.944+0000: [ParNew: 68864K->6774K(77440K), 0.0225300 secs] 68864K->6774K(249472K), 0.0226048 secs] [Times: user=0.04 sys=0.00, real=0.02 secs] 
2019-01-25T15:22:20.467+0000: [GC (Allocation Failure) 2019-01-25T15:22:20.467+0000: [ParNew: 75638K->4531K(77440K), 0.0299032 secs] 75638K->6923K(249472K), 0.0299570 secs] [Times: user=0.05 sys=0.01, real=0.03 secs] 
2019-01-25T15:22:21.110+0000: [GC (Allocation Failure) 2019-01-25T15:22:21.110+0000: [ParNew: 73395K->3533K(77440K), 0.0041821 secs] 75787K->5925K(249472K), 0.0042202 secs] [Times: user=0.01 sys=0.00, real=0.01 secs] 
2019-01-25T15:22:21.575+0000: [GC (Allocation Failure) 2019-01-25T15:22:21.575+0000: [ParNew: 72397K->3991K(77440K), 0.0120601 secs] 74789K->6383K(249472K), 0.0121213 secs] [Times: user=0.01 sys=0.01, real=0.01 secs] 
2019-01-25T15:22:21.969+0000: [GC (Allocation Failure) 2019-01-25T15:22:21.969+0000: [ParNew: 72855K->5362K(77440K), 0.0068884 secs] 75247K->7753K(249472K), 0.0069431 secs] [Times: user=0.02 sys=0.00, real=0.01 secs] 
2019-01-25T15:22:22.295+0000: [GC (Allocation Failure) 2019-01-25T15:22:22.295+0000: [ParNew: 63287K->5476K(77440K), 0.0222217 secs] 65679K->25014K(249472K), 0.0222741 secs] [Times: user=0.05 sys=0.00, real=0.02 secs] 
2019-01-25T15:22:22.320+0000: [GC (CMS Initial Mark) [1 CMS-initial-mark: 19538K(172032K)] 41632K(249472K), 0.0044188 secs] [Times: user=0.00 sys=0.00, real=0.01 secs] 
2019-01-25T15:22:22.324+0000: [CMS-concurrent-mark-start]
2019-01-25T15:22:22.397+0000: [CMS-concurrent-mark: 0.073/0.073 secs] [Times: user=0.15 sys=0.02, real=0.07 secs] 
2019-01-25T15:22:22.397+0000: [CMS-concurrent-preclean-start]
2019-01-25T15:22:22.399+0000: [CMS-concurrent-preclean: 0.001/0.001 secs] [Times: user=0.00 sys=0.00, real=0.00 secs] 
2019-01-25T15:22:22.399+0000: [CMS-concurrent-abortable-preclean-start]
2019-01-25T15:22:22.631+0000: [GC (Allocation Failure) 2019-01-25T15:22:22.631+0000: [ParNew: 74340K->5572K(77440K), 0.0308097 secs] 93878K->41494K(249472K), 0.0308627 secs] [Times: user=0.05 sys=0.00, real=0.03 secs] 
2019-01-25T15:22:22.882+0000: [CMS-concurrent-abortable-preclean: 0.286/0.484 secs] [Times: user=0.81 sys=0.02, real=0.49 secs] 
2019-01-25T15:22:22.882+0000: [GC (CMS Final Remark) [YG occupancy: 55769 K (77440 K)]2019-01-25T15:22:22.882+0000: [Rescan (parallel) , 0.0149208 secs]2019-01-25T15:22:22.897+0000: [weak refs processing, 0.0000519 secs]2019-01-25T15:22:22.898+0000: [class unloading, 0.0040207 secs]2019-01-25T15:22:22.902+0000: [scrub symbol table, 0.0040434 secs]2019-01-25T15:22:22.906+0000: [scrub string table, 0.0004184 secs][1 CMS-remark: 35922K(172032K)] 91692K(249472K), 0.0241238 secs] [Times: user=0.03 sys=0.00, real=0.02 secs] 
2019-01-25T15:22:22.907+0000: [CMS-concurrent-sweep-start]
2019-01-25T15:22:22.909+0000: [CMS-concurrent-sweep: 0.002/0.002 secs] [Times: user=0.01 sys=0.00, real=0.00 secs] 
2019-01-25T15:22:22.909+0000: [CMS-concurrent-reset-start]
2019-01-25T15:22:23.251+0000: [CMS-concurrent-reset: 0.331/0.342 secs] [Times: user=0.51 sys=0.15, real=0.34 secs] 
2019-01-25T15:22:23.310+0000: [GC (Allocation Failure) 2019-01-25T15:22:23.311+0000: [ParNew: 74436K->7397K(77440K), 0.0383259 secs] 110342K->44258K(249472K), 0.0384087 secs] [Times: user=0.08 sys=0.00, real=0.04 secs] 
2019-01-25T15:22:23.895+0000: [GC (Allocation Failure) 2019-01-25T15:22:23.895+0000: [ParNew: 76261K->4749K(77440K), 0.0510881 secs] 113122K->76183K(249472K), 0.0511580 secs] [Times: user=0.11 sys=0.03, real=0.05 secs] 
2019-01-25T15:22:23.947+0000: [GC (CMS Initial Mark) [1 CMS-initial-mark: 71434K(172032K)] 76680K(249472K), 0.0126458 secs] [Times: user=0.02 sys=0.00, real=0.01 secs] 
2019-01-25T15:22:23.959+0000: [CMS-concurrent-mark-start]
2019-01-25T15:22:24.026+0000: [CMS-concurrent-mark: 0.067/0.067 secs] [Times: user=0.17 sys=0.00, real=0.07 secs] 
2019-01-25T15:22:24.026+0000: [CMS-concurrent-preclean-start]
2019-01-25T15:22:24.045+0000: [CMS-concurrent-preclean: 0.018/0.018 secs] [Times: user=0.05 sys=0.00, real=0.02 secs] 
2019-01-25T15:22:24.045+0000: [CMS-concurrent-abortable-preclean-start]
2019-01-25T15:22:24.236+0000: [CMS-concurrent-abortable-preclean: 0.097/0.191 secs] [Times: user=0.40 sys=0.00, real=0.19 secs] 
2019-01-25T15:22:24.236+0000: [GC (CMS Final Remark) [YG occupancy: 47469 K (77440 K)]2019-01-25T15:22:24.236+0000: [Rescan (parallel) , 0.0045210 secs]2019-01-25T15:22:24.241+0000: [weak refs processing, 0.0000361 secs]2019-01-25T15:22:24.241+0000: [class unloading, 0.0031450 secs]2019-01-25T15:22:24.244+0000: [scrub symbol table, 0.0036220 secs]2019-01-25T15:22:24.248+0000: [scrub string table, 0.0003490 secs][1 CMS-remark: 71434K(172032K)] 118903K(249472K), 0.0118926 secs] [Times: user=0.02 sys=0.00, real=0.01 secs] 
2019-01-25T15:22:24.248+0000: [CMS-concurrent-sweep-start]
2019-01-25T15:22:24.250+0000: [CMS-concurrent-sweep: 0.002/0.002 secs] [Times: user=0.01 sys=0.00, real=0.00 secs] 
2019-01-25T15:22:24.250+0000: [CMS-concurrent-reset-start]
2019-01-25T15:22:24.262+0000: [CMS-concurrent-reset: 0.011/0.011 secs] [Times: user=0.02 sys=0.00, real=0.01 secs] 
2019-01-25T15:22:24.442+0000: [GC (Allocation Failure) 2019-01-25T15:22:24.442+0000: [ParNew: 73613K->5219K(77440K), 0.0408497 secs] 144991K->92982K(249472K), 0.0409302 secs] [Times: user=0.09 sys=0.01, real=0.04 secs] 
2019-01-25T15:22:25.048+0000: [GC (Allocation Failure) 2019-01-25T15:22:25.048+0000: [ParNew: 74083K->6568K(77440K), 0.0874698 secs] 161846K->127385K(249472K), 0.0875541 secs] [Times: user=0.16 sys=0.01, real=0.09 secs] 
2019-01-25T15:22:25.142+0000: [GC (CMS Initial Mark) [1 CMS-initial-mark: 120817K(172032K)] 128692K(249472K), 0.0034414 secs] [Times: user=0.01 sys=0.00, real=0.00 secs] 
2019-01-25T15:22:25.146+0000: [CMS-concurrent-mark-start]
2019-01-25T15:22:25.244+0000: [CMS-concurrent-mark: 0.083/0.098 secs] [Times: user=0.18 sys=0.00, real=0.10 secs] 
2019-01-25T15:22:25.244+0000: [CMS-concurrent-preclean-start]
2019-01-25T15:22:25.245+0000: [CMS-concurrent-preclean: 0.001/0.001 secs] [Times: user=0.01 sys=0.00, real=0.00 secs] 
2019-01-25T15:22:25.245+0000: [CMS-concurrent-abortable-preclean-start]
2019-01-25T15:22:25.671+0000: [CMS-concurrent-abortable-preclean: 0.138/0.427 secs] [Times: user=0.81 sys=0.02, real=0.42 secs] 
2019-01-25T15:22:25.672+0000: [GC (CMS Final Remark) [YG occupancy: 62199 K (77440 K)]2019-01-25T15:22:25.672+0000: [Rescan (parallel) , 0.0127089 secs]2019-01-25T15:22:25.684+0000: [weak refs processing, 0.0000752 secs]2019-01-25T15:22:25.684+0000: [class unloading, 0.0050062 secs]2019-01-25T15:22:25.689+0000: [scrub symbol table, 0.0053951 secs]2019-01-25T15:22:25.695+0000: [scrub string table, 0.0005163 secs][1 CMS-remark: 120817K(172032K)] 183017K(249472K), 0.0239416 secs] [Times: user=0.03 sys=0.00, real=0.03 secs] 
2019-01-25T15:22:25.696+0000: [CMS-concurrent-sweep-start]
2019-01-25T15:22:25.699+0000: [CMS-concurrent-sweep: 0.003/0.003 secs] [Times: user=0.00 sys=0.00, real=0.00 secs] 
2019-01-25T15:22:25.699+0000: [CMS-concurrent-reset-start]
2019-01-25T15:22:25.711+0000: [CMS-concurrent-reset: 0.012/0.012 secs] [Times: user=0.02 sys=0.00, real=0.01 secs] 
2019-01-25T15:22:25.767+0000: [GC (Allocation Failure) 2019-01-25T15:22:25.767+0000: [ParNew: 75432K->5844K(77440K), 0.0194606 secs] 195920K->127742K(278256K), 0.0195344 secs] [Times: user=0.03 sys=0.00, real=0.02 secs] 
2019-01-25T15:22:26.202+0000: [GC (Allocation Failure) 2019-01-25T15:22:26.202+0000: [ParNew: 74708K->6379K(77440K), 0.0263110 secs] 196606K->129482K(278256K), 0.0263914 secs] [Times: user=0.05 sys=0.01, real=0.03 secs] 
2019-01-25T15:22:26.821+0000: [GC (Allocation Failure) 2019-01-25T15:22:26.821+0000: [ParNew: 75243K->3867K(77440K), 0.0169193 secs] 198346K->128014K(278256K), 0.0169945 secs] [Times: user=0.04 sys=0.00, real=0.02 secs] 
2019-01-25T15:22:27.264+0000: [GC (Allocation Failure) 2019-01-25T15:22:27.264+0000: [ParNew: 72731K->5305K(77440K), 0.0100781 secs] 196878K->129452K(278256K), 0.0101553 secs] [Times: user=0.02 sys=0.00, real=0.01 secs] 
2019-01-25T15:22:27.726+0000: [GC (Allocation Failure) 2019-01-25T15:22:27.726+0000: [ParNew: 74169K->6790K(77440K), 0.0242477 secs] 198316K->131223K(278256K), 0.0243289 secs] [Times: user=0.02 sys=0.00, real=0.02 secs] 
2019-01-25T15:22:28.402+0000: [GC (Allocation Failure) 2019-01-25T15:22:28.402+0000: [ParNew: 75654K->6346K(77440K), 0.0343455 secs] 200087K->133128K(278256K), 0.0344260 secs] [Times: user=0.05 sys=0.00, real=0.03 secs] 
2019-01-25T15:22:28.888+0000: [GC (Allocation Failure) 2019-01-25T15:22:28.888+0000: [ParNew: 75210K->5264K(77440K), 0.0327561 secs] 201992K->135933K(278256K), 0.0328272 secs] [Times: user=0.06 sys=0.00, real=0.03 secs] 
2019-01-25T15:22:29.268+0000: [GC (Allocation Failure) 2019-01-25T15:22:29.268+0000: [ParNew: 74128K->3346K(77440K), 0.0061751 secs] 204797K->134015K(278256K), 0.0062551 secs] [Times: user=0.02 sys=0.00, real=0.01 secs] 
2019-01-25T15:22:30.285+0000: [GC (Allocation Failure) 2019-01-25T15:22:30.285+0000: [ParNew: 72210K->5731K(77440K), 0.0150919 secs] 202879K->136400K(278256K), 0.0151510 secs] [Times: user=0.03 sys=0.00, real=0.01 secs] 
2019-01-25T15:22:30.907+0000: [GC (Allocation Failure) 2019-01-25T15:22:30.907+0000: [ParNew: 74595K->4658K(77440K), 0.0237475 secs] 205264K->138703K(278256K), 0.0238204 secs] [Times: user=0.04 sys=0.00, real=0.02 secs] 
2019-01-25T15:22:30.941+0000: [GC (CMS Initial Mark) [1 CMS-initial-mark: 134045K(200816K)] 140153K(278256K), 0.0035896 secs] [Times: user=0.01 sys=0.00, real=0.01 secs] 
2019-01-25T15:22:30.945+0000: [CMS-concurrent-mark-start]
2019-01-25T15:22:31.158+0000: [CMS-concurrent-mark: 0.191/0.213 secs] [Times: user=0.39 sys=0.01, real=0.21 secs] 
2019-01-25T15:22:31.158+0000: [CMS-concurrent-preclean-start]
2019-01-25T15:22:31.168+0000: [CMS-concurrent-preclean: 0.010/0.010 secs] [Times: user=0.02 sys=0.00, real=0.01 secs] 
2019-01-25T15:22:31.168+0000: [CMS-concurrent-abortable-preclean-start]
2019-01-25T15:22:31.511+0000: [GC (Allocation Failure) 2019-01-25T15:22:31.511+0000: [ParNew2019-01-25T15:22:31.555+0000: [CMS-concurrent-abortable-preclean: 0.087/0.387 secs] [Times: user=0.73 sys=0.00, real=0.39 secs] 
: 73522K->4389K(77440K), 0.0557579 secs] 207567K->138434K(278256K), 0.0558407 secs] [Times: user=0.05 sys=0.00, real=0.06 secs] 
2019-01-25T15:22:31.581+0000: [GC (CMS Final Remark) [YG occupancy: 7185 K (77440 K)]2019-01-25T15:22:31.581+0000: [Rescan (parallel) , 0.0095179 secs]2019-01-25T15:22:31.590+0000: [weak refs processing, 0.0001469 secs]2019-01-25T15:22:31.590+0000: [class unloading, 0.0178335 secs]2019-01-25T15:22:31.608+0000: [scrub symbol table, 0.0093172 secs]2019-01-25T15:22:31.618+0000: [scrub string table, 0.0008107 secs][1 CMS-remark: 134045K(200816K)] 141230K(278256K), 0.0381867 secs] [Times: user=0.06 sys=0.00, real=0.04 secs] 
2019-01-25T15:22:31.626+0000: [CMS-concurrent-sweep-start]
2019-01-25T15:22:31.649+0000: [CMS-concurrent-sweep: 0.022/0.023 secs] [Times: user=0.06 sys=0.00, real=0.02 secs] 
2019-01-25T15:22:31.650+0000: [CMS-concurrent-reset-start]
2019-01-25T15:22:31.689+0000: [CMS-concurrent-reset: 0.017/0.039 secs] [Times: user=0.07 sys=0.00, real=0.04 secs] 
2019-01-25T15:22:31.943+0000: [GC (Allocation Failure) 2019-01-25T15:22:31.943+0000: [ParNew: 73253K->8576K(77440K), 0.0299964 secs] 206118K->141441K(298884K), 0.0300873 secs] [Times: user=0.05 sys=0.00, real=0.02 secs] 
2019-01-25T15:22:32.192+0000: [GC (Allocation Failure) 2019-01-25T15:22:32.192+0000: [ParNew: 77440K->8576K(77440K), 0.0607049 secs] 210305K->146055K(298884K), 0.0607914 secs] [Times: user=0.11 sys=0.00, real=0.06 secs] 
2019-01-25T15:22:32.453+0000: [GC (Allocation Failure) 2019-01-25T15:22:32.453+0000: [ParNew: 77440K->8030K(77440K), 0.0718630 secs] 214919K->152895K(298884K), 0.0719586 secs] [Times: user=0.13 sys=0.00, real=0.08 secs] 
2019-01-25T15:22:32.690+0000: [GC (Allocation Failure) 2019-01-25T15:22:32.690+0000: [ParNew: 76894K->6152K(77440K), 0.0666764 secs] 221759K->155438K(298884K), 0.0667519 secs] [Times: user=0.08 sys=0.01, real=0.07 secs] 
2019-01-25T15:22:32.873+0000: [GC (Allocation Failure) 2019-01-25T15:22:32.873+0000: [ParNew: 75016K->8056K(77440K), 0.0529725 secs] 224302K->157343K(298884K), 0.0530436 secs] [Times: user=0.06 sys=0.00, real=0.06 secs] 
2019-01-25T15:22:33.039+0000: [GC (Allocation Failure) 2019-01-25T15:22:33.039+0000: [ParNew: 76920K->8576K(77440K), 0.0844927 secs] 226207K->162380K(298884K), 0.0845645 secs] [Times: user=0.11 sys=0.00, real=0.09 secs] 
2019-01-25T15:22:33.218+0000: [GC (Allocation Failure) 2019-01-25T15:22:33.218+0000: [ParNew: 77440K->5027K(77440K), 0.0691378 secs] 231244K->166205K(298884K), 0.0692096 secs] [Times: user=0.13 sys=0.00, real=0.07 secs] 
2019-01-25T15:22:33.313+0000: [GC (CMS Initial Mark) [1 CMS-initial-mark: 161178K(221444K)] 180957K(298884K), 0.0169252 secs] [Times: user=0.02 sys=0.00, real=0.02 secs] 
2019-01-25T15:22:33.338+0000: [CMS-concurrent-mark-start]
2019-01-25T15:22:33.400+0000: [GC (Allocation Failure) 2019-01-25T15:22:33.400+0000: [ParNew: 73891K->7501K(77440K), 0.0255571 secs] 235069K->168680K(298884K), 0.0256166 secs] [Times: user=0.07 sys=0.00, real=0.03 secs] 
2019-01-25T15:22:33.519+0000: [GC (Allocation Failure) 2019-01-25T15:22:33.519+0000: [ParNew: 76365K->5209K(77440K), 0.0452344 secs] 237544K->173251K(298884K), 0.0453088 secs] [Times: user=0.10 sys=0.01, real=0.05 secs] 
2019-01-25T15:22:33.681+0000: [CMS-concurrent-mark: 0.264/0.343 secs] [Times: user=0.82 sys=0.03, real=0.34 secs] 
2019-01-25T15:22:33.682+0000: [GC (Allocation Failure) 2019-01-25T15:22:33.682+0000: [ParNew: 74073K->6580K(77440K), 0.0487937 secs] 242115K->174622K(298884K), 0.0488511 secs] [Times: user=0.07 sys=0.00, real=0.05 secs] 
2019-01-25T15:22:33.734+0000: [CMS-concurrent-preclean-start]
2019-01-25T15:22:33.792+0000: [CMS-concurrent-preclean: 0.055/0.059 secs] [Times: user=0.09 sys=0.00, real=0.06 secs] 
2019-01-25T15:22:33.792+0000: [CMS-concurrent-abortable-preclean-start]
2019-01-25T15:22:33.891+0000: [GC (Allocation Failure) 2019-01-25T15:22:33.891+0000: [ParNew: 75223K->8576K(77440K), 0.0805002 secs] 243266K->179838K(298884K), 0.0805814 secs] [Times: user=0.12 sys=0.00, real=0.08 secs] 
2019-01-25T15:22:34.097+0000: [CMS-concurrent-abortable-preclean: 0.203/0.304 secs] [Times: user=0.53 sys=0.02, real=0.31 secs] 
2019-01-25T15:22:34.110+0000: [GC (CMS Final Remark) [YG occupancy: 76833 K (77440 K)]2019-01-25T15:22:34.111+0000: [Rescan (parallel) , 0.0700381 secs]2019-01-25T15:22:34.181+0000: [weak refs processing, 0.0002626 secs]2019-01-25T15:22:34.181+0000: [class unloading, 0.0125621 secs]2019-01-25T15:22:34.193+0000: [scrub symbol table, 0.0092574 secs]2019-01-25T15:22:34.203+0000: [scrub string table, 0.0007802 secs][1 CMS-remark: 171262K(221444K)] 248095K(298884K), 0.0931352 secs] [Times: user=0.20 sys=0.00, real=0.10 secs] 
2019-01-25T15:22:34.206+0000: [CMS-concurrent-sweep-start]
2019-01-25T15:22:34.206+0000: [GC (Allocation Failure) 2019-01-25T15:22:34.206+0000: [ParNew: 77440K->8576K(77440K), 0.0903870 secs] 248702K->188167K(298884K), 0.0904481 secs] [Times: user=0.23 sys=0.01, real=0.09 secs] 
2019-01-25T15:22:34.406+0000: [CMS-concurrent-sweep: 0.201/0.201 secs] [Times: user=0.40 sys=0.01, real=0.20 secs] 
2019-01-25T15:22:34.407+0000: [CMS-concurrent-reset-start]
2019-01-25T15:22:34.419+0000: [CMS-concurrent-reset: 0.012/0.012 secs] [Times: user=0.03 sys=0.00, real=0.01 secs] 
2019-01-25T15:22:34.495+0000: [GC (Allocation Failure) 2019-01-25T15:22:34.495+0000: [ParNew: 77440K->8576K(77440K), 0.1009036 secs] 253594K->188229K(371032K), 0.1009831 secs] [Times: user=0.15 sys=0.00, real=0.10 secs] 
2019-01-25T15:22:34.692+0000: [GC (Allocation Failure) 2019-01-25T15:22:34.692+0000: [ParNew: 77440K->7170K(77440K), 0.0364484 secs] 257093K->190737K(371032K), 0.0365205 secs] [Times: user=0.09 sys=0.00, real=0.04 secs] 
2019-01-25T15:22:34.816+0000: [GC (Allocation Failure) 2019-01-25T15:22:34.816+0000: [ParNew: 76034K->8576K(77440K), 0.0374973 secs] 259601K->194702K(371032K), 0.0375614 secs] [Times: user=0.09 sys=0.00, real=0.03 secs] 
2019-01-25T15:22:34.947+0000: [GC (Allocation Failure) 2019-01-25T15:22:34.947+0000: [ParNew: 77440K->8576K(77440K), 0.0744385 secs] 263566K->197301K(371032K), 0.0745105 secs] [Times: user=0.12 sys=0.01, real=0.07 secs] 
2019-01-25T15:22:35.126+0000: [GC (Allocation Failure) 2019-01-25T15:22:35.127+0000: [ParNew: 77440K->7139K(77440K), 0.0530952 secs] 266165K->203022K(371032K), 0.0531844 secs] [Times: user=0.10 sys=0.00, real=0.05 secs] 
2019-01-25T15:22:35.302+0000: [GC (Allocation Failure) 2019-01-25T15:22:35.302+0000: [ParNew: 76003K->8576K(77440K), 0.0600919 secs] 271886K->207006K(371032K), 0.0601693 secs] [Times: user=0.09 sys=0.00, real=0.06 secs] 
2019-01-25T15:22:35.474+0000: [GC (Allocation Failure) 2019-01-25T15:22:35.474+0000: [ParNew: 77440K->8576K(77440K), 0.0376784 secs] 275870K->209065K(371032K), 0.0377371 secs] [Times: user=0.09 sys=0.01, real=0.03 secs] 
2019-01-25T15:22:35.618+0000: [GC (Allocation Failure) 2019-01-25T15:22:35.619+0000: [ParNew: 77440K->7242K(77440K), 0.0318778 secs] 277929K->210786K(371032K), 0.0319651 secs] [Times: user=0.09 sys=0.00, real=0.03 secs] 
2019-01-25T15:22:35.763+0000: [GC (Allocation Failure) 2019-01-25T15:22:35.763+0000: [ParNew: 76106K->6877K(77440K), 0.0685412 secs] 279650K->213298K(371032K), 0.0686049 secs] [Times: user=0.08 sys=0.01, real=0.06 secs] 
2019-01-25T15:22:35.848+0000: [GC (CMS Initial Mark) [1 CMS-initial-mark: 206420K(293592K)] 222264K(371032K), 0.0066326 secs] [Times: user=0.01 sys=0.00, real=0.01 secs] 
2019-01-25T15:22:35.855+0000: [CMS-concurrent-mark-start]
2019-01-25T15:22:35.974+0000: [GC (Allocation Failure) 2019-01-25T15:22:35.974+0000: [ParNew: 75741K->8131K(77440K), 0.0487326 secs] 282162K->216980K(371032K), 0.0488176 secs] [Times: user=0.10 sys=0.00, real=0.05 secs] 
2019-01-25T15:22:36.092+0000: [GC (Allocation Failure) 2019-01-25T15:22:36.092+0000: [ParNew: 76995K->8576K(77440K), 0.0674224 secs] 285844K->220228K(371032K), 0.0675092 secs] [Times: user=0.13 sys=0.00, real=0.07 secs] 
2019-01-25T15:22:36.297+0000: [GC (Allocation Failure) 2019-01-25T15:22:36.297+0000: [ParNew: 77440K->8576K(77440K), 0.0594429 secs] 289092K->228764K(371032K), 0.0595238 secs] [Times: user=0.15 sys=0.00, real=0.06 secs] 
2019-01-25T15:22:36.479+0000: [GC (Allocation Failure) 2019-01-25T15:22:36.479+0000: [ParNew: 77440K->4634K(77440K), 0.0663053 secs] 297628K->233366K(371032K), 0.0663961 secs] [Times: user=0.12 sys=0.00, real=0.07 secs] 
2019-01-25T15:22:36.607+0000: [CMS-concurrent-mark: 0.485/0.752 secs] [Times: user=1.63 sys=0.05, real=0.75 secs] 
2019-01-25T15:22:36.607+0000: [CMS-concurrent-preclean-start]
2019-01-25T15:22:36.660+0000: [GC (Allocation Failure) 2019-01-25T15:22:36.661+0000: [ParNew: 73498K->8576K(77440K), 0.0825535 secs] 302230K->242320K(371032K), 0.0826392 secs] [Times: user=0.18 sys=0.00, real=0.09 secs] 
2019-01-25T15:22:36.844+0000: [GC (Allocation Failure) 2019-01-25T15:22:36.844+0000: [ParNew: 77440K->4226K(77440K), 0.0622632 secs] 311184K->246478K(371032K), 0.0623430 secs] [Times: user=0.11 sys=0.00, real=0.06 secs] 
2019-01-25T15:22:37.026+0000: [GC (Allocation Failure) 2019-01-25T15:22:37.026+0000: [ParNew: 73090K->5999K(77440K), 0.0558911 secs] 315342K->248251K(371032K), 0.0559767 secs] [Times: user=0.07 sys=0.00, real=0.06 secs] 
2019-01-25T15:22:37.084+0000: [CMS-concurrent-preclean: 0.251/0.477 secs] [Times: user=0.90 sys=0.03, real=0.48 secs] 
2019-01-25T15:22:37.086+0000: [GC (CMS Final Remark) [YG occupancy: 10287 K (77440 K)]2019-01-25T15:22:37.086+0000: [Rescan (parallel) , 0.0225322 secs]2019-01-25T15:22:37.109+0000: [weak refs processing, 0.0000287 secs]2019-01-25T15:22:37.109+0000: [class unloading, 0.0095076 secs]2019-01-25T15:22:37.118+0000: [scrub symbol table, 0.0092605 secs]2019-01-25T15:22:37.127+0000: [scrub string table, 0.0007911 secs][1 CMS-remark: 242252K(293592K)] 252540K(371032K), 0.0422369 secs] [Times: user=0.07 sys=0.00, real=0.04 secs] 
2019-01-25T15:22:37.128+0000: [CMS-concurrent-sweep-start]
2019-01-25T15:22:37.217+0000: [CMS-concurrent-sweep: 0.089/0.089 secs] [Times: user=0.22 sys=0.01, real=0.09 secs] 
2019-01-25T15:22:37.218+0000: [CMS-concurrent-reset-start]
2019-01-25T15:22:37.238+0000: [GC (Allocation Failure) 2019-01-25T15:22:37.239+0000: [ParNew: 74863K->8431K(77440K), 0.0520727 secs] 311306K->247340K(471516K), 0.0521506 secs] [Times: user=0.11 sys=0.00, real=0.05 secs] 
2019-01-25T15:22:37.293+0000: [CMS-concurrent-reset: 0.018/0.075 secs] [Times: user=0.16 sys=0.00, real=0.07 secs] 
2019-01-25T15:22:37.374+0000: [GC (Allocation Failure) 2019-01-25T15:22:37.374+0000: [ParNew: 77295K->8576K(77440K), 0.0781123 secs] 316204K->249922K(471516K), 0.0781951 secs] [Times: user=0.14 sys=0.00, real=0.08 secs] 
2019-01-25T15:22:37.540+0000: [GC (Allocation Failure) 2019-01-25T15:22:37.540+0000: [ParNew: 77440K->7838K(77440K), 0.0932433 secs] 318786K->257799K(471516K), 0.0933179 secs] [Times: user=0.16 sys=0.01, real=0.09 secs] 
2019-01-25T15:22:37.756+0000: [GC (Allocation Failure) 2019-01-25T15:22:37.756+0000: [ParNew: 76702K->8576K(77440K), 0.0444197 secs] 326663K->258537K(471516K), 0.0445247 secs] [Times: user=0.09 sys=0.01, real=0.04 secs] 
2019-01-25T15:22:37.905+0000: [GC (Allocation Failure) 2019-01-25T15:22:37.905+0000: [ParNew: 77440K->8576K(77440K), 0.1039869 secs] 327401K->270467K(471516K), 0.1040905 secs] [Times: user=0.15 sys=0.01, real=0.10 secs] 
2019-01-25T15:22:38.154+0000: [GC (Allocation Failure) 2019-01-25T15:22:38.154+0000: [ParNew: 77432K->8576K(77440K), 0.0956238 secs] 339324K->274660K(471516K), 0.0956933 secs] [Times: user=0.20 sys=0.00, real=0.09 secs] 
2019-01-25T15:22:38.370+0000: [GC (Allocation Failure) 2019-01-25T15:22:38.370+0000: [ParNew: 77440K->8576K(77440K), 0.0747781 secs] 343524K->278681K(471516K), 0.0748502 secs] [Times: user=0.15 sys=0.00, real=0.08 secs] 
2019-01-25T15:22:38.553+0000: [GC (Allocation Failure) 2019-01-25T15:22:38.553+0000: [ParNew: 77440K->8034K(77440K), 0.1084318 secs] 347545K->290393K(471516K), 0.1085196 secs] [Times: user=0.22 sys=0.00, real=0.11 secs] 
2019-01-25T15:22:38.695+0000: [GC (CMS Initial Mark) [1 CMS-initial-mark: 282359K(394076K)] 304566K(471516K), 0.0203519 secs] [Times: user=0.02 sys=0.01, real=0.02 secs] 
2019-01-25T15:22:38.715+0000: [CMS-concurrent-mark-start]
2019-01-25T15:22:38.810+0000: [GC (Allocation Failure) 2019-01-25T15:22:38.810+0000: [ParNew: 76898K->8576K(77440K), 0.0559643 secs] 359257K->290953K(471516K), 0.0560504 secs] [Times: user=0.10 sys=0.00, real=0.06 secs] 
2019-01-25T15:22:38.984+0000: [GC (Allocation Failure) 2019-01-25T15:22:38.984+0000: [ParNew: 77440K->8576K(77440K), 0.1276256 secs] 359817K->295045K(471516K), 0.1276974 secs] [Times: user=0.22 sys=0.00, real=0.12 secs] 
2019-01-25T15:22:39.223+0000: [GC (Allocation Failure) 2019-01-25T15:22:39.223+0000: [ParNew: 77440K->8576K(77440K), 0.0609998 secs] 363909K->299871K(471516K), 0.0610818 secs] [Times: user=0.15 sys=0.01, real=0.06 secs] 
2019-01-25T15:22:39.380+0000: [GC (Allocation Failure) 2019-01-25T15:22:39.380+0000: [ParNew: 77440K->7397K(77440K), 0.0727380 secs] 368735K->306065K(471516K), 0.0728258 secs] [Times: user=0.16 sys=0.01, real=0.07 secs] 
2019-01-25T15:22:39.561+0000: [GC (Allocation Failure) 2019-01-25T15:22:39.561+0000: [ParNew: 76261K->8576K(77440K), 0.0650855 secs] 374929K->307595K(471516K), 0.0651731 secs] [Times: user=0.12 sys=0.00, real=0.07 secs] 
2019-01-25T15:22:39.746+0000: [GC (Allocation Failure) 2019-01-25T15:22:39.746+0000: [ParNew: 77440K->7243K(77440K), 0.1230783 secs] 376459K->314793K(471516K), 0.1231675 secs] [Times: user=0.22 sys=0.01, real=0.12 secs] 
2019-01-25T15:22:39.958+0000: [GC (Allocation Failure) 2019-01-25T15:22:39.958+0000: [ParNew: 76107K->6687K(77440K), 0.0784759 secs] 383657K->318890K(471516K), 0.0785572 secs] [Times: user=0.14 sys=0.01, real=0.08 secs] 
2019-01-25T15:22:40.132+0000: [GC (Allocation Failure) 2019-01-25T15:22:40.132+0000: [ParNew: 75551K->7474K(77440K), 0.1197255 secs] 387754K->324501K(471516K), 0.1197892 secs] [Times: user=0.15 sys=0.00, real=0.12 secs] 
2019-01-25T15:22:40.352+0000: [GC (Allocation Failure) 2019-01-25T15:22:40.352+0000: [ParNew: 76338K->5061K(77440K), 0.0997081 secs] 393365K->342747K(471516K), 0.0997918 secs] [Times: user=0.19 sys=0.01, real=0.10 secs] 
2019-01-25T15:22:40.601+0000: [GC (Allocation Failure) 2019-01-25T15:22:40.601+0000: [ParNew: 73925K->8275K(77440K), 0.0475923 secs] 411611K->345961K(471516K), 0.0476948 secs] [Times: user=0.11 sys=0.00, real=0.05 secs] 
2019-01-25T15:22:40.809+0000: [GC (Allocation Failure) 2019-01-25T15:22:40.809+0000: [ParNew: 77139K->8576K(77440K), 0.0916921 secs] 414825K->350027K(471516K), 0.0917514 secs] [Times: user=0.16 sys=0.00, real=0.09 secs] 
2019-01-25T15:22:40.949+0000: [CMS-concurrent-mark: 1.271/2.234 secs] [Times: user=4.54 sys=0.10, real=2.23 secs] 
2019-01-25T15:22:40.949+0000: [CMS-concurrent-preclean-start]
2019-01-25T15:22:41.014+0000: [GC (Allocation Failure) 2019-01-25T15:22:41.014+0000: [ParNew: 77440K->8576K(77440K), 0.0778846 secs] 418891K->354376K(471516K), 0.0779535 secs] [Times: user=0.18 sys=0.00, real=0.08 secs] 
2019-01-25T15:22:41.194+0000: [GC (Allocation Failure) 2019-01-25T15:22:41.194+0000: [ParNew: 77440K->8576K(77440K), 0.1026193 secs] 423240K->366824K(471516K), 0.1026928 secs] [Times: user=0.18 sys=0.01, real=0.10 secs] 
2019-01-25T15:22:41.445+0000: [GC (Allocation Failure) 2019-01-25T15:22:41.445+0000: [ParNew: 77440K->8576K(77440K), 0.1228702 secs] 435688K->379257K(471516K), 0.1229431 secs] [Times: user=0.19 sys=0.01, real=0.12 secs] 
2019-01-25T15:22:41.686+0000: [GC (Allocation Failure) 2019-01-25T15:22:41.687+0000: [ParNew: 77440K->8576K(77440K), 0.1218101 secs] 448121K->384324K(471516K), 0.1219029 secs] [Times: user=0.24 sys=0.01, real=0.12 secs] 
2019-01-25T15:22:41.809+0000: [CMS-concurrent-preclean: 0.386/0.860 secs] [Times: user=1.75 sys=0.06, real=0.86 secs] 
2019-01-25T15:22:41.815+0000: [GC (CMS Final Remark) [YG occupancy: 15926 K (77440 K)]2019-01-25T15:22:41.815+0000: [Rescan (parallel) , 0.0705001 secs]2019-01-25T15:22:41.885+0000: [weak refs processing, 0.0000566 secs]2019-01-25T15:22:41.885+0000: [class unloading, 0.0097737 secs]2019-01-25T15:22:41.895+0000: [scrub symbol table, 0.0203408 secs]2019-01-25T15:22:41.915+0000: [scrub string table, 0.0008747 secs][1 CMS-remark: 375748K(394076K)] 391674K(471516K), 0.1017002 secs] [Times: user=0.17 sys=0.00, real=0.10 secs] 
2019-01-25T15:22:41.939+0000: [CMS-concurrent-sweep-start]
2019-01-25T15:22:42.016+0000: [GC (Allocation Failure) 2019-01-25T15:22:42.016+0000: [ParNew: 77440K->8367K(77440K), 0.1115251 secs] 453006K->392733K(471516K), 0.1116106 secs] [Times: user=0.21 sys=0.00, real=0.11 secs] 
2019-01-25T15:22:42.220+0000: [GC (Allocation Failure) 2019-01-25T15:22:42.220+0000: [ParNew: 77231K->8576K(77440K), 0.0986646 secs] 450295K->381913K(471516K), 0.0987474 secs] [Times: user=0.15 sys=0.00, real=0.10 secs] 
2019-01-25T15:22:42.455+0000: [GC (Allocation Failure) 2019-01-25T15:22:42.455+0000: [ParNew: 77440K->7341K(77440K), 0.1226072 secs] 448708K->387185K(471516K), 0.1226949 secs] [Times: user=0.19 sys=0.00, real=0.12 secs] 
2019-01-25T15:22:42.650+0000: [CMS-concurrent-sweep: 0.366/0.711 secs] [Times: user=1.46 sys=0.04, real=0.71 secs] 
2019-01-25T15:22:42.651+0000: [CMS-concurrent-reset-start]
2019-01-25T15:22:42.662+0000: [CMS-concurrent-reset: 0.011/0.011 secs] [Times: user=0.04 sys=0.00, real=0.02 secs] 
2019-01-25T15:22:42.678+0000: [GC (Allocation Failure) 2019-01-25T15:22:42.678+0000: [ParNew: 76205K->8576K(77440K), 0.1001736 secs] 456049K->388973K(710516K), 0.1002435 secs] [Times: user=0.18 sys=0.00, real=0.10 secs] 
2019-01-25T15:22:42.871+0000: [GC (Allocation Failure) 2019-01-25T15:22:42.871+0000: [ParNew: 77440K->8576K(77440K), 0.0827443 secs] 457837K->397601K(710516K), 0.0828186 secs] [Times: user=0.17 sys=0.01, real=0.08 secs] 
2019-01-25T15:22:43.058+0000: [GC (Allocation Failure) 2019-01-25T15:22:43.058+0000: [ParNew: 77440K->8576K(77440K), 0.1057404 secs] 466465K->414045K(710516K), 0.1058071 secs] [Times: user=0.18 sys=0.01, real=0.11 secs] 
2019-01-25T15:22:43.306+0000: [GC (Allocation Failure) 2019-01-25T15:22:43.306+0000: [ParNew: 77440K->8576K(77440K), 0.0865834 secs] 482909K->417968K(710516K), 0.0866589 secs] [Times: user=0.18 sys=0.00, real=0.08 secs] 
2019-01-25T15:22:43.466+0000: [GC (Allocation Failure) 2019-01-25T15:22:43.466+0000: [ParNew: 77440K->8576K(77440K), 0.0931327 secs] 486832K->421320K(710516K), 0.0932030 secs] [Times: user=0.14 sys=0.00, real=0.09 secs] 
2019-01-25T15:22:43.647+0000: [GC (Allocation Failure) 2019-01-25T15:22:43.647+0000: [ParNew: 77440K->8341K(77440K), 0.0932094 secs] 490184K->424820K(710516K), 0.0932837 secs] [Times: user=0.14 sys=0.00, real=0.09 secs] 
2019-01-25T15:22:43.810+0000: [GC (Allocation Failure) 2019-01-25T15:22:43.810+0000: [ParNew: 77205K->6867K(77440K), 0.0965710 secs] 493684K->426113K(710516K), 0.0966255 secs] [Times: user=0.17 sys=0.00, real=0.10 secs] 
2019-01-25T15:22:43.994+0000: [GC (Allocation Failure) 2019-01-25T15:22:43.994+0000: [ParNew: 75731K->7991K(77440K), 0.0587209 secs] 494977K->429486K(710516K), 0.0588009 secs] [Times: user=0.13 sys=0.00, real=0.05 secs] 
2019-01-25T15:22:44.166+0000: [GC (Allocation Failure) 2019-01-25T15:22:44.166+0000: [ParNew: 76855K->8576K(77440K), 0.0857530 secs] 498350K->433045K(710516K), 0.0858344 secs] [Times: user=0.17 sys=0.00, real=0.08 secs] 
2019-01-25T15:22:44.346+0000: [GC (Allocation Failure) 2019-01-25T15:22:44.346+0000: [ParNew: 77440K->8576K(77440K), 0.0894974 secs] 501909K->437055K(710516K), 0.0895811 secs] [Times: user=0.18 sys=0.00, real=0.09 secs] 
2019-01-25T15:22:44.510+0000: [GC (Allocation Failure) 2019-01-25T15:22:44.510+0000: [ParNew: 77440K->7556K(77440K), 0.0989381 secs] 505919K->443682K(710516K), 0.0990065 secs] [Times: user=0.19 sys=0.01, real=0.10 secs] 
2019-01-25T15:22:44.709+0000: [GC (Allocation Failure) 2019-01-25T15:22:44.709+0000: [ParNew: 76420K->5557K(77440K), 0.0708244 secs] 512546K->446475K(710516K), 0.0709036 secs] [Times: user=0.17 sys=0.00, real=0.07 secs] 
2019-01-25T15:22:44.886+0000: [GC (Allocation Failure) 2019-01-25T15:22:44.886+0000: [ParNew: 74410K->6192K(77440K), 0.0879163 secs] 515328K->451812K(710516K), 0.0879886 secs] [Times: user=0.15 sys=0.02, real=0.09 secs] 
2019-01-25T15:22:45.005+0000: [GC (CMS Initial Mark) [1 CMS-initial-mark: 445620K(633076K)] 468728K(710516K), 0.0214695 secs] [Times: user=0.03 sys=0.00, real=0.02 secs] 
2019-01-25T15:22:45.026+0000: [CMS-concurrent-mark-start]
2019-01-25T15:22:45.110+0000: [GC (Allocation Failure) 2019-01-25T15:22:45.110+0000: [ParNew: 75056K->8576K(77440K), 0.0727156 secs] 520676K->454461K(710516K), 0.0727961 secs] [Times: user=0.13 sys=0.00, real=0.08 secs] 
2019-01-25T15:22:45.263+0000: [GC (Allocation Failure) 2019-01-25T15:22:45.263+0000: [ParNew: 77440K->8576K(77440K), 0.0776205 secs] 523325K->459233K(710516K), 0.0776894 secs] [Times: user=0.19 sys=0.00, real=0.07 secs] 
2019-01-25T15:22:45.466+0000: [GC (Allocation Failure) 2019-01-25T15:22:45.466+0000: [ParNew: 77440K->8576K(77440K), 0.1217228 secs] 528097K->463799K(710516K), 0.1218099 secs] [Times: user=0.22 sys=0.01, real=0.12 secs] 
2019-01-25T15:22:45.662+0000: [GC (Allocation Failure) 2019-01-25T15:22:45.662+0000: [ParNew: 77440K->7946K(77440K), 0.1508780 secs] 532663K->471272K(710516K), 0.1509512 secs] [Times: user=0.23 sys=0.01, real=0.14 secs] 
2019-01-25T15:22:45.905+0000: [GC (Allocation Failure) 2019-01-25T15:22:45.905+0000: [ParNew: 76810K->7447K(77440K), 0.1211284 secs] 540136K->475323K(710516K), 0.1212382 secs] [Times: user=0.19 sys=0.00, real=0.12 secs] 
2019-01-25T15:22:46.140+0000: [GC (Allocation Failure) 2019-01-25T15:22:46.140+0000: [ParNew: 76311K->5212K(77440K), 0.1048224 secs] 544187K->477506K(710516K), 0.1048839 secs] [Times: user=0.15 sys=0.01, real=0.11 secs] 
2019-01-25T15:22:46.350+0000: [GC (Allocation Failure) 2019-01-25T15:22:46.350+0000: [ParNew: 74076K->8576K(77440K), 0.1239101 secs] 546370K->497338K(710516K), 0.1239855 secs] [Times: user=0.21 sys=0.00, real=0.13 secs] 
2019-01-25T15:22:46.650+0000: [GC (Allocation Failure) 2019-01-25T15:22:46.650+0000: [ParNew: 77440K->8576K(77440K), 0.1015232 secs] 566202K->501783K(710516K), 0.1015959 secs] [Times: user=0.21 sys=0.01, real=0.10 secs] 
2019-01-25T15:22:46.871+0000: [GC (Allocation Failure) 2019-01-25T15:22:46.871+0000: [ParNew: 77440K->7729K(77440K), 0.1465433 secs] 570647K->509007K(710516K), 0.1466293 secs] [Times: user=0.27 sys=0.00, real=0.15 secs] 
2019-01-25T15:22:47.115+0000: [GC (Allocation Failure) 2019-01-25T15:22:47.115+0000: [ParNew: 76593K->5421K(77440K), 0.1209481 secs] 577871K->511222K(710516K), 0.1210335 secs] [Times: user=0.17 sys=0.01, real=0.12 secs] 
2019-01-25T15:22:47.319+0000: [GC (Allocation Failure) 2019-01-25T15:22:47.319+0000: [ParNew: 74285K->8576K(77440K), 0.0621337 secs] 580086K->514725K(710516K), 0.0621966 secs] [Times: user=0.12 sys=0.00, real=0.06 secs] 
2019-01-25T15:22:47.494+0000: [GC (Allocation Failure) 2019-01-25T15:22:47.494+0000: [ParNew: 77440K->8576K(77440K), 0.0977971 secs] 583589K->518494K(710516K), 0.0978781 secs] [Times: user=0.22 sys=0.01, real=0.09 secs] 
2019-01-25T15:22:47.722+0000: [GC (Allocation Failure) 2019-01-25T15:22:47.723+0000: [ParNew: 77440K->8576K(77440K), 0.0900901 secs] 587358K->522285K(710516K), 0.0901959 secs] [Times: user=0.20 sys=0.00, real=0.08 secs] 
2019-01-25T15:22:47.924+0000: [GC (Allocation Failure) 2019-01-25T15:22:47.924+0000: [ParNew: 77440K->7298K(77440K), 0.0959621 secs] 591149K->528475K(710516K), 0.0960509 secs] [Times: user=0.19 sys=0.00, real=0.09 secs] 
2019-01-25T15:22:48.116+0000: [GC (Allocation Failure) 2019-01-25T15:22:48.116+0000: [ParNew: 76162K->6701K(77440K), 0.0777003 secs] 597339K->532497K(710516K), 0.0777987 secs] [Times: user=0.17 sys=0.00, real=0.07 secs] 
2019-01-25T15:22:48.320+0000: [GC (Allocation Failure) 2019-01-25T15:22:48.320+0000: [ParNew: 75565K->6441K(77440K), 0.0839321 secs] 601361K->537223K(710516K), 0.0840176 secs] [Times: user=0.18 sys=0.01, real=0.09 secs] 
2019-01-25T15:22:48.497+0000: [GC (Allocation Failure) 2019-01-25T15:22:48.497+0000: [ParNew: 75305K->8576K(77440K), 0.0818985 secs] 606087K->539495K(710516K), 0.0819833 secs] [Times: user=0.17 sys=0.00, real=0.08 secs] 
2019-01-25T15:22:48.646+0000: [GC (Allocation Failure) 2019-01-25T15:22:48.646+0000: [ParNew: 77440K->8021K(77440K), 0.1401676 secs] 608359K->575650K(710516K), 0.1402849 secs] [Times: user=0.31 sys=0.03, real=0.14 secs] 
2019-01-25T15:22:48.934+0000: [GC (Allocation Failure) 2019-01-25T15:22:48.934+0000: [ParNew: 76885K->8576K(77440K), 0.0708561 secs] 644514K->576204K(710516K), 0.0709493 secs] [Times: user=0.18 sys=0.01, real=0.08 secs] 
2019-01-25T15:22:49.189+0000: [GC (Allocation Failure) 2019-01-25T15:22:49.189+0000: [ParNew: 77440K->8141K(77440K), 0.1069261 secs] 645068K->579912K(710516K), 0.1070070 secs] [Times: user=0.22 sys=0.00, real=0.11 secs] 
2019-01-25T15:22:49.382+0000: [GC (Allocation Failure) 2019-01-25T15:22:49.382+0000: [ParNew: 77005K->8576K(77440K), 0.1060381 secs] 648776K->583747K(710516K), 0.1061115 secs] [Times: user=0.19 sys=0.00, real=0.10 secs] 
2019-01-25T15:22:49.594+0000: [GC (Allocation Failure) 2019-01-25T15:22:49.594+0000: [ParNew: 77440K->6863K(77440K), 0.1136938 secs] 652611K->589034K(710516K), 0.1137655 secs] [Times: user=0.21 sys=0.01, real=0.11 secs] 
2019-01-25T15:22:49.884+0000: [GC (Allocation Failure) 2019-01-25T15:22:49.884+0000: [ParNew: 75727K->6840K(77440K), 0.0659523 secs] 657898K->589011K(710516K), 0.0660342 secs] [Times: user=0.13 sys=0.00, real=0.06 secs] 
2019-01-25T15:22:50.059+0000: [GC (Allocation Failure) 2019-01-25T15:22:50.059+0000: [ParNew: 75704K->6596K(77440K), 0.0926340 secs] 657875K->592247K(710516K), 0.0927203 secs] [Times: user=0.18 sys=0.00, real=0.09 secs] 
2019-01-25T15:22:50.251+0000: [CMS-concurrent-mark: 2.693/5.224 secs] [Times: user=10.43 sys=0.26, real=5.22 secs] 
2019-01-25T15:22:50.251+0000: [GC (Allocation Failure) 2019-01-25T15:22:50.251+0000: [ParNew: 75460K->8099K(77440K), 0.1037494 secs] 661111K->596227K(710516K), 0.1038108 secs] [Times: user=0.17 sys=0.01, real=0.11 secs] 
2019-01-25T15:22:50.355+0000: [CMS-concurrent-preclean-start]
2019-01-25T15:22:50.466+0000: [GC (Allocation Failure) 2019-01-25T15:22:50.466+0000: [ParNew: 76963K->8576K(77440K), 0.0794962 secs] 665091K->599909K(710516K), 0.0795740 secs] [Times: user=0.18 sys=0.00, real=0.08 secs] 
2019-01-25T15:22:50.666+0000: [GC (Allocation Failure) 2019-01-25T15:22:50.666+0000: [ParNew: 77440K->8576K(77440K), 0.1171005 secs] 668773K->603035K(710516K), 0.1171763 secs] [Times: user=0.18 sys=0.00, real=0.12 secs] 
2019-01-25T15:22:50.891+0000: [GC (Allocation Failure) 2019-01-25T15:22:50.891+0000: [ParNew: 77440K->8576K(77440K), 0.1304881 secs] 671899K->623407K(710516K), 0.1305849 secs] [Times: user=0.22 sys=0.01, real=0.13 secs] 
2019-01-25T15:22:51.154+0000: [GC (Allocation Failure) 2019-01-25T15:22:51.154+0000: [ParNew: 77440K->8576K(77440K), 0.0892089 secs] 692271K->628129K(710516K), 0.0892883 secs] [Times: user=0.22 sys=0.01, real=0.09 secs] 
2019-01-25T15:22:51.384+0000: [GC (Allocation Failure) 2019-01-25T15:22:51.385+0000: [ParNew: 77440K->7294K(77440K), 0.1598989 secs] 696993K->633995K(710516K), 0.1599679 secs] [Times: user=0.29 sys=0.01, real=0.16 secs] 
2019-01-25T15:22:51.649+0000: [GC (Allocation Failure) 2019-01-25T15:22:51.649+0000: [ParNew: 76158K->8576K(77440K), 0.1194776 secs] 702859K->640477K(710516K), 0.1195445 secs] [Times: user=0.21 sys=0.01, real=0.12 secs] 
2019-01-25T15:22:51.853+0000: [GC (Allocation Failure) 2019-01-25T15:22:51.853+0000: [ParNew: 77440K->5837K(77440K), 0.1197616 secs] 709341K->643503K(715508K), 0.1198300 secs] [Times: user=0.19 sys=0.00, real=0.12 secs] 
2019-01-25T15:22:52.092+0000: [GC (Allocation Failure) 2019-01-25T15:22:52.092+0000: [ParNew: 74701K->8576K(77440K), 0.0988737 secs] 712367K->646420K(715700K), 0.0989560 secs] [Times: user=0.16 sys=0.00, real=0.10 secs] 
2019-01-25T15:22:52.297+0000: [GC (Allocation Failure) 2019-01-25T15:22:52.297+0000: [ParNew: 77440K->8576K(77440K), 0.1408031 secs] 715284K->650413K(719732K), 0.1408910 secs] [Times: user=0.23 sys=0.02, real=0.14 secs] 
2019-01-25T15:22:52.582+0000: [GC (Allocation Failure) 2019-01-25T15:22:52.582+0000: [ParNew: 77440K->8576K(77440K), 0.1457487 secs] 719277K->656188K(725684K), 0.1458303 secs] [Times: user=0.25 sys=0.00, real=0.14 secs] 
2019-01-25T15:22:52.841+0000: [GC (Allocation Failure) 2019-01-25T15:22:52.841+0000: [ParNew: 77440K->8235K(77440K), 0.1505195 secs] 725052K->664244K(733940K), 0.1505934 secs] [Times: user=0.28 sys=0.00, real=0.15 secs] 
2019-01-25T15:22:53.136+0000: [GC (Allocation Failure) 2019-01-25T15:22:53.136+0000: [ParNew: 77099K->5902K(77440K), 0.1010994 secs] 733108K->666938K(738932K), 0.1011780 secs] [Times: user=0.19 sys=0.00, real=0.10 secs] 
2019-01-25T15:22:53.378+0000: [GC (Allocation Failure) 2019-01-25T15:22:53.378+0000: [ParNew: 74766K->6627K(77440K), 0.0845874 secs] 735802K->672699K(744116K), 0.0846498 secs] [Times: user=0.21 sys=0.00, real=0.09 secs] 
2019-01-25T15:22:53.677+0000: [GC (Allocation Failure) 2019-01-25T15:22:53.677+0000: [ParNew: 75491K->4861K(77440K), 0.0815509 secs] 741563K->675511K(748724K), 0.0816270 secs] [Times: user=0.15 sys=0.00, real=0.08 secs] 
2019-01-25T15:22:53.914+0000: [GC (Allocation Failure) 2019-01-25T15:22:53.915+0000: [ParNew: 73725K->6572K(77440K), 0.1345512 secs] 744375K->709990K(781496K), 0.1346375 secs] [Times: user=0.24 sys=0.02, real=0.13 secs] 
2019-01-25T15:22:54.050+0000: [CMS-concurrent-preclean: 1.637/3.695 secs] [Times: user=6.95 sys=0.28, real=3.69 secs] 
2019-01-25T15:22:54.051+0000: [GC (CMS Final Remark) [YG occupancy: 7289 K (77440 K)]2019-01-25T15:22:54.051+0000: [Rescan (parallel) , 0.0995757 secs]2019-01-25T15:22:54.150+0000: [weak refs processing, 0.0000459 secs]2019-01-25T15:22:54.150+0000: [class unloading, 0.0101824 secs]2019-01-25T15:22:54.161+0000: [scrub symbol table, 0.0204607 secs]2019-01-25T15:22:54.181+0000: [scrub string table, 0.0008083 secs][1 CMS-remark: 703417K(704056K)] 710707K(781496K), 0.1312195 secs] [Times: user=0.25 sys=0.00, real=0.13 secs] 
2019-01-25T15:22:54.226+0000: [CMS-concurrent-sweep-start]
2019-01-25T15:22:54.449+0000: [GC (Allocation Failure) 2019-01-25T15:22:54.449+0000: [ParNew: 75436K->6780K(77440K), 0.0697320 secs] 778819K->713511K(784760K), 0.0698241 secs] [Times: user=0.19 sys=0.00, real=0.07 secs] 
2019-01-25T15:22:54.761+0000: [GC (Allocation Failure) 2019-01-25T15:22:54.761+0000: [ParNew: 75644K->8576K(77440K), 0.0923911 secs] 757797K->692080K(784760K), 0.0924636 secs] [Times: user=0.17 sys=0.00, real=0.09 secs] 
2019-01-25T15:22:55.050+0000: [GC (Allocation Failure) 2019-01-25T15:22:55.050+0000: [ParNew: 77440K->8576K(77440K), 0.0831701 secs] 760903K->696521K(784760K), 0.0832508 secs] [Times: user=0.21 sys=0.00, real=0.08 secs] 
2019-01-25T15:22:55.295+0000: [GC (Allocation Failure) 2019-01-25T15:22:55.295+0000: [ParNew: 77440K->8465K(77440K), 0.0787354 secs] 765324K->703907K(784760K), 0.0788029 secs] [Times: user=0.20 sys=0.00, real=0.07 secs] 
2019-01-25T15:22:55.538+0000: [GC (Allocation Failure) 2019-01-25T15:22:55.539+0000: [ParNew: 77329K->6563K(77440K), 0.1015555 secs] 772771K->706752K(784760K), 0.1016416 secs] [Times: user=0.14 sys=0.00, real=0.10 secs] 
2019-01-25T15:22:55.642+0000: [CMS-concurrent-sweep: 0.935/1.415 secs] [Times: user=3.19 sys=0.04, real=1.41 secs] 
2019-01-25T15:22:55.643+0000: [CMS-concurrent-reset-start]
2019-01-25T15:22:55.666+0000: [CMS-concurrent-reset: 0.023/0.023 secs] [Times: user=0.04 sys=0.00, real=0.02 secs] 
2019-01-25T15:22:55.794+0000: [GC (Allocation Failure) 2019-01-25T15:22:55.795+0000: [ParNew: 75427K->8576K(77440K), 0.0934609 secs] 775616K->709509K(1244424K), 0.0935487 secs] [Times: user=0.15 sys=0.00, real=0.09 secs] 
2019-01-25T15:22:56.050+0000: [GC (Allocation Failure) 2019-01-25T15:22:56.050+0000: [ParNew: 77440K->8576K(77440K), 0.1497257 secs] 778373K->714601K(1244424K), 0.1498138 secs] [Times: user=0.23 sys=0.00, real=0.15 secs] 
2019-01-25T15:22:56.311+0000: [GC (Allocation Failure) 2019-01-25T15:22:56.311+0000: [ParNew: 77440K->8576K(77440K), 0.0970105 secs] 783465K->718997K(1244424K), 0.0970968 secs] [Times: user=0.17 sys=0.00, real=0.10 secs] 
2019-01-25T15:22:56.538+0000: [GC (Allocation Failure) 2019-01-25T15:22:56.539+0000: [ParNew: 77440K->6468K(77440K), 0.0939026 secs] 787861K->725054K(1244424K), 0.0939852 secs] [Times: user=0.18 sys=0.01, real=0.09 secs] 
2019-01-25T15:22:56.750+0000: [GC (Allocation Failure) 2019-01-25T15:22:56.751+0000: [ParNew: 75332K->8576K(77440K), 0.0918276 secs] 793918K->727162K(1244424K), 0.0919103 secs] [Times: user=0.13 sys=0.00, real=0.10 secs] 
2019-01-25T15:22:56.984+0000: [GC (Allocation Failure) 2019-01-25T15:22:56.984+0000: [ParNew: 77440K->8576K(77440K), 0.1116948 secs] 796026K->731243K(1244424K), 0.1117691 secs] [Times: user=0.16 sys=0.01, real=0.11 secs] 
2019-01-25T15:22:57.238+0000: [GC (Allocation Failure) 2019-01-25T15:22:57.238+0000: [ParNew: 77440K->7357K(77440K), 0.0895920 secs] 800107K->732660K(1244424K), 0.0896613 secs] [Times: user=0.14 sys=0.00, real=0.09 secs] 
2019-01-25T15:22:57.465+0000: [GC (Allocation Failure) 2019-01-25T15:22:57.465+0000: [ParNew: 76221K->7313K(77440K), 0.0814773 secs] 801524K->735669K(1244424K), 0.0815474 secs] [Times: user=0.16 sys=0.00, real=0.08 secs] 
2019-01-25T15:22:57.670+0000: [GC (Allocation Failure) 2019-01-25T15:22:57.671+0000: [ParNew: 76177K->5112K(77440K), 0.0480129 secs] 804533K->736221K(1244424K), 0.0480849 secs] [Times: user=0.11 sys=0.01, real=0.05 secs] 
2019-01-25T15:22:57.810+0000: [GC (Allocation Failure) 2019-01-25T15:22:57.810+0000: [ParNew: 73976K->6607K(77440K), 0.0514689 secs] 805085K->737716K(1244424K), 0.0515331 secs] [Times: user=0.11 sys=0.00, real=0.05 secs] 
2019-01-25T15:22:57.931+0000: [GC (Allocation Failure) 2019-01-25T15:22:57.931+0000: [ParNew: 75471K->8298K(77440K), 0.0598740 secs] 806580K->741471K(1244424K), 0.0599316 secs] [Times: user=0.14 sys=0.00, real=0.06 secs] 
2019-01-25T15:22:58.059+0000: [GC (Allocation Failure) 2019-01-25T15:22:58.059+0000: [ParNew: 77162K->5309K(77440K), 0.0682578 secs] 810335K->741921K(1244424K), 0.0683153 secs] [Times: user=0.13 sys=0.00, real=0.07 secs] 
2019-01-25T15:22:58.199+0000: [GC (Allocation Failure) 2019-01-25T15:22:58.199+0000: [ParNew: 74173K->7018K(77440K), 0.0477347 secs] 810785K->745576K(1244424K), 0.0477991 secs] [Times: user=0.15 sys=0.00, real=0.05 secs] 
2019-01-25T15:22:58.303+0000: [GC (Allocation Failure) 2019-01-25T15:22:58.303+0000: [ParNew: 75882K->7710K(77440K), 0.0333235 secs] 814440K->748709K(1244424K), 0.0333888 secs] [Times: user=0.13 sys=0.00, real=0.03 secs] 
2019-01-25T15:22:58.395+0000: [GC (Allocation Failure) 2019-01-25T15:22:58.395+0000: [ParNew: 76574K->5149K(77440K), 0.0338291 secs] 817573K->748920K(1244424K), 0.0339047 secs] [Times: user=0.13 sys=0.00, real=0.03 secs] 
2019-01-25T15:22:58.483+0000: [GC (Allocation Failure) 2019-01-25T15:22:58.483+0000: [ParNew: 74013K->8576K(77440K), 0.0470810 secs] 817784K->759231K(1244424K), 0.0471469 secs] [Times: user=0.16 sys=0.01, real=0.04 secs] 
2019-01-25T15:22:58.586+0000: [GC (Allocation Failure) 2019-01-25T15:22:58.587+0000: [ParNew: 77440K->4550K(77440K), 0.0346754 secs] 828095K->759579K(1244424K), 0.0347413 secs] [Times: user=0.13 sys=0.00, real=0.03 secs] 
2019-01-25T15:22:58.679+0000: [GC (Allocation Failure) 2019-01-25T15:22:58.679+0000: [ParNew: 73414K->6476K(77440K), 0.0258948 secs] 828443K->761505K(1244424K), 0.0259613 secs] [Times: user=0.10 sys=0.00, real=0.03 secs] 
2019-01-25T15:22:58.774+0000: [GC (Allocation Failure) 2019-01-25T15:22:58.774+0000: [ParNew: 75340K->7796K(77440K), 0.0468985 secs] 830369K->765544K(1244424K), 0.0469629 secs] [Times: user=0.15 sys=0.00, real=0.04 secs] 
2019-01-25T15:22:58.894+0000: [GC (Allocation Failure) 2019-01-25T15:22:58.894+0000: [ParNew: 76660K->8350K(77440K), 0.0380418 secs] 834408K->769163K(1244424K), 0.0381065 secs] [Times: user=0.14 sys=0.01, real=0.03 secs] 
2019-01-25T15:22:58.995+0000: [GC (Allocation Failure) 2019-01-25T15:22:58.995+0000: [ParNew: 77214K->8576K(77440K), 0.0361412 secs] 838027K->771985K(1244424K), 0.0362186 secs] [Times: user=0.14 sys=0.00, real=0.03 secs] 
2019-01-25T15:22:59.087+0000: [GC (Allocation Failure) 2019-01-25T15:22:59.087+0000: [ParNew: 77440K->5714K(77440K), 0.0325671 secs] 840849K->771980K(1244424K), 0.0326335 secs] [Times: user=0.12 sys=0.00, real=0.03 secs] 
2019-01-25T15:22:59.180+0000: [GC (Allocation Failure) 2019-01-25T15:22:59.180+0000: [ParNew: 74578K->5083K(77440K), 0.0304349 secs] 840844K->774193K(1244424K), 0.0305019 secs] [Times: user=0.12 sys=0.00, real=0.03 secs] 
2019-01-25T15:22:59.274+0000: [GC (Allocation Failure) 2019-01-25T15:22:59.274+0000: [ParNew: 73947K->8236K(77440K), 0.0308626 secs] 843057K->777346K(1244424K), 0.0309375 secs] [Times: user=0.12 sys=0.00, real=0.04 secs] 
2019-01-25T15:22:59.374+0000: [GC (Allocation Failure) 2019-01-25T15:22:59.374+0000: [ParNew: 77100K->6190K(77440K), 0.0376616 secs] 846210K->779015K(1244424K), 0.0377290 secs] [Times: user=0.15 sys=0.00, real=0.03 secs] 
2019-01-25T15:22:59.470+0000: [GC (Allocation Failure) 2019-01-25T15:22:59.470+0000: [ParNew: 75054K->5649K(77440K), 0.0332428 secs] 847879K->781591K(1244424K), 0.0333079 secs] [Times: user=0.13 sys=0.00, real=0.04 secs] 
2019-01-25T15:22:59.563+0000: [GC (Allocation Failure) 2019-01-25T15:22:59.563+0000: [ParNew: 74513K->8576K(77440K), 0.0342647 secs] 850455K->786820K(1244424K), 0.0343292 secs] [Times: user=0.13 sys=0.00, real=0.03 secs] 
2019-01-25T15:22:59.657+0000: [GC (Allocation Failure) 2019-01-25T15:22:59.657+0000: [ParNew: 77440K->8576K(77440K), 0.0385052 secs] 855684K->789285K(1244424K), 0.0385704 secs] [Times: user=0.15 sys=0.00, real=0.04 secs] 
2019-01-25T15:22:59.757+0000: [GC (Allocation Failure) 2019-01-25T15:22:59.757+0000: [ParNew: 77440K->6204K(77440K), 0.0370151 secs] 858149K->790040K(1244424K), 0.0370823 secs] [Times: user=0.14 sys=0.00, real=0.03 secs] 
2019-01-25T15:22:59.918+0000: [GC (Allocation Failure) 2019-01-25T15:22:59.918+0000: [ParNew: 75068K->5738K(77440K), 0.0350930 secs] 858904K->792884K(1244424K), 0.0351606 secs] [Times: user=0.14 sys=0.00, real=0.03 secs] 
2019-01-25T15:23:00.098+0000: [GC (Allocation Failure) 2019-01-25T15:23:00.098+0000: [ParNew: 74602K->7847K(77440K), 0.0330928 secs] 861748K->797216K(1244424K), 0.0331743 secs] [Times: user=0.12 sys=0.00, real=0.03 secs] 
2019-01-25T15:23:00.256+0000: [GC (Allocation Failure) 2019-01-25T15:23:00.256+0000: [ParNew: 76711K->8576K(77440K), 0.0372571 secs] 866080K->801383K(1244424K), 0.0373253 secs] [Times: user=0.14 sys=0.00, real=0.03 secs] 
2019-01-25T15:23:00.414+0000: [GC (Allocation Failure) 2019-01-25T15:23:00.414+0000: [ParNew: 77440K->4398K(77440K), 0.0441293 secs] 870247K->812681K(1244424K), 0.0441982 secs] [Times: user=0.16 sys=0.01, real=0.05 secs] 
2019-01-25T15:23:00.458+0000: [GC (CMS Initial Mark) [1 CMS-initial-mark: 808282K(1166984K)] 813730K(1244424K), 0.0018134 secs] [Times: user=0.01 sys=0.00, real=0.00 secs] 
2019-01-25T15:23:00.460+0000: [CMS-concurrent-mark-start]
2019-01-25T15:23:01.970+0000: [GC (Allocation Failure) 2019-01-25T15:23:01.970+0000: [ParNew: 73262K->8576K(77440K), 0.0309817 secs] 881545K->822314K(1244424K), 0.0310376 secs] [Times: user=0.12 sys=0.00, real=0.03 secs] 
2019-01-25T15:23:02.769+0000: [GC (Allocation Failure) 2019-01-25T15:23:02.769+0000: [ParNew: 77440K->6530K(77440K), 0.0262974 secs] 891178K->828005K(1244424K), 0.0263525 secs] [Times: user=0.10 sys=0.00, real=0.03 secs] 
2019-01-25T15:23:02.901+0000: [CMS-concurrent-mark: 2.379/2.441 secs] [Times: user=9.52 sys=0.06, real=2.44 secs] 
2019-01-25T15:23:02.901+0000: [CMS-concurrent-preclean-start]
2019-01-25T15:23:03.116+0000: [CMS-concurrent-preclean: 0.206/0.215 secs] [Times: user=0.65 sys=0.01, real=0.22 secs] 
2019-01-25T15:23:03.117+0000: [CMS-concurrent-abortable-preclean-start]
2019-01-25T15:23:04.418+0000: [GC (Allocation Failure) 2019-01-25T15:23:04.418+0000: [ParNew2019-01-25T15:23:04.436+0000: [CMS-concurrent-abortable-preclean: 0.610/1.319 secs] [Times: user=2.11 sys=0.01, real=1.32 secs] 
: 75394K->620K(77440K), 0.0217507 secs] 896869K->830234K(1244424K), 0.0218012 secs] [Times: user=0.09 sys=0.00, real=0.02 secs] 
2019-01-25T15:23:04.440+0000: [GC (CMS Final Remark) [YG occupancy: 1317 K (77440 K)]2019-01-25T15:23:04.440+0000: [Rescan (parallel) , 0.0209173 secs]2019-01-25T15:23:04.461+0000: [weak refs processing, 0.0000723 secs]2019-01-25T15:23:04.461+0000: [class unloading, 0.0071663 secs]2019-01-25T15:23:04.468+0000: [scrub symbol table, 0.0077335 secs]2019-01-25T15:23:04.476+0000: [scrub string table, 0.0005532 secs][1 CMS-remark: 829613K(1166984K)] 830931K(1244424K), 0.0365459 secs] [Times: user=0.09 sys=0.00, real=0.04 secs] 
2019-01-25T15:23:04.477+0000: [CMS-concurrent-sweep-start]
2019-01-25T15:23:04.746+0000: [CMS-concurrent-sweep: 0.269/0.269 secs] [Times: user=0.54 sys=0.00, real=0.27 secs] 
2019-01-25T15:23:04.746+0000: [CMS-concurrent-reset-start]
2019-01-25T15:23:04.757+0000: [CMS-concurrent-reset: 0.011/0.011 secs] [Times: user=0.00 sys=0.00, real=0.01 secs] 
2019-01-25T15:23:05.320+0000: [GC (Allocation Failure) 2019-01-25T15:23:05.320+0000: [ParNew: 67113K->2590K(77440K), 0.0348302 secs] 839880K->791741K(1365388K), 0.0349220 secs] [Times: user=0.07 sys=0.00, real=0.04 secs] 
2019-01-25T15:23:05.636+0000: [GC (Allocation Failure) 2019-01-25T15:23:05.636+0000: [ParNew: 71454K->5626K(77440K), 0.0369202 secs] 860605K->843928K(1365388K), 0.0370125 secs] [Times: user=0.09 sys=0.02, real=0.03 secs] 
2019-01-25T15:23:06.335+0000: [GC (Allocation Failure) 2019-01-25T15:23:06.335+0000: [ParNew: 74490K->8576K(77440K), 0.1028280 secs] 912792K->860581K(1365388K), 0.1029157 secs] [Times: user=0.18 sys=0.00, real=0.10 secs] 
2019-01-25T15:23:06.953+0000: [GC (Allocation Failure) 2019-01-25T15:23:06.953+0000: [ParNew: 77440K->8576K(77440K), 0.2701376 secs] 929445K->903923K(1365388K), 0.2702257 secs] [Times: user=0.50 sys=0.01, real=0.28 secs] 
2019-01-25T15:23:07.258+0000: [GC (CMS Initial Mark) [1 CMS-initial-mark: 895347K(1287948K)] 914347K(1365388K), 0.0197736 secs] [Times: user=0.04 sys=0.00, real=0.02 secs] 
2019-01-25T15:23:07.278+0000: [CMS-concurrent-mark-start]
2019-01-25T15:23:07.612+0000: [CMS-concurrent-mark: 0.330/0.334 secs] [Times: user=0.77 sys=0.00, real=0.33 secs] 
2019-01-25T15:23:07.627+0000: [CMS-concurrent-preclean-start]
2019-01-25T15:23:07.653+0000: [CMS-concurrent-preclean: 0.026/0.026 secs] [Times: user=0.05 sys=0.00, real=0.02 secs] 
2019-01-25T15:23:07.653+0000: [CMS-concurrent-abortable-preclean-start]
2019-01-25T15:23:07.729+0000: [GC (Allocation Failure) 2019-01-25T15:23:07.729+0000: [ParNew: 77440K->8576K(77440K), 0.2944932 secs] 972787K->946937K(1365388K), 0.2945800 secs] [Times: user=0.49 sys=0.02, real=0.30 secs] 
2019-01-25T15:23:08.242+0000: [GC (Allocation Failure) 2019-01-25T15:23:08.243+0000: [ParNew: 77440K->8576K(77440K), 0.3095568 secs] 1015801K->997832K(1365388K), 0.3096595 secs] [Times: user=0.47 sys=0.02, real=0.30 secs] 
2019-01-25T15:23:08.981+0000: [GC (Allocation Failure) 2019-01-25T15:23:08.981+0000: [ParNew: 77440K->8576K(77440K), 0.2086768 secs] 1066696K->1023832K(1365388K), 0.2087494 secs] [Times: user=0.29 sys=0.01, real=0.21 secs] 
2019-01-25T15:23:09.470+0000: [GC (Allocation Failure) 2019-01-25T15:23:09.470+0000: [ParNew: 77440K->1996K(77440K), 0.1071102 secs] 1092696K->1025184K(1365388K), 0.1071858 secs] [Times: user=0.22 sys=0.00, real=0.11 secs] 
2019-01-25T15:23:09.581+0000: [CMS-concurrent-abortable-preclean: 0.863/1.928 secs] [Times: user=3.37 sys=0.08, real=1.93 secs] 
2019-01-25T15:23:09.587+0000: [GC (CMS Final Remark) [YG occupancy: 9873 K (77440 K)]2019-01-25T15:23:09.587+0000: [Rescan (parallel) , 0.0914147 secs]2019-01-25T15:23:09.678+0000: [weak refs processing, 0.0001017 secs]2019-01-25T15:23:09.678+0000: [class unloading, 0.0140756 secs]2019-01-25T15:23:09.693+0000: [scrub symbol table, 0.0217258 secs]2019-01-25T15:23:09.714+0000: [scrub string table, 0.0008486 secs][1 CMS-remark: 1023187K(1287948K)] 1033061K(1365388K), 0.1284116 secs] [Times: user=0.18 sys=0.00, real=0.13 secs] 
2019-01-25T15:23:09.715+0000: [CMS-concurrent-sweep-start]
2019-01-25T15:23:09.803+0000: [GC (Allocation Failure) 2019-01-25T15:23:09.803+0000: [ParNew: 70860K->1996K(77440K), 0.0048369 secs] 1075271K->1006407K(1365388K), 0.0048890 secs] [Times: user=0.01 sys=0.00, real=0.00 secs] 
2019-01-25T15:23:09.942+0000: [GC (Allocation Failure) 2019-01-25T15:23:09.943+0000: [ParNew: 70860K->249K(77440K), 0.0056469 secs] 1056260K->985649K(1365388K), 0.0057135 secs] [Times: user=0.01 sys=0.00, real=0.00 secs] 
2019-01-25T15:23:10.046+0000: [GC (Allocation Failure) 2019-01-25T15:23:10.046+0000: [ParNew: 69113K->62K(77440K), 0.0057371 secs] 1031073K->962022K(1365388K), 0.0057999 secs] [Times: user=0.01 sys=0.00, real=0.00 secs] 
2019-01-25T15:23:10.152+0000: [GC (Allocation Failure) 2019-01-25T15:23:10.152+0000: [ParNew: 68926K->15K(77440K), 0.0058194 secs] 1004749K->935839K(1365388K), 0.0058788 secs] [Times: user=0.01 sys=0.00, real=0.01 secs] 
2019-01-25T15:23:10.232+0000: [GC (Allocation Failure) 2019-01-25T15:23:10.232+0000: [ParNew: 68879K->6K(77440K), 0.0040909 secs] 983270K->914396K(1365388K), 0.0041366 secs] [Times: user=0.02 sys=0.00, real=0.01 secs] 
2019-01-25T15:23:10.326+0000: [GC (Allocation Failure) 2019-01-25T15:23:10.326+0000: [ParNew: 68870K->4K(77440K), 0.0318493 secs] 976560K->907694K(1365388K), 0.0319167 secs] [Times: user=0.03 sys=0.00, real=0.03 secs] 
2019-01-25T15:23:10.441+0000: [GC (Allocation Failure) 2019-01-25T15:23:10.441+0000: [ParNew: 68868K->4K(77440K), 0.0067258 secs] 965237K->896373K(1365388K), 0.0067864 secs] [Times: user=0.01 sys=0.00, real=0.01 secs] 
2019-01-25T15:23:10.631+0000: [GC (Allocation Failure) 2019-01-25T15:23:10.631+0000: [ParNew: 68868K->188K(77440K), 0.0144740 secs] 945058K->876379K(1365388K), 0.0145491 secs] [Times: user=0.01 sys=0.00, real=0.02 secs] 
2019-01-25T15:23:11.329+0000: [GC (Allocation Failure) 2019-01-25T15:23:11.329+0000: [ParNew: 69052K->1062K(77440K), 0.0049906 secs] 827281K->759292K(1365388K), 0.0050504 secs] [Times: user=0.01 sys=0.00, real=0.00 secs] 
2019-01-25T15:23:12.070+0000: [CMS-concurrent-sweep: 2.189/2.355 secs] [Times: user=4.22 sys=0.13, real=2.35 secs] 
2019-01-25T15:23:12.071+0000: [CMS-concurrent-reset-start]
2019-01-25T15:23:12.081+0000: [CMS-concurrent-reset: 0.011/0.011 secs] [Times: user=0.01 sys=0.00, real=0.01 secs] 
Heap
 par new generation   total 77440K, used 23744K [0x0000000680000000, 0x0000000685400000, 0x0000000694cc0000)
  eden space 68864K,  32% used [0x0000000680000000, 0x00000006816267a0, 0x0000000684340000)
  from space 8576K,  12% used [0x0000000684ba0000, 0x0000000684ca9b90, 0x0000000685400000)
  to   space 8576K,   0% used [0x0000000684340000, 0x0000000684340000, 0x0000000684ba0000)
 concurrent mark-sweep generation total 1287948K, used 372652K [0x0000000694cc0000, 0x00000006e3683000, 0x00000007c0000000)
 Metaspace       used 62058K, capacity 62822K, committed 63252K, reserved 1103872K
  class space    used 7925K, capacity 8118K, committed 8212K, reserved 1048576K
