2019-01-25T15:22:20.348+0000: [GC (Allocation Failure) 2019-01-25T15:22:20.348+0000: [ParNew: 68864K->6784K(77440K), 0.0083398 secs] 68864K->6784K(249472K), 0.0084062 secs] [Times: user=0.02 sys=0.01, real=0.01 secs] 
2019-01-25T15:22:20.704+0000: [GC (Allocation Failure) 2019-01-25T15:22:20.704+0000: [ParNew: 75648K->3972K(77440K), 0.0172552 secs] 75648K->6363K(249472K), 0.0173061 secs] [Times: user=0.06 sys=0.01, real=0.02 secs] 
2019-01-25T15:22:21.119+0000: [GC (Allocation Failure) 2019-01-25T15:22:21.119+0000: [ParNew: 72836K->3714K(77440K), 0.0037370 secs] 75227K->6105K(249472K), 0.0037813 secs] [Times: user=0.01 sys=0.00, real=0.00 secs] 
2019-01-25T15:22:21.433+0000: [GC (Allocation Failure) 2019-01-25T15:22:21.433+0000: [ParNew: 72578K->3991K(77440K), 0.0052684 secs] 74969K->6382K(249472K), 0.0053286 secs] [Times: user=0.02 sys=0.00, real=0.01 secs] 
2019-01-25T15:22:21.695+0000: [GC (Allocation Failure) 2019-01-25T15:22:21.695+0000: [ParNew: 72855K->5845K(77440K), 0.0049383 secs] 75246K->8236K(249472K), 0.0049883 secs] [Times: user=0.02 sys=0.00, real=0.00 secs] 
2019-01-25T15:22:21.919+0000: [GC (Allocation Failure) 2019-01-25T15:22:21.919+0000: [ParNew: 63742K->4832K(77440K), 0.0144211 secs] 66133K->24371K(249472K), 0.0144659 secs] [Times: user=0.04 sys=0.01, real=0.01 secs] 
2019-01-25T15:22:21.935+0000: [GC (CMS Initial Mark) [1 CMS-initial-mark: 19538K(172032K)] 40755K(249472K), 0.0014735 secs] [Times: user=0.00 sys=0.00, real=0.00 secs] 
2019-01-25T15:22:21.936+0000: [CMS-concurrent-mark-start]
2019-01-25T15:22:21.977+0000: [CMS-concurrent-mark: 0.040/0.040 secs] [Times: user=0.09 sys=0.01, real=0.04 secs] 
2019-01-25T15:22:21.977+0000: [CMS-concurrent-preclean-start]
2019-01-25T15:22:21.978+0000: [CMS-concurrent-preclean: 0.001/0.001 secs] [Times: user=0.00 sys=0.00, real=0.00 secs] 
2019-01-25T15:22:21.978+0000: [CMS-concurrent-abortable-preclean-start]
2019-01-25T15:22:22.174+0000: [GC (Allocation Failure) 2019-01-25T15:22:22.174+0000: [ParNew: 73696K->6088K(77440K), 0.0140345 secs] 93235K->42010K(249472K), 0.0140874 secs] [Times: user=0.05 sys=0.01, real=0.01 secs] 
2019-01-25T15:22:22.339+0000: [CMS-concurrent-abortable-preclean: 0.169/0.362 secs] [Times: user=0.78 sys=0.03, real=0.36 secs] 
2019-01-25T15:22:22.340+0000: [GC (CMS Final Remark) [YG occupancy: 55352 K (77440 K)]2019-01-25T15:22:22.340+0000: [Rescan (parallel) , 0.0047319 secs]2019-01-25T15:22:22.344+0000: [weak refs processing, 0.0000307 secs]2019-01-25T15:22:22.344+0000: [class unloading, 0.0029239 secs]2019-01-25T15:22:22.347+0000: [scrub symbol table, 0.0031140 secs]2019-01-25T15:22:22.350+0000: [scrub string table, 0.0002971 secs][1 CMS-remark: 35922K(172032K)] 91275K(249472K), 0.0114531 secs] [Times: user=0.02 sys=0.00, real=0.01 secs] 
2019-01-25T15:22:22.351+0000: [CMS-concurrent-sweep-start]
2019-01-25T15:22:22.353+0000: [CMS-concurrent-sweep: 0.001/0.001 secs] [Times: user=0.00 sys=0.00, real=0.00 secs] 
2019-01-25T15:22:22.353+0000: [CMS-concurrent-reset-start]
2019-01-25T15:22:22.569+0000: [GC (Allocation Failure) 2019-01-25T15:22:22.569+0000: [ParNew: 74952K->7201K(77440K), 0.0155460 secs] 110858K->43974K(249472K), 0.0156053 secs] [Times: user=0.05 sys=0.00, real=0.01 secs] 
2019-01-25T15:22:22.596+0000: [CMS-concurrent-reset: 0.227/0.244 secs] [Times: user=0.62 sys=0.21, real=0.25 secs] 
2019-01-25T15:22:22.868+0000: [GC (Allocation Failure) 2019-01-25T15:22:22.869+0000: [ParNew: 76065K->4918K(77440K), 0.0386087 secs] 112838K->76194K(249472K), 0.0386723 secs] [Times: user=0.13 sys=0.01, real=0.04 secs] 
2019-01-25T15:22:22.914+0000: [GC (CMS Initial Mark) [1 CMS-initial-mark: 71275K(172032K)] 76462K(249472K), 0.0018406 secs] [Times: user=0.00 sys=0.00, real=0.00 secs] 
2019-01-25T15:22:22.916+0000: [CMS-concurrent-mark-start]
2019-01-25T15:22:22.956+0000: [CMS-concurrent-mark: 0.040/0.041 secs] [Times: user=0.15 sys=0.00, real=0.04 secs] 
2019-01-25T15:22:22.956+0000: [CMS-concurrent-preclean-start]
2019-01-25T15:22:22.958+0000: [CMS-concurrent-preclean: 0.001/0.001 secs] [Times: user=0.00 sys=0.00, real=0.00 secs] 
2019-01-25T15:22:22.958+0000: [CMS-concurrent-abortable-preclean-start]
2019-01-25T15:22:23.295+0000: [GC (Allocation Failure) 2019-01-25T15:22:23.295+0000: [ParNew2019-01-25T15:22:23.303+0000: [CMS-concurrent-abortable-preclean: 0.045/0.346 secs] [Times: user=0.57 sys=0.01, real=0.34 secs] 
: 73782K->5260K(77440K), 0.0244702 secs] 145058K->92920K(249472K), 0.0245351 secs] [Times: user=0.09 sys=0.01, real=0.02 secs] 
2019-01-25T15:22:23.320+0000: [GC (CMS Final Remark) [YG occupancy: 5374 K (77440 K)]2019-01-25T15:22:23.320+0000: [Rescan (parallel) , 0.0028578 secs]2019-01-25T15:22:23.323+0000: [weak refs processing, 0.0000278 secs]2019-01-25T15:22:23.323+0000: [class unloading, 0.0035705 secs]2019-01-25T15:22:23.327+0000: [scrub symbol table, 0.0038025 secs]2019-01-25T15:22:23.330+0000: [scrub string table, 0.0003570 secs][1 CMS-remark: 87660K(172032K)] 93034K(249472K), 0.0108601 secs] [Times: user=0.02 sys=0.00, real=0.01 secs] 
2019-01-25T15:22:23.331+0000: [CMS-concurrent-sweep-start]
2019-01-25T15:22:23.334+0000: [CMS-concurrent-sweep: 0.003/0.003 secs] [Times: user=0.01 sys=0.00, real=0.01 secs] 
2019-01-25T15:22:23.334+0000: [CMS-concurrent-reset-start]
2019-01-25T15:22:23.347+0000: [CMS-concurrent-reset: 0.013/0.013 secs] [Times: user=0.05 sys=0.00, real=0.01 secs] 
2019-01-25T15:22:23.812+0000: [GC (Allocation Failure) 2019-01-25T15:22:23.812+0000: [ParNew: 74124K->8089K(77440K), 0.0166629 secs] 161735K->112395K(249472K), 0.0167368 secs] [Times: user=0.05 sys=0.01, real=0.02 secs] 
2019-01-25T15:22:23.829+0000: [GC (CMS Initial Mark) [1 CMS-initial-mark: 104306K(172032K)] 112744K(249472K), 0.0017201 secs] [Times: user=0.00 sys=0.00, real=0.00 secs] 
2019-01-25T15:22:23.831+0000: [CMS-concurrent-mark-start]
2019-01-25T15:22:23.864+0000: [CMS-concurrent-mark: 0.033/0.033 secs] [Times: user=0.07 sys=0.01, real=0.03 secs] 
2019-01-25T15:22:23.864+0000: [CMS-concurrent-preclean-start]
2019-01-25T15:22:23.865+0000: [CMS-concurrent-preclean: 0.001/0.001 secs] [Times: user=0.00 sys=0.00, real=0.00 secs] 
2019-01-25T15:22:23.865+0000: [CMS-concurrent-abortable-preclean-start]
2019-01-25T15:22:24.082+0000: [GC (Allocation Failure) 2019-01-25T15:22:24.082+0000: [ParNew: 76953K->5429K(77440K), 0.0129246 secs] 181259K->111211K(249472K), 0.0130005 secs] [Times: user=0.05 sys=0.00, real=0.02 secs] 
2019-01-25T15:22:24.218+0000: [CMS-concurrent-abortable-preclean: 0.170/0.353 secs] [Times: user=1.07 sys=0.02, real=0.36 secs] 
2019-01-25T15:22:24.226+0000: [GC (CMS Final Remark) [YG occupancy: 42950 K (77440 K)]2019-01-25T15:22:24.226+0000: [Rescan (parallel) , 0.0084645 secs]2019-01-25T15:22:24.235+0000: [weak refs processing, 0.0000720 secs]2019-01-25T15:22:24.235+0000: [class unloading, 0.0059475 secs]2019-01-25T15:22:24.241+0000: [scrub symbol table, 0.0059084 secs]2019-01-25T15:22:24.247+0000: [scrub string table, 0.0005577 secs][1 CMS-remark: 105782K(172032K)] 148733K(249472K), 0.0212065 secs] [Times: user=0.07 sys=0.00, real=0.02 secs] 
2019-01-25T15:22:24.251+0000: [CMS-concurrent-sweep-start]
2019-01-25T15:22:24.255+0000: [CMS-concurrent-sweep: 0.004/0.004 secs] [Times: user=0.01 sys=0.00, real=0.01 secs] 
2019-01-25T15:22:24.255+0000: [CMS-concurrent-reset-start]
2019-01-25T15:22:24.289+0000: [CMS-concurrent-reset: 0.025/0.034 secs] [Times: user=0.13 sys=0.00, real=0.03 secs] 
2019-01-25T15:22:24.314+0000: [GC (Allocation Failure) 2019-01-25T15:22:24.314+0000: [ParNew: 74293K->5462K(77440K), 0.0294355 secs] 179948K->128124K(253532K), 0.0295032 secs] [Times: user=0.10 sys=0.02, real=0.02 secs] 
2019-01-25T15:22:24.346+0000: [GC (CMS Initial Mark) [1 CMS-initial-mark: 122661K(176092K)] 128890K(253532K), 0.0029924 secs] [Times: user=0.00 sys=0.00, real=0.00 secs] 
2019-01-25T15:22:24.349+0000: [CMS-concurrent-mark-start]
2019-01-25T15:22:24.393+0000: [CMS-concurrent-mark: 0.044/0.044 secs] [Times: user=0.18 sys=0.00, real=0.04 secs] 
2019-01-25T15:22:24.394+0000: [CMS-concurrent-preclean-start]
2019-01-25T15:22:24.395+0000: [CMS-concurrent-preclean: 0.001/0.001 secs] [Times: user=0.01 sys=0.00, real=0.01 secs] 
2019-01-25T15:22:24.395+0000: [CMS-concurrent-abortable-preclean-start]
2019-01-25T15:22:24.649+0000: [GC (Allocation Failure) 2019-01-25T15:22:24.649+0000: [ParNew: 74326K->6111K(77440K), 0.0070466 secs] 196988K->128773K(253532K), 0.0071021 secs] [Times: user=0.02 sys=0.00, real=0.01 secs] 
2019-01-25T15:22:24.756+0000: [CMS-concurrent-abortable-preclean: 0.188/0.361 secs] [Times: user=1.27 sys=0.03, real=0.36 secs] 
2019-01-25T15:22:24.757+0000: [GC (CMS Final Remark) [YG occupancy: 44354 K (77440 K)]2019-01-25T15:22:24.757+0000: [Rescan (parallel) , 0.0101693 secs]2019-01-25T15:22:24.767+0000: [weak refs processing, 0.0000452 secs]2019-01-25T15:22:24.767+0000: [class unloading, 0.0059279 secs]2019-01-25T15:22:24.773+0000: [scrub symbol table, 0.0056391 secs]2019-01-25T15:22:24.779+0000: [scrub string table, 0.0003915 secs][1 CMS-remark: 122661K(176092K)] 167016K(253532K), 0.0223454 secs] [Times: user=0.07 sys=0.00, real=0.02 secs] 
2019-01-25T15:22:24.790+0000: [CMS-concurrent-sweep-start]
2019-01-25T15:22:24.794+0000: [CMS-concurrent-sweep: 0.004/0.004 secs] [Times: user=0.01 sys=0.00, real=0.01 secs] 
2019-01-25T15:22:24.794+0000: [CMS-concurrent-reset-start]
2019-01-25T15:22:24.806+0000: [CMS-concurrent-reset: 0.011/0.012 secs] [Times: user=0.05 sys=0.00, real=0.01 secs] 
2019-01-25T15:22:24.962+0000: [GC (Allocation Failure) 2019-01-25T15:22:24.962+0000: [ParNew: 74975K->5809K(77440K), 0.0140739 secs] 197421K->129724K(281520K), 0.0141318 secs] [Times: user=0.04 sys=0.01, real=0.02 secs] 
2019-01-25T15:22:25.316+0000: [GC (Allocation Failure) 2019-01-25T15:22:25.316+0000: [ParNew: 74673K->7629K(77440K), 0.0063853 secs] 198588K->131813K(281520K), 0.0064445 secs] [Times: user=0.03 sys=0.00, real=0.00 secs] 
2019-01-25T15:22:25.764+0000: [GC (Allocation Failure) 2019-01-25T15:22:25.764+0000: [ParNew: 76493K->6737K(77440K), 0.0113359 secs] 200677K->133515K(281520K), 0.0113924 secs] [Times: user=0.04 sys=0.00, real=0.02 secs] 
2019-01-25T15:22:26.081+0000: [GC (Allocation Failure) 2019-01-25T15:22:26.081+0000: [ParNew: 75601K->5348K(77440K), 0.0181821 secs] 202379K->135994K(281520K), 0.0182528 secs] [Times: user=0.06 sys=0.01, real=0.02 secs] 
2019-01-25T15:22:26.351+0000: [GC (Allocation Failure) 2019-01-25T15:22:26.351+0000: [ParNew: 74212K->3314K(77440K), 0.0051265 secs] 204858K->133960K(281520K), 0.0051841 secs] [Times: user=0.02 sys=0.00, real=0.01 secs] 
2019-01-25T15:22:27.035+0000: [GC (Allocation Failure) 2019-01-25T15:22:27.035+0000: [ParNew: 72178K->5691K(77440K), 0.0057199 secs] 202824K->136337K(281520K), 0.0057766 secs] [Times: user=0.02 sys=0.00, real=0.00 secs] 
2019-01-25T15:22:27.444+0000: [GC (Allocation Failure) 2019-01-25T15:22:27.444+0000: [ParNew: 74555K->3982K(77440K), 0.0119931 secs] 205201K->137981K(281520K), 0.0120506 secs] [Times: user=0.04 sys=0.00, real=0.02 secs] 
2019-01-25T15:22:27.609+0000: [GC (Allocation Failure) 2019-01-25T15:22:27.609+0000: [ParNew: 72846K->902K(77440K), 0.0026831 secs] 206845K->134901K(281520K), 0.0027404 secs] [Times: user=0.01 sys=0.00, real=0.00 secs] 
2019-01-25T15:22:27.750+0000: [GC (Allocation Failure) 2019-01-25T15:22:27.750+0000: [ParNew: 69766K->795K(77440K), 0.0027414 secs] 203765K->134795K(281520K), 0.0028175 secs] [Times: user=0.01 sys=0.00, real=0.00 secs] 
2019-01-25T15:22:27.861+0000: [GC (Allocation Failure) 2019-01-25T15:22:27.861+0000: [ParNew: 69659K->974K(77440K), 0.0028074 secs] 203659K->134973K(281520K), 0.0028660 secs] [Times: user=0.01 sys=0.00, real=0.00 secs] 
2019-01-25T15:22:27.950+0000: [GC (Allocation Failure) 2019-01-25T15:22:27.950+0000: [ParNew: 69838K->999K(77440K), 0.0027093 secs] 203837K->134998K(281520K), 0.0027785 secs] [Times: user=0.01 sys=0.00, real=0.00 secs] 
2019-01-25T15:22:28.018+0000: [GC (Allocation Failure) 2019-01-25T15:22:28.018+0000: [ParNew: 69863K->1120K(77440K), 0.0019759 secs] 203862K->135119K(281520K), 0.0020349 secs] [Times: user=0.00 sys=0.00, real=0.00 secs] 
2019-01-25T15:22:28.062+0000: [GC (Allocation Failure) 2019-01-25T15:22:28.062+0000: [ParNew: 69984K->701K(77440K), 0.0024938 secs] 203983K->135248K(281520K), 0.0025519 secs] [Times: user=0.01 sys=0.00, real=0.00 secs] 
2019-01-25T15:22:28.114+0000: [GC (Allocation Failure) 2019-01-25T15:22:28.114+0000: [ParNew: 69565K->317K(77440K), 0.0013991 secs] 204112K->134874K(281520K), 0.0014579 secs] [Times: user=0.01 sys=0.00, real=0.00 secs] 
2019-01-25T15:22:28.162+0000: [GC (Allocation Failure) 2019-01-25T15:22:28.162+0000: [ParNew: 69181K->234K(77440K), 0.0013316 secs] 203738K->134799K(281520K), 0.0013972 secs] [Times: user=0.00 sys=0.00, real=0.00 secs] 
2019-01-25T15:22:28.210+0000: [GC (Allocation Failure) 2019-01-25T15:22:28.210+0000: [ParNew: 69098K->196K(77440K), 0.0013612 secs] 203663K->134768K(281520K), 0.0014193 secs] [Times: user=0.01 sys=0.00, real=0.00 secs] 
2019-01-25T15:22:28.258+0000: [GC (Allocation Failure) 2019-01-25T15:22:28.258+0000: [ParNew: 69060K->156K(77440K), 0.0014349 secs] 203632K->134733K(281520K), 0.0014920 secs] [Times: user=0.00 sys=0.00, real=0.00 secs] 
2019-01-25T15:22:28.312+0000: [GC (Allocation Failure) 2019-01-25T15:22:28.312+0000: [ParNew: 69020K->164K(77440K), 0.0013929 secs] 203597K->134751K(281520K), 0.0014521 secs] [Times: user=0.01 sys=0.00, real=0.00 secs] 
2019-01-25T15:22:28.360+0000: [GC (Allocation Failure) 2019-01-25T15:22:28.360+0000: [ParNew: 69028K->122K(77440K), 0.0014736 secs] 203615K->134719K(281520K), 0.0015310 secs] [Times: user=0.00 sys=0.01, real=0.00 secs] 
2019-01-25T15:22:28.410+0000: [GC (Allocation Failure) 2019-01-25T15:22:28.410+0000: [ParNew: 68986K->168K(77440K), 0.0015913 secs] 203583K->134772K(281520K), 0.0016469 secs] [Times: user=0.00 sys=0.00, real=0.00 secs] 
2019-01-25T15:22:28.461+0000: [GC (Allocation Failure) 2019-01-25T15:22:28.461+0000: [ParNew: 69032K->151K(77440K), 0.0018096 secs] 203636K->134759K(281520K), 0.0018667 secs] [Times: user=0.00 sys=0.00, real=0.00 secs] 
2019-01-25T15:22:28.504+0000: [GC (Allocation Failure) 2019-01-25T15:22:28.505+0000: [ParNew: 69015K->223K(77440K), 0.0014662 secs] 203623K->134839K(281520K), 0.0015245 secs] [Times: user=0.00 sys=0.00, real=0.01 secs] 
2019-01-25T15:22:28.551+0000: [GC (Allocation Failure) 2019-01-25T15:22:28.551+0000: [ParNew: 69087K->173K(77440K), 0.0017918 secs] 203703K->134802K(281520K), 0.0018501 secs] [Times: user=0.00 sys=0.00, real=0.00 secs] 
2019-01-25T15:22:28.607+0000: [GC (Allocation Failure) 2019-01-25T15:22:28.607+0000: [ParNew: 69037K->144K(77440K), 0.0019366 secs] 203666K->134779K(281520K), 0.0020016 secs] [Times: user=0.01 sys=0.00, real=0.00 secs] 
2019-01-25T15:22:28.657+0000: [GC (Allocation Failure) 2019-01-25T15:22:28.657+0000: [ParNew: 69008K->186K(77440K), 0.0013895 secs] 203643K->134829K(281520K), 0.0014465 secs] [Times: user=0.00 sys=0.00, real=0.00 secs] 
2019-01-25T15:22:28.710+0000: [GC (Allocation Failure) 2019-01-25T15:22:28.710+0000: [ParNew: 69050K->207K(77440K), 0.0014567 secs] 203693K->134870K(281520K), 0.0015152 secs] [Times: user=0.01 sys=0.00, real=0.00 secs] 
2019-01-25T15:22:28.758+0000: [GC (Allocation Failure) 2019-01-25T15:22:28.758+0000: [ParNew: 69071K->239K(77440K), 0.0015725 secs] 203734K->134915K(281520K), 0.0016313 secs] [Times: user=0.00 sys=0.00, real=0.00 secs] 
2019-01-25T15:22:28.802+0000: [GC (Allocation Failure) 2019-01-25T15:22:28.802+0000: [ParNew: 69103K->207K(77440K), 0.0018731 secs] 203779K->134893K(281520K), 0.0019292 secs] [Times: user=0.00 sys=0.00, real=0.00 secs] 
2019-01-25T15:22:28.848+0000: [GC (Allocation Failure) 2019-01-25T15:22:28.848+0000: [ParNew: 69071K->203K(77440K), 0.0014023 secs] 203757K->134901K(281520K), 0.0014603 secs] [Times: user=0.01 sys=0.00, real=0.00 secs] 
2019-01-25T15:22:28.892+0000: [GC (Allocation Failure) 2019-01-25T15:22:28.892+0000: [ParNew: 69067K->258K(77440K), 0.0014804 secs] 203765K->134964K(281520K), 0.0015389 secs] [Times: user=0.00 sys=0.00, real=0.01 secs] 
2019-01-25T15:22:28.937+0000: [GC (Allocation Failure) 2019-01-25T15:22:28.937+0000: [ParNew: 69122K->280K(77440K), 0.0015240 secs] 203828K->134998K(281520K), 0.0015809 secs] [Times: user=0.00 sys=0.00, real=0.00 secs] 
2019-01-25T15:22:28.982+0000: [GC (Allocation Failure) 2019-01-25T15:22:28.982+0000: [ParNew: 69144K->264K(77440K), 0.0016755 secs] 203862K->135001K(281520K), 0.0017339 secs] [Times: user=0.00 sys=0.00, real=0.00 secs] 
2019-01-25T15:22:29.030+0000: [GC (Allocation Failure) 2019-01-25T15:22:29.030+0000: [ParNew: 69128K->377K(77440K), 0.0015595 secs] 203865K->135123K(281520K), 0.0016167 secs] [Times: user=0.00 sys=0.00, real=0.00 secs] 
2019-01-25T15:22:29.074+0000: [GC (Allocation Failure) 2019-01-25T15:22:29.074+0000: [ParNew: 69241K->444K(77440K), 0.0016243 secs] 203987K->135201K(281520K), 0.0016818 secs] [Times: user=0.00 sys=0.00, real=0.00 secs] 
2019-01-25T15:22:29.118+0000: [GC (Allocation Failure) 2019-01-25T15:22:29.118+0000: [ParNew: 69308K->381K(77440K), 0.0019266 secs] 204065K->135149K(281520K), 0.0019916 secs] [Times: user=0.01 sys=0.00, real=0.00 secs] 
2019-01-25T15:22:29.166+0000: [GC (Allocation Failure) 2019-01-25T15:22:29.166+0000: [ParNew: 69245K->582K(77440K), 0.0017625 secs] 204013K->135365K(281520K), 0.0018212 secs] [Times: user=0.01 sys=0.00, real=0.00 secs] 
2019-01-25T15:22:29.210+0000: [GC (Allocation Failure) 2019-01-25T15:22:29.210+0000: [ParNew: 69446K->467K(77440K), 0.0019086 secs] 204229K->135292K(281520K), 0.0019781 secs] [Times: user=0.01 sys=0.00, real=0.00 secs] 
2019-01-25T15:22:29.254+0000: [GC (Allocation Failure) 2019-01-25T15:22:29.254+0000: [ParNew: 69331K->577K(77440K), 0.0017968 secs] 204156K->135422K(281520K), 0.0018541 secs] [Times: user=0.01 sys=0.00, real=0.00 secs] 
2019-01-25T15:22:29.298+0000: [GC (Allocation Failure) 2019-01-25T15:22:29.298+0000: [ParNew: 69441K->540K(77440K), 0.0018791 secs] 204286K->135459K(281520K), 0.0019349 secs] [Times: user=0.01 sys=0.00, real=0.00 secs] 
2019-01-25T15:22:29.342+0000: [GC (Allocation Failure) 2019-01-25T15:22:29.342+0000: [ParNew: 69404K->534K(77440K), 0.0017833 secs] 204323K->135485K(281520K), 0.0018398 secs] [Times: user=0.00 sys=0.00, real=0.00 secs] 
2019-01-25T15:22:29.394+0000: [GC (Allocation Failure) 2019-01-25T15:22:29.394+0000: [ParNew: 69383K->454K(77440K), 0.0018484 secs] 204334K->135454K(281520K), 0.0019077 secs] [Times: user=0.00 sys=0.00, real=0.00 secs] 
2019-01-25T15:22:29.438+0000: [GC (Allocation Failure) 2019-01-25T15:22:29.438+0000: [ParNew: 69318K->447K(77440K), 0.0017996 secs] 204318K->135529K(281520K), 0.0018581 secs] [Times: user=0.01 sys=0.00, real=0.00 secs] 
2019-01-25T15:22:29.482+0000: [GC (Allocation Failure) 2019-01-25T15:22:29.482+0000: [ParNew: 69311K->535K(77440K), 0.0019539 secs] 204393K->135648K(281520K), 0.0020096 secs] [Times: user=0.01 sys=0.00, real=0.00 secs] 
2019-01-25T15:22:29.526+0000: [GC (Allocation Failure) 2019-01-25T15:22:29.526+0000: [ParNew: 69399K->627K(77440K), 0.0023293 secs] 204512K->135782K(281520K), 0.0023836 secs] [Times: user=0.01 sys=0.00, real=0.00 secs] 
2019-01-25T15:22:29.569+0000: [GC (Allocation Failure) 2019-01-25T15:22:29.569+0000: [ParNew: 69491K->561K(77440K), 0.0020198 secs] 204646K->135739K(281520K), 0.0020797 secs] [Times: user=0.01 sys=0.00, real=0.00 secs] 
2019-01-25T15:22:29.622+0000: [GC (Allocation Failure) 2019-01-25T15:22:29.622+0000: [ParNew: 69425K->515K(77440K), 0.0036774 secs] 204603K->135709K(281520K), 0.0037406 secs] [Times: user=0.01 sys=0.00, real=0.00 secs] 
2019-01-25T15:22:29.677+0000: [GC (Allocation Failure) 2019-01-25T15:22:29.677+0000: [ParNew: 69379K->622K(77440K), 0.0029168 secs] 204573K->135857K(281520K), 0.0029933 secs] [Times: user=0.01 sys=0.00, real=0.00 secs] 
2019-01-25T15:22:29.723+0000: [GC (Allocation Failure) 2019-01-25T15:22:29.723+0000: [ParNew: 69486K->700K(77440K), 0.0022545 secs] 204721K->135994K(281520K), 0.0023126 secs] [Times: user=0.01 sys=0.00, real=0.00 secs] 
2019-01-25T15:22:29.774+0000: [GC (Allocation Failure) 2019-01-25T15:22:29.774+0000: [ParNew: 69564K->462K(77440K), 0.0021811 secs] 204858K->135935K(281520K), 0.0022403 secs] [Times: user=0.01 sys=0.00, real=0.00 secs] 
2019-01-25T15:22:29.822+0000: [GC (Allocation Failure) 2019-01-25T15:22:29.822+0000: [ParNew: 69326K->548K(77440K), 0.0021486 secs] 204799K->136064K(281520K), 0.0022062 secs] [Times: user=0.01 sys=0.00, real=0.00 secs] 
2019-01-25T15:22:29.866+0000: [GC (Allocation Failure) 2019-01-25T15:22:29.866+0000: [ParNew: 69412K->544K(77440K), 0.0020704 secs] 204928K->136103K(281520K), 0.0021270 secs] [Times: user=0.01 sys=0.00, real=0.00 secs] 
2019-01-25T15:22:29.918+0000: [GC (Allocation Failure) 2019-01-25T15:22:29.918+0000: [ParNew: 69408K->485K(77440K), 0.0026746 secs] 204967K->136082K(281520K), 0.0027518 secs] [Times: user=0.01 sys=0.00, real=0.00 secs] 
2019-01-25T15:22:29.977+0000: [GC (Allocation Failure) 2019-01-25T15:22:29.977+0000: [ParNew: 69349K->518K(77440K), 0.0021160 secs] 204946K->136163K(281520K), 0.0021738 secs] [Times: user=0.01 sys=0.00, real=0.00 secs] 
2019-01-25T15:22:30.024+0000: [GC (Allocation Failure) 2019-01-25T15:22:30.024+0000: [ParNew: 69382K->674K(77440K), 0.0023423 secs] 205027K->136378K(281520K), 0.0024058 secs] [Times: user=0.01 sys=0.00, real=0.01 secs] 
2019-01-25T15:22:30.070+0000: [GC (Allocation Failure) 2019-01-25T15:22:30.070+0000: [ParNew: 69538K->743K(77440K), 0.0022408 secs] 205242K->136493K(281520K), 0.0023000 secs] [Times: user=0.00 sys=0.00, real=0.00 secs] 
2019-01-25T15:22:30.114+0000: [GC (Allocation Failure) 2019-01-25T15:22:30.114+0000: [ParNew: 69607K->767K(77440K), 0.0021943 secs] 205357K->136541K(281520K), 0.0022531 secs] [Times: user=0.01 sys=0.00, real=0.00 secs] 
2019-01-25T15:22:30.157+0000: [GC (Allocation Failure) 2019-01-25T15:22:30.157+0000: [ParNew: 69631K->803K(77440K), 0.0024572 secs] 205405K->136606K(281520K), 0.0025156 secs] [Times: user=0.01 sys=0.00, real=0.00 secs] 
2019-01-25T15:22:30.209+0000: [GC (Allocation Failure) 2019-01-25T15:22:30.209+0000: [ParNew: 69667K->831K(77440K), 0.0028579 secs] 205470K->136662K(281520K), 0.0029145 secs] [Times: user=0.02 sys=0.00, real=0.00 secs] 
2019-01-25T15:22:30.257+0000: [GC (Allocation Failure) 2019-01-25T15:22:30.257+0000: [ParNew: 69695K->639K(77440K), 0.0024471 secs] 205526K->136521K(281520K), 0.0025075 secs] [Times: user=0.01 sys=0.00, real=0.00 secs] 
2019-01-25T15:22:30.302+0000: [GC (Allocation Failure) 2019-01-25T15:22:30.302+0000: [ParNew: 69503K->525K(77440K), 0.0023525 secs] 205385K->136731K(281520K), 0.0024091 secs] [Times: user=0.01 sys=0.00, real=0.00 secs] 
2019-01-25T15:22:30.350+0000: [GC (Allocation Failure) 2019-01-25T15:22:30.350+0000: [ParNew: 69389K->497K(77440K), 0.0021109 secs] 205595K->136743K(281520K), 0.0021627 secs] [Times: user=0.01 sys=0.00, real=0.00 secs] 
2019-01-25T15:22:30.394+0000: [GC (Allocation Failure) 2019-01-25T15:22:30.394+0000: [ParNew: 69361K->447K(77440K), 0.0026070 secs] 205607K->136743K(281520K), 0.0026645 secs] [Times: user=0.00 sys=0.00, real=0.00 secs] 
2019-01-25T15:22:30.437+0000: [GC (Allocation Failure) 2019-01-25T15:22:30.437+0000: [ParNew: 69311K->508K(77440K), 0.0021910 secs] 205607K->136837K(281520K), 0.0022484 secs] [Times: user=0.01 sys=0.00, real=0.00 secs] 
2019-01-25T15:22:30.480+0000: [GC (Allocation Failure) 2019-01-25T15:22:30.480+0000: [ParNew: 69372K->409K(77440K), 0.0022515 secs] 205701K->136774K(281520K), 0.0023186 secs] [Times: user=0.01 sys=0.00, real=0.00 secs] 
2019-01-25T15:22:30.524+0000: [GC (Allocation Failure) 2019-01-25T15:22:30.524+0000: [ParNew: 69273K->527K(77440K), 0.0021992 secs] 205638K->136939K(281520K), 0.0022568 secs] [Times: user=0.01 sys=0.00, real=0.01 secs] 
2019-01-25T15:22:30.566+0000: [GC (Allocation Failure) 2019-01-25T15:22:30.566+0000: [ParNew: 69391K->517K(77440K), 0.0020232 secs] 205803K->136951K(281520K), 0.0020797 secs] [Times: user=0.00 sys=0.00, real=0.00 secs] 
2019-01-25T15:22:30.610+0000: [GC (Allocation Failure) 2019-01-25T15:22:30.610+0000: [ParNew: 69381K->502K(77440K), 0.0020744 secs] 205815K->136966K(281520K), 0.0021308 secs] [Times: user=0.01 sys=0.00, real=0.00 secs] 
2019-01-25T15:22:30.653+0000: [GC (Allocation Failure) 2019-01-25T15:22:30.653+0000: [ParNew: 69366K->541K(77440K), 0.0021472 secs] 205830K->137069K(281520K), 0.0022025 secs] [Times: user=0.01 sys=0.00, real=0.01 secs] 
2019-01-25T15:22:30.698+0000: [GC (Allocation Failure) 2019-01-25T15:22:30.698+0000: [ParNew: 69405K->579K(77440K), 0.0020730 secs] 205933K->137157K(281520K), 0.0021388 secs] [Times: user=0.01 sys=0.00, real=0.00 secs] 
2019-01-25T15:22:30.742+0000: [GC (Allocation Failure) 2019-01-25T15:22:30.742+0000: [ParNew: 69443K->439K(77440K), 0.0021123 secs] 206021K->137064K(281520K), 0.0021674 secs] [Times: user=0.00 sys=0.00, real=0.00 secs] 
2019-01-25T15:22:30.786+0000: [GC (Allocation Failure) 2019-01-25T15:22:30.786+0000: [ParNew: 69303K->418K(77440K), 0.0020358 secs] 205928K->137127K(281520K), 0.0020947 secs] [Times: user=0.01 sys=0.00, real=0.00 secs] 
2019-01-25T15:22:30.834+0000: [GC (Allocation Failure) 2019-01-25T15:22:30.834+0000: [ParNew: 69282K->459K(77440K), 0.0019864 secs] 205991K->137187K(281520K), 0.0020401 secs] [Times: user=0.01 sys=0.00, real=0.00 secs] 
2019-01-25T15:22:30.880+0000: [GC (Allocation Failure) 2019-01-25T15:22:30.880+0000: [ParNew: 69323K->423K(77440K), 0.0021331 secs] 206051K->137170K(281520K), 0.0021889 secs] [Times: user=0.01 sys=0.00, real=0.00 secs] 
2019-01-25T15:22:30.926+0000: [GC (Allocation Failure) 2019-01-25T15:22:30.926+0000: [ParNew: 69287K->585K(77440K), 0.0026515 secs] 206034K->137356K(281520K), 0.0027095 secs] [Times: user=0.01 sys=0.00, real=0.00 secs] 
2019-01-25T15:22:30.986+0000: [GC (Allocation Failure) 2019-01-25T15:22:30.986+0000: [ParNew: 69449K->616K(77440K), 0.0023150 secs] 206220K->137427K(281520K), 0.0023742 secs] [Times: user=0.01 sys=0.00, real=0.00 secs] 
2019-01-25T15:22:31.029+0000: [GC (Allocation Failure) 2019-01-25T15:22:31.029+0000: [ParNew: 69480K->596K(77440K), 0.0024047 secs] 206291K->137463K(281520K), 0.0024611 secs] [Times: user=0.01 sys=0.00, real=0.00 secs] 
2019-01-25T15:22:31.074+0000: [GC (Allocation Failure) 2019-01-25T15:22:31.074+0000: [ParNew: 69460K->592K(77440K), 0.0023795 secs] 206327K->137512K(281520K), 0.0024355 secs] [Times: user=0.01 sys=0.00, real=0.00 secs] 
2019-01-25T15:22:31.120+0000: [GC (Allocation Failure) 2019-01-25T15:22:31.120+0000: [ParNew: 69456K->1295K(77440K), 0.0030329 secs] 206376K->138246K(281520K), 0.0030903 secs] [Times: user=0.01 sys=0.00, real=0.00 secs] 
2019-01-25T15:22:31.167+0000: [GC (Allocation Failure) 2019-01-25T15:22:31.167+0000: [ParNew: 70159K->1417K(77440K), 0.0031097 secs] 207110K->138429K(281520K), 0.0031842 secs] [Times: user=0.01 sys=0.00, real=0.00 secs] 
2019-01-25T15:22:31.210+0000: [GC (Allocation Failure) 2019-01-25T15:22:31.210+0000: [ParNew: 70281K->1265K(77440K), 0.0030995 secs] 207293K->138341K(281520K), 0.0031561 secs] [Times: user=0.01 sys=0.00, real=0.00 secs] 
2019-01-25T15:22:31.254+0000: [GC (Allocation Failure) 2019-01-25T15:22:31.254+0000: [ParNew: 70129K->1391K(77440K), 0.0035284 secs] 207205K->138496K(281520K), 0.0035842 secs] [Times: user=0.02 sys=0.00, real=0.00 secs] 
2019-01-25T15:22:31.298+0000: [GC (Allocation Failure) 2019-01-25T15:22:31.298+0000: [ParNew: 70255K->1440K(77440K), 0.0034286 secs] 207360K->138628K(281520K), 0.0034842 secs] [Times: user=0.01 sys=0.00, real=0.00 secs] 
2019-01-25T15:22:31.342+0000: [GC (Allocation Failure) 2019-01-25T15:22:31.342+0000: [ParNew: 70304K->1317K(77440K), 0.0033425 secs] 207492K->138572K(281520K), 0.0033983 secs] [Times: user=0.02 sys=0.00, real=0.00 secs] 
2019-01-25T15:22:31.385+0000: [GC (Allocation Failure) 2019-01-25T15:22:31.385+0000: [ParNew: 70181K->963K(77440K), 0.0034717 secs] 207436K->138846K(281520K), 0.0035283 secs] [Times: user=0.01 sys=0.00, real=0.01 secs] 
2019-01-25T15:22:31.430+0000: [GC (Allocation Failure) 2019-01-25T15:22:31.430+0000: [ParNew: 69827K->1027K(77440K), 0.0026861 secs] 207710K->138983K(281520K), 0.0027420 secs] [Times: user=0.01 sys=0.00, real=0.00 secs] 
2019-01-25T15:22:31.474+0000: [GC (Allocation Failure) 2019-01-25T15:22:31.474+0000: [ParNew: 69891K->947K(77440K), 0.0026064 secs] 207847K->138974K(281520K), 0.0026627 secs] [Times: user=0.01 sys=0.00, real=0.00 secs] 
2019-01-25T15:22:31.518+0000: [GC (Allocation Failure) 2019-01-25T15:22:31.518+0000: [ParNew: 69811K->805K(77440K), 0.0025817 secs] 207838K->138956K(281520K), 0.0026382 secs] [Times: user=0.01 sys=0.00, real=0.00 secs] 
2019-01-25T15:22:31.562+0000: [GC (Allocation Failure) 2019-01-25T15:22:31.562+0000: [ParNew: 69669K->733K(77440K), 0.0024960 secs] 207820K->138998K(281520K), 0.0025651 secs] [Times: user=0.01 sys=0.00, real=0.00 secs] 
2019-01-25T15:22:31.606+0000: [GC (Allocation Failure) 2019-01-25T15:22:31.606+0000: [ParNew: 69597K->716K(77440K), 0.0023330 secs] 207862K->139044K(281520K), 0.0023890 secs] [Times: user=0.01 sys=0.00, real=0.00 secs] 
2019-01-25T15:22:31.649+0000: [GC (Allocation Failure) 2019-01-25T15:22:31.649+0000: [ParNew: 69580K->752K(77440K), 0.0024476 secs] 207908K->139167K(281520K), 0.0025035 secs] [Times: user=0.01 sys=0.00, real=0.00 secs] 
2019-01-25T15:22:31.694+0000: [GC (Allocation Failure) 2019-01-25T15:22:31.694+0000: [ParNew: 69616K->601K(77440K), 0.0023923 secs] 208031K->139113K(281520K), 0.0024479 secs] [Times: user=0.01 sys=0.00, real=0.00 secs] 
2019-01-25T15:22:31.737+0000: [GC (Allocation Failure) 2019-01-25T15:22:31.737+0000: [ParNew: 69465K->723K(77440K), 0.0022984 secs] 207977K->139274K(281520K), 0.0023546 secs] [Times: user=0.01 sys=0.00, real=0.00 secs] 
2019-01-25T15:22:31.779+0000: [GC (Allocation Failure) 2019-01-25T15:22:31.779+0000: [ParNew: 69587K->693K(77440K), 0.0022922 secs] 208138K->139281K(281520K), 0.0023491 secs] [Times: user=0.01 sys=0.00, real=0.00 secs] 
2019-01-25T15:22:31.829+0000: [GC (Allocation Failure) 2019-01-25T15:22:31.829+0000: [ParNew: 69557K->719K(77440K), 0.0032715 secs] 208145K->139383K(281520K), 0.0033458 secs] [Times: user=0.01 sys=0.00, real=0.00 secs] 
2019-01-25T15:22:31.878+0000: [GC (Allocation Failure) 2019-01-25T15:22:31.878+0000: [ParNew: 69583K->708K(77440K), 0.0038002 secs] 208247K->139433K(281520K), 0.0038569 secs] [Times: user=0.01 sys=0.00, real=0.00 secs] 
2019-01-25T15:22:31.937+0000: [GC (Allocation Failure) 2019-01-25T15:22:31.937+0000: [ParNew: 69572K->448K(77440K), 0.0023372 secs] 208297K->139285K(281520K), 0.0023946 secs] [Times: user=0.01 sys=0.00, real=0.00 secs] 
2019-01-25T15:22:31.982+0000: [GC (Allocation Failure) 2019-01-25T15:22:31.982+0000: [ParNew: 69312K->474K(77440K), 0.0021548 secs] 208149K->139380K(281520K), 0.0022127 secs] [Times: user=0.01 sys=0.00, real=0.00 secs] 
2019-01-25T15:22:32.026+0000: [GC (Allocation Failure) 2019-01-25T15:22:32.026+0000: [ParNew: 69338K->555K(77440K), 0.0021706 secs] 208244K->139496K(281520K), 0.0022279 secs] [Times: user=0.01 sys=0.00, real=0.00 secs] 
2019-01-25T15:22:32.070+0000: [GC (Allocation Failure) 2019-01-25T15:22:32.070+0000: [ParNew: 69419K->583K(77440K), 0.0022980 secs] 208360K->139572K(281520K), 0.0023551 secs] [Times: user=0.01 sys=0.00, real=0.00 secs] 
2019-01-25T15:22:32.113+0000: [GC (Allocation Failure) 2019-01-25T15:22:32.113+0000: [ParNew: 69447K->757K(77440K), 0.0023636 secs] 208436K->139777K(281520K), 0.0024207 secs] [Times: user=0.01 sys=0.00, real=0.01 secs] 
2019-01-25T15:22:32.156+0000: [GC (Allocation Failure) 2019-01-25T15:22:32.156+0000: [ParNew: 69621K->820K(77440K), 0.0024118 secs] 208641K->139883K(281520K), 0.0024693 secs] [Times: user=0.01 sys=0.00, real=0.00 secs] 
2019-01-25T15:22:32.202+0000: [GC (Allocation Failure) 2019-01-25T15:22:32.202+0000: [ParNew: 69684K->771K(77440K), 0.0026828 secs] 208747K->139857K(281520K), 0.0027403 secs] [Times: user=0.00 sys=0.00, real=0.00 secs] 
2019-01-25T15:22:32.246+0000: [GC (Allocation Failure) 2019-01-25T15:22:32.246+0000: [ParNew: 69635K->681K(77440K), 0.0025051 secs] 208721K->139832K(281520K), 0.0025734 secs] [Times: user=0.01 sys=0.00, real=0.01 secs] 
2019-01-25T15:22:32.289+0000: [GC (Allocation Failure) 2019-01-25T15:22:32.289+0000: [ParNew: 69545K->677K(77440K), 0.0025985 secs] 208696K->139930K(281520K), 0.0026565 secs] [Times: user=0.01 sys=0.00, real=0.00 secs] 
2019-01-25T15:22:32.334+0000: [GC (Allocation Failure) 2019-01-25T15:22:32.334+0000: [ParNew: 69541K->710K(77440K), 0.0023851 secs] 208794K->140068K(281520K), 0.0024416 secs] [Times: user=0.01 sys=0.00, real=0.00 secs] 
2019-01-25T15:22:32.382+0000: [GC (Allocation Failure) 2019-01-25T15:22:32.382+0000: [ParNew: 69574K->488K(77440K), 0.0022588 secs] 208932K->139940K(281520K), 0.0023153 secs] [Times: user=0.01 sys=0.00, real=0.00 secs] 
2019-01-25T15:22:32.426+0000: [GC (Allocation Failure) 2019-01-25T15:22:32.426+0000: [ParNew: 69352K->522K(77440K), 0.0021533 secs] 208804K->140048K(281520K), 0.0022094 secs] [Times: user=0.01 sys=0.00, real=0.00 secs] 
2019-01-25T15:22:32.476+0000: [GC (Allocation Failure) 2019-01-25T15:22:32.476+0000: [ParNew: 69386K->521K(77440K), 0.0019952 secs] 208912K->140074K(281520K), 0.0020657 secs] [Times: user=0.00 sys=0.00, real=0.00 secs] 
2019-01-25T15:22:32.522+0000: [GC (Allocation Failure) 2019-01-25T15:22:32.522+0000: [ParNew: 69385K->554K(77440K), 0.0020265 secs] 208938K->140157K(281520K), 0.0020826 secs] [Times: user=0.01 sys=0.00, real=0.00 secs] 
2019-01-25T15:22:32.564+0000: [GC (Allocation Failure) 2019-01-25T15:22:32.564+0000: [ParNew: 69418K->1481K(77440K), 0.0036505 secs] 209021K->141157K(281520K), 0.0037074 secs] [Times: user=0.01 sys=0.00, real=0.01 secs] 
2019-01-25T15:22:32.613+0000: [GC (Allocation Failure) 2019-01-25T15:22:32.613+0000: [ParNew: 70345K->1453K(77440K), 0.0035619 secs] 210021K->141175K(281520K), 0.0036192 secs] [Times: user=0.01 sys=0.00, real=0.01 secs] 
2019-01-25T15:22:32.662+0000: [GC (Allocation Failure) 2019-01-25T15:22:32.662+0000: [ParNew: 70317K->1394K(77440K), 0.0034710 secs] 210039K->141153K(281520K), 0.0035277 secs] [Times: user=0.01 sys=0.00, real=0.00 secs] 
2019-01-25T15:22:32.711+0000: [GC (Allocation Failure) 2019-01-25T15:22:32.711+0000: [ParNew: 70258K->1301K(77440K), 0.0033474 secs] 210017K->141085K(281520K), 0.0034033 secs] [Times: user=0.01 sys=0.00, real=0.01 secs] 
2019-01-25T15:22:32.755+0000: [GC (Allocation Failure) 2019-01-25T15:22:32.755+0000: [ParNew: 70165K->1330K(77440K), 0.0033864 secs] 209949K->141173K(281520K), 0.0034424 secs] [Times: user=0.01 sys=0.01, real=0.00 secs] 
2019-01-25T15:22:32.802+0000: [GC (Allocation Failure) 2019-01-25T15:22:32.802+0000: [ParNew: 70194K->1311K(77440K), 0.0038933 secs] 210037K->141191K(281520K), 0.0039516 secs] [Times: user=0.01 sys=0.00, real=0.01 secs] 
2019-01-25T15:22:32.848+0000: [GC (Allocation Failure) 2019-01-25T15:22:32.848+0000: [ParNew: 70175K->503K(77440K), 0.0038357 secs] 210055K->141423K(281520K), 0.0038915 secs] [Times: user=0.02 sys=0.00, real=0.00 secs] 
2019-01-25T15:22:32.894+0000: [GC (Allocation Failure) 2019-01-25T15:22:32.894+0000: [ParNew: 69367K->743K(77440K), 0.0025187 secs] 210287K->141683K(281520K), 0.0025754 secs] [Times: user=0.01 sys=0.00, real=0.00 secs] 
2019-01-25T15:22:32.937+0000: [GC (Allocation Failure) 2019-01-25T15:22:32.937+0000: [ParNew: 69607K->724K(77440K), 0.0024990 secs] 210547K->141691K(281520K), 0.0025562 secs] [Times: user=0.01 sys=0.00, real=0.00 secs] 
2019-01-25T15:22:32.980+0000: [GC (Allocation Failure) 2019-01-25T15:22:32.980+0000: [ParNew: 69588K->775K(77440K), 0.0024963 secs] 210555K->141767K(281520K), 0.0025533 secs] [Times: user=0.01 sys=0.00, real=0.00 secs] 
2019-01-25T15:22:33.022+0000: [GC (Allocation Failure) 2019-01-25T15:22:33.022+0000: [ParNew: 69639K->835K(77440K), 0.0024925 secs] 210631K->141846K(281520K), 0.0025519 secs] [Times: user=0.00 sys=0.00, real=0.00 secs] 
2019-01-25T15:22:33.066+0000: [GC (Allocation Failure) 2019-01-25T15:22:33.066+0000: [ParNew: 69699K->914K(77440K), 0.0025118 secs] 210710K->141951K(281520K), 0.0025686 secs] [Times: user=0.01 sys=0.00, real=0.00 secs] 
2019-01-25T15:22:33.108+0000: [GC (Allocation Failure) 2019-01-25T15:22:33.108+0000: [ParNew: 69778K->506K(77440K), 0.0031197 secs] 210815K->141722K(281520K), 0.0031755 secs] [Times: user=0.01 sys=0.00, real=0.00 secs] 
2019-01-25T15:22:33.154+0000: [GC (Allocation Failure) 2019-01-25T15:22:33.154+0000: [ParNew: 69370K->398K(77440K), 0.0024148 secs] 210586K->141768K(281520K), 0.0024721 secs] [Times: user=0.01 sys=0.00, real=0.00 secs] 
2019-01-25T15:22:33.198+0000: [GC (Allocation Failure) 2019-01-25T15:22:33.198+0000: [ParNew: 69262K->432K(77440K), 0.0020355 secs] 210632K->141852K(281520K), 0.0020906 secs] [Times: user=0.00 sys=0.00, real=0.00 secs] 
2019-01-25T15:22:33.242+0000: [GC (Allocation Failure) 2019-01-25T15:22:33.242+0000: [ParNew: 69296K->335K(77440K), 0.0019024 secs] 210716K->141791K(281520K), 0.0019602 secs] [Times: user=0.01 sys=0.00, real=0.00 secs] 
2019-01-25T15:22:33.286+0000: [GC (Allocation Failure) 2019-01-25T15:22:33.286+0000: [ParNew: 69199K->294K(77440K), 0.0021120 secs] 210655K->141774K(281520K), 0.0021694 secs] [Times: user=0.00 sys=0.00, real=0.00 secs] 
2019-01-25T15:22:33.328+0000: [GC (Allocation Failure) 2019-01-25T15:22:33.329+0000: [ParNew: 69158K->342K(77440K), 0.0018873 secs] 210638K->141846K(281520K), 0.0019440 secs] [Times: user=0.01 sys=0.00, real=0.00 secs] 
2019-01-25T15:22:33.371+0000: [GC (Allocation Failure) 2019-01-25T15:22:33.371+0000: [ParNew: 69206K->315K(77440K), 0.0018761 secs] 210710K->141844K(281520K), 0.0019346 secs] [Times: user=0.01 sys=0.00, real=0.00 secs] 
2019-01-25T15:22:33.418+0000: [GC (Allocation Failure) 2019-01-25T15:22:33.418+0000: [ParNew: 69179K->261K(77440K), 0.0018927 secs] 210708K->141824K(281520K), 0.0019485 secs] [Times: user=0.01 sys=0.00, real=0.00 secs] 
2019-01-25T15:22:33.462+0000: [GC (Allocation Failure) 2019-01-25T15:22:33.462+0000: [ParNew: 69125K->224K(77440K), 0.0018040 secs] 210688K->141809K(281520K), 0.0018613 secs] [Times: user=0.01 sys=0.00, real=0.00 secs] 
2019-01-25T15:22:33.506+0000: [GC (Allocation Failure) 2019-01-25T15:22:33.506+0000: [ParNew: 69088K->264K(77440K), 0.0017076 secs] 210673K->141861K(281520K), 0.0017646 secs] [Times: user=0.01 sys=0.00, real=0.00 secs] 
2019-01-25T15:22:33.550+0000: [GC (Allocation Failure) 2019-01-25T15:22:33.550+0000: [ParNew: 69128K->344K(77440K), 0.0017564 secs] 210725K->141963K(281520K), 0.0018124 secs] [Times: user=0.00 sys=0.00, real=0.00 secs] 
2019-01-25T15:22:33.594+0000: [GC (Allocation Failure) 2019-01-25T15:22:33.594+0000: [ParNew: 69208K->266K(77440K), 0.0018183 secs] 210827K->141908K(281520K), 0.0018730 secs] [Times: user=0.01 sys=0.00, real=0.00 secs] 
2019-01-25T15:22:33.638+0000: [GC (Allocation Failure) 2019-01-25T15:22:33.638+0000: [ParNew: 69130K->411K(77440K), 0.0020789 secs] 210772K->142069K(281520K), 0.0021374 secs] [Times: user=0.01 sys=0.00, real=0.00 secs] 
2019-01-25T15:22:33.680+0000: [GC (Allocation Failure) 2019-01-25T15:22:33.680+0000: [ParNew: 69275K->492K(77440K), 0.0022653 secs] 210933K->142177K(281520K), 0.0023225 secs] [Times: user=0.01 sys=0.00, real=0.00 secs] 
2019-01-25T15:22:33.726+0000: [GC (Allocation Failure) 2019-01-25T15:22:33.726+0000: [ParNew: 69356K->586K(77440K), 0.0027978 secs] 211041K->142294K(281520K), 0.0028546 secs] [Times: user=0.01 sys=0.00, real=0.00 secs] 
2019-01-25T15:22:33.769+0000: [GC (Allocation Failure) 2019-01-25T15:22:33.769+0000: [ParNew: 69450K->639K(77440K), 0.0026295 secs] 211158K->142366K(281520K), 0.0026868 secs] [Times: user=0.01 sys=0.00, real=0.00 secs] 
2019-01-25T15:22:33.814+0000: [GC (Allocation Failure) 2019-01-25T15:22:33.814+0000: [ParNew: 69503K->744K(77440K), 0.0024966 secs] 211230K->142493K(281520K), 0.0025548 secs] [Times: user=0.01 sys=0.00, real=0.00 secs] 
2019-01-25T15:22:33.866+0000: [GC (Allocation Failure) 2019-01-25T15:22:33.866+0000: [ParNew: 69608K->861K(77440K), 0.0027413 secs] 211357K->142628K(281520K), 0.0027976 secs] [Times: user=0.01 sys=0.00, real=0.00 secs] 
2019-01-25T15:22:33.910+0000: [GC (Allocation Failure) 2019-01-25T15:22:33.910+0000: [ParNew: 69725K->822K(77440K), 0.0032390 secs] 211492K->142707K(281520K), 0.0032942 secs] [Times: user=0.02 sys=0.00, real=0.00 secs] 
2019-01-25T15:22:33.952+0000: [GC (Allocation Failure) 2019-01-25T15:22:33.952+0000: [ParNew: 69686K->820K(77440K), 0.0028936 secs] 211571K->142775K(281520K), 0.0029500 secs] [Times: user=0.01 sys=0.00, real=0.01 secs] 
2019-01-25T15:22:33.995+0000: [GC (Allocation Failure) 2019-01-25T15:22:33.995+0000: [ParNew: 69684K->878K(77440K), 0.0028455 secs] 211639K->142935K(281520K), 0.0028996 secs] [Times: user=0.02 sys=0.00, real=0.00 secs] 
2019-01-25T15:22:34.042+0000: [GC (Allocation Failure) 2019-01-25T15:22:34.042+0000: [ParNew: 69742K->986K(77440K), 0.0027510 secs] 211799K->143098K(281520K), 0.0028065 secs] [Times: user=0.01 sys=0.00, real=0.00 secs] 
2019-01-25T15:22:34.090+0000: [GC (Allocation Failure) 2019-01-25T15:22:34.090+0000: [ParNew: 69850K->903K(77440K), 0.0029129 secs] 211962K->143106K(281520K), 0.0029801 secs] [Times: user=0.01 sys=0.01, real=0.00 secs] 
2019-01-25T15:22:34.134+0000: [GC (Allocation Failure) 2019-01-25T15:22:34.134+0000: [ParNew: 69767K->1031K(77440K), 0.0026843 secs] 211970K->143302K(281520K), 0.0027415 secs] [Times: user=0.01 sys=0.00, real=0.00 secs] 
2019-01-25T15:22:34.178+0000: [GC (Allocation Failure) 2019-01-25T15:22:34.178+0000: [ParNew: 69895K->896K(77440K), 0.0029297 secs] 212166K->143278K(281520K), 0.0029869 secs] [Times: user=0.01 sys=0.00, real=0.00 secs] 
2019-01-25T15:22:34.222+0000: [GC (Allocation Failure) 2019-01-25T15:22:34.222+0000: [ParNew: 69760K->865K(77440K), 0.0026923 secs] 212142K->143298K(281520K), 0.0027482 secs] [Times: user=0.01 sys=0.00, real=0.00 secs] 
2019-01-25T15:22:34.266+0000: [GC (Allocation Failure) 2019-01-25T15:22:34.266+0000: [ParNew: 69729K->877K(77440K), 0.0026108 secs] 212162K->143393K(281520K), 0.0026672 secs] [Times: user=0.01 sys=0.00, real=0.00 secs] 
2019-01-25T15:22:34.310+0000: [GC (Allocation Failure) 2019-01-25T15:22:34.310+0000: [ParNew: 69741K->667K(77440K), 0.0025858 secs] 212257K->143298K(281520K), 0.0026414 secs] [Times: user=0.01 sys=0.00, real=0.00 secs] 
2019-01-25T15:22:34.352+0000: [GC (Allocation Failure) 2019-01-25T15:22:34.352+0000: [ParNew: 69531K->626K(77440K), 0.0023470 secs] 212162K->143334K(281520K), 0.0024040 secs] [Times: user=0.01 sys=0.00, real=0.01 secs] 
2019-01-25T15:22:34.394+0000: [GC (Allocation Failure) 2019-01-25T15:22:34.394+0000: [ParNew: 69490K->449K(77440K), 0.0022320 secs] 212198K->143204K(281520K), 0.0022868 secs] [Times: user=0.01 sys=0.00, real=0.00 secs] 
2019-01-25T15:22:34.437+0000: [GC (Allocation Failure) 2019-01-25T15:22:34.437+0000: [ParNew: 69313K->407K(77440K), 0.0024120 secs] 212068K->143270K(281520K), 0.0024683 secs] [Times: user=0.01 sys=0.00, real=0.00 secs] 
2019-01-25T15:22:34.442+0000: [GC (CMS Initial Mark) [1 CMS-initial-mark: 142863K(204080K)] 144640K(281520K), 0.0010202 secs] [Times: user=0.00 sys=0.00, real=0.00 secs] 
2019-01-25T15:22:34.443+0000: [CMS-concurrent-mark-start]
2019-01-25T15:22:34.494+0000: [GC (Allocation Failure) 2019-01-25T15:22:34.494+0000: [ParNew: 69271K->634K(77440K), 0.0027288 secs] 212134K->143548K(281520K), 0.0027864 secs] [Times: user=0.01 sys=0.00, real=0.00 secs] 
2019-01-25T15:22:34.530+0000: [CMS-concurrent-mark: 0.084/0.087 secs] [Times: user=0.34 sys=0.01, real=0.09 secs] 
2019-01-25T15:22:34.530+0000: [CMS-concurrent-preclean-start]
2019-01-25T15:22:34.536+0000: [CMS-concurrent-preclean: 0.005/0.006 secs] [Times: user=0.02 sys=0.00, real=0.01 secs] 
2019-01-25T15:22:34.536+0000: [CMS-concurrent-abortable-preclean-start]
2019-01-25T15:22:34.550+0000: [GC (Allocation Failure) 2019-01-25T15:22:34.550+0000: [ParNew: 69498K->702K(77440K), 0.0026065 secs] 212412K->143650K(281520K), 0.0026500 secs] [Times: user=0.01 sys=0.00, real=0.00 secs] 
2019-01-25T15:22:34.578+0000: [CMS-concurrent-abortable-preclean: 0.033/0.042 secs] [Times: user=0.16 sys=0.00, real=0.04 secs] 
2019-01-25T15:22:34.582+0000: [GC (CMS Final Remark) [YG occupancy: 39190 K (77440 K)]2019-01-25T15:22:34.582+0000: [Rescan (parallel) , 0.0150921 secs]2019-01-25T15:22:34.597+0000: [weak refs processing, 0.0001094 secs]2019-01-25T15:22:34.597+0000: [class unloading, 0.0084983 secs]2019-01-25T15:22:34.606+0000: [scrub symbol table, 0.0076149 secs]2019-01-25T15:22:34.613+0000: [scrub string table, 0.0005585 secs][1 CMS-remark: 142947K(204080K)] 182138K(281520K), 0.0321544 secs] [Times: user=0.08 sys=0.00, real=0.04 secs] 
2019-01-25T15:22:34.615+0000: [CMS-concurrent-sweep-start]
2019-01-25T15:22:34.642+0000: [GC (Allocation Failure) 2019-01-25T15:22:34.642+0000: [ParNew: 69566K->935K(77440K), 0.0032842 secs] 210299K->141690K(281520K), 0.0033460 secs] [Times: user=0.00 sys=0.00, real=0.00 secs] 
2019-01-25T15:22:34.653+0000: [CMS-concurrent-sweep: 0.023/0.038 secs] [Times: user=0.12 sys=0.00, real=0.03 secs] 
2019-01-25T15:22:34.653+0000: [CMS-concurrent-reset-start]
2019-01-25T15:22:34.665+0000: [CMS-concurrent-reset: 0.012/0.012 secs] [Times: user=0.05 sys=0.00, real=0.01 secs] 
2019-01-25T15:22:34.694+0000: [GC (Allocation Failure) 2019-01-25T15:22:34.694+0000: [ParNew: 69799K->1137K(77440K), 0.0027130 secs] 210553K->141914K(312032K), 0.0027667 secs] [Times: user=0.01 sys=0.00, real=0.00 secs] 
2019-01-25T15:22:34.738+0000: [GC (Allocation Failure) 2019-01-25T15:22:34.738+0000: [ParNew: 70001K->1109K(77440K), 0.0026747 secs] 210778K->141910K(312032K), 0.0027329 secs] [Times: user=0.01 sys=0.00, real=0.00 secs] 
2019-01-25T15:22:34.782+0000: [GC (Allocation Failure) 2019-01-25T15:22:34.782+0000: [ParNew: 69973K->1353K(77440K), 0.0027961 secs] 210774K->142186K(312032K), 0.0028543 secs] [Times: user=0.01 sys=0.00, real=0.00 secs] 
2019-01-25T15:22:34.834+0000: [GC (Allocation Failure) 2019-01-25T15:22:34.834+0000: [ParNew: 70217K->1272K(77440K), 0.0047626 secs] 211050K->142396K(312032K), 0.0048129 secs] [Times: user=0.02 sys=0.00, real=0.00 secs] 
2019-01-25T15:22:34.882+0000: [GC (Allocation Failure) 2019-01-25T15:22:34.882+0000: [ParNew: 70136K->1404K(77440K), 0.0027916 secs] 211260K->142560K(312032K), 0.0028486 secs] [Times: user=0.01 sys=0.00, real=0.00 secs] 
2019-01-25T15:22:34.934+0000: [GC (Allocation Failure) 2019-01-25T15:22:34.934+0000: [ParNew: 70268K->1061K(77440K), 0.0037446 secs] 211424K->142451K(312032K), 0.0038001 secs] [Times: user=0.02 sys=0.00, real=0.00 secs] 
2019-01-25T15:22:34.991+0000: [GC (Allocation Failure) 2019-01-25T15:22:34.991+0000: [ParNew: 69925K->1135K(77440K), 0.0030828 secs] 211315K->142619K(312032K), 0.0031381 secs] [Times: user=0.01 sys=0.00, real=0.01 secs] 
2019-01-25T15:22:35.038+0000: [GC (Allocation Failure) 2019-01-25T15:22:35.038+0000: [ParNew: 69999K->773K(77440K), 0.0026789 secs] 211483K->142316K(312032K), 0.0027371 secs] [Times: user=0.01 sys=0.00, real=0.00 secs] 
2019-01-25T15:22:35.082+0000: [GC (Allocation Failure) 2019-01-25T15:22:35.082+0000: [ParNew: 69637K->1050K(77440K), 0.0027924 secs] 211180K->142676K(312032K), 0.0028481 secs] [Times: user=0.01 sys=0.00, real=0.00 secs] 
2019-01-25T15:22:35.124+0000: [GC (Allocation Failure) 2019-01-25T15:22:35.124+0000: [ParNew: 69914K->1011K(77440K), 0.0030439 secs] 211540K->142779K(312032K), 0.0030986 secs] [Times: user=0.01 sys=0.00, real=0.01 secs] 
2019-01-25T15:22:35.170+0000: [GC (Allocation Failure) 2019-01-25T15:22:35.170+0000: [ParNew: 69875K->705K(77440K), 0.0026843 secs] 211643K->142631K(312032K), 0.0027427 secs] [Times: user=0.01 sys=0.00, real=0.00 secs] 
2019-01-25T15:22:35.214+0000: [GC (Allocation Failure) 2019-01-25T15:22:35.214+0000: [ParNew: 69569K->803K(77440K), 0.0024237 secs] 211495K->142775K(312032K), 0.0024797 secs] [Times: user=0.01 sys=0.00, real=0.00 secs] 
2019-01-25T15:22:35.258+0000: [GC (Allocation Failure) 2019-01-25T15:22:35.258+0000: [ParNew: 69667K->770K(77440K), 0.0024040 secs] 211639K->142775K(312032K), 0.0024599 secs] [Times: user=0.01 sys=0.00, real=0.00 secs] 
2019-01-25T15:22:35.338+0000: [GC (Allocation Failure) 2019-01-25T15:22:35.338+0000: [ParNew: 69634K->1136K(77440K), 0.0036172 secs] 211639K->143256K(312032K), 0.0036809 secs] [Times: user=0.01 sys=0.00, real=0.00 secs] 
2019-01-25T15:22:35.432+0000: [GC (Allocation Failure) 2019-01-25T15:22:35.432+0000: [ParNew: 70000K->791K(77440K), 0.0029227 secs] 212120K->143035K(312032K), 0.0029757 secs] [Times: user=0.01 sys=0.00, real=0.01 secs] 
2019-01-25T15:22:35.503+0000: [GC (Allocation Failure) 2019-01-25T15:22:35.503+0000: [ParNew: 69655K->2916K(77440K), 0.0058768 secs] 211899K->145220K(312032K), 0.0059303 secs] [Times: user=0.02 sys=0.00, real=0.01 secs] 
2019-01-25T15:22:35.630+0000: [GC (Allocation Failure) 2019-01-25T15:22:35.630+0000: [ParNew: 71780K->3241K(77440K), 0.0061266 secs] 214084K->145571K(312032K), 0.0061906 secs] [Times: user=0.03 sys=0.00, real=0.01 secs] 
2019-01-25T15:22:35.724+0000: [GC (Allocation Failure) 2019-01-25T15:22:35.724+0000: [ParNew: 72105K->3610K(77440K), 0.0071139 secs] 214435K->146023K(312032K), 0.0071698 secs] [Times: user=0.03 sys=0.00, real=0.01 secs] 
2019-01-25T15:22:35.819+0000: [GC (Allocation Failure) 2019-01-25T15:22:35.819+0000: [ParNew: 72474K->4364K(77440K), 0.0078663 secs] 214887K->146821K(312032K), 0.0079225 secs] [Times: user=0.03 sys=0.00, real=0.01 secs] 
2019-01-25T15:23:08.890+0000: [GC (Allocation Failure) 2019-01-25T15:23:08.890+0000: [ParNew: 73228K->5333K(77440K), 0.0166612 secs] 215685K->164246K(312032K), 0.0167269 secs] [Times: user=0.05 sys=0.00, real=0.02 secs] 
2019-01-25T15:23:09.016+0000: [GC (Allocation Failure) 2019-01-25T15:23:09.016+0000: [ParNew: 74197K->4898K(77440K), 0.0382248 secs] 233110K->215379K(312032K), 0.0382841 secs] [Times: user=0.12 sys=0.03, real=0.04 secs] 
2019-01-25T15:23:09.061+0000: [GC (CMS Initial Mark) [1 CMS-initial-mark: 210480K(234592K)] 218063K(312032K), 0.0025305 secs] [Times: user=0.01 sys=0.00, real=0.00 secs] 
2019-01-25T15:23:09.063+0000: [CMS-concurrent-mark-start]
2019-01-25T15:23:09.149+0000: [CMS-concurrent-mark: 0.079/0.086 secs] [Times: user=0.29 sys=0.02, real=0.09 secs] 
2019-01-25T15:23:09.152+0000: [CMS-concurrent-preclean-start]
2019-01-25T15:23:09.155+0000: [CMS-concurrent-preclean: 0.002/0.002 secs] [Times: user=0.00 sys=0.00, real=0.01 secs] 
2019-01-25T15:23:09.155+0000: [CMS-concurrent-abortable-preclean-start]
2019-01-25T15:23:09.440+0000: [GC (Allocation Failure) 2019-01-25T15:23:09.440+0000: [ParNew: 73762K->8576K(77440K), 0.0345024 secs] 284243K->223218K(312032K), 0.0345729 secs] [Times: user=0.12 sys=0.00, real=0.04 secs] 
2019-01-25T15:23:09.852+0000: [GC (Allocation Failure) 2019-01-25T15:23:09.852+0000: [ParNew: 77440K->8576K(77440K), 0.0952248 secs] 292082K->256189K(325856K), 0.0953061 secs] [Times: user=0.31 sys=0.04, real=0.10 secs] 
2019-01-25T15:23:10.051+0000: [CMS-concurrent-abortable-preclean: 0.513/0.896 secs] [Times: user=3.47 sys=0.05, real=0.89 secs] 
2019-01-25T15:23:10.054+0000: [GC (CMS Final Remark) [YG occupancy: 51522 K (77440 K)]2019-01-25T15:23:10.054+0000: [Rescan (parallel) , 0.0228632 secs]2019-01-25T15:23:10.077+0000: [weak refs processing, 0.0002231 secs]2019-01-25T15:23:10.077+0000: [class unloading, 0.0072856 secs]2019-01-25T15:23:10.084+0000: [scrub symbol table, 0.0077679 secs]2019-01-25T15:23:10.092+0000: [scrub string table, 0.0005599 secs][1 CMS-remark: 247613K(248416K)] 299136K(325856K), 0.0388508 secs] [Times: user=0.10 sys=0.00, real=0.03 secs] 
2019-01-25T15:23:10.097+0000: [CMS-concurrent-sweep-start]
2019-01-25T15:23:10.179+0000: [GC (Allocation Failure) 2019-01-25T15:23:10.179+0000: [ParNew: 77096K->8576K(77440K), 0.1252593 secs] 311596K->286956K(356588K), 0.1253304 secs] [Times: user=0.46 sys=0.02, real=0.12 secs] 
2019-01-25T15:23:10.307+0000: [CMS-concurrent-sweep: 0.083/0.210 secs] [Times: user=0.80 sys=0.02, real=0.21 secs] 
2019-01-25T15:23:10.308+0000: [CMS-concurrent-reset-start]
2019-01-25T15:23:10.319+0000: [CMS-concurrent-reset: 0.011/0.011 secs] [Times: user=0.04 sys=0.00, real=0.01 secs] 
2019-01-25T15:23:10.421+0000: [GC (Allocation Failure) 2019-01-25T15:23:10.421+0000: [ParNew: 70445K->8576K(77440K), 0.1138269 secs] 348825K->331738K(541408K), 0.1138986 secs] [Times: user=0.42 sys=0.02, real=0.12 secs] 
2019-01-25T15:23:10.547+0000: [GC (CMS Initial Mark) [1 CMS-initial-mark: 323162K(463968K)] 343075K(541408K), 0.0141334 secs] [Times: user=0.03 sys=0.00, real=0.01 secs] 
2019-01-25T15:23:10.562+0000: [CMS-concurrent-mark-start]
2019-01-25T15:23:10.768+0000: [GC (Allocation Failure) 2019-01-25T15:23:10.768+0000: [ParNew: 77440K->8576K(77440K), 0.0856978 secs] 400602K->361583K(541408K), 0.0857576 secs] [Times: user=0.32 sys=0.01, real=0.09 secs] 
2019-01-25T15:23:10.984+0000: [GC (Allocation Failure) 2019-01-25T15:23:10.984+0000: [ParNew: 77440K->7769K(77440K), 0.0395231 secs] 430447K->368300K(541408K), 0.0395761 secs] [Times: user=0.15 sys=0.00, real=0.04 secs] 
2019-01-25T15:23:11.085+0000: [GC (Allocation Failure) 2019-01-25T15:23:11.085+0000: [ParNew: 76633K->4518K(77440K), 0.0076764 secs] 437164K->365050K(541408K), 0.0077233 secs] [Times: user=0.03 sys=0.00, real=0.01 secs] 
2019-01-25T15:23:11.120+0000: [CMS-concurrent-mark: 0.425/0.559 secs] [Times: user=2.16 sys=0.03, real=0.56 secs] 
2019-01-25T15:23:11.120+0000: [CMS-concurrent-preclean-start]
2019-01-25T15:23:11.146+0000: [GC (Allocation Failure) 2019-01-25T15:23:11.146+0000: [ParNew: 73382K->3210K(77440K), 0.0076025 secs] 433914K->363742K(541408K), 0.0076491 secs] [Times: user=0.03 sys=0.00, real=0.00 secs] 
2019-01-25T15:23:11.192+0000: [CMS-concurrent-preclean: 0.060/0.071 secs] [Times: user=0.27 sys=0.01, real=0.07 secs] 
2019-01-25T15:23:11.192+0000: [CMS-concurrent-abortable-preclean-start]
2019-01-25T15:23:11.214+0000: [GC (Allocation Failure) 2019-01-25T15:23:11.214+0000: [ParNew: 72074K->4641K(77440K), 0.0075207 secs] 432606K->365173K(541408K), 0.0075640 secs] [Times: user=0.03 sys=0.00, real=0.00 secs] 
2019-01-25T15:23:11.241+0000: [CMS-concurrent-abortable-preclean: 0.038/0.049 secs] [Times: user=0.18 sys=0.00, real=0.05 secs] 
2019-01-25T15:23:11.242+0000: [GC (CMS Final Remark) [YG occupancy: 29768 K (77440 K)]2019-01-25T15:23:11.242+0000: [Rescan (parallel) , 0.0081363 secs]2019-01-25T15:23:11.250+0000: [weak refs processing, 0.0000292 secs]2019-01-25T15:23:11.250+0000: [class unloading, 0.0094473 secs]2019-01-25T15:23:11.259+0000: [scrub symbol table, 0.0077389 secs]2019-01-25T15:23:11.267+0000: [scrub string table, 0.0005609 secs][1 CMS-remark: 360531K(463968K)] 390300K(541408K), 0.0260070 secs] [Times: user=0.05 sys=0.00, real=0.03 secs] 
2019-01-25T15:23:11.278+0000: [CMS-concurrent-sweep-start]
2019-01-25T15:23:11.298+0000: [GC (Allocation Failure) 2019-01-25T15:23:11.298+0000: [ParNew: 73505K->3080K(77440K), 0.0076338 secs] 433370K->362944K(541408K), 0.0076813 secs] [Times: user=0.03 sys=0.00, real=0.00 secs] 
2019-01-25T15:23:11.358+0000: [GC (Allocation Failure) 2019-01-25T15:23:11.358+0000: [ParNew: 71944K->4609K(77440K), 0.0075905 secs] 404485K->337150K(541408K), 0.0076377 secs] [Times: user=0.03 sys=0.00, real=0.00 secs] 
2019-01-25T15:23:11.413+0000: [CMS-concurrent-sweep: 0.116/0.135 secs] [Times: user=0.51 sys=0.00, real=0.13 secs] 
2019-01-25T15:23:11.413+0000: [CMS-concurrent-reset-start]
2019-01-25T15:23:11.416+0000: [GC (Allocation Failure) 2019-01-25T15:23:11.416+0000: [ParNew: 73473K->1536K(77440K), 0.0099657 secs] 404399K->335021K(628984K), 0.0100065 secs] [Times: user=0.04 sys=0.00, real=0.01 secs] 
2019-01-25T15:23:11.435+0000: [CMS-concurrent-reset: 0.011/0.022 secs] [Times: user=0.09 sys=0.00, real=0.03 secs] 
2019-01-25T15:23:11.471+0000: [GC (Allocation Failure) 2019-01-25T15:23:11.471+0000: [ParNew: 70400K->384K(77440K), 0.0017349 secs] 403885K->333869K(628984K), 0.0017789 secs] [Times: user=0.01 sys=0.00, real=0.00 secs] 
2019-01-25T15:23:11.518+0000: [GC (Allocation Failure) 2019-01-25T15:23:11.518+0000: [ParNew: 69248K->96K(77440K), 0.0017366 secs] 402733K->333581K(628984K), 0.0017834 secs] [Times: user=0.00 sys=0.00, real=0.00 secs] 
2019-01-25T15:23:11.581+0000: [GC (Allocation Failure) 2019-01-25T15:23:11.581+0000: [ParNew: 68960K->226K(77440K), 0.0033755 secs] 402445K->333711K(628984K), 0.0034221 secs] [Times: user=0.02 sys=0.00, real=0.00 secs] 
2019-01-25T15:23:12.261+0000: [GC (Allocation Failure) 2019-01-25T15:23:12.261+0000: [ParNew: 69090K->1242K(77440K), 0.0033506 secs] 402575K->334727K(628984K), 0.0034235 secs] [Times: user=0.01 sys=0.00, real=0.00 secs] 
Heap
 par new generation   total 77440K, used 8109K [0x0000000680000000, 0x0000000685400000, 0x0000000694cc0000)
  eden space 68864K,   9% used [0x0000000680000000, 0x00000006806b4e60, 0x0000000684340000)
  from space 8576K,  14% used [0x0000000684340000, 0x00000006844768a8, 0x0000000684ba0000)
  to   space 8576K,   0% used [0x0000000684ba0000, 0x0000000684ba0000, 0x0000000685400000)
 concurrent mark-sweep generation total 551544K, used 333485K [0x0000000694cc0000, 0x00000006b675e000, 0x00000007c0000000)
 Metaspace       used 62034K, capacity 62792K, committed 62920K, reserved 1103872K
  class space    used 7915K, capacity 8113K, committed 8136K, reserved 1048576K
