2019-01-25T15:24:32.146+0000: [GC (Allocation Failure) 2019-01-25T15:24:32.146+0000: [ParNew: 68864K->6783K(77440K), 0.0078680 secs] 68864K->6783K(249472K), 0.0079646 secs] [Times: user=0.02 sys=0.01, real=0.00 secs] 
2019-01-25T15:24:32.490+0000: [GC (Allocation Failure) 2019-01-25T15:24:32.490+0000: [ParNew: 75647K->3972K(77440K), 0.0170146 secs] 75647K->6363K(249472K), 0.0170940 secs] [Times: user=0.05 sys=0.00, real=0.02 secs] 
2019-01-25T15:24:32.941+0000: [GC (Allocation Failure) 2019-01-25T15:24:32.941+0000: [ParNew: 72836K->3526K(77440K), 0.0038106 secs] 75227K->5917K(249472K), 0.0038580 secs] [Times: user=0.02 sys=0.00, real=0.01 secs] 
2019-01-25T15:24:33.221+0000: [GC (Allocation Failure) 2019-01-25T15:24:33.222+0000: [ParNew: 72390K->4362K(77440K), 0.0051314 secs] 74781K->6753K(249472K), 0.0051798 secs] [Times: user=0.02 sys=0.00, real=0.01 secs] 
2019-01-25T15:24:33.496+0000: [GC (Allocation Failure) 2019-01-25T15:24:33.496+0000: [ParNew: 73226K->5842K(77440K), 0.0050302 secs] 75617K->8233K(249472K), 0.0050804 secs] [Times: user=0.01 sys=0.00, real=0.00 secs] 
2019-01-25T15:24:33.701+0000: [GC (Allocation Failure) 2019-01-25T15:24:33.701+0000: [ParNew: 64410K->5493K(77440K), 0.0154602 secs] 66801K->25031K(249472K), 0.0155173 secs] [Times: user=0.06 sys=0.00, real=0.02 secs] 
2019-01-25T15:24:33.718+0000: [GC (CMS Initial Mark) [1 CMS-initial-mark: 19538K(172032K)] 41415K(249472K), 0.0015212 secs] [Times: user=0.00 sys=0.00, real=0.00 secs] 
2019-01-25T15:24:33.720+0000: [CMS-concurrent-mark-start]
2019-01-25T15:24:33.761+0000: [CMS-concurrent-mark: 0.041/0.041 secs] [Times: user=0.09 sys=0.01, real=0.04 secs] 
2019-01-25T15:24:33.761+0000: [CMS-concurrent-preclean-start]
2019-01-25T15:24:33.762+0000: [CMS-concurrent-preclean: 0.001/0.001 secs] [Times: user=0.00 sys=0.00, real=0.00 secs] 
2019-01-25T15:24:33.762+0000: [CMS-concurrent-abortable-preclean-start]
2019-01-25T15:24:33.971+0000: [GC (Allocation Failure) 2019-01-25T15:24:33.971+0000: [ParNew: 74357K->4749K(77440K), 0.0142912 secs] 93895K->40671K(249472K), 0.0143453 secs] [Times: user=0.05 sys=0.00, real=0.02 secs] 
2019-01-25T15:24:34.146+0000: [CMS-concurrent-abortable-preclean: 0.196/0.384 secs] [Times: user=0.76 sys=0.02, real=0.39 secs] 
2019-01-25T15:24:34.146+0000: [GC (CMS Final Remark) [YG occupancy: 56044 K (77440 K)]2019-01-25T15:24:34.146+0000: [Rescan (parallel) , 0.0044750 secs]2019-01-25T15:24:34.151+0000: [weak refs processing, 0.0000398 secs]2019-01-25T15:24:34.151+0000: [class unloading, 0.0028987 secs]2019-01-25T15:24:34.154+0000: [scrub symbol table, 0.0030615 secs]2019-01-25T15:24:34.157+0000: [scrub string table, 0.0003007 secs][1 CMS-remark: 35922K(172032K)] 91967K(249472K), 0.0111681 secs] [Times: user=0.02 sys=0.00, real=0.01 secs] 
2019-01-25T15:24:34.158+0000: [CMS-concurrent-sweep-start]
2019-01-25T15:24:34.159+0000: [CMS-concurrent-sweep: 0.001/0.001 secs] [Times: user=0.00 sys=0.00, real=0.00 secs] 
2019-01-25T15:24:34.160+0000: [CMS-concurrent-reset-start]
2019-01-25T15:24:34.393+0000: [GC (Allocation Failure) 2019-01-25T15:24:34.393+0000: [ParNew: 73613K->6778K(77440K), 0.0106740 secs] 109519K->43552K(249472K), 0.0107357 secs] [Times: user=0.04 sys=0.00, real=0.02 secs] 
2019-01-25T15:24:34.434+0000: [CMS-concurrent-reset: 0.263/0.274 secs] [Times: user=0.78 sys=0.25, real=0.27 secs] 
2019-01-25T15:24:34.633+0000: [GC (Allocation Failure) 2019-01-25T15:24:34.633+0000: [ParNew: 75642K->5631K(77440K), 0.0522655 secs] 112416K->76910K(249472K), 0.0523353 secs] [Times: user=0.19 sys=0.02, real=0.06 secs] 
2019-01-25T15:24:34.687+0000: [GC (CMS Initial Mark) [1 CMS-initial-mark: 71279K(172032K)] 78437K(249472K), 0.0025251 secs] [Times: user=0.01 sys=0.00, real=0.00 secs] 
2019-01-25T15:24:34.690+0000: [CMS-concurrent-mark-start]
2019-01-25T15:24:34.781+0000: [CMS-concurrent-mark: 0.091/0.091 secs] [Times: user=0.33 sys=0.02, real=0.09 secs] 
2019-01-25T15:24:34.781+0000: [CMS-concurrent-preclean-start]
2019-01-25T15:24:34.783+0000: [CMS-concurrent-preclean: 0.001/0.001 secs] [Times: user=0.01 sys=0.00, real=0.01 secs] 
2019-01-25T15:24:34.783+0000: [CMS-concurrent-abortable-preclean-start]
2019-01-25T15:24:35.003+0000: [GC (Allocation Failure) 2019-01-25T15:24:35.003+0000: [ParNew: 74495K->5205K(77440K), 0.0141621 secs] 145774K->92868K(249472K), 0.0142178 secs] [Times: user=0.04 sys=0.02, real=0.01 secs] 
2019-01-25T15:24:35.305+0000: [CMS-concurrent-abortable-preclean: 0.131/0.522 secs] [Times: user=1.26 sys=0.07, real=0.52 secs] 
2019-01-25T15:24:35.305+0000: [GC (CMS Final Remark) [YG occupancy: 58896 K (77440 K)]2019-01-25T15:24:35.305+0000: [Rescan (parallel) , 0.0064051 secs]2019-01-25T15:24:35.312+0000: [weak refs processing, 0.0000287 secs]2019-01-25T15:24:35.312+0000: [class unloading, 0.0038757 secs]2019-01-25T15:24:35.316+0000: [scrub symbol table, 0.0040986 secs]2019-01-25T15:24:35.320+0000: [scrub string table, 0.0003844 secs][1 CMS-remark: 87663K(172032K)] 146559K(249472K), 0.0150940 secs] [Times: user=0.03 sys=0.00, real=0.01 secs] 
2019-01-25T15:24:35.321+0000: [CMS-concurrent-sweep-start]
2019-01-25T15:24:35.323+0000: [CMS-concurrent-sweep: 0.002/0.002 secs] [Times: user=0.01 sys=0.00, real=0.01 secs] 
2019-01-25T15:24:35.323+0000: [CMS-concurrent-reset-start]
2019-01-25T15:24:35.334+0000: [CMS-concurrent-reset: 0.011/0.011 secs] [Times: user=0.02 sys=0.00, real=0.00 secs] 
2019-01-25T15:24:35.363+0000: [GC (Allocation Failure) 2019-01-25T15:24:35.363+0000: [ParNew: 74069K->7698K(77440K), 0.0063467 secs] 161682K->95598K(249472K), 0.0064004 secs] [Times: user=0.02 sys=0.00, real=0.00 secs] 
2019-01-25T15:24:35.659+0000: [GC (Allocation Failure) 2019-01-25T15:24:35.660+0000: [ParNew: 76562K->6927K(77440K), 0.0160212 secs] 164462K->96968K(249472K), 0.0160876 secs] [Times: user=0.07 sys=0.00, real=0.02 secs] 
2019-01-25T15:24:36.028+0000: [GC (Allocation Failure) 2019-01-25T15:24:36.028+0000: [ParNew: 75776K->4745K(77440K), 0.0058467 secs] 165817K->95349K(249472K), 0.0058961 secs] [Times: user=0.02 sys=0.00, real=0.00 secs] 
2019-01-25T15:24:36.166+0000: [GC (Allocation Failure) 2019-01-25T15:24:36.166+0000: [ParNew: 73609K->4250K(77440K), 0.0077416 secs] 164213K->94854K(249472K), 0.0077988 secs] [Times: user=0.02 sys=0.00, real=0.00 secs] 
2019-01-25T15:24:36.577+0000: [GC (Allocation Failure) 2019-01-25T15:24:36.577+0000: [ParNew: 73114K->7706K(77440K), 0.0165500 secs] 163718K->98310K(249472K), 0.0166081 secs] [Times: user=0.07 sys=0.00, real=0.01 secs] 
2019-01-25T15:24:36.913+0000: [GC (Allocation Failure) 2019-01-25T15:24:36.913+0000: [ParNew: 76570K->8502K(77440K), 0.0180418 secs] 167174K->100976K(249472K), 0.0181091 secs] [Times: user=0.05 sys=0.01, real=0.02 secs] 
2019-01-25T15:24:37.343+0000: [GC (Allocation Failure) 2019-01-25T15:24:37.343+0000: [ParNew: 77366K->6320K(77440K), 0.0197790 secs] 169840K->102389K(249472K), 0.0198511 secs] [Times: user=0.06 sys=0.00, real=0.02 secs] 
2019-01-25T15:24:37.667+0000: [GC (Allocation Failure) 2019-01-25T15:24:37.667+0000: [ParNew: 75184K->4683K(77440K), 0.0065616 secs] 171253K->100753K(249472K), 0.0066435 secs] [Times: user=0.02 sys=0.00, real=0.00 secs] 
2019-01-25T15:24:38.364+0000: [GC (Allocation Failure) 2019-01-25T15:24:38.364+0000: [ParNew: 73547K->7880K(77440K), 0.0092769 secs] 169617K->103950K(249472K), 0.0093284 secs] [Times: user=0.02 sys=0.00, real=0.00 secs] 
2019-01-25T15:24:38.850+0000: [GC (Allocation Failure) 2019-01-25T15:24:38.850+0000: [ParNew: 76744K->8575K(77440K), 0.0144507 secs] 172814K->107149K(249472K), 0.0145069 secs] [Times: user=0.05 sys=0.00, real=0.02 secs] 
2019-01-25T15:24:38.866+0000: [GC (CMS Initial Mark) [1 CMS-initial-mark: 98573K(172032K)] 107461K(249472K), 0.0016220 secs] [Times: user=0.00 sys=0.00, real=0.00 secs] 
2019-01-25T15:24:38.867+0000: [CMS-concurrent-mark-start]
2019-01-25T15:24:38.960+0000: [CMS-concurrent-mark: 0.093/0.093 secs] [Times: user=0.36 sys=0.00, real=0.09 secs] 
2019-01-25T15:24:38.960+0000: [CMS-concurrent-preclean-start]
2019-01-25T15:24:38.962+0000: [CMS-concurrent-preclean: 0.002/0.002 secs] [Times: user=0.00 sys=0.00, real=0.00 secs] 
2019-01-25T15:24:38.962+0000: [CMS-concurrent-abortable-preclean-start]
2019-01-25T15:24:39.197+0000: [GC (Allocation Failure) 2019-01-25T15:24:39.197+0000: [ParNew: 77439K->2264K(77440K), 0.0073858 secs] 176013K->102874K(249472K), 0.0074718 secs] [Times: user=0.03 sys=0.00, real=0.01 secs] 
2019-01-25T15:24:39.332+0000: [GC (Allocation Failure) 2019-01-25T15:24:39.332+0000: [ParNew: 71128K->1856K(77440K), 0.0052504 secs] 171738K->102466K(249472K), 0.0053260 secs] [Times: user=0.01 sys=0.00, real=0.01 secs] 
2019-01-25T15:24:39.341+0000: [CMS-concurrent-abortable-preclean: 0.127/0.379 secs] [Times: user=1.47 sys=0.01, real=0.38 secs] 
2019-01-25T15:24:39.342+0000: [GC (CMS Final Remark) [YG occupancy: 4971 K (77440 K)]2019-01-25T15:24:39.342+0000: [Rescan (parallel) , 0.0033152 secs]2019-01-25T15:24:39.346+0000: [weak refs processing, 0.0000591 secs]2019-01-25T15:24:39.346+0000: [class unloading, 0.0084648 secs]2019-01-25T15:24:39.354+0000: [scrub symbol table, 0.0077109 secs]2019-01-25T15:24:39.362+0000: [scrub string table, 0.0005117 secs][1 CMS-remark: 100609K(172032K)] 105581K(249472K), 0.0204962 secs] [Times: user=0.05 sys=0.00, real=0.02 secs] 
2019-01-25T15:24:39.370+0000: [CMS-concurrent-sweep-start]
2019-01-25T15:24:39.400+0000: [CMS-concurrent-sweep: 0.030/0.030 secs] [Times: user=0.11 sys=0.01, real=0.03 secs] 
2019-01-25T15:24:39.400+0000: [CMS-concurrent-reset-start]
2019-01-25T15:24:39.420+0000: [CMS-concurrent-reset: 0.020/0.020 secs] [Times: user=0.08 sys=0.00, real=0.02 secs] 
2019-01-25T15:24:39.460+0000: [GC (Allocation Failure) 2019-01-25T15:24:39.460+0000: [ParNew: 70720K->1934K(77440K), 0.0032487 secs] 170437K->101651K(249472K), 0.0033016 secs] [Times: user=0.02 sys=0.00, real=0.01 secs] 
2019-01-25T15:24:39.545+0000: [GC (Allocation Failure) 2019-01-25T15:24:39.545+0000: [ParNew: 70798K->2085K(77440K), 0.0023152 secs] 170515K->101802K(249472K), 0.0023743 secs] [Times: user=0.01 sys=0.00, real=0.00 secs] 
2019-01-25T15:24:39.591+0000: [GC (Allocation Failure) 2019-01-25T15:24:39.591+0000: [ParNew: 70949K->1987K(77440K), 0.0022571 secs] 170666K->101704K(249472K), 0.0023178 secs] [Times: user=0.01 sys=0.00, real=0.00 secs] 
2019-01-25T15:24:39.642+0000: [GC (Allocation Failure) 2019-01-25T15:24:39.642+0000: [ParNew: 70851K->1418K(77440K), 0.0031745 secs] 170568K->102401K(249472K), 0.0032319 secs] [Times: user=0.01 sys=0.00, real=0.00 secs] 
2019-01-25T15:24:39.691+0000: [GC (Allocation Failure) 2019-01-25T15:24:39.691+0000: [ParNew: 70282K->423K(77440K), 0.0013502 secs] 171265K->101427K(249472K), 0.0014073 secs] [Times: user=0.00 sys=0.00, real=0.00 secs] 
2019-01-25T15:24:39.742+0000: [GC (Allocation Failure) 2019-01-25T15:24:39.742+0000: [ParNew: 69141K->361K(77440K), 0.0013237 secs] 170145K->101383K(249472K), 0.0013808 secs] [Times: user=0.00 sys=0.00, real=0.00 secs] 
2019-01-25T15:24:39.791+0000: [GC (Allocation Failure) 2019-01-25T15:24:39.791+0000: [ParNew: 69225K->338K(77440K), 0.0016762 secs] 170247K->101378K(249472K), 0.0017306 secs] [Times: user=0.00 sys=0.00, real=0.00 secs] 
2019-01-25T15:24:39.838+0000: [GC (Allocation Failure) 2019-01-25T15:24:39.839+0000: [ParNew: 69202K->290K(77440K), 0.0014008 secs] 170242K->101353K(249472K), 0.0014584 secs] [Times: user=0.01 sys=0.00, real=0.00 secs] 
2019-01-25T15:24:39.885+0000: [GC (Allocation Failure) 2019-01-25T15:24:39.885+0000: [ParNew: 69154K->356K(77440K), 0.0013480 secs] 170217K->101442K(249472K), 0.0014066 secs] [Times: user=0.00 sys=0.00, real=0.00 secs] 
2019-01-25T15:24:39.941+0000: [GC (Allocation Failure) 2019-01-25T15:24:39.942+0000: [ParNew: 69220K->308K(77440K), 0.0013909 secs] 170306K->101411K(249472K), 0.0014513 secs] [Times: user=0.01 sys=0.00, real=0.01 secs] 
2019-01-25T15:24:39.986+0000: [GC (Allocation Failure) 2019-01-25T15:24:39.986+0000: [ParNew: 69172K->430K(77440K), 0.0014057 secs] 170275K->101553K(249472K), 0.0014624 secs] [Times: user=0.01 sys=0.00, real=0.00 secs] 
2019-01-25T15:24:40.035+0000: [GC (Allocation Failure) 2019-01-25T15:24:40.035+0000: [ParNew: 69294K->366K(77440K), 0.0018690 secs] 170417K->101512K(249472K), 0.0019269 secs] [Times: user=0.00 sys=0.00, real=0.00 secs] 
2019-01-25T15:24:40.083+0000: [GC (Allocation Failure) 2019-01-25T15:24:40.083+0000: [ParNew: 69230K->393K(77440K), 0.0013575 secs] 170376K->101553K(249472K), 0.0014286 secs] [Times: user=0.00 sys=0.00, real=0.00 secs] 
2019-01-25T15:24:40.130+0000: [GC (Allocation Failure) 2019-01-25T15:24:40.130+0000: [ParNew: 69257K->392K(77440K), 0.0014437 secs] 170417K->101573K(249472K), 0.0015133 secs] [Times: user=0.00 sys=0.00, real=0.00 secs] 
2019-01-25T15:24:40.179+0000: [GC (Allocation Failure) 2019-01-25T15:24:40.179+0000: [ParNew: 69256K->323K(77440K), 0.0019030 secs] 170437K->101523K(249472K), 0.0019608 secs] [Times: user=0.01 sys=0.00, real=0.00 secs] 
2019-01-25T15:24:40.239+0000: [GC (Allocation Failure) 2019-01-25T15:24:40.239+0000: [ParNew: 69187K->332K(77440K), 0.0020009 secs] 170387K->101589K(249472K), 0.0020592 secs] [Times: user=0.01 sys=0.00, real=0.00 secs] 
2019-01-25T15:24:40.298+0000: [GC (Allocation Failure) 2019-01-25T15:24:40.298+0000: [ParNew: 69196K->335K(77440K), 0.0019324 secs] 170453K->101613K(249472K), 0.0019848 secs] [Times: user=0.00 sys=0.00, real=0.00 secs] 
2019-01-25T15:24:40.360+0000: [GC (Allocation Failure) 2019-01-25T15:24:40.360+0000: [ParNew: 69199K->320K(77440K), 0.0019898 secs] 170477K->101615K(249472K), 0.0020553 secs] [Times: user=0.01 sys=0.00, real=0.00 secs] 
2019-01-25T15:24:40.413+0000: [GC (Allocation Failure) 2019-01-25T15:24:40.413+0000: [ParNew: 69184K->396K(77440K), 0.0014221 secs] 170479K->101710K(249472K), 0.0014810 secs] [Times: user=0.01 sys=0.00, real=0.01 secs] 
2019-01-25T15:24:40.463+0000: [GC (Allocation Failure) 2019-01-25T15:24:40.463+0000: [ParNew: 69260K->290K(77440K), 0.0014029 secs] 170574K->101653K(249472K), 0.0014621 secs] [Times: user=0.00 sys=0.00, real=0.00 secs] 
2019-01-25T15:24:40.510+0000: [GC (Allocation Failure) 2019-01-25T15:24:40.511+0000: [ParNew: 69154K->323K(77440K), 0.0015649 secs] 170517K->101702K(249472K), 0.0016328 secs] [Times: user=0.00 sys=0.00, real=0.00 secs] 
2019-01-25T15:24:40.558+0000: [GC (Allocation Failure) 2019-01-25T15:24:40.558+0000: [ParNew: 69187K->318K(77440K), 0.0015126 secs] 170566K->101717K(249472K), 0.0015731 secs] [Times: user=0.01 sys=0.00, real=0.00 secs] 
2019-01-25T15:24:40.607+0000: [GC (Allocation Failure) 2019-01-25T15:24:40.607+0000: [ParNew: 69182K->280K(77440K), 0.0015863 secs] 170581K->101700K(249472K), 0.0016439 secs] [Times: user=0.01 sys=0.00, real=0.00 secs] 
2019-01-25T15:24:40.654+0000: [GC (Allocation Failure) 2019-01-25T15:24:40.654+0000: [ParNew: 69144K->268K(77440K), 0.0015193 secs] 170564K->101703K(249472K), 0.0015789 secs] [Times: user=0.01 sys=0.00, real=0.01 secs] 
2019-01-25T15:24:40.698+0000: [GC (Allocation Failure) 2019-01-25T15:24:40.698+0000: [ParNew: 69132K->278K(77440K), 0.0015984 secs] 170567K->101730K(249472K), 0.0016562 secs] [Times: user=0.00 sys=0.00, real=0.00 secs] 
2019-01-25T15:24:40.747+0000: [GC (Allocation Failure) 2019-01-25T15:24:40.747+0000: [ParNew: 69142K->376K(77440K), 0.0014992 secs] 170594K->101852K(249472K), 0.0015572 secs] [Times: user=0.01 sys=0.00, real=0.00 secs] 
2019-01-25T15:24:40.792+0000: [GC (Allocation Failure) 2019-01-25T15:24:40.792+0000: [ParNew: 69240K->394K(77440K), 0.0015641 secs] 170716K->101891K(249472K), 0.0016222 secs] [Times: user=0.00 sys=0.00, real=0.00 secs] 
2019-01-25T15:24:40.838+0000: [GC (Allocation Failure) 2019-01-25T15:24:40.839+0000: [ParNew: 69258K->377K(77440K), 0.0015793 secs] 170755K->101896K(249472K), 0.0016464 secs] [Times: user=0.01 sys=0.00, real=0.00 secs] 
2019-01-25T15:24:40.886+0000: [GC (Allocation Failure) 2019-01-25T15:24:40.887+0000: [ParNew: 69241K->444K(77440K), 0.0015141 secs] 170760K->101984K(249472K), 0.0015712 secs] [Times: user=0.01 sys=0.00, real=0.00 secs] 
2019-01-25T15:24:40.932+0000: [GC (Allocation Failure) 2019-01-25T15:24:40.932+0000: [ParNew: 69308K->424K(77440K), 0.0015403 secs] 170848K->101996K(249472K), 0.0015977 secs] [Times: user=0.01 sys=0.00, real=0.00 secs] 
2019-01-25T15:24:40.978+0000: [GC (Allocation Failure) 2019-01-25T15:24:40.979+0000: [ParNew: 69288K->421K(77440K), 0.0015175 secs] 170860K->102010K(249472K), 0.0015842 secs] [Times: user=0.01 sys=0.00, real=0.00 secs] 
2019-01-25T15:24:41.027+0000: [GC (Allocation Failure) 2019-01-25T15:24:41.027+0000: [ParNew: 69285K->342K(77440K), 0.0015651 secs] 170874K->102015K(249472K), 0.0016233 secs] [Times: user=0.01 sys=0.00, real=0.00 secs] 
2019-01-25T15:24:41.078+0000: [GC (Allocation Failure) 2019-01-25T15:24:41.079+0000: [ParNew: 69206K->333K(77440K), 0.0014945 secs] 170879K->102029K(249472K), 0.0015529 secs] [Times: user=0.01 sys=0.00, real=0.00 secs] 
2019-01-25T15:24:41.124+0000: [GC (Allocation Failure) 2019-01-25T15:24:41.124+0000: [ParNew: 69197K->336K(77440K), 0.0014759 secs] 170893K->102053K(249472K), 0.0015322 secs] [Times: user=0.01 sys=0.00, real=0.00 secs] 
2019-01-25T15:24:41.167+0000: [GC (Allocation Failure) 2019-01-25T15:24:41.167+0000: [ParNew: 69200K->243K(77440K), 0.0014916 secs] 170917K->102041K(249472K), 0.0015486 secs] [Times: user=0.00 sys=0.00, real=0.00 secs] 
2019-01-25T15:24:41.211+0000: [GC (Allocation Failure) 2019-01-25T15:24:41.211+0000: [ParNew: 69107K->259K(77440K), 0.0015031 secs] 170905K->102076K(249472K), 0.0015615 secs] [Times: user=0.01 sys=0.00, real=0.00 secs] 
2019-01-25T15:24:41.271+0000: [GC (Allocation Failure) 2019-01-25T15:24:41.271+0000: [ParNew: 69123K->326K(77440K), 0.0015510 secs] 170940K->102164K(249472K), 0.0016006 secs] [Times: user=0.00 sys=0.00, real=0.00 secs] 
2019-01-25T15:24:41.327+0000: [GC (Allocation Failure) 2019-01-25T15:24:41.327+0000: [ParNew: 69190K->211K(77440K), 0.0020054 secs] 171028K->102067K(249472K), 0.0020783 secs] [Times: user=0.00 sys=0.00, real=0.00 secs] 
2019-01-25T15:24:41.374+0000: [GC (Allocation Failure) 2019-01-25T15:24:41.374+0000: [ParNew: 69075K->284K(77440K), 0.0015545 secs] 170931K->102152K(249472K), 0.0016127 secs] [Times: user=0.00 sys=0.00, real=0.01 secs] 
2019-01-25T15:24:41.419+0000: [GC (Allocation Failure) 2019-01-25T15:24:41.419+0000: [ParNew: 69148K->273K(77440K), 0.0015822 secs] 171016K->102159K(249472K), 0.0016398 secs] [Times: user=0.01 sys=0.00, real=0.00 secs] 
2019-01-25T15:24:41.462+0000: [GC (Allocation Failure) 2019-01-25T15:24:41.462+0000: [ParNew: 69137K->304K(77440K), 0.0015325 secs] 171023K->102201K(249472K), 0.0015883 secs] [Times: user=0.01 sys=0.00, real=0.00 secs] 
2019-01-25T15:24:41.515+0000: [GC (Allocation Failure) 2019-01-25T15:24:41.515+0000: [ParNew: 69168K->250K(77440K), 0.0019397 secs] 171065K->102162K(249472K), 0.0020000 secs] [Times: user=0.00 sys=0.00, real=0.00 secs] 
2019-01-25T15:24:41.575+0000: [GC (Allocation Failure) 2019-01-25T15:24:41.575+0000: [ParNew: 69114K->275K(77440K), 0.0020266 secs] 171026K->102213K(249472K), 0.0020849 secs] [Times: user=0.01 sys=0.00, real=0.00 secs] 
2019-01-25T15:24:41.646+0000: [GC (Allocation Failure) 2019-01-25T15:24:41.646+0000: [ParNew: 69139K->222K(77440K), 0.0019023 secs] 171077K->102176K(249472K), 0.0019677 secs] [Times: user=0.01 sys=0.00, real=0.00 secs] 
2019-01-25T15:24:41.702+0000: [GC (Allocation Failure) 2019-01-25T15:24:41.702+0000: [ParNew: 69086K->298K(77440K), 0.0014446 secs] 171040K->102271K(249472K), 0.0015029 secs] [Times: user=0.00 sys=0.00, real=0.00 secs] 
2019-01-25T15:24:41.747+0000: [GC (Allocation Failure) 2019-01-25T15:24:41.747+0000: [ParNew: 69162K->346K(77440K), 0.0014874 secs] 171135K->102339K(249472K), 0.0015446 secs] [Times: user=0.00 sys=0.00, real=0.00 secs] 
2019-01-25T15:24:41.791+0000: [GC (Allocation Failure) 2019-01-25T15:24:41.791+0000: [ParNew: 69210K->309K(77440K), 0.0015269 secs] 171203K->102321K(249472K), 0.0015842 secs] [Times: user=0.01 sys=0.00, real=0.00 secs] 
2019-01-25T15:24:41.846+0000: [GC (Allocation Failure) 2019-01-25T15:24:41.846+0000: [ParNew: 69173K->276K(77440K), 0.0019727 secs] 171185K->102310K(249472K), 0.0020309 secs] [Times: user=0.01 sys=0.00, real=0.00 secs] 
2019-01-25T15:24:41.894+0000: [GC (Allocation Failure) 2019-01-25T15:24:41.895+0000: [ParNew: 69140K->276K(77440K), 0.0015179 secs] 171174K->102335K(249472K), 0.0015760 secs] [Times: user=0.00 sys=0.00, real=0.00 secs] 
2019-01-25T15:24:41.939+0000: [GC (Allocation Failure) 2019-01-25T15:24:41.939+0000: [ParNew: 69140K->280K(77440K), 0.0014206 secs] 171199K->102360K(249472K), 0.0014790 secs] [Times: user=0.00 sys=0.00, real=0.00 secs] 
2019-01-25T15:24:41.994+0000: [GC (Allocation Failure) 2019-01-25T15:24:41.994+0000: [ParNew: 69144K->276K(77440K), 0.0018153 secs] 171224K->102379K(249472K), 0.0018793 secs] [Times: user=0.01 sys=0.00, real=0.01 secs] 
2019-01-25T15:24:42.046+0000: [GC (Allocation Failure) 2019-01-25T15:24:42.046+0000: [ParNew: 69140K->264K(77440K), 0.0019648 secs] 171243K->102389K(249472K), 0.0020244 secs] [Times: user=0.01 sys=0.00, real=0.00 secs] 
2019-01-25T15:24:42.094+0000: [GC (Allocation Failure) 2019-01-25T15:24:42.095+0000: [ParNew: 69128K->242K(77440K), 0.0016449 secs] 171253K->102387K(249472K), 0.0017008 secs] [Times: user=0.01 sys=0.00, real=0.00 secs] 
2019-01-25T15:24:42.142+0000: [GC (Allocation Failure) 2019-01-25T15:24:42.142+0000: [ParNew: 69106K->392K(77440K), 0.0015686 secs] 171251K->102560K(249472K), 0.0016216 secs] [Times: user=0.01 sys=0.00, real=0.00 secs] 
2019-01-25T15:24:42.186+0000: [GC (Allocation Failure) 2019-01-25T15:24:42.187+0000: [ParNew: 69256K->439K(77440K), 0.0015542 secs] 171424K->102620K(249472K), 0.0016116 secs] [Times: user=0.01 sys=0.00, real=0.00 secs] 
2019-01-25T15:24:42.232+0000: [GC (Allocation Failure) 2019-01-25T15:24:42.232+0000: [ParNew: 69303K->581K(77440K), 0.0016576 secs] 171484K->102782K(249472K), 0.0017165 secs] [Times: user=0.01 sys=0.00, real=0.00 secs] 
2019-01-25T15:24:42.278+0000: [GC (Allocation Failure) 2019-01-25T15:24:42.278+0000: [ParNew: 69445K->516K(77440K), 0.0016824 secs] 171646K->102740K(249472K), 0.0017441 secs] [Times: user=0.01 sys=0.00, real=0.00 secs] 
2019-01-25T15:24:42.325+0000: [GC (Allocation Failure) 2019-01-25T15:24:42.325+0000: [ParNew: 69380K->517K(77440K), 0.0016518 secs] 171604K->102755K(249472K), 0.0017028 secs] [Times: user=0.00 sys=0.00, real=0.00 secs] 
2019-01-25T15:24:42.369+0000: [GC (Allocation Failure) 2019-01-25T15:24:42.369+0000: [ParNew: 69381K->513K(77440K), 0.0017566 secs] 171619K->102773K(249472K), 0.0018132 secs] [Times: user=0.00 sys=0.00, real=0.00 secs] 
2019-01-25T15:24:42.414+0000: [GC (Allocation Failure) 2019-01-25T15:24:42.414+0000: [ParNew: 69377K->372K(77440K), 0.0016858 secs] 171637K->102784K(249472K), 0.0017435 secs] [Times: user=0.01 sys=0.00, real=0.00 secs] 
2019-01-25T15:24:42.459+0000: [GC (Allocation Failure) 2019-01-25T15:24:42.459+0000: [ParNew: 69236K->402K(77440K), 0.0016210 secs] 171648K->102838K(249472K), 0.0016776 secs] [Times: user=0.01 sys=0.00, real=0.00 secs] 
2019-01-25T15:24:42.503+0000: [GC (Allocation Failure) 2019-01-25T15:24:42.503+0000: [ParNew: 69266K->240K(77440K), 0.0022075 secs] 171702K->102820K(249472K), 0.0022715 secs] [Times: user=0.01 sys=0.00, real=0.00 secs] 
2019-01-25T15:24:42.550+0000: [GC (Allocation Failure) 2019-01-25T15:24:42.550+0000: [ParNew: 69104K->262K(77440K), 0.0014679 secs] 171684K->102864K(249472K), 0.0015273 secs] [Times: user=0.00 sys=0.00, real=0.00 secs] 
2019-01-25T15:24:42.594+0000: [GC (Allocation Failure) 2019-01-25T15:24:42.594+0000: [ParNew: 69126K->170K(77440K), 0.0013713 secs] 171728K->102792K(249472K), 0.0014279 secs] [Times: user=0.01 sys=0.00, real=0.00 secs] 
2019-01-25T15:24:42.638+0000: [GC (Allocation Failure) 2019-01-25T15:24:42.639+0000: [ParNew: 69034K->221K(77440K), 0.0013803 secs] 171656K->102877K(249472K), 0.0014373 secs] [Times: user=0.00 sys=0.00, real=0.00 secs] 
2019-01-25T15:24:42.683+0000: [GC (Allocation Failure) 2019-01-25T15:24:42.683+0000: [ParNew: 69085K->166K(77440K), 0.0014225 secs] 171741K->102837K(249472K), 0.0014797 secs] [Times: user=0.01 sys=0.00, real=0.00 secs] 
2019-01-25T15:24:42.731+0000: [GC (Allocation Failure) 2019-01-25T15:24:42.731+0000: [ParNew: 69030K->180K(77440K), 0.0014023 secs] 171701K->102861K(249472K), 0.0014605 secs] [Times: user=0.01 sys=0.00, real=0.00 secs] 
2019-01-25T15:24:42.773+0000: [GC (Allocation Failure) 2019-01-25T15:24:42.773+0000: [ParNew: 69044K->249K(77440K), 0.0013594 secs] 171725K->102933K(249472K), 0.0014194 secs] [Times: user=0.01 sys=0.00, real=0.01 secs] 
2019-01-25T15:24:42.818+0000: [GC (Allocation Failure) 2019-01-25T15:24:42.818+0000: [ParNew: 69113K->243K(77440K), 0.0014528 secs] 171797K->102936K(249472K), 0.0015084 secs] [Times: user=0.01 sys=0.00, real=0.00 secs] 
2019-01-25T15:24:42.875+0000: [GC (Allocation Failure) 2019-01-25T15:24:42.875+0000: [ParNew: 69107K->283K(77440K), 0.0020252 secs] 171800K->102985K(249472K), 0.0020915 secs] [Times: user=0.01 sys=0.00, real=0.00 secs] 
2019-01-25T15:24:42.931+0000: [GC (Allocation Failure) 2019-01-25T15:24:42.931+0000: [ParNew: 69147K->284K(77440K), 0.0024652 secs] 171849K->103002K(249472K), 0.0025434 secs] [Times: user=0.00 sys=0.00, real=0.00 secs] 
2019-01-25T15:24:43.022+0000: [GC (Allocation Failure) 2019-01-25T15:24:43.023+0000: [ParNew: 69148K->268K(77440K), 0.0029639 secs] 171866K->103000K(249472K), 0.0030320 secs] [Times: user=0.00 sys=0.00, real=0.00 secs] 
2019-01-25T15:24:43.090+0000: [GC (Allocation Failure) 2019-01-25T15:24:43.090+0000: [ParNew: 69132K->368K(77440K), 0.0016586 secs] 171864K->103125K(249472K), 0.0017163 secs] [Times: user=0.01 sys=0.00, real=0.00 secs] 
2019-01-25T15:24:43.138+0000: [GC (Allocation Failure) 2019-01-25T15:24:43.138+0000: [ParNew: 69232K->288K(77440K), 0.0015451 secs] 171989K->103063K(249472K), 0.0016013 secs] [Times: user=0.01 sys=0.00, real=0.00 secs] 
2019-01-25T15:24:43.186+0000: [GC (Allocation Failure) 2019-01-25T15:24:43.186+0000: [ParNew: 69152K->294K(77440K), 0.0015621 secs] 171927K->103088K(249472K), 0.0016191 secs] [Times: user=0.01 sys=0.00, real=0.00 secs] 
2019-01-25T15:24:43.233+0000: [GC (Allocation Failure) 2019-01-25T15:24:43.233+0000: [ParNew: 69158K->257K(77440K), 0.0021230 secs] 171952K->103082K(249472K), 0.0021746 secs] [Times: user=0.00 sys=0.00, real=0.01 secs] 
2019-01-25T15:24:43.278+0000: [GC (Allocation Failure) 2019-01-25T15:24:43.278+0000: [ParNew: 69121K->235K(77440K), 0.0014914 secs] 171946K->103078K(249472K), 0.0015406 secs] [Times: user=0.01 sys=0.00, real=0.00 secs] 
2019-01-25T15:24:43.322+0000: [GC (Allocation Failure) 2019-01-25T15:24:43.322+0000: [ParNew: 69099K->271K(77440K), 0.0016156 secs] 171942K->103144K(249472K), 0.0016668 secs] [Times: user=0.00 sys=0.00, real=0.00 secs] 
2019-01-25T15:24:43.366+0000: [GC (Allocation Failure) 2019-01-25T15:24:43.366+0000: [ParNew: 69135K->197K(77440K), 0.0014646 secs] 172008K->103087K(249472K), 0.0015211 secs] [Times: user=0.00 sys=0.00, real=0.00 secs] 
2019-01-25T15:24:43.409+0000: [GC (Allocation Failure) 2019-01-25T15:24:43.409+0000: [ParNew: 69061K->232K(77440K), 0.0015307 secs] 171951K->103137K(249472K), 0.0015871 secs] [Times: user=0.01 sys=0.00, real=0.00 secs] 
2019-01-25T15:24:43.455+0000: [GC (Allocation Failure) 2019-01-25T15:24:43.455+0000: [ParNew: 69096K->238K(77440K), 0.0014977 secs] 172001K->103157K(249472K), 0.0015530 secs] [Times: user=0.00 sys=0.00, real=0.00 secs] 
2019-01-25T15:24:43.498+0000: [GC (Allocation Failure) 2019-01-25T15:24:43.498+0000: [ParNew: 69102K->270K(77440K), 0.0015003 secs] 172021K->103203K(249472K), 0.0015565 secs] [Times: user=0.00 sys=0.00, real=0.00 secs] 
2019-01-25T15:24:43.542+0000: [GC (Allocation Failure) 2019-01-25T15:24:43.542+0000: [ParNew: 69134K->219K(77440K), 0.0016056 secs] 172067K->103167K(249472K), 0.0016618 secs] [Times: user=0.01 sys=0.00, real=0.00 secs] 
2019-01-25T15:24:43.586+0000: [GC (Allocation Failure) 2019-01-25T15:24:43.587+0000: [ParNew: 69083K->282K(77440K), 0.0015637 secs] 172031K->103253K(249472K), 0.0016321 secs] [Times: user=0.00 sys=0.00, real=0.00 secs] 
2019-01-25T15:24:43.629+0000: [GC (Allocation Failure) 2019-01-25T15:24:43.629+0000: [ParNew: 69146K->273K(77440K), 0.0015728 secs] 172117K->103263K(249472K), 0.0016286 secs] [Times: user=0.01 sys=0.00, real=0.00 secs] 
2019-01-25T15:24:43.678+0000: [GC (Allocation Failure) 2019-01-25T15:24:43.678+0000: [ParNew: 69137K->287K(77440K), 0.0016400 secs] 172127K->103295K(249472K), 0.0016978 secs] [Times: user=0.00 sys=0.00, real=0.00 secs] 
2019-01-25T15:24:43.723+0000: [GC (Allocation Failure) 2019-01-25T15:24:43.723+0000: [ParNew: 69151K->265K(77440K), 0.0016781 secs] 172159K->103294K(249472K), 0.0017355 secs] [Times: user=0.01 sys=0.00, real=0.00 secs] 
2019-01-25T15:24:43.767+0000: [GC (Allocation Failure) 2019-01-25T15:24:43.767+0000: [ParNew: 69129K->415K(77440K), 0.0016390 secs] 172158K->103460K(249472K), 0.0016958 secs] [Times: user=0.00 sys=0.00, real=0.00 secs] 
2019-01-25T15:24:43.810+0000: [GC (Allocation Failure) 2019-01-25T15:24:43.810+0000: [ParNew: 69279K->305K(77440K), 0.0016166 secs] 172324K->103373K(249472K), 0.0016738 secs] [Times: user=0.01 sys=0.00, real=0.00 secs] 
2019-01-25T15:24:43.854+0000: [GC (Allocation Failure) 2019-01-25T15:24:43.854+0000: [ParNew: 69169K->283K(77440K), 0.0016218 secs] 172237K->103373K(249472K), 0.0016775 secs] [Times: user=0.00 sys=0.00, real=0.01 secs] 
2019-01-25T15:24:43.898+0000: [GC (Allocation Failure) 2019-01-25T15:24:43.898+0000: [ParNew: 69147K->323K(77440K), 0.0016536 secs] 172237K->103436K(249472K), 0.0017090 secs] [Times: user=0.00 sys=0.00, real=0.00 secs] 
2019-01-25T15:24:43.941+0000: [GC (Allocation Failure) 2019-01-25T15:24:43.941+0000: [ParNew: 69187K->252K(77440K), 0.0017095 secs] 172300K->103388K(249472K), 0.0017672 secs] [Times: user=0.00 sys=0.00, real=0.01 secs] 
2019-01-25T15:24:43.985+0000: [GC (Allocation Failure) 2019-01-25T15:24:43.985+0000: [ParNew: 69116K->298K(77440K), 0.0017049 secs] 172252K->103459K(249472K), 0.0017623 secs] [Times: user=0.01 sys=0.00, real=0.00 secs] 
2019-01-25T15:24:44.030+0000: [GC (Allocation Failure) 2019-01-25T15:24:44.030+0000: [ParNew: 69162K->342K(77440K), 0.0017851 secs] 172323K->103529K(249472K), 0.0018448 secs] [Times: user=0.00 sys=0.00, real=0.00 secs] 
2019-01-25T15:24:44.079+0000: [GC (Allocation Failure) 2019-01-25T15:24:44.079+0000: [ParNew: 69206K->327K(77440K), 0.0016600 secs] 172393K->103532K(249472K), 0.0017173 secs] [Times: user=0.00 sys=0.00, real=0.00 secs] 
2019-01-25T15:24:44.123+0000: [GC (Allocation Failure) 2019-01-25T15:24:44.123+0000: [ParNew: 69191K->380K(77440K), 0.0015842 secs] 172396K->103610K(249472K), 0.0016412 secs] [Times: user=0.01 sys=0.00, real=0.00 secs] 
2019-01-25T15:24:44.165+0000: [GC (Allocation Failure) 2019-01-25T15:24:44.165+0000: [ParNew: 69244K->246K(77440K), 0.0016676 secs] 172474K->103498K(249472K), 0.0017243 secs] [Times: user=0.00 sys=0.00, real=0.00 secs] 
2019-01-25T15:24:44.210+0000: [GC (Allocation Failure) 2019-01-25T15:24:44.210+0000: [ParNew: 69110K->282K(77440K), 0.0015774 secs] 172362K->103555K(249472K), 0.0016343 secs] [Times: user=0.01 sys=0.00, real=0.00 secs] 
2019-01-25T15:24:44.253+0000: [GC (Allocation Failure) 2019-01-25T15:24:44.253+0000: [ParNew: 69146K->213K(77440K), 0.0015994 secs] 172419K->103515K(249472K), 0.0016561 secs] [Times: user=0.00 sys=0.00, real=0.01 secs] 
2019-01-25T15:24:44.298+0000: [GC (Allocation Failure) 2019-01-25T15:24:44.298+0000: [ParNew: 69077K->215K(77440K), 0.0017468 secs] 172379K->103537K(249472K), 0.0018042 secs] [Times: user=0.00 sys=0.00, real=0.00 secs] 
2019-01-25T15:24:44.342+0000: [GC (Allocation Failure) 2019-01-25T15:24:44.342+0000: [ParNew: 69079K->289K(77440K), 0.0014974 secs] 172401K->103634K(249472K), 0.0015531 secs] [Times: user=0.01 sys=0.00, real=0.01 secs] 
2019-01-25T15:24:44.386+0000: [GC (Allocation Failure) 2019-01-25T15:24:44.386+0000: [ParNew: 69153K->222K(77440K), 0.0014510 secs] 172498K->103586K(249472K), 0.0015072 secs] [Times: user=0.01 sys=0.00, real=0.00 secs] 
2019-01-25T15:24:44.432+0000: [GC (Allocation Failure) 2019-01-25T15:24:44.432+0000: [ParNew: 69086K->164K(77440K), 0.0016135 secs] 172450K->103550K(249472K), 0.0016712 secs] [Times: user=0.01 sys=0.00, real=0.00 secs] 
2019-01-25T15:24:44.478+0000: [GC (Allocation Failure) 2019-01-25T15:24:44.478+0000: [ParNew: 69028K->201K(77440K), 0.0014170 secs] 172414K->103601K(249472K), 0.0014768 secs] [Times: user=0.00 sys=0.00, real=0.00 secs] 
2019-01-25T15:24:44.530+0000: [GC (Allocation Failure) 2019-01-25T15:24:44.531+0000: [ParNew: 69065K->193K(77440K), 0.0018284 secs] 172465K->103603K(249472K), 0.0018954 secs] [Times: user=0.00 sys=0.00, real=0.00 secs] 
2019-01-25T15:24:44.579+0000: [GC (Allocation Failure) 2019-01-25T15:24:44.579+0000: [ParNew: 69057K->217K(77440K), 0.0013973 secs] 172467K->103638K(249472K), 0.0014615 secs] [Times: user=0.01 sys=0.00, real=0.00 secs] 
2019-01-25T15:24:44.626+0000: [GC (Allocation Failure) 2019-01-25T15:24:44.626+0000: [ParNew: 69081K->210K(77440K), 0.0014660 secs] 172502K->103643K(249472K), 0.0015224 secs] [Times: user=0.00 sys=0.00, real=0.00 secs] 
2019-01-25T15:24:44.669+0000: [GC (Allocation Failure) 2019-01-25T15:24:44.669+0000: [ParNew: 69074K->154K(77440K), 0.0014422 secs] 172507K->103600K(249472K), 0.0014994 secs] [Times: user=0.00 sys=0.00, real=0.00 secs] 
2019-01-25T15:24:44.714+0000: [GC (Allocation Failure) 2019-01-25T15:24:44.715+0000: [ParNew: 69018K->239K(77440K), 0.0019270 secs] 172464K->103695K(249472K), 0.0019991 secs] [Times: user=0.01 sys=0.00, real=0.00 secs] 
2019-01-25T15:24:44.771+0000: [GC (Allocation Failure) 2019-01-25T15:24:44.771+0000: [ParNew: 69103K->491K(77440K), 0.0022756 secs] 172559K->103962K(249472K), 0.0023313 secs] [Times: user=0.00 sys=0.00, real=0.00 secs] 
2019-01-25T15:24:44.823+0000: [GC (Allocation Failure) 2019-01-25T15:24:44.823+0000: [ParNew: 69355K->528K(77440K), 0.0023391 secs] 172826K->104010K(249472K), 0.0023970 secs] [Times: user=0.01 sys=0.00, real=0.00 secs] 
2019-01-25T15:24:44.878+0000: [GC (Allocation Failure) 2019-01-25T15:24:44.878+0000: [ParNew: 69392K->479K(77440K), 0.0022790 secs] 172874K->103973K(249472K), 0.0023355 secs] [Times: user=0.01 sys=0.00, real=0.00 secs] 
2019-01-25T15:24:44.934+0000: [GC (Allocation Failure) 2019-01-25T15:24:44.934+0000: [ParNew: 69343K->469K(77440K), 0.0017885 secs] 172837K->103981K(249472K), 0.0018464 secs] [Times: user=0.00 sys=0.00, real=0.00 secs] 
2019-01-25T15:24:44.982+0000: [GC (Allocation Failure) 2019-01-25T15:24:44.982+0000: [ParNew: 69333K->530K(77440K), 0.0017326 secs] 172845K->104049K(249472K), 0.0017890 secs] [Times: user=0.00 sys=0.00, real=0.00 secs] 
2019-01-25T15:24:45.026+0000: [GC (Allocation Failure) 2019-01-25T15:24:45.026+0000: [ParNew: 69394K->524K(77440K), 0.0018644 secs] 172913K->104063K(249472K), 0.0019311 secs] [Times: user=0.00 sys=0.00, real=0.00 secs] 
2019-01-25T15:24:45.070+0000: [GC (Allocation Failure) 2019-01-25T15:24:45.070+0000: [ParNew: 69388K->322K(77440K), 0.0018403 secs] 172927K->104131K(249472K), 0.0018976 secs] [Times: user=0.00 sys=0.00, real=0.00 secs] 
2019-01-25T15:24:45.114+0000: [GC (Allocation Failure) 2019-01-25T15:24:45.114+0000: [ParNew: 69186K->293K(77440K), 0.0014955 secs] 172995K->104118K(249472K), 0.0015675 secs] [Times: user=0.01 sys=0.00, real=0.01 secs] 
2019-01-25T15:24:45.157+0000: [GC (Allocation Failure) 2019-01-25T15:24:45.157+0000: [ParNew: 69157K->326K(77440K), 0.0015524 secs] 172982K->104172K(249472K), 0.0016103 secs] [Times: user=0.01 sys=0.00, real=0.00 secs] 
2019-01-25T15:24:45.203+0000: [GC (Allocation Failure) 2019-01-25T15:24:45.203+0000: [ParNew: 69190K->358K(77440K), 0.0015407 secs] 173036K->104230K(249472K), 0.0016006 secs] [Times: user=0.00 sys=0.00, real=0.00 secs] 
2019-01-25T15:24:45.246+0000: [GC (Allocation Failure) 2019-01-25T15:24:45.246+0000: [ParNew: 69222K->299K(77440K), 0.0015008 secs] 173094K->104225K(249472K), 0.0015599 secs] [Times: user=0.00 sys=0.00, real=0.00 secs] 
2019-01-25T15:24:45.291+0000: [GC (Allocation Failure) 2019-01-25T15:24:45.291+0000: [ParNew: 69163K->246K(77440K), 0.0016560 secs] 173089K->104198K(249472K), 0.0017225 secs] [Times: user=0.00 sys=0.00, real=0.00 secs] 
2019-01-25T15:24:45.335+0000: [GC (Allocation Failure) 2019-01-25T15:24:45.335+0000: [ParNew: 69110K->210K(77440K), 0.0019479 secs] 173062K->104179K(249472K), 0.0020065 secs] [Times: user=0.00 sys=0.00, real=0.00 secs] 
2019-01-25T15:24:45.377+0000: [GC (Allocation Failure) 2019-01-25T15:24:45.377+0000: [ParNew: 69074K->276K(77440K), 0.0016160 secs] 173043K->104267K(249472K), 0.0016753 secs] [Times: user=0.00 sys=0.00, real=0.00 secs] 
2019-01-25T15:24:45.422+0000: [GC (Allocation Failure) 2019-01-25T15:24:45.423+0000: [ParNew: 69140K->207K(77440K), 0.0015739 secs] 173131K->104219K(249472K), 0.0016326 secs] [Times: user=0.01 sys=0.00, real=0.00 secs] 
2019-01-25T15:24:45.466+0000: [GC (Allocation Failure) 2019-01-25T15:24:45.466+0000: [ParNew: 69071K->194K(77440K), 0.0016394 secs] 173083K->104222K(249472K), 0.0016965 secs] [Times: user=0.01 sys=0.00, real=0.00 secs] 
2019-01-25T15:24:45.510+0000: [GC (Allocation Failure) 2019-01-25T15:24:45.510+0000: [ParNew: 69058K->180K(77440K), 0.0015598 secs] 173086K->104225K(249472K), 0.0016171 secs] [Times: user=0.00 sys=0.00, real=0.00 secs] 
2019-01-25T15:24:45.554+0000: [GC (Allocation Failure) 2019-01-25T15:24:45.554+0000: [ParNew: 69044K->200K(77440K), 0.0014943 secs] 173089K->104260K(249472K), 0.0015520 secs] [Times: user=0.01 sys=0.00, real=0.00 secs] 
2019-01-25T15:24:45.599+0000: [GC (Allocation Failure) 2019-01-25T15:24:45.599+0000: [ParNew: 69064K->193K(77440K), 0.0015266 secs] 173124K->104269K(249472K), 0.0015840 secs] [Times: user=0.00 sys=0.00, real=0.00 secs] 
2019-01-25T15:24:45.642+0000: [GC (Allocation Failure) 2019-01-25T15:24:45.642+0000: [ParNew: 69057K->208K(77440K), 0.0014963 secs] 173133K->104295K(249472K), 0.0015541 secs] [Times: user=0.00 sys=0.00, real=0.00 secs] 
2019-01-25T15:24:45.685+0000: [GC (Allocation Failure) 2019-01-25T15:24:45.685+0000: [ParNew: 69072K->127K(77440K), 0.0015634 secs] 173159K->104232K(249472K), 0.0016215 secs] [Times: user=0.01 sys=0.00, real=0.00 secs] 
2019-01-25T15:24:45.728+0000: [GC (Allocation Failure) 2019-01-25T15:24:45.728+0000: [ParNew: 68991K->164K(77440K), 0.0014674 secs] 173096K->104285K(249472K), 0.0015228 secs] [Times: user=0.01 sys=0.00, real=0.00 secs] 
2019-01-25T15:24:45.771+0000: [GC (Allocation Failure) 2019-01-25T15:24:45.771+0000: [ParNew: 69028K->212K(77440K), 0.0014326 secs] 173149K->104348K(249472K), 0.0014899 secs] [Times: user=0.01 sys=0.00, real=0.00 secs] 
2019-01-25T15:24:45.818+0000: [GC (Allocation Failure) 2019-01-25T15:24:45.818+0000: [ParNew: 69076K->173K(77440K), 0.0015222 secs] 173212K->104321K(249472K), 0.0015789 secs] [Times: user=0.00 sys=0.00, real=0.00 secs] 
2019-01-25T15:24:45.862+0000: [GC (Allocation Failure) 2019-01-25T15:24:45.862+0000: [ParNew: 69037K->214K(77440K), 0.0015091 secs] 173185K->104378K(249472K), 0.0015650 secs] [Times: user=0.00 sys=0.00, real=0.00 secs] 
2019-01-25T15:24:45.905+0000: [GC (Allocation Failure) 2019-01-25T15:24:45.905+0000: [ParNew: 69078K->205K(77440K), 0.0014737 secs] 173242K->104384K(249472K), 0.0015339 secs] [Times: user=0.01 sys=0.00, real=0.00 secs] 
2019-01-25T15:24:45.950+0000: [GC (Allocation Failure) 2019-01-25T15:24:45.950+0000: [ParNew: 69069K->201K(77440K), 0.0014852 secs] 173248K->104393K(249472K), 0.0015444 secs] [Times: user=0.00 sys=0.00, real=0.00 secs] 
2019-01-25T15:24:45.999+0000: [GC (Allocation Failure) 2019-01-25T15:24:45.999+0000: [ParNew: 69065K->283K(77440K), 0.0020291 secs] 173257K->104484K(249472K), 0.0020849 secs] [Times: user=0.01 sys=0.00, real=0.00 secs] 
2019-01-25T15:24:46.046+0000: [GC (Allocation Failure) 2019-01-25T15:24:46.046+0000: [ParNew: 69147K->276K(77440K), 0.0015201 secs] 173348K->104490K(249472K), 0.0015756 secs] [Times: user=0.01 sys=0.00, real=0.00 secs] 
2019-01-25T15:24:46.090+0000: [GC (Allocation Failure) 2019-01-25T15:24:46.090+0000: [ParNew: 69140K->299K(77440K), 0.0014922 secs] 173354K->104528K(249472K), 0.0015488 secs] [Times: user=0.01 sys=0.00, real=0.00 secs] 
2019-01-25T15:24:46.133+0000: [GC (Allocation Failure) 2019-01-25T15:24:46.133+0000: [ParNew: 69163K->306K(77440K), 0.0015545 secs] 173392K->104546K(249472K), 0.0016111 secs] [Times: user=0.01 sys=0.00, real=0.00 secs] 
2019-01-25T15:24:46.178+0000: [GC (Allocation Failure) 2019-01-25T15:24:46.179+0000: [ParNew: 69170K->353K(77440K), 0.0015952 secs] 173410K->104608K(249472K), 0.0016523 secs] [Times: user=0.01 sys=0.00, real=0.00 secs] 
2019-01-25T15:24:46.222+0000: [GC (Allocation Failure) 2019-01-25T15:24:46.222+0000: [ParNew: 69217K->319K(77440K), 0.0015103 secs] 173472K->104594K(249472K), 0.0015676 secs] [Times: user=0.00 sys=0.00, real=0.00 secs] 
2019-01-25T15:24:46.267+0000: [GC (Allocation Failure) 2019-01-25T15:24:46.267+0000: [ParNew: 69183K->206K(77440K), 0.0015402 secs] 173458K->104567K(249472K), 0.0015978 secs] [Times: user=0.00 sys=0.00, real=0.00 secs] 
2019-01-25T15:24:46.309+0000: [GC (Allocation Failure) 2019-01-25T15:24:46.309+0000: [ParNew: 69070K->212K(77440K), 0.0013540 secs] 173431K->104591K(249472K), 0.0014133 secs] [Times: user=0.01 sys=0.00, real=0.00 secs] 
2019-01-25T15:24:46.354+0000: [GC (Allocation Failure) 2019-01-25T15:24:46.354+0000: [ParNew: 69076K->180K(77440K), 0.0013143 secs] 173455K->104575K(249472K), 0.0013724 secs] [Times: user=0.00 sys=0.00, real=0.00 secs] 
2019-01-25T15:24:46.399+0000: [GC (Allocation Failure) 2019-01-25T15:24:46.399+0000: [ParNew: 69044K->181K(77440K), 0.0012905 secs] 173439K->104589K(249472K), 0.0013464 secs] [Times: user=0.01 sys=0.00, real=0.00 secs] 
2019-01-25T15:24:46.442+0000: [GC (Allocation Failure) 2019-01-25T15:24:46.442+0000: [ParNew: 69045K->172K(77440K), 0.0013135 secs] 173453K->104595K(249472K), 0.0013700 secs] [Times: user=0.01 sys=0.00, real=0.00 secs] 
2019-01-25T15:24:46.486+0000: [GC (Allocation Failure) 2019-01-25T15:24:46.486+0000: [ParNew: 69036K->179K(77440K), 0.0013566 secs] 173459K->104613K(249472K), 0.0014143 secs] [Times: user=0.01 sys=0.00, real=0.00 secs] 
2019-01-25T15:24:46.531+0000: [GC (Allocation Failure) 2019-01-25T15:24:46.531+0000: [ParNew: 69043K->202K(77440K), 0.0012935 secs] 173477K->104648K(249472K), 0.0013509 secs] [Times: user=0.01 sys=0.00, real=0.00 secs] 
2019-01-25T15:24:46.575+0000: [GC (Allocation Failure) 2019-01-25T15:24:46.575+0000: [ParNew: 69066K->225K(77440K), 0.0013668 secs] 173512K->104677K(249472K), 0.0014244 secs] [Times: user=0.00 sys=0.01, real=0.00 secs] 
2019-01-25T15:24:46.619+0000: [GC (Allocation Failure) 2019-01-25T15:24:46.619+0000: [ParNew: 69089K->199K(77440K), 0.0013519 secs] 173541K->104657K(249472K), 0.0014083 secs] [Times: user=0.01 sys=0.00, real=0.00 secs] 
2019-01-25T15:24:46.663+0000: [GC (Allocation Failure) 2019-01-25T15:24:46.663+0000: [ParNew: 69063K->227K(77440K), 0.0013320 secs] 173521K->104693K(249472K), 0.0013871 secs] [Times: user=0.01 sys=0.00, real=0.00 secs] 
2019-01-25T15:24:46.708+0000: [GC (Allocation Failure) 2019-01-25T15:24:46.708+0000: [ParNew: 69091K->214K(77440K), 0.0014062 secs] 173557K->104691K(249472K), 0.0014627 secs] [Times: user=0.00 sys=0.00, real=0.00 secs] 
2019-01-25T15:24:46.758+0000: [GC (Allocation Failure) 2019-01-25T15:24:46.758+0000: [ParNew: 69078K->248K(77440K), 0.0014402 secs] 173555K->104737K(249472K), 0.0015020 secs] [Times: user=0.01 sys=0.00, real=0.00 secs] 
2019-01-25T15:24:46.801+0000: [GC (Allocation Failure) 2019-01-25T15:24:46.801+0000: [ParNew: 69112K->288K(77440K), 0.0014559 secs] 173601K->104793K(249472K), 0.0015134 secs] [Times: user=0.01 sys=0.00, real=0.00 secs] 
2019-01-25T15:24:46.845+0000: [GC (Allocation Failure) 2019-01-25T15:24:46.845+0000: [ParNew: 69152K->226K(77440K), 0.0017748 secs] 173657K->104742K(249472K), 0.0018359 secs] [Times: user=0.01 sys=0.00, real=0.00 secs] 
2019-01-25T15:24:46.890+0000: [GC (Allocation Failure) 2019-01-25T15:24:46.890+0000: [ParNew: 69090K->339K(77440K), 0.0015080 secs] 173606K->104873K(249472K), 0.0015648 secs] [Times: user=0.01 sys=0.00, real=0.00 secs] 
2019-01-25T15:24:46.948+0000: [GC (Allocation Failure) 2019-01-25T15:24:46.948+0000: [ParNew: 69203K->311K(77440K), 0.0017568 secs] 173737K->104863K(249472K), 0.0018095 secs] [Times: user=0.00 sys=0.00, real=0.00 secs] 
2019-01-25T15:24:47.078+0000: [GC (Allocation Failure) 2019-01-25T15:24:47.079+0000: [ParNew: 69175K->445K(77440K), 0.0032680 secs] 173727K->105033K(249472K), 0.0033319 secs] [Times: user=0.01 sys=0.00, real=0.00 secs] 
2019-01-25T15:24:47.187+0000: [GC (Allocation Failure) 2019-01-25T15:24:47.187+0000: [ParNew: 69309K->360K(77440K), 0.0021555 secs] 173897K->104969K(249472K), 0.0022060 secs] [Times: user=0.01 sys=0.00, real=0.00 secs] 
2019-01-25T15:24:47.256+0000: [GC (Allocation Failure) 2019-01-25T15:24:47.256+0000: [ParNew: 69224K->381K(77440K), 0.0016105 secs] 173833K->105014K(249472K), 0.0016630 secs] [Times: user=0.01 sys=0.00, real=0.00 secs] 
2019-01-25T15:25:21.863+0000: [GC (Allocation Failure) 2019-01-25T15:25:21.863+0000: [ParNew: 69245K->750K(77440K), 0.0035729 secs] 173878K->105401K(249472K), 0.0036242 secs] [Times: user=0.01 sys=0.00, real=0.00 secs] 
2019-01-25T15:25:22.020+0000: [GC (Allocation Failure) 2019-01-25T15:25:22.020+0000: [ParNew: 59219K->2994K(77440K), 0.0166554 secs] 163870K->140427K(249472K), 0.0167131 secs] [Times: user=0.05 sys=0.01, real=0.02 secs] 
2019-01-25T15:25:22.039+0000: [GC (CMS Initial Mark) [1 CMS-initial-mark: 137432K(172032K)] 158070K(249472K), 0.0019539 secs] [Times: user=0.01 sys=0.00, real=0.00 secs] 
2019-01-25T15:25:22.041+0000: [CMS-concurrent-mark-start]
2019-01-25T15:25:22.131+0000: [CMS-concurrent-mark: 0.083/0.090 secs] [Times: user=0.28 sys=0.02, real=0.09 secs] 
2019-01-25T15:25:22.135+0000: [CMS-concurrent-preclean-start]
2019-01-25T15:25:22.136+0000: [CMS-concurrent-preclean: 0.002/0.002 secs] [Times: user=0.00 sys=0.00, real=0.00 secs] 
2019-01-25T15:25:22.136+0000: [CMS-concurrent-abortable-preclean-start]
2019-01-25T15:25:22.316+0000: [GC (Allocation Failure) 2019-01-25T15:25:22.316+0000: [ParNew: 71858K->8576K(77440K), 0.0205439 secs] 209291K->162580K(249472K), 0.0205992 secs] [Times: user=0.07 sys=0.01, real=0.02 secs] 
2019-01-25T15:25:22.661+0000: [GC (Allocation Failure) 2019-01-25T15:25:22.661+0000: [ParNew2019-01-25T15:25:22.733+0000: [CMS-concurrent-abortable-preclean: 0.356/0.597 secs] [Times: user=2.29 sys=0.04, real=0.59 secs] 
: 77440K->8576K(77440K), 0.1448264 secs] 231444K->192042K(261760K), 0.1448932 secs] [Times: user=0.52 sys=0.02, real=0.15 secs] 
2019-01-25T15:25:22.824+0000: [GC (CMS Final Remark) [YG occupancy: 17049 K (77440 K)]2019-01-25T15:25:22.824+0000: [Rescan (parallel) , 0.0235634 secs]2019-01-25T15:25:22.847+0000: [weak refs processing, 0.0001495 secs]2019-01-25T15:25:22.847+0000: [class unloading, 0.0095546 secs]2019-01-25T15:25:22.857+0000: [scrub symbol table, 0.0077517 secs]2019-01-25T15:25:22.865+0000: [scrub string table, 0.0005574 secs][1 CMS-remark: 183466K(184320K)] 200515K(261760K), 0.0418064 secs] [Times: user=0.10 sys=0.00, real=0.04 secs] 
2019-01-25T15:25:22.872+0000: [CMS-concurrent-sweep-start]
2019-01-25T15:25:22.916+0000: [CMS-concurrent-sweep: 0.036/0.044 secs] [Times: user=0.16 sys=0.01, real=0.05 secs] 
2019-01-25T15:25:22.917+0000: [CMS-concurrent-reset-start]
2019-01-25T15:25:22.929+0000: [CMS-concurrent-reset: 0.012/0.012 secs] [Times: user=0.04 sys=0.00, real=0.01 secs] 
2019-01-25T15:25:22.987+0000: [GC (Allocation Failure) 2019-01-25T15:25:22.987+0000: [ParNew: 77440K->8576K(77440K), 0.1124077 secs] 254949K->229013K(373292K), 0.1124724 secs] [Times: user=0.39 sys=0.02, real=0.11 secs] 
2019-01-25T15:25:23.103+0000: [GC (CMS Initial Mark) [1 CMS-initial-mark: 220437K(295852K)] 230885K(373292K), 0.0033094 secs] [Times: user=0.01 sys=0.00, real=0.00 secs] 
2019-01-25T15:25:23.106+0000: [CMS-concurrent-mark-start]
2019-01-25T15:25:23.273+0000: [GC (Allocation Failure) 2019-01-25T15:25:23.273+0000: [ParNew: 72565K->8576K(77440K), 0.1392013 secs] 293003K->270677K(373292K), 0.1392701 secs] [Times: user=0.52 sys=0.01, real=0.14 secs] 
2019-01-25T15:25:23.573+0000: [GC (Allocation Failure) 2019-01-25T15:25:23.573+0000: [ParNew: 77440K->8576K(77440K), 0.1121845 secs] 339541K->313817K(383468K), 0.1122512 secs] [Times: user=0.40 sys=0.03, real=0.12 secs] 
2019-01-25T15:25:23.834+0000: [CMS-concurrent-mark: 0.474/0.728 secs] [Times: user=2.78 sys=0.06, real=0.72 secs] 
2019-01-25T15:25:23.834+0000: [CMS-concurrent-preclean-start]
2019-01-25T15:25:23.880+0000: [CMS-concurrent-preclean: 0.045/0.046 secs] [Times: user=0.19 sys=0.01, real=0.05 secs] 
2019-01-25T15:25:23.880+0000: [CMS-concurrent-abortable-preclean-start]
2019-01-25T15:25:23.959+0000: [GC (Allocation Failure) 2019-01-25T15:25:23.959+0000: [ParNew: 77440K->6405K(77440K), 0.0377530 secs] 382681K->320222K(392108K), 0.0378028 secs] [Times: user=0.14 sys=0.00, real=0.04 secs] 
2019-01-25T15:25:24.069+0000: [GC (Allocation Failure) 2019-01-25T15:25:24.069+0000: [ParNew: 75269K->1601K(77440K), 0.0016617 secs] 389086K->315418K(392108K), 0.0017160 secs] [Times: user=0.01 sys=0.00, real=0.00 secs] 
2019-01-25T15:25:24.126+0000: [CMS-concurrent-abortable-preclean: 0.200/0.246 secs] [Times: user=0.96 sys=0.00, real=0.25 secs] 
2019-01-25T15:25:24.127+0000: [GC (CMS Final Remark) [YG occupancy: 63435 K (77440 K)]2019-01-25T15:25:24.127+0000: [Rescan (parallel) , 0.0190364 secs]2019-01-25T15:25:24.146+0000: [weak refs processing, 0.0002807 secs]2019-01-25T15:25:24.146+0000: [class unloading, 0.0077617 secs]2019-01-25T15:25:24.154+0000: [scrub symbol table, 0.0078039 secs]2019-01-25T15:25:24.162+0000: [scrub string table, 0.0005693 secs][1 CMS-remark: 313816K(314668K)] 377251K(392108K), 0.0355951 secs] [Times: user=0.09 sys=0.00, real=0.03 secs] 
2019-01-25T15:25:24.163+0000: [CMS-concurrent-sweep-start]
2019-01-25T15:25:24.168+0000: [GC (Allocation Failure) 2019-01-25T15:25:24.168+0000: [ParNew: 70465K->534K(77440K), 0.0011972 secs] 384258K->314327K(392108K), 0.0012387 secs] [Times: user=0.01 sys=0.00, real=0.00 secs] 
2019-01-25T15:25:24.217+0000: [GC (Allocation Failure) 2019-01-25T15:25:24.217+0000: [ParNew: 69398K->134K(77440K), 0.0012993 secs] 371641K->302376K(392108K), 0.0013476 secs] [Times: user=0.01 sys=0.00, real=0.00 secs] 
2019-01-25T15:25:24.261+0000: [CMS-concurrent-sweep: 0.095/0.098 secs] [Times: user=0.38 sys=0.00, real=0.09 secs] 
2019-01-25T15:25:24.261+0000: [CMS-concurrent-reset-start]
2019-01-25T15:25:24.271+0000: [GC (Allocation Failure) 2019-01-25T15:25:24.271+0000: [ParNew: 68998K->34K(77440K), 0.0016487 secs] 371240K->302276K(581180K), 0.0016936 secs] [Times: user=0.00 sys=0.00, real=0.00 secs] 
2019-01-25T15:25:24.279+0000: [CMS-concurrent-reset: 0.016/0.018 secs] [Times: user=0.08 sys=0.00, real=0.02 secs] 
2019-01-25T15:25:24.318+0000: [GC (Allocation Failure) 2019-01-25T15:25:24.318+0000: [ParNew: 68898K->9K(77440K), 0.0016585 secs] 371140K->302251K(581180K), 0.0017051 secs] [Times: user=0.01 sys=0.00, real=0.00 secs] 
2019-01-25T15:25:24.361+0000: [GC (Allocation Failure) 2019-01-25T15:25:24.361+0000: [ParNew: 68873K->6K(77440K), 0.0017071 secs] 371115K->302251K(581180K), 0.0017550 secs] [Times: user=0.00 sys=0.00, real=0.01 secs] 
2019-01-25T15:25:24.401+0000: [GC (Allocation Failure) 2019-01-25T15:25:24.401+0000: [ParNew: 68870K->8K(77440K), 0.0016511 secs] 371115K->302253K(581180K), 0.0016978 secs] [Times: user=0.00 sys=0.00, real=0.01 secs] 
2019-01-25T15:25:24.450+0000: [GC (Allocation Failure) 2019-01-25T15:25:24.450+0000: [ParNew: 68872K->41K(77440K), 0.0017296 secs] 371117K->302287K(581180K), 0.0017767 secs] [Times: user=0.00 sys=0.00, real=0.00 secs] 
2019-01-25T15:25:24.852+0000: [GC (Allocation Failure) 2019-01-25T15:25:24.852+0000: [ParNew: 68905K->570K(77440K), 0.0021265 secs] 371151K->302816K(581180K), 0.0021839 secs] [Times: user=0.00 sys=0.01, real=0.01 secs] 
Heap
 par new generation   total 77440K, used 43808K [0x0000000680000000, 0x0000000685400000, 0x0000000694cc0000)
  eden space 68864K,  62% used [0x0000000680000000, 0x0000000682a396b0, 0x0000000684340000)
  from space 8576K,   6% used [0x0000000684340000, 0x00000006843cead8, 0x0000000684ba0000)
  to   space 8576K,   0% used [0x0000000684ba0000, 0x0000000684ba0000, 0x0000000685400000)
 concurrent mark-sweep generation total 503740K, used 302245K [0x0000000694cc0000, 0x00000006b38af000, 0x00000007c0000000)
 Metaspace       used 61677K, capacity 62428K, committed 62600K, reserved 1103872K
  class space    used 7867K, capacity 8077K, committed 8108K, reserved 1048576K
