2019-01-25T15:22:18.587+0000: [GC (Allocation Failure) 2019-01-25T15:22:18.587+0000: [ParNew: 68864K->6773K(77440K), 0.0078563 secs] 68864K->6773K(249472K), 0.0079406 secs] [Times: user=0.01 sys=0.01, real=0.01 secs] 
2019-01-25T15:22:18.939+0000: [GC (Allocation Failure) 2019-01-25T15:22:18.939+0000: [ParNew: 75637K->4531K(77440K), 0.0207085 secs] 75637K->6922K(249472K), 0.0207619 secs] [Times: user=0.07 sys=0.00, real=0.02 secs] 
2019-01-25T15:22:19.397+0000: [GC (Allocation Failure) 2019-01-25T15:22:19.397+0000: [ParNew: 73395K->3532K(77440K), 0.0049473 secs] 75786K->5923K(249472K), 0.0050062 secs] [Times: user=0.01 sys=0.00, real=0.01 secs] 
2019-01-25T15:22:19.705+0000: [GC (Allocation Failure) 2019-01-25T15:22:19.705+0000: [ParNew: 72396K->4369K(77440K), 0.0042909 secs] 74787K->6761K(249472K), 0.0043557 secs] [Times: user=0.02 sys=0.00, real=0.00 secs] 
2019-01-25T15:22:19.979+0000: [GC (Allocation Failure) 2019-01-25T15:22:19.979+0000: [ParNew: 73233K->5365K(77440K), 0.0050112 secs] 75625K->7756K(249472K), 0.0050666 secs] [Times: user=0.02 sys=0.00, real=0.00 secs] 
2019-01-25T15:22:20.188+0000: [GC (Allocation Failure) 2019-01-25T15:22:20.188+0000: [ParNew: 63261K->4832K(77440K), 0.0145659 secs] 65653K->24371K(249472K), 0.0146128 secs] [Times: user=0.05 sys=0.01, real=0.02 secs] 
2019-01-25T15:22:20.205+0000: [GC (CMS Initial Mark) [1 CMS-initial-mark: 19538K(172032K)] 40755K(249472K), 0.0014702 secs] [Times: user=0.01 sys=0.00, real=0.00 secs] 
2019-01-25T15:22:20.206+0000: [CMS-concurrent-mark-start]
2019-01-25T15:22:20.260+0000: [CMS-concurrent-mark: 0.053/0.054 secs] [Times: user=0.16 sys=0.01, real=0.06 secs] 
2019-01-25T15:22:20.260+0000: [CMS-concurrent-preclean-start]
2019-01-25T15:22:20.261+0000: [CMS-concurrent-preclean: 0.001/0.001 secs] [Times: user=0.00 sys=0.00, real=0.00 secs] 
2019-01-25T15:22:20.261+0000: [CMS-concurrent-abortable-preclean-start]
2019-01-25T15:22:20.446+0000: [GC (Allocation Failure) 2019-01-25T15:22:20.447+0000: [ParNew: 73696K->6082K(77440K), 0.0139282 secs] 93235K->42004K(249472K), 0.0139840 secs] [Times: user=0.05 sys=0.01, real=0.02 secs] 
2019-01-25T15:22:20.605+0000: [CMS-concurrent-abortable-preclean: 0.170/0.344 secs] [Times: user=0.76 sys=0.03, real=0.34 secs] 
2019-01-25T15:22:20.606+0000: [GC (CMS Final Remark) [YG occupancy: 52317 K (77440 K)]2019-01-25T15:22:20.606+0000: [Rescan (parallel) , 0.0046122 secs]2019-01-25T15:22:20.610+0000: [weak refs processing, 0.0000368 secs]2019-01-25T15:22:20.610+0000: [class unloading, 0.0029036 secs]2019-01-25T15:22:20.613+0000: [scrub symbol table, 0.0029511 secs]2019-01-25T15:22:20.616+0000: [scrub string table, 0.0002986 secs][1 CMS-remark: 35922K(172032K)] 88239K(249472K), 0.0111782 secs] [Times: user=0.02 sys=0.00, real=0.01 secs] 
2019-01-25T15:22:20.617+0000: [CMS-concurrent-sweep-start]
2019-01-25T15:22:20.618+0000: [CMS-concurrent-sweep: 0.001/0.001 secs] [Times: user=0.01 sys=0.00, real=0.01 secs] 
2019-01-25T15:22:20.618+0000: [CMS-concurrent-reset-start]
2019-01-25T15:22:20.804+0000: [CMS-concurrent-reset: 0.185/0.186 secs] [Times: user=0.40 sys=0.19, real=0.18 secs] 
2019-01-25T15:22:20.828+0000: [GC (Allocation Failure) 2019-01-25T15:22:20.828+0000: [ParNew: 74946K->7223K(77440K), 0.0086164 secs] 110852K->43998K(249472K), 0.0086657 secs] [Times: user=0.02 sys=0.00, real=0.01 secs] 
2019-01-25T15:22:21.142+0000: [GC (Allocation Failure) 2019-01-25T15:22:21.142+0000: [ParNew: 76087K->4083K(77440K), 0.0418336 secs] 112862K->75357K(249472K), 0.0418947 secs] [Times: user=0.13 sys=0.03, real=0.04 secs] 
2019-01-25T15:22:21.185+0000: [GC (CMS Initial Mark) [1 CMS-initial-mark: 71274K(172032K)] 76622K(249472K), 0.0015943 secs] [Times: user=0.01 sys=0.00, real=0.00 secs] 
2019-01-25T15:22:21.186+0000: [CMS-concurrent-mark-start]
2019-01-25T15:22:21.228+0000: [CMS-concurrent-mark: 0.042/0.042 secs] [Times: user=0.15 sys=0.00, real=0.04 secs] 
2019-01-25T15:22:21.228+0000: [CMS-concurrent-preclean-start]
2019-01-25T15:22:21.229+0000: [CMS-concurrent-preclean: 0.001/0.001 secs] [Times: user=0.01 sys=0.00, real=0.00 secs] 
2019-01-25T15:22:21.229+0000: [CMS-concurrent-abortable-preclean-start]
2019-01-25T15:22:21.353+0000: [CMS-concurrent-abortable-preclean: 0.023/0.123 secs] [Times: user=0.30 sys=0.01, real=0.13 secs] 
2019-01-25T15:22:21.353+0000: [GC (CMS Final Remark) [YG occupancy: 45881 K (77440 K)]2019-01-25T15:22:21.353+0000: [Rescan (parallel) , 0.0039559 secs]2019-01-25T15:22:21.357+0000: [weak refs processing, 0.0000313 secs]2019-01-25T15:22:21.357+0000: [class unloading, 0.0034172 secs]2019-01-25T15:22:21.361+0000: [scrub symbol table, 0.0036147 secs]2019-01-25T15:22:21.364+0000: [scrub string table, 0.0003509 secs][1 CMS-remark: 71274K(172032K)] 117155K(249472K), 0.0116413 secs] [Times: user=0.02 sys=0.00, real=0.01 secs] 
2019-01-25T15:22:21.365+0000: [CMS-concurrent-sweep-start]
2019-01-25T15:22:21.367+0000: [CMS-concurrent-sweep: 0.002/0.002 secs] [Times: user=0.01 sys=0.00, real=0.00 secs] 
2019-01-25T15:22:21.367+0000: [CMS-concurrent-reset-start]
2019-01-25T15:22:21.378+0000: [CMS-concurrent-reset: 0.011/0.011 secs] [Times: user=0.01 sys=0.00, real=0.01 secs] 
2019-01-25T15:22:21.523+0000: [GC (Allocation Failure) 2019-01-25T15:22:21.523+0000: [ParNew: 72947K->5910K(77440K), 0.0145790 secs] 144171K->93518K(249472K), 0.0146469 secs] [Times: user=0.05 sys=0.01, real=0.01 secs] 
2019-01-25T15:22:21.967+0000: [GC (Allocation Failure) 2019-01-25T15:22:21.967+0000: [ParNew: 74774K->6739K(77440K), 0.0105124 secs] 162382K->94659K(249472K), 0.0105925 secs] [Times: user=0.03 sys=0.00, real=0.01 secs] 
2019-01-25T15:22:22.219+0000: [GC (Allocation Failure) 2019-01-25T15:22:22.219+0000: [ParNew: 75603K->7005K(77440K), 0.0085883 secs] 163523K->97046K(249472K), 0.0086455 secs] [Times: user=0.03 sys=0.00, real=0.00 secs] 
2019-01-25T15:22:22.585+0000: [GC (Allocation Failure) 2019-01-25T15:22:22.585+0000: [ParNew: 75805K->4377K(77440K), 0.0091222 secs] 165846K->94990K(249472K), 0.0091830 secs] [Times: user=0.04 sys=0.00, real=0.01 secs] 
2019-01-25T15:22:22.752+0000: [GC (Allocation Failure) 2019-01-25T15:22:22.752+0000: [ParNew: 73241K->4185K(77440K), 0.0058963 secs] 163854K->94798K(249472K), 0.0059564 secs] [Times: user=0.02 sys=0.00, real=0.00 secs] 
2019-01-25T15:22:23.185+0000: [GC (Allocation Failure) 2019-01-25T15:22:23.186+0000: [ParNew: 73049K->7109K(77440K), 0.0066694 secs] 163662K->97722K(249472K), 0.0067250 secs] [Times: user=0.03 sys=0.00, real=0.01 secs] 
2019-01-25T15:22:23.457+0000: [GC (Allocation Failure) 2019-01-25T15:22:23.457+0000: [ParNew: 68594K->6555K(77440K), 0.0175511 secs] 159207K->100002K(249472K), 0.0176230 secs] [Times: user=0.06 sys=0.00, real=0.02 secs] 
2019-01-25T15:22:23.864+0000: [GC (Allocation Failure) 2019-01-25T15:22:23.864+0000: [ParNew: 75419K->5848K(77440K), 0.0191272 secs] 168866K->116719K(249472K), 0.0191805 secs] [Times: user=0.07 sys=0.01, real=0.02 secs] 
2019-01-25T15:22:24.173+0000: [GC (Allocation Failure) 2019-01-25T15:22:24.173+0000: [ParNew: 74712K->4863K(77440K), 0.0168981 secs] 185583K->119427K(249472K), 0.0169609 secs] [Times: user=0.04 sys=0.01, real=0.02 secs] 
2019-01-25T15:22:24.191+0000: [GC (CMS Initial Mark) [1 CMS-initial-mark: 114563K(172032K)] 119658K(249472K), 0.0013369 secs] [Times: user=0.00 sys=0.00, real=0.00 secs] 
2019-01-25T15:22:24.192+0000: [CMS-concurrent-mark-start]
2019-01-25T15:22:24.255+0000: [CMS-concurrent-mark: 0.062/0.063 secs] [Times: user=0.18 sys=0.00, real=0.06 secs] 
2019-01-25T15:22:24.256+0000: [CMS-concurrent-preclean-start]
2019-01-25T15:22:24.258+0000: [CMS-concurrent-preclean: 0.002/0.002 secs] [Times: user=0.00 sys=0.00, real=0.00 secs] 
2019-01-25T15:22:24.258+0000: [CMS-concurrent-abortable-preclean-start]
2019-01-25T15:22:24.490+0000: [GC (Allocation Failure) 2019-01-25T15:22:24.490+0000: [ParNew: 73727K->3401K(77440K), 0.0045920 secs] 188291K->117965K(249472K), 0.0046502 secs] [Times: user=0.02 sys=0.00, real=0.01 secs] 
2019-01-25T15:22:24.895+0000: [CMS-concurrent-abortable-preclean: 0.289/0.638 secs] [Times: user=2.11 sys=0.05, real=0.64 secs] 
2019-01-25T15:22:24.895+0000: [GC (CMS Final Remark) [YG occupancy: 43024 K (77440 K)]2019-01-25T15:22:24.895+0000: [Rescan (parallel) , 0.0062416 secs]2019-01-25T15:22:24.902+0000: [weak refs processing, 0.0000956 secs]2019-01-25T15:22:24.902+0000: [class unloading, 0.0072808 secs]2019-01-25T15:22:24.909+0000: [scrub symbol table, 0.0071467 secs]2019-01-25T15:22:24.916+0000: [scrub string table, 0.0005415 secs][1 CMS-remark: 114563K(172032K)] 157588K(249472K), 0.0216124 secs] [Times: user=0.06 sys=0.00, real=0.02 secs] 
2019-01-25T15:22:24.917+0000: [CMS-concurrent-sweep-start]
2019-01-25T15:22:24.934+0000: [CMS-concurrent-sweep: 0.013/0.016 secs] [Times: user=0.06 sys=0.01, real=0.02 secs] 
2019-01-25T15:22:24.934+0000: [CMS-concurrent-reset-start]
2019-01-25T15:22:24.947+0000: [CMS-concurrent-reset: 0.011/0.013 secs] [Times: user=0.05 sys=0.00, real=0.01 secs] 
2019-01-25T15:22:25.241+0000: [GC (Allocation Failure) 2019-01-25T15:22:25.241+0000: [ParNew: 72265K->4998K(77440K), 0.0154577 secs] 186305K->135421K(267508K), 0.0155201 secs] [Times: user=0.05 sys=0.01, real=0.01 secs] 
2019-01-25T15:22:25.722+0000: [GC (Allocation Failure) 2019-01-25T15:22:25.722+0000: [ParNew: 73862K->6293K(77440K), 0.0089477 secs] 204285K->137715K(267508K), 0.0090261 secs] [Times: user=0.04 sys=0.00, real=0.01 secs] 
2019-01-25T15:22:25.938+0000: [GC (Allocation Failure) 2019-01-25T15:22:25.939+0000: [ParNew: 75157K->2903K(77440K), 0.0074802 secs] 206579K->136711K(267508K), 0.0075481 secs] [Times: user=0.02 sys=0.00, real=0.00 secs] 
2019-01-25T15:22:25.950+0000: [GC (CMS Initial Mark) [1 CMS-initial-mark: 133808K(190068K)] 137275K(267508K), 0.0011758 secs] [Times: user=0.01 sys=0.00, real=0.00 secs] 
2019-01-25T15:22:25.952+0000: [CMS-concurrent-mark-start]
2019-01-25T15:22:26.068+0000: [CMS-concurrent-mark: 0.117/0.117 secs] [Times: user=0.44 sys=0.01, real=0.11 secs] 
2019-01-25T15:22:26.069+0000: [CMS-concurrent-preclean-start]
2019-01-25T15:22:26.070+0000: [CMS-concurrent-preclean: 0.002/0.002 secs] [Times: user=0.01 sys=0.00, real=0.01 secs] 
2019-01-25T15:22:26.070+0000: [CMS-concurrent-abortable-preclean-start]
2019-01-25T15:22:26.090+0000: [GC (Allocation Failure) 2019-01-25T15:22:26.090+0000: [ParNew: 71767K->922K(77440K), 0.0025823 secs] 205575K->134731K(267508K), 0.0026284 secs] [Times: user=0.01 sys=0.00, real=0.00 secs] 
2019-01-25T15:22:26.191+0000: [GC (Allocation Failure) 2019-01-25T15:22:26.191+0000: [ParNew: 69786K->1494K(77440K), 0.0025171 secs] 203595K->135303K(267508K), 0.0025981 secs] [Times: user=0.01 sys=0.00, real=0.00 secs] 
2019-01-25T15:22:26.293+0000: [GC (Allocation Failure) 2019-01-25T15:22:26.293+0000: [ParNew: 70358K->1334K(77440K), 0.0030030 secs] 204167K->135142K(267508K), 0.0030638 secs] [Times: user=0.01 sys=0.00, real=0.00 secs] 
2019-01-25T15:22:26.362+0000: [GC (Allocation Failure) 2019-01-25T15:22:26.362+0000: [ParNew: 70198K->1621K(77440K), 0.0022192 secs] 204006K->135429K(267508K), 0.0022746 secs] [Times: user=0.00 sys=0.00, real=0.00 secs] 
2019-01-25T15:22:26.415+0000: [GC (Allocation Failure) 2019-01-25T15:22:26.415+0000: [ParNew: 70485K->618K(77440K), 0.0030922 secs] 204293K->135113K(267508K), 0.0031537 secs] [Times: user=0.01 sys=0.00, real=0.01 secs] 
2019-01-25T15:22:26.468+0000: [GC (Allocation Failure) 2019-01-25T15:22:26.468+0000: [ParNew: 69482K->395K(77440K), 0.0017745 secs] 203977K->134918K(267508K), 0.0018463 secs] [Times: user=0.01 sys=0.00, real=0.00 secs] 
2019-01-25T15:22:26.522+0000: [GC (Allocation Failure) 2019-01-25T15:22:26.522+0000: [ParNew: 69259K->426K(77440K), 0.0021739 secs] 203782K->134981K(267508K), 0.0022322 secs] [Times: user=0.01 sys=0.00, real=0.00 secs] 
2019-01-25T15:22:26.575+0000: [GC (Allocation Failure) 2019-01-25T15:22:26.575+0000: [ParNew: 69290K->521K(77440K), 0.0015848 secs] 203845K->135108K(267508K), 0.0016431 secs] [Times: user=0.01 sys=0.00, real=0.00 secs] 
2019-01-25T15:22:26.626+0000: [GC (Allocation Failure) 2019-01-25T15:22:26.626+0000: [ParNew: 69385K->595K(77440K), 0.0016303 secs] 203972K->135213K(267508K), 0.0016886 secs] [Times: user=0.00 sys=0.00, real=0.00 secs] 
2019-01-25T15:22:26.679+0000: [GC (Allocation Failure) 2019-01-25T15:22:26.679+0000: [ParNew: 69459K->499K(77440K), 0.0016640 secs] 204077K->135152K(267508K), 0.0017223 secs] [Times: user=0.01 sys=0.00, real=0.00 secs] 
2019-01-25T15:22:26.732+0000: [GC (Allocation Failure) 2019-01-25T15:22:26.732+0000: [ParNew: 69363K->616K(77440K), 0.0016181 secs] 204016K->135298K(267508K), 0.0016778 secs] [Times: user=0.01 sys=0.00, real=0.00 secs] 
2019-01-25T15:22:26.783+0000: [GC (Allocation Failure) 2019-01-25T15:22:26.783+0000: [ParNew: 69480K->484K(77440K), 0.0017004 secs] 204162K->135219K(267508K), 0.0017601 secs] [Times: user=0.01 sys=0.00, real=0.00 secs] 
2019-01-25T15:22:26.839+0000: [GC (Allocation Failure) 2019-01-25T15:22:26.839+0000: [ParNew: 69348K->566K(77440K), 0.0024127 secs] 204083K->135354K(267508K), 0.0024739 secs] [Times: user=0.01 sys=0.00, real=0.00 secs] 
2019-01-25T15:22:26.891+0000: [GC (Allocation Failure) 2019-01-25T15:22:26.891+0000: [ParNew: 69430K->611K(77440K), 0.0017450 secs] 204218K->135448K(267508K), 0.0018040 secs] [Times: user=0.01 sys=0.00, real=0.00 secs] 
2019-01-25T15:22:26.941+0000: [GC (Allocation Failure) 2019-01-25T15:22:26.941+0000: [ParNew: 69475K->560K(77440K), 0.0020596 secs] 204312K->135431K(267508K), 0.0021185 secs] [Times: user=0.01 sys=0.00, real=0.00 secs] 
2019-01-25T15:22:26.994+0000: [GC (Allocation Failure) 2019-01-25T15:22:26.994+0000: [ParNew: 69424K->473K(77440K), 0.0025112 secs] 204295K->135383K(267508K), 0.0025708 secs] [Times: user=0.00 sys=0.00, real=0.00 secs] 
2019-01-25T15:22:27.062+0000: [GC (Allocation Failure) 2019-01-25T15:22:27.062+0000: [ParNew: 69337K->472K(77440K), 0.0023078 secs] 204247K->135417K(267508K), 0.0023740 secs] [Times: user=0.01 sys=0.00, real=0.00 secs] 
2019-01-25T15:22:27.136+0000: [GC (Allocation Failure) 2019-01-25T15:22:27.136+0000: [ParNew: 69336K->472K(77440K), 0.0016783 secs] 204281K->135448K(267508K), 0.0017390 secs] [Times: user=0.01 sys=0.00, real=0.00 secs] 
2019-01-25T15:22:27.189+0000: [GC (Allocation Failure) 2019-01-25T15:22:27.189+0000: [ParNew: 69336K->478K(77440K), 0.0017542 secs] 204312K->135522K(267508K), 0.0018131 secs] [Times: user=0.00 sys=0.00, real=0.01 secs] 
2019-01-25T15:22:27.236+0000: [GC (Allocation Failure) 2019-01-25T15:22:27.236+0000: [ParNew: 69342K->386K(77440K), 0.0017134 secs] 204386K->135490K(267508K), 0.0017721 secs] [Times: user=0.01 sys=0.00, real=0.00 secs] 
2019-01-25T15:22:27.286+0000: [GC (Allocation Failure) 2019-01-25T15:22:27.286+0000: [ParNew: 69250K->417K(77440K), 0.0043475 secs] 204354K->135581K(267508K), 0.0044069 secs] [Times: user=0.01 sys=0.00, real=0.01 secs] 
2019-01-25T15:22:27.338+0000: [GC (Allocation Failure) 2019-01-25T15:22:27.338+0000: [ParNew: 69281K->443K(77440K), 0.0019255 secs] 204445K->135633K(267508K), 0.0019844 secs] [Times: user=0.01 sys=0.00, real=0.00 secs] 
2019-01-25T15:22:27.387+0000: [GC (Allocation Failure) 2019-01-25T15:22:27.387+0000: [ParNew: 69307K->487K(77440K), 0.0018520 secs] 204497K->135697K(267508K), 0.0019100 secs] [Times: user=0.00 sys=0.00, real=0.00 secs] 
2019-01-25T15:22:27.434+0000: [GC (Allocation Failure) 2019-01-25T15:22:27.434+0000: [ParNew: 69351K->493K(77440K), 0.0019755 secs] 204561K->135735K(267508K), 0.0020331 secs] [Times: user=0.01 sys=0.00, real=0.00 secs] 
2019-01-25T15:22:27.482+0000: [GC (Allocation Failure) 2019-01-25T15:22:27.482+0000: [ParNew: 69357K->385K(77440K), 0.0018685 secs] 204599K->135659K(267508K), 0.0019268 secs] [Times: user=0.01 sys=0.00, real=0.00 secs] 
2019-01-25T15:22:27.530+0000: [GC (Allocation Failure) 2019-01-25T15:22:27.530+0000: [ParNew: 69249K->395K(77440K), 0.0018768 secs] 204523K->135730K(267508K), 0.0019361 secs] [Times: user=0.01 sys=0.00, real=0.01 secs] 
2019-01-25T15:22:27.576+0000: [GC (Allocation Failure) 2019-01-25T15:22:27.576+0000: [ParNew: 69259K->379K(77440K), 0.0019146 secs] 204594K->135752K(267508K), 0.0019739 secs] [Times: user=0.01 sys=0.00, real=0.01 secs] 
2019-01-25T15:22:27.627+0000: [GC (Allocation Failure) 2019-01-25T15:22:27.627+0000: [ParNew: 69243K->439K(77440K), 0.0017417 secs] 204616K->135842K(267508K), 0.0018005 secs] [Times: user=0.01 sys=0.00, real=0.00 secs] 
2019-01-25T15:22:27.674+0000: [GC (Allocation Failure) 2019-01-25T15:22:27.674+0000: [ParNew: 69303K->473K(77440K), 0.0018063 secs] 204706K->135908K(267508K), 0.0018661 secs] [Times: user=0.01 sys=0.00, real=0.00 secs] 
2019-01-25T15:22:27.722+0000: [GC (Allocation Failure) 2019-01-25T15:22:27.722+0000: [ParNew: 69337K->447K(77440K), 0.0020387 secs] 204772K->135910K(267508K), 0.0020981 secs] [Times: user=0.00 sys=0.00, real=0.00 secs] 
2019-01-25T15:22:27.770+0000: [GC (Allocation Failure) 2019-01-25T15:22:27.770+0000: [ParNew: 69311K->570K(77440K), 0.0018440 secs] 204774K->136057K(267508K), 0.0019022 secs] [Times: user=0.00 sys=0.00, real=0.00 secs] 
2019-01-25T15:22:27.818+0000: [GC (Allocation Failure) 2019-01-25T15:22:27.818+0000: [ParNew: 69434K->525K(77440K), 0.0019697 secs] 204921K->136049K(267508K), 0.0020295 secs] [Times: user=0.01 sys=0.00, real=0.00 secs] 
2019-01-25T15:22:27.874+0000: [GC (Allocation Failure) 2019-01-25T15:22:27.874+0000: [ParNew: 69389K->607K(77440K), 0.0020368 secs] 204913K->136164K(267508K), 0.0020921 secs] [Times: user=0.01 sys=0.00, real=0.00 secs] 
2019-01-25T15:22:27.930+0000: [GC (Allocation Failure) 2019-01-25T15:22:27.930+0000: [ParNew: 69471K->717K(77440K), 0.0019280 secs] 205028K->136306K(267508K), 0.0019858 secs] [Times: user=0.01 sys=0.00, real=0.00 secs] 
2019-01-25T15:22:27.978+0000: [GC (Allocation Failure) 2019-01-25T15:22:27.978+0000: [ParNew: 69581K->601K(77440K), 0.0020334 secs] 205170K->136288K(267508K), 0.0021001 secs] [Times: user=0.01 sys=0.00, real=0.00 secs] 
2019-01-25T15:22:28.027+0000: [GC (Allocation Failure) 2019-01-25T15:22:28.027+0000: [ParNew: 69465K->601K(77440K), 0.0018885 secs] 205152K->136323K(267508K), 0.0019503 secs] [Times: user=0.01 sys=0.00, real=0.00 secs] 
2019-01-25T15:22:28.078+0000: [GC (Allocation Failure) 2019-01-25T15:22:28.079+0000: [ParNew: 69465K->559K(77440K), 0.0018915 secs] 205187K->136376K(267508K), 0.0019495 secs] [Times: user=0.00 sys=0.00, real=0.00 secs] 
2019-01-25T15:22:28.144+0000: [GC (Allocation Failure) 2019-01-25T15:22:28.144+0000: [ParNew: 69423K->535K(77440K), 0.0218904 secs] 205240K->136447K(267508K), 0.0219478 secs] [Times: user=0.07 sys=0.00, real=0.02 secs] 
2019-01-25T15:22:28.224+0000: [GC (Allocation Failure) 2019-01-25T15:22:28.224+0000: [ParNew: 69399K->552K(77440K), 0.0025165 secs] 205311K->136491K(267508K), 0.0025765 secs] [Times: user=0.01 sys=0.00, real=0.00 secs] 
2019-01-25T15:22:28.274+0000: [GC (Allocation Failure) 2019-01-25T15:22:28.274+0000: [ParNew: 69416K->423K(77440K), 0.0018899 secs] 205355K->136464K(267508K), 0.0019498 secs] [Times: user=0.00 sys=0.00, real=0.00 secs] 
2019-01-25T15:22:28.322+0000: [GC (Allocation Failure) 2019-01-25T15:22:28.322+0000: [ParNew: 69287K->522K(77440K), 0.0022287 secs] 205328K->136596K(267508K), 0.0022882 secs] [Times: user=0.01 sys=0.00, real=0.00 secs] 
2019-01-25T15:22:28.374+0000: [GC (Allocation Failure) 2019-01-25T15:22:28.374+0000: [ParNew: 69386K->336K(77440K), 0.0025066 secs] 205460K->136444K(267508K), 0.0025884 secs] [Times: user=0.01 sys=0.00, real=0.00 secs] 
2019-01-25T15:22:28.434+0000: [GC (Allocation Failure) 2019-01-25T15:22:28.434+0000: [ParNew: 69200K->368K(77440K), 0.0018780 secs] 205308K->136515K(267508K), 0.0019479 secs] [Times: user=0.01 sys=0.00, real=0.00 secs] 
2019-01-25T15:22:28.483+0000: [GC (Allocation Failure) 2019-01-25T15:22:28.483+0000: [ParNew: 69232K->375K(77440K), 0.0018320 secs] 205379K->136553K(267508K), 0.0018919 secs] [Times: user=0.01 sys=0.00, real=0.00 secs] 
2019-01-25T15:22:28.534+0000: [GC (Allocation Failure) 2019-01-25T15:22:28.534+0000: [ParNew: 69239K->429K(77440K), 0.0018140 secs] 205417K->136643K(267508K), 0.0018728 secs] [Times: user=0.01 sys=0.00, real=0.00 secs] 
2019-01-25T15:22:28.586+0000: [GC (Allocation Failure) 2019-01-25T15:22:28.586+0000: [ParNew: 69293K->275K(77440K), 0.0017762 secs] 205507K->136518K(267508K), 0.0018348 secs] [Times: user=0.01 sys=0.00, real=0.00 secs] 
2019-01-25T15:22:28.632+0000: [GC (Allocation Failure) 2019-01-25T15:22:28.632+0000: [ParNew: 69139K->292K(77440K), 0.0019034 secs] 205382K->136570K(267508K), 0.0019723 secs] [Times: user=0.01 sys=0.00, real=0.00 secs] 
2019-01-25T15:22:28.681+0000: [GC (Allocation Failure) 2019-01-25T15:22:28.681+0000: [ParNew: 69156K->348K(77440K), 0.0018522 secs] 205434K->136655K(267508K), 0.0019128 secs] [Times: user=0.01 sys=0.00, real=0.00 secs] 
2019-01-25T15:22:28.743+0000: [GC (Allocation Failure) 2019-01-25T15:22:28.743+0000: [ParNew: 69212K->300K(77440K), 0.0023441 secs] 205519K->136638K(267508K), 0.0024016 secs] [Times: user=0.01 sys=0.00, real=0.00 secs] 
2019-01-25T15:22:28.794+0000: [GC (Allocation Failure) 2019-01-25T15:22:28.795+0000: [ParNew: 69164K->338K(77440K), 0.0018070 secs] 205502K->136700K(267508K), 0.0018659 secs] [Times: user=0.01 sys=0.00, real=0.00 secs] 
2019-01-25T15:22:28.841+0000: [GC (Allocation Failure) 2019-01-25T15:22:28.841+0000: [ParNew: 69202K->338K(77440K), 0.0022804 secs] 205564K->136724K(267508K), 0.0023383 secs] [Times: user=0.00 sys=0.00, real=0.00 secs] 
2019-01-25T15:22:28.890+0000: [GC (Allocation Failure) 2019-01-25T15:22:28.890+0000: [ParNew: 69202K->358K(77440K), 0.0018259 secs] 205588K->136768K(267508K), 0.0018854 secs] [Times: user=0.01 sys=0.00, real=0.00 secs] 
2019-01-25T15:22:28.938+0000: [GC (Allocation Failure) 2019-01-25T15:22:28.938+0000: [ParNew: 69222K->381K(77440K), 0.0019349 secs] 205632K->136821K(267508K), 0.0019936 secs] [Times: user=0.00 sys=0.00, real=0.00 secs] 
2019-01-25T15:22:29.003+0000: [GC (Allocation Failure) 2019-01-25T15:22:29.003+0000: [ParNew: 69232K->378K(77440K), 0.0025859 secs] 205671K->136848K(267508K), 0.0026519 secs] [Times: user=0.00 sys=0.00, real=0.00 secs] 
2019-01-25T15:22:29.054+0000: [GC (Allocation Failure) 2019-01-25T15:22:29.055+0000: [ParNew: 69242K->435K(77440K), 0.0019097 secs] 205712K->136937K(267508K), 0.0019691 secs] [Times: user=0.01 sys=0.00, real=0.00 secs] 
2019-01-25T15:22:29.102+0000: [GC (Allocation Failure) 2019-01-25T15:22:29.102+0000: [ParNew: 69299K->433K(77440K), 0.0018520 secs] 205801K->136967K(267508K), 0.0019114 secs] [Times: user=0.00 sys=0.00, real=0.00 secs] 
2019-01-25T15:22:29.149+0000: [GC (Allocation Failure) 2019-01-25T15:22:29.149+0000: [ParNew: 69297K->419K(77440K), 0.0019399 secs] 205831K->136982K(267508K), 0.0019982 secs] [Times: user=0.01 sys=0.00, real=0.01 secs] 
2019-01-25T15:22:29.198+0000: [GC (Allocation Failure) 2019-01-25T15:22:29.198+0000: [ParNew: 69283K->468K(77440K), 0.0018706 secs] 205846K->137064K(267508K), 0.0019294 secs] [Times: user=0.01 sys=0.00, real=0.00 secs] 
2019-01-25T15:22:29.200+0000: [CMS-concurrent-abortable-preclean: 0.573/3.130 secs] [Times: user=11.68 sys=0.30, real=3.13 secs] 
2019-01-25T15:22:29.201+0000: [GC (CMS Final Remark) [YG occupancy: 1218 K (77440 K)]2019-01-25T15:22:29.201+0000: [Rescan (parallel) , 0.0011375 secs]2019-01-25T15:22:29.202+0000: [weak refs processing, 0.0000812 secs]2019-01-25T15:22:29.202+0000: [class unloading, 0.0087252 secs]2019-01-25T15:22:29.211+0000: [scrub symbol table, 0.0077547 secs]2019-01-25T15:22:29.218+0000: [scrub string table, 0.0004873 secs][1 CMS-remark: 136595K(190068K)] 137813K(267508K), 0.0184172 secs] [Times: user=0.02 sys=0.00, real=0.02 secs] 
2019-01-25T15:22:29.219+0000: [CMS-concurrent-sweep-start]
2019-01-25T15:22:29.239+0000: [CMS-concurrent-sweep: 0.013/0.020 secs] [Times: user=0.06 sys=0.01, real=0.02 secs] 
2019-01-25T15:22:29.239+0000: [CMS-concurrent-reset-start]
2019-01-25T15:22:29.254+0000: [CMS-concurrent-reset: 0.014/0.014 secs] [Times: user=0.05 sys=0.00, real=0.01 secs] 
2019-01-25T15:22:29.277+0000: [GC (Allocation Failure) 2019-01-25T15:22:29.277+0000: [ParNew: 69332K->485K(77440K), 0.0018161 secs] 204948K->136134K(303468K), 0.0018706 secs] [Times: user=0.00 sys=0.00, real=0.01 secs] 
2019-01-25T15:22:29.322+0000: [GC (Allocation Failure) 2019-01-25T15:22:29.322+0000: [ParNew: 69349K->413K(77440K), 0.0022135 secs] 204998K->136099K(303468K), 0.0022777 secs] [Times: user=0.01 sys=0.01, real=0.00 secs] 
2019-01-25T15:22:29.370+0000: [GC (Allocation Failure) 2019-01-25T15:22:29.370+0000: [ParNew: 69277K->527K(77440K), 0.0021121 secs] 204963K->136247K(303468K), 0.0021720 secs] [Times: user=0.01 sys=0.00, real=0.01 secs] 
2019-01-25T15:22:29.418+0000: [GC (Allocation Failure) 2019-01-25T15:22:29.418+0000: [ParNew: 69391K->644K(77440K), 0.0018614 secs] 205111K->136398K(303468K), 0.0019227 secs] [Times: user=0.01 sys=0.01, real=0.00 secs] 
2019-01-25T15:22:29.466+0000: [GC (Allocation Failure) 2019-01-25T15:22:29.466+0000: [ParNew: 69508K->644K(77440K), 0.0017509 secs] 205262K->136434K(303468K), 0.0018098 secs] [Times: user=0.01 sys=0.00, real=0.00 secs] 
2019-01-25T15:22:29.514+0000: [GC (Allocation Failure) 2019-01-25T15:22:29.515+0000: [ParNew: 69508K->661K(77440K), 0.0021300 secs] 205298K->136486K(303468K), 0.0022006 secs] [Times: user=0.01 sys=0.00, real=0.00 secs] 
2019-01-25T15:22:29.578+0000: [GC (Allocation Failure) 2019-01-25T15:22:29.579+0000: [ParNew: 69525K->977K(77440K), 0.0028861 secs] 205350K->136835K(303468K), 0.0029643 secs] [Times: user=0.00 sys=0.00, real=0.00 secs] 
2019-01-25T15:22:29.638+0000: [GC (Allocation Failure) 2019-01-25T15:22:29.638+0000: [ParNew: 69841K->946K(77440K), 0.0028516 secs] 205699K->136832K(303468K), 0.0029226 secs] [Times: user=0.01 sys=0.00, real=0.00 secs] 
2019-01-25T15:22:29.698+0000: [GC (Allocation Failure) 2019-01-25T15:22:29.698+0000: [ParNew: 69810K->769K(77440K), 0.0029297 secs] 205696K->136819K(303468K), 0.0030062 secs] [Times: user=0.01 sys=0.00, real=0.00 secs] 
2019-01-25T15:22:29.762+0000: [GC (Allocation Failure) 2019-01-25T15:22:29.762+0000: [ParNew: 69633K->729K(77440K), 0.0027018 secs] 205683K->136943K(303468K), 0.0027591 secs] [Times: user=0.01 sys=0.00, real=0.00 secs] 
2019-01-25T15:22:29.814+0000: [GC (Allocation Failure) 2019-01-25T15:22:29.814+0000: [ParNew: 69593K->625K(77440K), 0.0020531 secs] 205807K->136878K(303468K), 0.0021122 secs] [Times: user=0.00 sys=0.00, real=0.00 secs] 
2019-01-25T15:22:29.860+0000: [GC (Allocation Failure) 2019-01-25T15:22:29.860+0000: [ParNew: 69489K->593K(77440K), 0.0019803 secs] 205742K->136883K(303468K), 0.0020287 secs] [Times: user=0.01 sys=0.00, real=0.00 secs] 
2019-01-25T15:22:29.907+0000: [GC (Allocation Failure) 2019-01-25T15:22:29.907+0000: [ParNew: 69457K->366K(77440K), 0.0020621 secs] 205747K->136954K(303468K), 0.0021228 secs] [Times: user=0.01 sys=0.00, real=0.00 secs] 
2019-01-25T15:22:29.951+0000: [GC (Allocation Failure) 2019-01-25T15:22:29.951+0000: [ParNew: 69230K->448K(77440K), 0.0019942 secs] 205818K->137072K(303468K), 0.0020535 secs] [Times: user=0.00 sys=0.00, real=0.00 secs] 
2019-01-25T15:22:29.996+0000: [GC (Allocation Failure) 2019-01-25T15:22:29.996+0000: [ParNew: 69312K->412K(77440K), 0.0019856 secs] 205936K->137076K(303468K), 0.0020440 secs] [Times: user=0.00 sys=0.00, real=0.00 secs] 
2019-01-25T15:22:30.042+0000: [GC (Allocation Failure) 2019-01-25T15:22:30.042+0000: [ParNew: 69276K->442K(77440K), 0.0019614 secs] 205940K->137136K(303468K), 0.0020223 secs] [Times: user=0.01 sys=0.00, real=0.00 secs] 
2019-01-25T15:22:30.090+0000: [GC (Allocation Failure) 2019-01-25T15:22:30.091+0000: [ParNew: 69306K->436K(77440K), 0.0019740 secs] 206000K->137168K(303468K), 0.0020334 secs] [Times: user=0.01 sys=0.00, real=0.00 secs] 
2019-01-25T15:22:30.138+0000: [GC (Allocation Failure) 2019-01-25T15:22:30.138+0000: [ParNew: 69300K->413K(77440K), 0.0019560 secs] 206032K->137185K(303468K), 0.0020154 secs] [Times: user=0.01 sys=0.00, real=0.00 secs] 
2019-01-25T15:22:30.186+0000: [GC (Allocation Failure) 2019-01-25T15:22:30.186+0000: [ParNew: 69277K->409K(77440K), 0.0019261 secs] 206049K->137225K(303468K), 0.0019858 secs] [Times: user=0.01 sys=0.00, real=0.00 secs] 
2019-01-25T15:22:30.230+0000: [GC (Allocation Failure) 2019-01-25T15:22:30.230+0000: [ParNew: 69273K->400K(77440K), 0.0018975 secs] 206089K->137251K(303468K), 0.0019546 secs] [Times: user=0.01 sys=0.00, real=0.00 secs] 
2019-01-25T15:22:30.278+0000: [GC (Allocation Failure) 2019-01-25T15:22:30.278+0000: [ParNew: 69264K->454K(77440K), 0.0018794 secs] 206115K->137345K(303468K), 0.0019386 secs] [Times: user=0.00 sys=0.00, real=0.01 secs] 
2019-01-25T15:22:30.323+0000: [GC (Allocation Failure) 2019-01-25T15:22:30.323+0000: [ParNew: 69318K->470K(77440K), 0.0018625 secs] 206209K->137393K(303468K), 0.0019358 secs] [Times: user=0.01 sys=0.00, real=0.00 secs] 
2019-01-25T15:22:30.367+0000: [GC (Allocation Failure) 2019-01-25T15:22:30.367+0000: [ParNew: 69334K->342K(77440K), 0.0018889 secs] 206257K->137299K(303468K), 0.0019472 secs] [Times: user=0.01 sys=0.00, real=0.00 secs] 
2019-01-25T15:22:30.413+0000: [GC (Allocation Failure) 2019-01-25T15:22:30.413+0000: [ParNew: 69206K->382K(77440K), 0.0019156 secs] 206163K->137370K(303468K), 0.0019742 secs] [Times: user=0.01 sys=0.00, real=0.00 secs] 
2019-01-25T15:22:30.458+0000: [GC (Allocation Failure) 2019-01-25T15:22:30.458+0000: [ParNew: 69246K->389K(77440K), 0.0018893 secs] 206234K->137414K(303468K), 0.0019491 secs] [Times: user=0.01 sys=0.00, real=0.01 secs] 
2019-01-25T15:22:30.502+0000: [GC (Allocation Failure) 2019-01-25T15:22:30.502+0000: [ParNew: 69253K->348K(77440K), 0.0023561 secs] 206278K->137405K(303468K), 0.0024242 secs] [Times: user=0.01 sys=0.00, real=0.00 secs] 
2019-01-25T15:22:30.556+0000: [GC (Allocation Failure) 2019-01-25T15:22:30.556+0000: [ParNew: 69212K->242K(77440K), 0.0032705 secs] 206269K->137335K(303468K), 0.0033277 secs] [Times: user=0.01 sys=0.00, real=0.01 secs] 
2019-01-25T15:22:30.602+0000: [GC (Allocation Failure) 2019-01-25T15:22:30.602+0000: [ParNew: 69106K->324K(77440K), 0.0018321 secs] 206199K->137452K(303468K), 0.0019054 secs] [Times: user=0.00 sys=0.00, real=0.00 secs] 
2019-01-25T15:22:30.650+0000: [GC (Allocation Failure) 2019-01-25T15:22:30.651+0000: [ParNew: 69188K->344K(77440K), 0.0021197 secs] 206316K->137498K(303468K), 0.0021803 secs] [Times: user=0.00 sys=0.00, real=0.00 secs] 
2019-01-25T15:22:30.694+0000: [GC (Allocation Failure) 2019-01-25T15:22:30.694+0000: [ParNew: 69208K->400K(77440K), 0.0018805 secs] 206362K->137584K(303468K), 0.0019407 secs] [Times: user=0.01 sys=0.00, real=0.00 secs] 
2019-01-25T15:22:30.742+0000: [GC (Allocation Failure) 2019-01-25T15:22:30.742+0000: [ParNew: 69264K->329K(77440K), 0.0018829 secs] 206448K->137539K(303468K), 0.0019416 secs] [Times: user=0.00 sys=0.00, real=0.00 secs] 
2019-01-25T15:22:30.791+0000: [GC (Allocation Failure) 2019-01-25T15:22:30.791+0000: [ParNew: 69193K->373K(77440K), 0.0025197 secs] 206403K->137614K(303468K), 0.0025912 secs] [Times: user=0.01 sys=0.00, real=0.00 secs] 
2019-01-25T15:22:30.842+0000: [GC (Allocation Failure) 2019-01-25T15:22:30.842+0000: [ParNew: 69237K->358K(77440K), 0.0018690 secs] 206478K->137632K(303468K), 0.0019283 secs] [Times: user=0.01 sys=0.00, real=0.00 secs] 
2019-01-25T15:22:30.886+0000: [GC (Allocation Failure) 2019-01-25T15:22:30.887+0000: [ParNew: 69222K->393K(77440K), 0.0019608 secs] 206496K->137700K(303468K), 0.0020203 secs] [Times: user=0.00 sys=0.00, real=0.00 secs] 
2019-01-25T15:22:30.931+0000: [GC (Allocation Failure) 2019-01-25T15:22:30.931+0000: [ParNew: 69257K->350K(77440K), 0.0019299 secs] 206564K->137685K(303468K), 0.0019899 secs] [Times: user=0.01 sys=0.00, real=0.00 secs] 
2019-01-25T15:22:30.979+0000: [GC (Allocation Failure) 2019-01-25T15:22:30.979+0000: [ParNew: 69214K->354K(77440K), 0.0019319 secs] 206549K->137719K(303468K), 0.0019896 secs] [Times: user=0.01 sys=0.00, real=0.00 secs] 
2019-01-25T15:22:31.023+0000: [GC (Allocation Failure) 2019-01-25T15:22:31.023+0000: [ParNew: 69218K->467K(77440K), 0.0019591 secs] 206583K->137865K(303468K), 0.0020183 secs] [Times: user=0.01 sys=0.00, real=0.00 secs] 
2019-01-25T15:22:31.070+0000: [GC (Allocation Failure) 2019-01-25T15:22:31.070+0000: [ParNew: 69331K->375K(77440K), 0.0019556 secs] 206729K->137809K(303468K), 0.0020129 secs] [Times: user=0.01 sys=0.00, real=0.00 secs] 
2019-01-25T15:22:31.119+0000: [GC (Allocation Failure) 2019-01-25T15:22:31.119+0000: [ParNew: 69239K->389K(77440K), 0.0019502 secs] 206673K->137863K(303468K), 0.0020099 secs] [Times: user=0.00 sys=0.00, real=0.00 secs] 
2019-01-25T15:22:31.163+0000: [GC (Allocation Failure) 2019-01-25T15:22:31.163+0000: [ParNew: 69253K->404K(77440K), 0.0018046 secs] 206727K->137903K(303468K), 0.0018633 secs] [Times: user=0.01 sys=0.00, real=0.00 secs] 
2019-01-25T15:22:31.211+0000: [GC (Allocation Failure) 2019-01-25T15:22:31.211+0000: [ParNew: 69268K->399K(77440K), 0.0018612 secs] 206767K->137926K(303468K), 0.0019195 secs] [Times: user=0.01 sys=0.00, real=0.00 secs] 
2019-01-25T15:22:31.256+0000: [GC (Allocation Failure) 2019-01-25T15:22:31.256+0000: [ParNew: 69263K->367K(77440K), 0.0024301 secs] 206790K->137923K(303468K), 0.0025070 secs] [Times: user=0.01 sys=0.00, real=0.01 secs] 
2019-01-25T15:22:31.302+0000: [GC (Allocation Failure) 2019-01-25T15:22:31.302+0000: [ParNew: 69231K->434K(77440K), 0.0018803 secs] 206787K->138020K(303468K), 0.0019402 secs] [Times: user=0.01 sys=0.00, real=0.00 secs] 
2019-01-25T15:22:31.350+0000: [GC (Allocation Failure) 2019-01-25T15:22:31.350+0000: [ParNew: 69298K->390K(77440K), 0.0018477 secs] 206884K->138001K(303468K), 0.0019063 secs] [Times: user=0.00 sys=0.00, real=0.00 secs] 
2019-01-25T15:22:31.395+0000: [GC (Allocation Failure) 2019-01-25T15:22:31.395+0000: [ParNew: 69254K->446K(77440K), 0.0019812 secs] 206865K->138089K(303468K), 0.0020407 secs] [Times: user=0.01 sys=0.00, real=0.00 secs] 
2019-01-25T15:22:31.439+0000: [GC (Allocation Failure) 2019-01-25T15:22:31.439+0000: [ParNew: 69310K->473K(77440K), 0.0019284 secs] 206953K->138144K(303468K), 0.0019908 secs] [Times: user=0.00 sys=0.00, real=0.00 secs] 
2019-01-25T15:22:31.486+0000: [GC (Allocation Failure) 2019-01-25T15:22:31.486+0000: [ParNew: 69337K->508K(77440K), 0.0020545 secs] 207008K->138216K(303468K), 0.0021190 secs] [Times: user=0.01 sys=0.00, real=0.00 secs] 
2019-01-25T15:22:31.535+0000: [GC (Allocation Failure) 2019-01-25T15:22:31.535+0000: [ParNew: 69372K->341K(77440K), 0.0020878 secs] 207080K->138088K(303468K), 0.0021468 secs] [Times: user=0.00 sys=0.00, real=0.00 secs] 
2019-01-25T15:22:31.582+0000: [GC (Allocation Failure) 2019-01-25T15:22:31.582+0000: [ParNew: 69205K->433K(77440K), 0.0019090 secs] 206952K->138214K(303468K), 0.0019679 secs] [Times: user=0.01 sys=0.00, real=0.00 secs] 
2019-01-25T15:22:31.630+0000: [GC (Allocation Failure) 2019-01-25T15:22:31.630+0000: [ParNew: 69297K->338K(77440K), 0.0019474 secs] 207078K->138165K(303468K), 0.0020064 secs] [Times: user=0.01 sys=0.00, real=0.00 secs] 
2019-01-25T15:22:31.678+0000: [GC (Allocation Failure) 2019-01-25T15:22:31.678+0000: [ParNew: 69202K->349K(77440K), 0.0018258 secs] 207029K->138213K(303468K), 0.0018852 secs] [Times: user=0.00 sys=0.00, real=0.00 secs] 
2019-01-25T15:22:31.723+0000: [GC (Allocation Failure) 2019-01-25T15:22:31.723+0000: [ParNew: 69213K->396K(77440K), 0.0019566 secs] 207077K->138291K(303468K), 0.0020162 secs] [Times: user=0.01 sys=0.00, real=0.00 secs] 
2019-01-25T15:22:31.770+0000: [GC (Allocation Failure) 2019-01-25T15:22:31.770+0000: [ParNew: 69260K->459K(77440K), 0.0019273 secs] 207155K->138387K(303468K), 0.0019866 secs] [Times: user=0.01 sys=0.00, real=0.00 secs] 
2019-01-25T15:22:31.816+0000: [GC (Allocation Failure) 2019-01-25T15:22:31.816+0000: [ParNew: 69323K->291K(77440K), 0.0019241 secs] 207251K->138255K(303468K), 0.0019835 secs] [Times: user=0.01 sys=0.00, real=0.00 secs] 
2019-01-25T15:22:31.862+0000: [GC (Allocation Failure) 2019-01-25T15:22:31.862+0000: [ParNew: 69145K->420K(77440K), 0.0018282 secs] 207108K->138409K(303468K), 0.0018769 secs] [Times: user=0.01 sys=0.01, real=0.00 secs] 
2019-01-25T15:22:31.909+0000: [GC (Allocation Failure) 2019-01-25T15:22:31.909+0000: [ParNew: 69284K->424K(77440K), 0.0018824 secs] 207273K->138439K(303468K), 0.0019409 secs] [Times: user=0.01 sys=0.00, real=0.01 secs] 
2019-01-25T15:22:31.953+0000: [GC (Allocation Failure) 2019-01-25T15:22:31.953+0000: [ParNew: 69288K->490K(77440K), 0.0019850 secs] 207303K->138532K(303468K), 0.0020429 secs] [Times: user=0.01 sys=0.00, real=0.00 secs] 
2019-01-25T15:22:32.010+0000: [GC (Allocation Failure) 2019-01-25T15:22:32.010+0000: [ParNew: 69354K->707K(77440K), 0.0021198 secs] 207396K->138780K(303468K), 0.0021894 secs] [Times: user=0.01 sys=0.00, real=0.01 secs] 
2019-01-25T15:22:32.058+0000: [GC (Allocation Failure) 2019-01-25T15:22:32.058+0000: [ParNew: 69571K->699K(77440K), 0.0021547 secs] 207644K->138816K(303468K), 0.0022147 secs] [Times: user=0.01 sys=0.00, real=0.00 secs] 
2019-01-25T15:22:32.104+0000: [GC (Allocation Failure) 2019-01-25T15:22:32.104+0000: [ParNew: 69393K->586K(77440K), 0.0020357 secs] 207510K->138735K(303468K), 0.0020927 secs] [Times: user=0.01 sys=0.00, real=0.00 secs] 
2019-01-25T15:22:32.150+0000: [GC (Allocation Failure) 2019-01-25T15:22:32.150+0000: [ParNew: 69450K->598K(77440K), 0.0020878 secs] 207599K->138789K(303468K), 0.0021457 secs] [Times: user=0.00 sys=0.00, real=0.00 secs] 
2019-01-25T15:22:32.194+0000: [GC (Allocation Failure) 2019-01-25T15:22:32.194+0000: [ParNew: 69462K->644K(77440K), 0.0020833 secs] 207653K->138861K(303468K), 0.0021431 secs] [Times: user=0.01 sys=0.00, real=0.00 secs] 
2019-01-25T15:22:32.243+0000: [GC (Allocation Failure) 2019-01-25T15:22:32.243+0000: [ParNew: 69508K->626K(77440K), 0.0021019 secs] 207725K->138885K(303468K), 0.0021598 secs] [Times: user=0.00 sys=0.00, real=0.00 secs] 
2019-01-25T15:22:32.290+0000: [GC (Allocation Failure) 2019-01-25T15:22:32.290+0000: [ParNew: 69490K->430K(77440K), 0.0020751 secs] 207749K->138980K(303468K), 0.0021338 secs] [Times: user=0.01 sys=0.00, real=0.00 secs] 
2019-01-25T15:22:32.335+0000: [GC (Allocation Failure) 2019-01-25T15:22:32.335+0000: [ParNew: 69294K->431K(77440K), 0.0018312 secs] 207844K->139012K(303468K), 0.0018907 secs] [Times: user=0.00 sys=0.00, real=0.00 secs] 
2019-01-25T15:22:32.382+0000: [GC (Allocation Failure) 2019-01-25T15:22:32.382+0000: [ParNew: 69295K->368K(77440K), 0.0018808 secs] 207876K->138978K(303468K), 0.0019390 secs] [Times: user=0.00 sys=0.00, real=0.00 secs] 
2019-01-25T15:22:32.429+0000: [GC (Allocation Failure) 2019-01-25T15:22:32.429+0000: [ParNew: 69232K->677K(77440K), 0.0020221 secs] 207842K->139319K(303468K), 0.0020797 secs] [Times: user=0.00 sys=0.00, real=0.01 secs] 
2019-01-25T15:22:32.473+0000: [GC (Allocation Failure) 2019-01-25T15:22:32.473+0000: [ParNew: 69541K->633K(77440K), 0.0020262 secs] 208183K->139310K(303468K), 0.0020858 secs] [Times: user=0.00 sys=0.00, real=0.00 secs] 
2019-01-25T15:22:32.518+0000: [GC (Allocation Failure) 2019-01-25T15:22:32.518+0000: [ParNew: 69497K->1138K(77440K), 0.0024682 secs] 208174K->139847K(303468K), 0.0025270 secs] [Times: user=0.01 sys=0.00, real=0.01 secs] 
2019-01-25T15:22:32.569+0000: [GC (Allocation Failure) 2019-01-25T15:22:32.569+0000: [ParNew: 70002K->1102K(77440K), 0.0023814 secs] 208711K->139842K(303468K), 0.0024362 secs] [Times: user=0.01 sys=0.00, real=0.01 secs] 
2019-01-25T15:22:32.612+0000: [GC (Allocation Failure) 2019-01-25T15:22:32.613+0000: [ParNew: 69966K->1170K(77440K), 0.0024566 secs] 208706K->139945K(303468K), 0.0025167 secs] [Times: user=0.01 sys=0.00, real=0.00 secs] 
2019-01-25T15:22:32.658+0000: [GC (Allocation Failure) 2019-01-25T15:22:32.658+0000: [ParNew: 70034K->1180K(77440K), 0.0026765 secs] 208809K->139989K(303468K), 0.0027376 secs] [Times: user=0.01 sys=0.00, real=0.00 secs] 
2019-01-25T15:22:32.702+0000: [GC (Allocation Failure) 2019-01-25T15:22:32.702+0000: [ParNew: 70044K->913K(77440K), 0.0023912 secs] 208853K->140008K(303468K), 0.0024513 secs] [Times: user=0.01 sys=0.00, real=0.00 secs] 
2019-01-25T15:22:32.747+0000: [GC (Allocation Failure) 2019-01-25T15:22:32.747+0000: [ParNew: 69777K->860K(77440K), 0.0022221 secs] 208872K->139989K(303468K), 0.0022818 secs] [Times: user=0.01 sys=0.00, real=0.00 secs] 
2019-01-25T15:22:32.792+0000: [GC (Allocation Failure) 2019-01-25T15:22:32.792+0000: [ParNew: 69724K->472K(77440K), 0.0022978 secs] 208853K->140144K(303468K), 0.0023568 secs] [Times: user=0.01 sys=0.00, real=0.00 secs] 
2019-01-25T15:22:32.838+0000: [GC (Allocation Failure) 2019-01-25T15:22:32.838+0000: [ParNew: 69336K->434K(77440K), 0.0018213 secs] 209008K->140137K(303468K), 0.0018804 secs] [Times: user=0.01 sys=0.00, real=0.00 secs] 
2019-01-25T15:22:32.884+0000: [GC (Allocation Failure) 2019-01-25T15:22:32.884+0000: [ParNew: 69298K->408K(77440K), 0.0019025 secs] 209001K->140141K(303468K), 0.0019612 secs] [Times: user=0.01 sys=0.00, real=0.00 secs] 
2019-01-25T15:22:32.928+0000: [GC (Allocation Failure) 2019-01-25T15:22:32.928+0000: [ParNew: 69272K->473K(77440K), 0.0019229 secs] 209005K->140240K(303468K), 0.0019933 secs] [Times: user=0.00 sys=0.00, real=0.00 secs] 
2019-01-25T15:22:32.971+0000: [GC (Allocation Failure) 2019-01-25T15:22:32.972+0000: [ParNew: 69337K->363K(77440K), 0.0022212 secs] 209104K->140162K(303468K), 0.0022801 secs] [Times: user=0.00 sys=0.00, real=0.00 secs] 
2019-01-25T15:22:33.018+0000: [GC (Allocation Failure) 2019-01-25T15:22:33.018+0000: [ParNew: 69227K->355K(77440K), 0.0018438 secs] 209026K->140192K(303468K), 0.0019012 secs] [Times: user=0.00 sys=0.00, real=0.00 secs] 
2019-01-25T15:22:33.066+0000: [GC (Allocation Failure) 2019-01-25T15:22:33.066+0000: [ParNew: 69219K->299K(77440K), 0.0018426 secs] 209056K->140172K(303468K), 0.0019019 secs] [Times: user=0.00 sys=0.00, real=0.00 secs] 
2019-01-25T15:22:33.110+0000: [GC (Allocation Failure) 2019-01-25T15:22:33.110+0000: [ParNew: 69163K->349K(77440K), 0.0018524 secs] 209036K->140248K(303468K), 0.0019118 secs] [Times: user=0.01 sys=0.00, real=0.01 secs] 
2019-01-25T15:22:33.154+0000: [GC (Allocation Failure) 2019-01-25T15:22:33.154+0000: [ParNew: 69213K->271K(77440K), 0.0018915 secs] 209112K->140203K(303468K), 0.0019495 secs] [Times: user=0.01 sys=0.00, real=0.00 secs] 
2019-01-25T15:22:33.198+0000: [GC (Allocation Failure) 2019-01-25T15:22:33.198+0000: [ParNew: 69135K->369K(77440K), 0.0018061 secs] 209067K->140322K(303468K), 0.0018646 secs] [Times: user=0.01 sys=0.00, real=0.00 secs] 
2019-01-25T15:22:33.242+0000: [GC (Allocation Failure) 2019-01-25T15:22:33.242+0000: [ParNew: 69233K->395K(77440K), 0.0019249 secs] 209186K->140380K(303468K), 0.0019823 secs] [Times: user=0.01 sys=0.00, real=0.00 secs] 
2019-01-25T15:22:33.286+0000: [GC (Allocation Failure) 2019-01-25T15:22:33.286+0000: [ParNew: 69259K->464K(77440K), 0.0018529 secs] 209244K->140472K(303468K), 0.0019117 secs] [Times: user=0.01 sys=0.00, real=0.00 secs] 
2019-01-25T15:22:33.334+0000: [GC (Allocation Failure) 2019-01-25T15:22:33.334+0000: [ParNew: 69328K->343K(77440K), 0.0019270 secs] 209336K->140371K(303468K), 0.0019849 secs] [Times: user=0.01 sys=0.00, real=0.00 secs] 
2019-01-25T15:22:33.382+0000: [GC (Allocation Failure) 2019-01-25T15:22:33.383+0000: [ParNew: 69207K->430K(77440K), 0.0019756 secs] 209235K->140491K(303468K), 0.0020349 secs] [Times: user=0.01 sys=0.00, real=0.00 secs] 
2019-01-25T15:22:33.428+0000: [GC (Allocation Failure) 2019-01-25T15:22:33.428+0000: [ParNew: 69294K->460K(77440K), 0.0020541 secs] 209355K->140563K(303468K), 0.0021126 secs] [Times: user=0.00 sys=0.00, real=0.01 secs] 
2019-01-25T15:22:33.472+0000: [GC (Allocation Failure) 2019-01-25T15:22:33.472+0000: [ParNew: 69324K->399K(77440K), 0.0019758 secs] 209427K->140541K(303468K), 0.0020331 secs] [Times: user=0.01 sys=0.00, real=0.00 secs] 
2019-01-25T15:22:33.518+0000: [GC (Allocation Failure) 2019-01-25T15:22:33.518+0000: [ParNew: 69263K->431K(77440K), 0.0019840 secs] 209405K->140608K(303468K), 0.0020422 secs] [Times: user=0.00 sys=0.00, real=0.00 secs] 
2019-01-25T15:22:33.570+0000: [GC (Allocation Failure) 2019-01-25T15:22:33.570+0000: [ParNew: 69295K->377K(77440K), 0.0019174 secs] 209472K->140587K(303468K), 0.0019752 secs] [Times: user=0.01 sys=0.00, real=0.01 secs] 
2019-01-25T15:22:33.614+0000: [GC (Allocation Failure) 2019-01-25T15:22:33.615+0000: [ParNew: 69241K->430K(77440K), 0.0019005 secs] 209451K->140673K(303468K), 0.0019578 secs] [Times: user=0.01 sys=0.00, real=0.00 secs] 
2019-01-25T15:22:33.658+0000: [GC (Allocation Failure) 2019-01-25T15:22:33.658+0000: [ParNew: 69294K->427K(77440K), 0.0019532 secs] 209537K->140707K(303468K), 0.0020109 secs] [Times: user=0.00 sys=0.00, real=0.00 secs] 
2019-01-25T15:22:33.707+0000: [GC (Allocation Failure) 2019-01-25T15:22:33.707+0000: [ParNew: 69291K->477K(77440K), 0.0019945 secs] 209571K->140794K(303468K), 0.0020548 secs] [Times: user=0.01 sys=0.00, real=0.00 secs] 
2019-01-25T15:22:33.751+0000: [GC (Allocation Failure) 2019-01-25T15:22:33.751+0000: [ParNew: 69341K->422K(77440K), 0.0018616 secs] 209658K->140770K(303468K), 0.0019311 secs] [Times: user=0.01 sys=0.00, real=0.00 secs] 
2019-01-25T15:22:33.797+0000: [GC (Allocation Failure) 2019-01-25T15:22:33.797+0000: [ParNew: 69286K->493K(77440K), 0.0019530 secs] 209634K->140867K(303468K), 0.0020110 secs] [Times: user=0.00 sys=0.00, real=0.01 secs] 
2019-01-25T15:22:33.841+0000: [GC (Allocation Failure) 2019-01-25T15:22:33.841+0000: [ParNew: 69357K->325K(77440K), 0.0019043 secs] 209731K->140726K(303468K), 0.0019616 secs] [Times: user=0.01 sys=0.00, real=0.00 secs] 
2019-01-25T15:22:33.885+0000: [GC (Allocation Failure) 2019-01-25T15:22:33.885+0000: [ParNew: 69189K->430K(77440K), 0.0019782 secs] 209590K->140871K(303468K), 0.0020362 secs] [Times: user=0.01 sys=0.00, real=0.00 secs] 
2019-01-25T15:22:33.930+0000: [GC (Allocation Failure) 2019-01-25T15:22:33.930+0000: [ParNew: 69294K->316K(77440K), 0.0019328 secs] 209735K->140798K(303468K), 0.0019910 secs] [Times: user=0.01 sys=0.00, real=0.00 secs] 
2019-01-25T15:22:33.978+0000: [GC (Allocation Failure) 2019-01-25T15:22:33.978+0000: [ParNew: 69180K->438K(77440K), 0.0020034 secs] 209662K->140956K(303468K), 0.0020614 secs] [Times: user=0.01 sys=0.00, real=0.00 secs] 
2019-01-25T15:22:34.025+0000: [GC (Allocation Failure) 2019-01-25T15:22:34.025+0000: [ParNew: 69302K->383K(77440K), 0.0019519 secs] 209820K->140933K(303468K), 0.0020034 secs] [Times: user=0.00 sys=0.00, real=0.00 secs] 
2019-01-25T15:22:34.134+0000: [GC (Allocation Failure) 2019-01-25T15:22:34.134+0000: [ParNew: 69247K->531K(77440K), 0.0028840 secs] 209797K->141105K(303468K), 0.0029483 secs] [Times: user=0.01 sys=0.00, real=0.00 secs] 
2019-01-25T15:23:08.811+0000: [GC (GCLocker Initiated GC) 2019-01-25T15:23:08.811+0000: [ParNew: 69397K->2454K(77440K), 0.0302116 secs] 209971K->159444K(303468K), 0.0302986 secs] [Times: user=0.10 sys=0.01, real=0.03 secs] 
2019-01-25T15:23:09.016+0000: [GC (Allocation Failure) 2019-01-25T15:23:09.016+0000: [ParNew: 71318K->3844K(77440K), 0.0816019 secs] 228308K->210021K(303468K), 0.0816730 secs] [Times: user=0.21 sys=0.02, real=0.08 secs] 
2019-01-25T15:23:09.110+0000: [GC (CMS Initial Mark) [1 CMS-initial-mark: 206177K(226028K)] 212774K(303468K), 0.0038459 secs] [Times: user=0.02 sys=0.00, real=0.00 secs] 
2019-01-25T15:23:09.114+0000: [CMS-concurrent-mark-start]
2019-01-25T15:23:09.251+0000: [CMS-concurrent-mark: 0.135/0.137 secs] [Times: user=0.50 sys=0.00, real=0.14 secs] 
2019-01-25T15:23:09.251+0000: [CMS-concurrent-preclean-start]
2019-01-25T15:23:09.259+0000: [CMS-concurrent-preclean: 0.008/0.008 secs] [Times: user=0.03 sys=0.00, real=0.01 secs] 
2019-01-25T15:23:09.259+0000: [CMS-concurrent-abortable-preclean-start]
2019-01-25T15:23:09.422+0000: [GC (Allocation Failure) 2019-01-25T15:23:09.422+0000: [ParNew2019-01-25T15:23:09.431+0000: [CMS-concurrent-abortable-preclean: 0.072/0.172 secs] [Times: user=0.68 sys=0.01, real=0.17 secs] 
: 72708K->8576K(77440K), 0.0636488 secs] 278885K->222372K(303468K), 0.0637340 secs] [Times: user=0.20 sys=0.02, real=0.06 secs] 
2019-01-25T15:23:09.506+0000: [GC (CMS Final Remark) [YG occupancy: 11306 K (77440 K)]2019-01-25T15:23:09.506+0000: [Rescan (parallel) , 0.0095738 secs]2019-01-25T15:23:09.516+0000: [weak refs processing, 0.0002024 secs]2019-01-25T15:23:09.516+0000: [class unloading, 0.0092184 secs]2019-01-25T15:23:09.525+0000: [scrub symbol table, 0.0077547 secs]2019-01-25T15:23:09.533+0000: [scrub string table, 0.0005609 secs][1 CMS-remark: 213796K(226028K)] 225103K(303468K), 0.0274964 secs] [Times: user=0.05 sys=0.00, real=0.03 secs] 
2019-01-25T15:23:09.534+0000: [CMS-concurrent-sweep-start]
2019-01-25T15:23:09.560+0000: [CMS-concurrent-sweep: 0.026/0.026 secs] [Times: user=0.09 sys=0.00, real=0.03 secs] 
2019-01-25T15:23:09.560+0000: [CMS-concurrent-reset-start]
2019-01-25T15:23:09.572+0000: [CMS-concurrent-reset: 0.011/0.011 secs] [Times: user=0.05 sys=0.00, real=0.01 secs] 
2019-01-25T15:23:09.740+0000: [GC (Allocation Failure) 2019-01-25T15:23:09.740+0000: [ParNew: 77440K->8576K(77440K), 0.0949767 secs] 282523K->250459K(419248K), 0.0950520 secs] [Times: user=0.36 sys=0.00, real=0.09 secs] 
2019-01-25T15:23:09.836+0000: [GC (CMS Initial Mark) [1 CMS-initial-mark: 241883K(341808K)] 251296K(419248K), 0.0057135 secs] [Times: user=0.01 sys=0.00, real=0.01 secs] 
2019-01-25T15:23:09.841+0000: [CMS-concurrent-mark-start]
2019-01-25T15:23:09.951+0000: [CMS-concurrent-mark: 0.110/0.110 secs] [Times: user=0.44 sys=0.00, real=0.11 secs] 
2019-01-25T15:23:09.951+0000: [CMS-concurrent-preclean-start]
2019-01-25T15:23:09.961+0000: [CMS-concurrent-preclean: 0.008/0.010 secs] [Times: user=0.03 sys=0.01, real=0.01 secs] 
2019-01-25T15:23:09.961+0000: [CMS-concurrent-abortable-preclean-start]
2019-01-25T15:23:09.994+0000: [GC (Allocation Failure) 2019-01-25T15:23:09.994+0000: [ParNew: 77440K->8576K(77440K), 0.1244852 secs] 319323K->294239K(419248K), 0.1245688 secs] [Times: user=0.46 sys=0.02, real=0.12 secs] 
2019-01-25T15:23:10.257+0000: [GC (Allocation Failure) 2019-01-25T15:23:10.257+0000: [ParNew: 75228K->8576K(77440K), 0.1173196 secs] 360891K->343052K(419248K), 0.1173916 secs] [Times: user=0.42 sys=0.02, real=0.12 secs] 
2019-01-25T15:23:10.375+0000: [CMS-concurrent-abortable-preclean: 0.168/0.414 secs] [Times: user=1.56 sys=0.04, real=0.41 secs] 
2019-01-25T15:23:10.383+0000: [GC (CMS Final Remark) [YG occupancy: 18825 K (77440 K)]2019-01-25T15:23:10.383+0000: [Rescan (parallel) , 0.0463008 secs]2019-01-25T15:23:10.429+0000: [weak refs processing, 0.0000379 secs]2019-01-25T15:23:10.429+0000: [class unloading, 0.0076236 secs]2019-01-25T15:23:10.437+0000: [scrub symbol table, 0.0079007 secs]2019-01-25T15:23:10.445+0000: [scrub string table, 0.0005731 secs][1 CMS-remark: 334476K(341808K)] 353302K(419248K), 0.0626421 secs] [Times: user=0.20 sys=0.00, real=0.06 secs] 
2019-01-25T15:23:10.446+0000: [CMS-concurrent-sweep-start]
2019-01-25T15:23:10.550+0000: [CMS-concurrent-sweep: 0.104/0.104 secs] [Times: user=0.39 sys=0.00, real=0.10 secs] 
2019-01-25T15:23:10.553+0000: [CMS-concurrent-reset-start]
2019-01-25T15:23:10.576+0000: [CMS-concurrent-reset: 0.022/0.022 secs] [Times: user=0.08 sys=0.00, real=0.02 secs] 
2019-01-25T15:23:10.690+0000: [GC (Allocation Failure) 2019-01-25T15:23:10.690+0000: [ParNew: 77440K->8576K(77440K), 0.0726482 secs] 406654K->357722K(626132K), 0.0727174 secs] [Times: user=0.26 sys=0.00, real=0.07 secs] 
2019-01-25T15:23:10.882+0000: [GC (Allocation Failure) 2019-01-25T15:23:10.882+0000: [ParNew: 77440K->8344K(77440K), 0.0356846 secs] 426586K->366075K(626132K), 0.0357531 secs] [Times: user=0.13 sys=0.01, real=0.03 secs] 
2019-01-25T15:23:10.970+0000: [GC (Allocation Failure) 2019-01-25T15:23:10.970+0000: [ParNew: 77208K->2086K(77440K), 0.0017213 secs] 434939K->359817K(626132K), 0.0017691 secs] [Times: user=0.01 sys=0.00, real=0.00 secs] 
2019-01-25T15:23:11.014+0000: [GC (Allocation Failure) 2019-01-25T15:23:11.014+0000: [ParNew: 70950K->521K(77440K), 0.0016986 secs] 428681K->358252K(626132K), 0.0017495 secs] [Times: user=0.01 sys=0.00, real=0.00 secs] 
2019-01-25T15:23:11.055+0000: [GC (Allocation Failure) 2019-01-25T15:23:11.055+0000: [ParNew: 69385K->97K(77440K), 0.0017395 secs] 427116K->357828K(626132K), 0.0017868 secs] [Times: user=0.01 sys=0.00, real=0.00 secs] 
2019-01-25T15:23:11.095+0000: [GC (Allocation Failure) 2019-01-25T15:23:11.095+0000: [ParNew: 68961K->32K(77440K), 0.0017261 secs] 426692K->357763K(626132K), 0.0017808 secs] [Times: user=0.00 sys=0.00, real=0.00 secs] 
2019-01-25T15:23:11.135+0000: [GC (Allocation Failure) 2019-01-25T15:23:11.135+0000: [ParNew: 68896K->8K(77440K), 0.0017453 secs] 426627K->357739K(626132K), 0.0017945 secs] [Times: user=0.00 sys=0.00, real=0.00 secs] 
2019-01-25T15:23:11.177+0000: [GC (Allocation Failure) 2019-01-25T15:23:11.177+0000: [ParNew: 68872K->8K(77440K), 0.0017171 secs] 426603K->357739K(626132K), 0.0017655 secs] [Times: user=0.01 sys=0.00, real=0.01 secs] 
2019-01-25T15:23:11.230+0000: [GC (Allocation Failure) 2019-01-25T15:23:11.230+0000: [ParNew: 68872K->6K(77440K), 0.0022873 secs] 426603K->357737K(626132K), 0.0023549 secs] [Times: user=0.01 sys=0.00, real=0.00 secs] 
2019-01-25T15:23:11.298+0000: [GC (Allocation Failure) 2019-01-25T15:23:11.298+0000: [ParNew: 68870K->109K(77440K), 0.0028224 secs] 426601K->357840K(626132K), 0.0028874 secs] [Times: user=0.00 sys=0.00, real=0.00 secs] 
2019-01-25T15:23:12.254+0000: [GC (Allocation Failure) 2019-01-25T15:23:12.254+0000: [ParNew: 68973K->1219K(77440K), 0.0025639 secs] 426704K->358950K(626132K), 0.0026225 secs] [Times: user=0.01 sys=0.00, real=0.00 secs] 
Heap
 par new generation   total 77440K, used 13762K [0x0000000680000000, 0x0000000685400000, 0x0000000694cc0000)
  eden space 68864K,  18% used [0x0000000680000000, 0x0000000680c3fc90, 0x0000000684340000)
  from space 8576K,  14% used [0x0000000684340000, 0x0000000684470d60, 0x0000000684ba0000)
  to   space 8576K,   0% used [0x0000000684ba0000, 0x0000000684ba0000, 0x0000000685400000)
 concurrent mark-sweep generation total 548692K, used 357731K [0x0000000694cc0000, 0x00000006b6495000, 0x00000007c0000000)
 Metaspace       used 62051K, capacity 62830K, committed 63152K, reserved 1103872K
  class space    used 7917K, capacity 8120K, committed 8208K, reserved 1048576K
