2019-01-25T15:22:18.862+0000: [GC (Allocation Failure) 2019-01-25T15:22:18.862+0000: [ParNew: 68864K->6789K(77440K), 0.0100334 secs] 68864K->6789K(249472K), 0.0101359 secs] [Times: user=0.02 sys=0.00, real=0.01 secs] 
2019-01-25T15:22:19.277+0000: [GC (Allocation Failure) 2019-01-25T15:22:19.277+0000: [ParNew: 75653K->3981K(77440K), 0.0221983 secs] 75653K->6373K(249472K), 0.0222437 secs] [Times: user=0.05 sys=0.00, real=0.02 secs] 
2019-01-25T15:22:19.727+0000: [GC (Allocation Failure) 2019-01-25T15:22:19.727+0000: [ParNew: 72845K->3532K(77440K), 0.0043815 secs] 75237K->5924K(249472K), 0.0044445 secs] [Times: user=0.02 sys=0.00, real=0.01 secs] 
2019-01-25T15:22:20.048+0000: [GC (Allocation Failure) 2019-01-25T15:22:20.048+0000: [ParNew: 72396K->4369K(77440K), 0.0050615 secs] 74788K->6761K(249472K), 0.0051119 secs] [Times: user=0.01 sys=0.01, real=0.01 secs] 
2019-01-25T15:22:20.320+0000: [GC (Allocation Failure) 2019-01-25T15:22:20.320+0000: [ParNew: 73233K->5843K(77440K), 0.0049823 secs] 75625K->8235K(249472K), 0.0050339 secs] [Times: user=0.02 sys=0.00, real=0.01 secs] 
2019-01-25T15:22:20.507+0000: [GC (Allocation Failure) 2019-01-25T15:22:20.507+0000: [ParNew: 63966K->5478K(77440K), 0.0154655 secs] 66357K->25017K(249472K), 0.0155133 secs] [Times: user=0.05 sys=0.01, real=0.02 secs] 
2019-01-25T15:22:20.525+0000: [GC (CMS Initial Mark) [1 CMS-initial-mark: 19538K(172032K)] 41401K(249472K), 0.0015191 secs] [Times: user=0.00 sys=0.00, real=0.00 secs] 
2019-01-25T15:22:20.526+0000: [CMS-concurrent-mark-start]
2019-01-25T15:22:20.567+0000: [CMS-concurrent-mark: 0.041/0.041 secs] [Times: user=0.09 sys=0.00, real=0.04 secs] 
2019-01-25T15:22:20.568+0000: [CMS-concurrent-preclean-start]
2019-01-25T15:22:20.569+0000: [CMS-concurrent-preclean: 0.001/0.001 secs] [Times: user=0.00 sys=0.00, real=0.00 secs] 
2019-01-25T15:22:20.569+0000: [CMS-concurrent-abortable-preclean-start]
2019-01-25T15:22:20.782+0000: [GC (Allocation Failure) 2019-01-25T15:22:20.782+0000: [ParNew: 74342K->5156K(77440K), 0.0345040 secs] 93881K->41079K(249472K), 0.0345721 secs] [Times: user=0.10 sys=0.01, real=0.04 secs] 
2019-01-25T15:22:20.983+0000: [CMS-concurrent-abortable-preclean: 0.202/0.415 secs] [Times: user=0.82 sys=0.03, real=0.42 secs] 
2019-01-25T15:22:20.984+0000: [GC (CMS Final Remark) [YG occupancy: 54393 K (77440 K)]2019-01-25T15:22:20.984+0000: [Rescan (parallel) , 0.0048356 secs]2019-01-25T15:22:20.988+0000: [weak refs processing, 0.0000313 secs]2019-01-25T15:22:20.989+0000: [class unloading, 0.0029298 secs]2019-01-25T15:22:20.991+0000: [scrub symbol table, 0.0030973 secs]2019-01-25T15:22:20.995+0000: [scrub string table, 0.0002977 secs][1 CMS-remark: 35922K(172032K)] 90315K(249472K), 0.0115773 secs] [Times: user=0.03 sys=0.00, real=0.01 secs] 
2019-01-25T15:22:20.995+0000: [CMS-concurrent-sweep-start]
2019-01-25T15:22:20.997+0000: [CMS-concurrent-sweep: 0.001/0.001 secs] [Times: user=0.00 sys=0.00, real=0.00 secs] 
2019-01-25T15:22:20.997+0000: [CMS-concurrent-reset-start]
2019-01-25T15:22:21.221+0000: [CMS-concurrent-reset: 0.224/0.224 secs] [Times: user=0.56 sys=0.23, real=0.22 secs] 
2019-01-25T15:22:21.225+0000: [GC (Allocation Failure) 2019-01-25T15:22:21.225+0000: [ParNew: 74020K->6786K(77440K), 0.0080223 secs] 109927K->43563K(249472K), 0.0080671 secs] [Times: user=0.03 sys=0.00, real=0.01 secs] 
2019-01-25T15:22:21.541+0000: [GC (Allocation Failure) 2019-01-25T15:22:21.541+0000: [ParNew: 75650K->4794K(77440K), 0.0270264 secs] 112427K->76070K(249472K), 0.0270786 secs] [Times: user=0.08 sys=0.02, real=0.03 secs] 
2019-01-25T15:22:21.572+0000: [GC (CMS Initial Mark) [1 CMS-initial-mark: 71275K(172032K)] 77009K(249472K), 0.0023282 secs] [Times: user=0.01 sys=0.00, real=0.00 secs] 
2019-01-25T15:22:21.574+0000: [CMS-concurrent-mark-start]
2019-01-25T15:22:21.613+0000: [CMS-concurrent-mark: 0.039/0.039 secs] [Times: user=0.13 sys=0.00, real=0.04 secs] 
2019-01-25T15:22:21.614+0000: [CMS-concurrent-preclean-start]
2019-01-25T15:22:21.615+0000: [CMS-concurrent-preclean: 0.001/0.001 secs] [Times: user=0.02 sys=0.00, real=0.00 secs] 
2019-01-25T15:22:21.615+0000: [CMS-concurrent-abortable-preclean-start]
2019-01-25T15:22:21.849+0000: [CMS-concurrent-abortable-preclean: 0.033/0.234 secs] [Times: user=0.45 sys=0.01, real=0.23 secs] 
2019-01-25T15:22:21.849+0000: [GC (CMS Final Remark) [YG occupancy: 58308 K (77440 K)]2019-01-25T15:22:21.849+0000: [Rescan (parallel) , 0.0050817 secs]2019-01-25T15:22:21.854+0000: [weak refs processing, 0.0000308 secs]2019-01-25T15:22:21.854+0000: [class unloading, 0.0033702 secs]2019-01-25T15:22:21.857+0000: [scrub symbol table, 0.0036350 secs]2019-01-25T15:22:21.861+0000: [scrub string table, 0.0003499 secs][1 CMS-remark: 71275K(172032K)] 129584K(249472K), 0.0127362 secs] [Times: user=0.02 sys=0.00, real=0.01 secs] 
2019-01-25T15:22:21.862+0000: [CMS-concurrent-sweep-start]
2019-01-25T15:22:21.865+0000: [CMS-concurrent-sweep: 0.003/0.003 secs] [Times: user=0.01 sys=0.00, real=0.01 secs] 
2019-01-25T15:22:21.865+0000: [CMS-concurrent-reset-start]
2019-01-25T15:22:21.877+0000: [CMS-concurrent-reset: 0.012/0.012 secs] [Times: user=0.04 sys=0.00, real=0.01 secs] 
2019-01-25T15:22:21.947+0000: [GC (Allocation Failure) 2019-01-25T15:22:21.947+0000: [ParNew: 73658K->5234K(77440K), 0.0143841 secs] 144883K->92843K(249472K), 0.0144412 secs] [Times: user=0.04 sys=0.01, real=0.01 secs] 
2019-01-25T15:22:22.392+0000: [GC (Allocation Failure) 2019-01-25T15:22:22.392+0000: [ParNew: 74098K->7635K(77440K), 0.0104963 secs] 161707K->95558K(249472K), 0.0105471 secs] [Times: user=0.04 sys=0.00, real=0.01 secs] 
2019-01-25T15:22:22.658+0000: [GC (Allocation Failure) 2019-01-25T15:22:22.658+0000: [ParNew: 76499K->6866K(77440K), 0.0202555 secs] 164422K->96864K(249472K), 0.0203198 secs] [Times: user=0.06 sys=0.02, real=0.02 secs] 
2019-01-25T15:22:22.960+0000: [GC (Allocation Failure) 2019-01-25T15:22:22.960+0000: [ParNew: 75715K->4448K(77440K), 0.0114518 secs] 165713K->95069K(249472K), 0.0115035 secs] [Times: user=0.04 sys=0.01, real=0.02 secs] 
2019-01-25T15:22:23.110+0000: [GC (Allocation Failure) 2019-01-25T15:22:23.110+0000: [ParNew: 73312K->4146K(77440K), 0.0069339 secs] 163933K->94767K(249472K), 0.0069909 secs] [Times: user=0.02 sys=0.01, real=0.00 secs] 
2019-01-25T15:22:23.400+0000: [GC (Allocation Failure) 2019-01-25T15:22:23.400+0000: [ParNew: 73010K->7140K(77440K), 0.0174754 secs] 163631K->114146K(249472K), 0.0175386 secs] [Times: user=0.06 sys=0.01, real=0.02 secs] 
2019-01-25T15:22:23.712+0000: [GC (Allocation Failure) 2019-01-25T15:22:23.712+0000: [ParNew: 76004K->7702K(77440K), 0.0203611 secs] 183010K->116615K(249472K), 0.0204208 secs] [Times: user=0.06 sys=0.00, real=0.02 secs] 
2019-01-25T15:22:24.231+0000: [GC (Allocation Failure) 2019-01-25T15:22:24.231+0000: [ParNew: 76566K->6489K(77440K), 0.0101441 secs] 185479K->117392K(249472K), 0.0102012 secs] [Times: user=0.03 sys=0.00, real=0.00 secs] 
2019-01-25T15:22:24.502+0000: [GC (Allocation Failure) 2019-01-25T15:22:24.502+0000: [ParNew: 75353K->4802K(77440K), 0.0112978 secs] 186256K->119373K(249472K), 0.0113570 secs] [Times: user=0.04 sys=0.00, real=0.02 secs] 
2019-01-25T15:22:24.513+0000: [GC (CMS Initial Mark) [1 CMS-initial-mark: 114571K(172032K)] 119710K(249472K), 0.0009602 secs] [Times: user=0.01 sys=0.00, real=0.00 secs] 
2019-01-25T15:22:24.514+0000: [CMS-concurrent-mark-start]
2019-01-25T15:22:24.565+0000: [CMS-concurrent-mark: 0.050/0.050 secs] [Times: user=0.14 sys=0.00, real=0.05 secs] 
2019-01-25T15:22:24.565+0000: [CMS-concurrent-preclean-start]
2019-01-25T15:22:24.567+0000: [CMS-concurrent-preclean: 0.001/0.002 secs] [Times: user=0.00 sys=0.00, real=0.00 secs] 
2019-01-25T15:22:24.567+0000: [CMS-concurrent-abortable-preclean-start]
2019-01-25T15:22:24.677+0000: [CMS-concurrent-abortable-preclean: 0.032/0.110 secs] [Times: user=0.35 sys=0.01, real=0.11 secs] 
2019-01-25T15:22:24.677+0000: [GC (CMS Final Remark) [YG occupancy: 44544 K (77440 K)]2019-01-25T15:22:24.677+0000: [Rescan (parallel) , 0.0061670 secs]2019-01-25T15:22:24.683+0000: [weak refs processing, 0.0001177 secs]2019-01-25T15:22:24.683+0000: [class unloading, 0.0096387 secs]2019-01-25T15:22:24.693+0000: [scrub symbol table, 0.0083561 secs]2019-01-25T15:22:24.701+0000: [scrub string table, 0.0007142 secs][1 CMS-remark: 114571K(172032K)] 159115K(249472K), 0.0253423 secs] [Times: user=0.06 sys=0.01, real=0.03 secs] 
2019-01-25T15:22:24.703+0000: [CMS-concurrent-sweep-start]
2019-01-25T15:22:24.714+0000: [CMS-concurrent-sweep: 0.010/0.012 secs] [Times: user=0.04 sys=0.00, real=0.01 secs] 
2019-01-25T15:22:24.714+0000: [CMS-concurrent-reset-start]
2019-01-25T15:22:24.726+0000: [CMS-concurrent-reset: 0.011/0.011 secs] [Times: user=0.03 sys=0.00, real=0.01 secs] 
2019-01-25T15:22:24.917+0000: [GC (Allocation Failure) 2019-01-25T15:22:24.917+0000: [ParNew: 73666K->4342K(77440K), 0.0103909 secs] 187716K->118392K(267524K), 0.0104602 secs] [Times: user=0.03 sys=0.00, real=0.01 secs] 
2019-01-25T15:22:25.696+0000: [GC (Allocation Failure) 2019-01-25T15:22:25.696+0000: [ParNew: 73206K->6680K(77440K), 0.0058856 secs] 187256K->120730K(267524K), 0.0059434 secs] [Times: user=0.03 sys=0.00, real=0.01 secs] 
2019-01-25T15:22:26.150+0000: [GC (Allocation Failure) 2019-01-25T15:22:26.150+0000: [ParNew: 75544K->4985K(77440K), 0.0064863 secs] 189594K->120643K(267524K), 0.0065446 secs] [Times: user=0.02 sys=0.00, real=0.00 secs] 
2019-01-25T15:22:26.278+0000: [GC (Allocation Failure) 2019-01-25T15:22:26.278+0000: [ParNew: 73849K->2607K(77440K), 0.0059775 secs] 189507K->118265K(267524K), 0.0060335 secs] [Times: user=0.01 sys=0.01, real=0.01 secs] 
2019-01-25T15:22:26.402+0000: [GC (Allocation Failure) 2019-01-25T15:22:26.402+0000: [ParNew: 71471K->3926K(77440K), 0.0030134 secs] 187129K->119584K(267524K), 0.0030702 secs] [Times: user=0.01 sys=0.00, real=0.00 secs] 
2019-01-25T15:22:26.534+0000: [GC (Allocation Failure) 2019-01-25T15:22:26.534+0000: [ParNew: 72790K->3161K(77440K), 0.0044679 secs] 188448K->118819K(267524K), 0.0045410 secs] [Times: user=0.01 sys=0.00, real=0.00 secs] 
2019-01-25T15:22:26.611+0000: [GC (Allocation Failure) 2019-01-25T15:22:26.611+0000: [ParNew: 72025K->3962K(77440K), 0.0039540 secs] 187683K->119620K(267524K), 0.0040255 secs] [Times: user=0.01 sys=0.00, real=0.00 secs] 
2019-01-25T15:22:26.677+0000: [GC (Allocation Failure) 2019-01-25T15:22:26.677+0000: [ParNew: 72826K->1371K(77440K), 0.0043034 secs] 188484K->118843K(267524K), 0.0043607 secs] [Times: user=0.02 sys=0.00, real=0.00 secs] 
2019-01-25T15:22:26.730+0000: [GC (Allocation Failure) 2019-01-25T15:22:26.730+0000: [ParNew: 70235K->430K(77440K), 0.0021553 secs] 187707K->118305K(267524K), 0.0022117 secs] [Times: user=0.01 sys=0.00, real=0.00 secs] 
2019-01-25T15:22:26.779+0000: [GC (Allocation Failure) 2019-01-25T15:22:26.779+0000: [ParNew: 69294K->381K(77440K), 0.0014122 secs] 187169K->118269K(267524K), 0.0014797 secs] [Times: user=0.01 sys=0.00, real=0.00 secs] 
2019-01-25T15:22:26.830+0000: [GC (Allocation Failure) 2019-01-25T15:22:26.830+0000: [ParNew: 69245K->348K(77440K), 0.0013742 secs] 187133K->118252K(267524K), 0.0014308 secs] [Times: user=0.00 sys=0.00, real=0.00 secs] 
2019-01-25T15:22:26.880+0000: [GC (Allocation Failure) 2019-01-25T15:22:26.880+0000: [ParNew: 69212K->275K(77440K), 0.0014573 secs] 187116K->118199K(267524K), 0.0015259 secs] [Times: user=0.01 sys=0.00, real=0.00 secs] 
2019-01-25T15:22:26.926+0000: [GC (Allocation Failure) 2019-01-25T15:22:26.926+0000: [ParNew: 69139K->326K(77440K), 0.0013789 secs] 187063K->118268K(267524K), 0.0014374 secs] [Times: user=0.00 sys=0.00, real=0.00 secs] 
2019-01-25T15:22:26.982+0000: [GC (Allocation Failure) 2019-01-25T15:22:26.982+0000: [ParNew: 69190K->305K(77440K), 0.0014175 secs] 187132K->118265K(267524K), 0.0014741 secs] [Times: user=0.01 sys=0.00, real=0.00 secs] 
2019-01-25T15:22:27.032+0000: [GC (Allocation Failure) 2019-01-25T15:22:27.032+0000: [ParNew: 69169K->258K(77440K), 0.0014264 secs] 187129K->118240K(267524K), 0.0014845 secs] [Times: user=0.01 sys=0.00, real=0.00 secs] 
2019-01-25T15:22:27.077+0000: [GC (Allocation Failure) 2019-01-25T15:22:27.077+0000: [ParNew: 69122K->249K(77440K), 0.0020361 secs] 187104K->118268K(267524K), 0.0020942 secs] [Times: user=0.00 sys=0.00, real=0.00 secs] 
2019-01-25T15:22:27.130+0000: [GC (Allocation Failure) 2019-01-25T15:22:27.130+0000: [ParNew: 69113K->261K(77440K), 0.0013944 secs] 187132K->118293K(267524K), 0.0014608 secs] [Times: user=0.00 sys=0.00, real=0.00 secs] 
2019-01-25T15:22:27.178+0000: [GC (Allocation Failure) 2019-01-25T15:22:27.178+0000: [ParNew: 69125K->285K(77440K), 0.0014339 secs] 187157K->118356K(267524K), 0.0014996 secs] [Times: user=0.01 sys=0.00, real=0.00 secs] 
2019-01-25T15:22:27.225+0000: [GC (Allocation Failure) 2019-01-25T15:22:27.225+0000: [ParNew: 69149K->378K(77440K), 0.0015907 secs] 187220K->118467K(267524K), 0.0016437 secs] [Times: user=0.00 sys=0.00, real=0.00 secs] 
2019-01-25T15:22:27.282+0000: [GC (Allocation Failure) 2019-01-25T15:22:27.282+0000: [ParNew: 69242K->345K(77440K), 0.0020542 secs] 187331K->118455K(267524K), 0.0021121 secs] [Times: user=0.01 sys=0.00, real=0.00 secs] 
2019-01-25T15:22:27.337+0000: [GC (Allocation Failure) 2019-01-25T15:22:27.337+0000: [ParNew: 69209K->295K(77440K), 0.0016471 secs] 187319K->118425K(267524K), 0.0017061 secs] [Times: user=0.01 sys=0.00, real=0.00 secs] 
2019-01-25T15:22:27.389+0000: [GC (Allocation Failure) 2019-01-25T15:22:27.389+0000: [ParNew: 69159K->354K(77440K), 0.0015313 secs] 187289K->118502K(267524K), 0.0015892 secs] [Times: user=0.00 sys=0.00, real=0.01 secs] 
2019-01-25T15:22:27.434+0000: [GC (Allocation Failure) 2019-01-25T15:22:27.434+0000: [ParNew: 69218K->411K(77440K), 0.0016375 secs] 187366K->118608K(267524K), 0.0016957 secs] [Times: user=0.00 sys=0.00, real=0.00 secs] 
2019-01-25T15:22:27.478+0000: [GC (Allocation Failure) 2019-01-25T15:22:27.478+0000: [ParNew: 69275K->313K(77440K), 0.0016668 secs] 187472K->118527K(267524K), 0.0017381 secs] [Times: user=0.00 sys=0.00, real=0.00 secs] 
2019-01-25T15:22:27.525+0000: [GC (Allocation Failure) 2019-01-25T15:22:27.525+0000: [ParNew: 69177K->368K(77440K), 0.0016505 secs] 187391K->118635K(267524K), 0.0017093 secs] [Times: user=0.00 sys=0.00, real=0.00 secs] 
2019-01-25T15:22:27.574+0000: [GC (Allocation Failure) 2019-01-25T15:22:27.574+0000: [ParNew: 69232K->246K(77440K), 0.0016881 secs] 187499K->118529K(267524K), 0.0017452 secs] [Times: user=0.01 sys=0.00, real=0.00 secs] 
2019-01-25T15:22:27.621+0000: [GC (Allocation Failure) 2019-01-25T15:22:27.621+0000: [ParNew: 69110K->222K(77440K), 0.0017431 secs] 187393K->118523K(267524K), 0.0018092 secs] [Times: user=0.01 sys=0.00, real=0.01 secs] 
2019-01-25T15:22:27.665+0000: [GC (Allocation Failure) 2019-01-25T15:22:27.665+0000: [ParNew: 69086K->208K(77440K), 0.0018429 secs] 187387K->118539K(267524K), 0.0019002 secs] [Times: user=0.01 sys=0.00, real=0.00 secs] 
2019-01-25T15:22:27.714+0000: [GC (Allocation Failure) 2019-01-25T15:22:27.714+0000: [ParNew: 69072K->259K(77440K), 0.0016193 secs] 187403K->118608K(267524K), 0.0016782 secs] [Times: user=0.01 sys=0.00, real=0.00 secs] 
2019-01-25T15:22:27.758+0000: [GC (Allocation Failure) 2019-01-25T15:22:27.758+0000: [ParNew: 69123K->290K(77440K), 0.0018007 secs] 187472K->118659K(267524K), 0.0018572 secs] [Times: user=0.01 sys=0.00, real=0.00 secs] 
2019-01-25T15:22:27.802+0000: [GC (Allocation Failure) 2019-01-25T15:22:27.802+0000: [ParNew: 69146K->295K(77440K), 0.0017118 secs] 187515K->118679K(267524K), 0.0017666 secs] [Times: user=0.01 sys=0.00, real=0.00 secs] 
2019-01-25T15:22:27.850+0000: [GC (Allocation Failure) 2019-01-25T15:22:27.850+0000: [ParNew: 69159K->261K(77440K), 0.0017192 secs] 187543K->118658K(267524K), 0.0017759 secs] [Times: user=0.00 sys=0.00, real=0.00 secs] 
2019-01-25T15:22:27.896+0000: [GC (Allocation Failure) 2019-01-25T15:22:27.897+0000: [ParNew: 69125K->297K(77440K), 0.0017625 secs] 187522K->118721K(267524K), 0.0018206 secs] [Times: user=0.01 sys=0.00, real=0.00 secs] 
2019-01-25T15:22:27.942+0000: [GC (Allocation Failure) 2019-01-25T15:22:27.942+0000: [ParNew: 69161K->452K(77440K), 0.0018104 secs] 187585K->118895K(267524K), 0.0018680 secs] [Times: user=0.01 sys=0.00, real=0.01 secs] 
2019-01-25T15:22:27.990+0000: [GC (Allocation Failure) 2019-01-25T15:22:27.990+0000: [ParNew: 69316K->464K(77440K), 0.0017232 secs] 187759K->118930K(267524K), 0.0017874 secs] [Times: user=0.01 sys=0.00, real=0.00 secs] 
2019-01-25T15:22:28.038+0000: [GC (Allocation Failure) 2019-01-25T15:22:28.038+0000: [ParNew: 69326K->446K(77440K), 0.0016594 secs] 187793K->118933K(267524K), 0.0017179 secs] [Times: user=0.01 sys=0.00, real=0.00 secs] 
2019-01-25T15:22:28.090+0000: [GC (Allocation Failure) 2019-01-25T15:22:28.090+0000: [ParNew: 69310K->374K(77440K), 0.0016964 secs] 187797K->118877K(267524K), 0.0017618 secs] [Times: user=0.01 sys=0.00, real=0.01 secs] 
2019-01-25T15:22:28.134+0000: [GC (Allocation Failure) 2019-01-25T15:22:28.134+0000: [ParNew: 69238K->400K(77440K), 0.0016299 secs] 187741K->118920K(267524K), 0.0016864 secs] [Times: user=0.00 sys=0.00, real=0.00 secs] 
2019-01-25T15:22:28.182+0000: [GC (Allocation Failure) 2019-01-25T15:22:28.182+0000: [ParNew: 69264K->329K(77440K), 0.0016300 secs] 187784K->118935K(267524K), 0.0016860 secs] [Times: user=0.00 sys=0.00, real=0.00 secs] 
2019-01-25T15:22:28.226+0000: [GC (Allocation Failure) 2019-01-25T15:22:28.226+0000: [ParNew: 69193K->326K(77440K), 0.0016190 secs] 187799K->119023K(267524K), 0.0016747 secs] [Times: user=0.01 sys=0.00, real=0.00 secs] 
2019-01-25T15:22:28.278+0000: [GC (Allocation Failure) 2019-01-25T15:22:28.278+0000: [ParNew: 69190K->331K(77440K), 0.0015588 secs] 187887K->119048K(267524K), 0.0016200 secs] [Times: user=0.01 sys=0.00, real=0.00 secs] 
2019-01-25T15:22:28.334+0000: [GC (Allocation Failure) 2019-01-25T15:22:28.334+0000: [ParNew: 69195K->196K(77440K), 0.0027770 secs] 187912K->118934K(267524K), 0.0028326 secs] [Times: user=0.00 sys=0.00, real=0.00 secs] 
2019-01-25T15:22:28.396+0000: [GC (Allocation Failure) 2019-01-25T15:22:28.396+0000: [ParNew: 69060K->255K(77440K), 0.0020801 secs] 187798K->119007K(267524K), 0.0021354 secs] [Times: user=0.01 sys=0.00, real=0.00 secs] 
2019-01-25T15:22:28.440+0000: [GC (Allocation Failure) 2019-01-25T15:22:28.440+0000: [ParNew: 69119K->224K(77440K), 0.0015494 secs] 187871K->118994K(267524K), 0.0016049 secs] [Times: user=0.00 sys=0.00, real=0.00 secs] 
2019-01-25T15:22:28.490+0000: [GC (Allocation Failure) 2019-01-25T15:22:28.490+0000: [ParNew: 69088K->228K(77440K), 0.0020233 secs] 187858K->119011K(267524K), 0.0020800 secs] [Times: user=0.00 sys=0.00, real=0.00 secs] 
2019-01-25T15:22:28.542+0000: [GC (Allocation Failure) 2019-01-25T15:22:28.542+0000: [ParNew: 69092K->201K(77440K), 0.0018954 secs] 187875K->119001K(267524K), 0.0019516 secs] [Times: user=0.00 sys=0.00, real=0.00 secs] 
2019-01-25T15:22:28.602+0000: [GC (Allocation Failure) 2019-01-25T15:22:28.602+0000: [ParNew: 69065K->238K(77440K), 0.0028734 secs] 187865K->119058K(267524K), 0.0029304 secs] [Times: user=0.01 sys=0.00, real=0.00 secs] 
2019-01-25T15:22:28.648+0000: [GC (Allocation Failure) 2019-01-25T15:22:28.648+0000: [ParNew: 69102K->243K(77440K), 0.0014434 secs] 187922K->119076K(267524K), 0.0015001 secs] [Times: user=0.01 sys=0.00, real=0.00 secs] 
2019-01-25T15:22:28.694+0000: [GC (Allocation Failure) 2019-01-25T15:22:28.694+0000: [ParNew: 69107K->259K(77440K), 0.0014884 secs] 187940K->119102K(267524K), 0.0015446 secs] [Times: user=0.01 sys=0.00, real=0.00 secs] 
2019-01-25T15:22:28.738+0000: [GC (Allocation Failure) 2019-01-25T15:22:28.738+0000: [ParNew: 69123K->325K(77440K), 0.0014767 secs] 187966K->119183K(267524K), 0.0015334 secs] [Times: user=0.01 sys=0.00, real=0.00 secs] 
2019-01-25T15:22:28.786+0000: [GC (Allocation Failure) 2019-01-25T15:22:28.786+0000: [ParNew: 69189K->349K(77440K), 0.0014572 secs] 188047K->119225K(267524K), 0.0015132 secs] [Times: user=0.00 sys=0.00, real=0.00 secs] 
2019-01-25T15:22:28.835+0000: [GC (Allocation Failure) 2019-01-25T15:22:28.835+0000: [ParNew: 69213K->329K(77440K), 0.0019370 secs] 188089K->119224K(267524K), 0.0019925 secs] [Times: user=0.01 sys=0.00, real=0.00 secs] 
2019-01-25T15:22:28.894+0000: [GC (Allocation Failure) 2019-01-25T15:22:28.894+0000: [ParNew: 69193K->357K(77440K), 0.0015646 secs] 188088K->119280K(267524K), 0.0016220 secs] [Times: user=0.01 sys=0.00, real=0.00 secs] 
2019-01-25T15:22:28.937+0000: [GC (Allocation Failure) 2019-01-25T15:22:28.937+0000: [ParNew: 69221K->266K(77440K), 0.0015822 secs] 188144K->119208K(267524K), 0.0016418 secs] [Times: user=0.01 sys=0.00, real=0.00 secs] 
2019-01-25T15:22:28.982+0000: [GC (Allocation Failure) 2019-01-25T15:22:28.982+0000: [ParNew: 69130K->280K(77440K), 0.0020485 secs] 188072K->119244K(267524K), 0.0021043 secs] [Times: user=0.01 sys=0.00, real=0.00 secs] 
2019-01-25T15:22:29.027+0000: [GC (Allocation Failure) 2019-01-25T15:22:29.027+0000: [ParNew: 69144K->292K(77440K), 0.0014608 secs] 188108K->119274K(267524K), 0.0015184 secs] [Times: user=0.01 sys=0.00, real=0.00 secs] 
2019-01-25T15:22:29.071+0000: [GC (Allocation Failure) 2019-01-25T15:22:29.071+0000: [ParNew: 69156K->255K(77440K), 0.0015535 secs] 188138K->119258K(267524K), 0.0016106 secs] [Times: user=0.01 sys=0.00, real=0.00 secs] 
2019-01-25T15:22:29.118+0000: [GC (Allocation Failure) 2019-01-25T15:22:29.118+0000: [ParNew: 69119K->327K(77440K), 0.0015895 secs] 188122K->119356K(267524K), 0.0016477 secs] [Times: user=0.01 sys=0.00, real=0.00 secs] 
2019-01-25T15:22:29.161+0000: [GC (Allocation Failure) 2019-01-25T15:22:29.161+0000: [ParNew: 69191K->290K(77440K), 0.0015100 secs] 188220K->119338K(267524K), 0.0015657 secs] [Times: user=0.01 sys=0.00, real=0.01 secs] 
2019-01-25T15:22:29.204+0000: [GC (Allocation Failure) 2019-01-25T15:22:29.204+0000: [ParNew: 69154K->355K(77440K), 0.0016612 secs] 188202K->119422K(267524K), 0.0017184 secs] [Times: user=0.01 sys=0.00, real=0.00 secs] 
2019-01-25T15:22:29.252+0000: [GC (Allocation Failure) 2019-01-25T15:22:29.252+0000: [ParNew: 69219K->465K(77440K), 0.0016667 secs] 188286K->119554K(267524K), 0.0017238 secs] [Times: user=0.01 sys=0.00, real=0.00 secs] 
2019-01-25T15:22:29.298+0000: [GC (Allocation Failure) 2019-01-25T15:22:29.298+0000: [ParNew: 69329K->530K(77440K), 0.0017150 secs] 188418K->119634K(267524K), 0.0017826 secs] [Times: user=0.01 sys=0.00, real=0.00 secs] 
2019-01-25T15:22:29.346+0000: [GC (Allocation Failure) 2019-01-25T15:22:29.346+0000: [ParNew: 69394K->561K(77440K), 0.0017661 secs] 188498K->119684K(267524K), 0.0018250 secs] [Times: user=0.00 sys=0.00, real=0.00 secs] 
2019-01-25T15:22:29.392+0000: [GC (Allocation Failure) 2019-01-25T15:22:29.392+0000: [ParNew: 69425K->600K(77440K), 0.0017644 secs] 188548K->119746K(267524K), 0.0018207 secs] [Times: user=0.01 sys=0.00, real=0.00 secs] 
2019-01-25T15:22:29.438+0000: [GC (Allocation Failure) 2019-01-25T15:22:29.438+0000: [ParNew: 69464K->612K(77440K), 0.0017208 secs] 188610K->119773K(267524K), 0.0017750 secs] [Times: user=0.01 sys=0.00, real=0.00 secs] 
2019-01-25T15:22:29.486+0000: [GC (Allocation Failure) 2019-01-25T15:22:29.486+0000: [ParNew: 69476K->473K(77440K), 0.0017700 secs] 188637K->119784K(267524K), 0.0018250 secs] [Times: user=0.01 sys=0.00, real=0.00 secs] 
2019-01-25T15:22:29.530+0000: [GC (Allocation Failure) 2019-01-25T15:22:29.530+0000: [ParNew: 69337K->501K(77440K), 0.0016787 secs] 188648K->119839K(267524K), 0.0017353 secs] [Times: user=0.00 sys=0.00, real=0.00 secs] 
2019-01-25T15:22:29.574+0000: [GC (Allocation Failure) 2019-01-25T15:22:29.574+0000: [ParNew: 69365K->229K(77440K), 0.0016144 secs] 188703K->119716K(267524K), 0.0016690 secs] [Times: user=0.00 sys=0.00, real=0.00 secs] 
2019-01-25T15:22:29.621+0000: [GC (Allocation Failure) 2019-01-25T15:22:29.621+0000: [ParNew: 69093K->249K(77440K), 0.0015431 secs] 188580K->119752K(267524K), 0.0015993 secs] [Times: user=0.00 sys=0.00, real=0.01 secs] 
2019-01-25T15:22:29.666+0000: [GC (Allocation Failure) 2019-01-25T15:22:29.666+0000: [ParNew: 69113K->272K(77440K), 0.0015451 secs] 188616K->119819K(267524K), 0.0016031 secs] [Times: user=0.01 sys=0.00, real=0.00 secs] 
2019-01-25T15:22:29.718+0000: [GC (Allocation Failure) 2019-01-25T15:22:29.718+0000: [ParNew: 69136K->165K(77440K), 0.0014415 secs] 188683K->119727K(267524K), 0.0015007 secs] [Times: user=0.00 sys=0.00, real=0.00 secs] 
2019-01-25T15:22:29.766+0000: [GC (Allocation Failure) 2019-01-25T15:22:29.766+0000: [ParNew: 69029K->156K(77440K), 0.0014982 secs] 188591K->119740K(267524K), 0.0015576 secs] [Times: user=0.01 sys=0.00, real=0.00 secs] 
2019-01-25T15:22:29.810+0000: [GC (Allocation Failure) 2019-01-25T15:22:29.810+0000: [ParNew: 69020K->169K(77440K), 0.0014727 secs] 188604K->119765K(267524K), 0.0015286 secs] [Times: user=0.00 sys=0.00, real=0.01 secs] 
2019-01-25T15:22:29.866+0000: [GC (Allocation Failure) 2019-01-25T15:22:29.866+0000: [ParNew: 69033K->147K(77440K), 0.0014753 secs] 188629K->119751K(267524K), 0.0015439 secs] [Times: user=0.01 sys=0.00, real=0.00 secs] 
2019-01-25T15:22:29.910+0000: [GC (Allocation Failure) 2019-01-25T15:22:29.910+0000: [ParNew: 69011K->261K(77440K), 0.0014375 secs] 188615K->119868K(267524K), 0.0014942 secs] [Times: user=0.00 sys=0.00, real=0.00 secs] 
2019-01-25T15:22:29.954+0000: [GC (Allocation Failure) 2019-01-25T15:22:29.954+0000: [ParNew: 69125K->224K(77440K), 0.0015177 secs] 188732K->119839K(267524K), 0.0015754 secs] [Times: user=0.01 sys=0.00, real=0.00 secs] 
2019-01-25T15:22:29.997+0000: [GC (Allocation Failure) 2019-01-25T15:22:29.997+0000: [ParNew: 69088K->193K(77440K), 0.0014874 secs] 188703K->119817K(267524K), 0.0015430 secs] [Times: user=0.01 sys=0.00, real=0.00 secs] 
2019-01-25T15:22:30.042+0000: [GC (Allocation Failure) 2019-01-25T15:22:30.042+0000: [ParNew: 69057K->246K(77440K), 0.0016343 secs] 188681K->119881K(267524K), 0.0017011 secs] [Times: user=0.00 sys=0.00, real=0.01 secs] 
2019-01-25T15:22:30.086+0000: [GC (Allocation Failure) 2019-01-25T15:22:30.086+0000: [ParNew: 69110K->300K(77440K), 0.0015843 secs] 188745K->119945K(267524K), 0.0016419 secs] [Times: user=0.01 sys=0.00, real=0.00 secs] 
2019-01-25T15:22:30.130+0000: [GC (Allocation Failure) 2019-01-25T15:22:30.130+0000: [ParNew: 69164K->329K(77440K), 0.0017730 secs] 188809K->119994K(267524K), 0.0018286 secs] [Times: user=0.01 sys=0.00, real=0.00 secs] 
2019-01-25T15:22:30.183+0000: [GC (Allocation Failure) 2019-01-25T15:22:30.183+0000: [ParNew: 69193K->198K(77440K), 0.0019966 secs] 188858K->119880K(267524K), 0.0020518 secs] [Times: user=0.01 sys=0.00, real=0.00 secs] 
2019-01-25T15:22:30.230+0000: [GC (Allocation Failure) 2019-01-25T15:22:30.230+0000: [ParNew: 69062K->314K(77440K), 0.0016646 secs] 188744K->120017K(267524K), 0.0017231 secs] [Times: user=0.00 sys=0.00, real=0.00 secs] 
2019-01-25T15:22:30.273+0000: [GC (Allocation Failure) 2019-01-25T15:22:30.273+0000: [ParNew: 69178K->281K(77440K), 0.0016626 secs] 188881K->120004K(267524K), 0.0017175 secs] [Times: user=0.01 sys=0.00, real=0.00 secs] 
2019-01-25T15:22:30.318+0000: [GC (Allocation Failure) 2019-01-25T15:22:30.318+0000: [ParNew: 69145K->282K(77440K), 0.0016256 secs] 188868K->120027K(267524K), 0.0016831 secs] [Times: user=0.01 sys=0.00, real=0.00 secs] 
2019-01-25T15:22:30.364+0000: [GC (Allocation Failure) 2019-01-25T15:22:30.364+0000: [ParNew: 69146K->307K(77440K), 0.0016826 secs] 188891K->120079K(267524K), 0.0017393 secs] [Times: user=0.00 sys=0.00, real=0.00 secs] 
2019-01-25T15:22:30.410+0000: [GC (Allocation Failure) 2019-01-25T15:22:30.410+0000: [ParNew: 69171K->279K(77440K), 0.0016002 secs] 188943K->120074K(267524K), 0.0016562 secs] [Times: user=0.01 sys=0.00, real=0.00 secs] 
2019-01-25T15:22:30.452+0000: [GC (Allocation Failure) 2019-01-25T15:22:30.452+0000: [ParNew: 69143K->228K(77440K), 0.0016185 secs] 188938K->120039K(267524K), 0.0016740 secs] [Times: user=0.00 sys=0.00, real=0.00 secs] 
2019-01-25T15:22:30.498+0000: [GC (Allocation Failure) 2019-01-25T15:22:30.498+0000: [ParNew: 69092K->248K(77440K), 0.0015982 secs] 188903K->120074K(267524K), 0.0016533 secs] [Times: user=0.01 sys=0.00, real=0.00 secs] 
2019-01-25T15:22:30.541+0000: [GC (Allocation Failure) 2019-01-25T15:22:30.541+0000: [ParNew: 69112K->327K(77440K), 0.0016322 secs] 188938K->120167K(267524K), 0.0016890 secs] [Times: user=0.00 sys=0.00, real=0.01 secs] 
2019-01-25T15:22:30.586+0000: [GC (Allocation Failure) 2019-01-25T15:22:30.586+0000: [ParNew: 69191K->320K(77440K), 0.0015750 secs] 189031K->120171K(267524K), 0.0016305 secs] [Times: user=0.00 sys=0.00, real=0.00 secs] 
2019-01-25T15:22:30.634+0000: [GC (Allocation Failure) 2019-01-25T15:22:30.634+0000: [ParNew: 69184K->281K(77440K), 0.0016649 secs] 189035K->120146K(267524K), 0.0017208 secs] [Times: user=0.01 sys=0.00, real=0.00 secs] 
2019-01-25T15:22:30.678+0000: [GC (Allocation Failure) 2019-01-25T15:22:30.678+0000: [ParNew: 69145K->264K(77440K), 0.0017355 secs] 189010K->120149K(267524K), 0.0017918 secs] [Times: user=0.01 sys=0.01, real=0.00 secs] 
2019-01-25T15:22:30.720+0000: [GC (Allocation Failure) 2019-01-25T15:22:30.721+0000: [ParNew: 69128K->269K(77440K), 0.0016563 secs] 189013K->120177K(267524K), 0.0017117 secs] [Times: user=0.01 sys=0.00, real=0.01 secs] 
2019-01-25T15:22:30.768+0000: [GC (Allocation Failure) 2019-01-25T15:22:30.768+0000: [ParNew: 69133K->266K(77440K), 0.0016482 secs] 189041K->120191K(267524K), 0.0017041 secs] [Times: user=0.00 sys=0.00, real=0.01 secs] 
2019-01-25T15:22:30.814+0000: [GC (Allocation Failure) 2019-01-25T15:22:30.814+0000: [ParNew: 69130K->326K(77440K), 0.0016900 secs] 189055K->120274K(267524K), 0.0017442 secs] [Times: user=0.00 sys=0.00, real=0.00 secs] 
2019-01-25T15:22:30.862+0000: [GC (Allocation Failure) 2019-01-25T15:22:30.862+0000: [ParNew: 69190K->326K(77440K), 0.0020057 secs] 189138K->120292K(267524K), 0.0020610 secs] [Times: user=0.00 sys=0.01, real=0.00 secs] 
2019-01-25T15:22:30.910+0000: [GC (Allocation Failure) 2019-01-25T15:22:30.910+0000: [ParNew: 69190K->375K(77440K), 0.0016881 secs] 189156K->120362K(267524K), 0.0017463 secs] [Times: user=0.00 sys=0.00, real=0.00 secs] 
2019-01-25T15:22:30.953+0000: [GC (Allocation Failure) 2019-01-25T15:22:30.953+0000: [ParNew: 69239K->344K(77440K), 0.0016946 secs] 189226K->120353K(267524K), 0.0017509 secs] [Times: user=0.01 sys=0.00, real=0.00 secs] 
2019-01-25T15:22:30.997+0000: [GC (Allocation Failure) 2019-01-25T15:22:30.997+0000: [ParNew: 69208K->337K(77440K), 0.0017742 secs] 189217K->120370K(267524K), 0.0018303 secs] [Times: user=0.00 sys=0.00, real=0.00 secs] 
2019-01-25T15:22:31.039+0000: [GC (Allocation Failure) 2019-01-25T15:22:31.040+0000: [ParNew: 69201K->328K(77440K), 0.0016912 secs] 189234K->120380K(267524K), 0.0017479 secs] [Times: user=0.01 sys=0.00, real=0.00 secs] 
2019-01-25T15:22:31.081+0000: [GC (Allocation Failure) 2019-01-25T15:22:31.081+0000: [ParNew: 69182K->365K(77440K), 0.0017819 secs] 189234K->120444K(267524K), 0.0018380 secs] [Times: user=0.01 sys=0.00, real=0.01 secs] 
2019-01-25T15:22:31.126+0000: [GC (Allocation Failure) 2019-01-25T15:22:31.126+0000: [ParNew: 69229K->377K(77440K), 0.0017249 secs] 189308K->120480K(267524K), 0.0017798 secs] [Times: user=0.01 sys=0.00, real=0.00 secs] 
2019-01-25T15:22:31.170+0000: [GC (Allocation Failure) 2019-01-25T15:22:31.170+0000: [ParNew: 69241K->263K(77440K), 0.0019401 secs] 189344K->120388K(267524K), 0.0019959 secs] [Times: user=0.00 sys=0.00, real=0.00 secs] 
2019-01-25T15:22:31.218+0000: [GC (Allocation Failure) 2019-01-25T15:22:31.218+0000: [ParNew: 69127K->333K(77440K), 0.0017057 secs] 189252K->120488K(267524K), 0.0017537 secs] [Times: user=0.01 sys=0.00, real=0.00 secs] 
2019-01-25T15:22:31.261+0000: [GC (Allocation Failure) 2019-01-25T15:22:31.261+0000: [ParNew: 69197K->310K(77440K), 0.0016631 secs] 189352K->120482K(267524K), 0.0017186 secs] [Times: user=0.01 sys=0.00, real=0.01 secs] 
2019-01-25T15:22:31.306+0000: [GC (Allocation Failure) 2019-01-25T15:22:31.306+0000: [ParNew: 69174K->304K(77440K), 0.0016164 secs] 189346K->120497K(267524K), 0.0016754 secs] [Times: user=0.00 sys=0.00, real=0.00 secs] 
2019-01-25T15:22:31.350+0000: [GC (Allocation Failure) 2019-01-25T15:22:31.350+0000: [ParNew: 69168K->319K(77440K), 0.0016412 secs] 189361K->120536K(267524K), 0.0016964 secs] [Times: user=0.01 sys=0.00, real=0.00 secs] 
2019-01-25T15:22:31.394+0000: [GC (Allocation Failure) 2019-01-25T15:22:31.394+0000: [ParNew: 69183K->319K(77440K), 0.0015741 secs] 189400K->120555K(267524K), 0.0016306 secs] [Times: user=0.00 sys=0.00, real=0.00 secs] 
2019-01-25T15:22:31.438+0000: [GC (Allocation Failure) 2019-01-25T15:22:31.438+0000: [ParNew: 69183K->338K(77440K), 0.0016406 secs] 189419K->120596K(267524K), 0.0016961 secs] [Times: user=0.01 sys=0.00, real=0.00 secs] 
2019-01-25T15:22:31.482+0000: [GC (Allocation Failure) 2019-01-25T15:22:31.482+0000: [ParNew: 69202K->346K(77440K), 0.0016354 secs] 189460K->120625K(267524K), 0.0017056 secs] [Times: user=0.01 sys=0.01, real=0.00 secs] 
2019-01-25T15:22:31.526+0000: [GC (Allocation Failure) 2019-01-25T15:22:31.526+0000: [ParNew: 69210K->230K(77440K), 0.0015964 secs] 189489K->120527K(267524K), 0.0016514 secs] [Times: user=0.01 sys=0.00, real=0.00 secs] 
2019-01-25T15:22:31.571+0000: [GC (Allocation Failure) 2019-01-25T15:22:31.571+0000: [ParNew: 69094K->218K(77440K), 0.0015225 secs] 189391K->120536K(267524K), 0.0015814 secs] [Times: user=0.01 sys=0.00, real=0.00 secs] 
2019-01-25T15:22:31.619+0000: [GC (Allocation Failure) 2019-01-25T15:22:31.619+0000: [ParNew: 69082K->259K(77440K), 0.0014943 secs] 189400K->120589K(267524K), 0.0015506 secs] [Times: user=0.00 sys=0.00, real=0.00 secs] 
2019-01-25T15:22:31.666+0000: [GC (Allocation Failure) 2019-01-25T15:22:31.666+0000: [ParNew: 69123K->318K(77440K), 0.0015763 secs] 189453K->120666K(267524K), 0.0016328 secs] [Times: user=0.01 sys=0.00, real=0.00 secs] 
2019-01-25T15:22:31.709+0000: [GC (Allocation Failure) 2019-01-25T15:22:31.709+0000: [ParNew: 69182K->331K(77440K), 0.0016313 secs] 189530K->120695K(267524K), 0.0016974 secs] [Times: user=0.00 sys=0.00, real=0.01 secs] 
2019-01-25T15:22:31.753+0000: [GC (Allocation Failure) 2019-01-25T15:22:31.753+0000: [ParNew: 69195K->299K(77440K), 0.0015117 secs] 189559K->120675K(267524K), 0.0015657 secs] [Times: user=0.01 sys=0.00, real=0.00 secs] 
2019-01-25T15:22:31.795+0000: [GC (Allocation Failure) 2019-01-25T15:22:31.795+0000: [ParNew: 69163K->311K(77440K), 0.0014678 secs] 189539K->120705K(267524K), 0.0015239 secs] [Times: user=0.01 sys=0.00, real=0.00 secs] 
2019-01-25T15:22:31.842+0000: [GC (Allocation Failure) 2019-01-25T15:22:31.842+0000: [ParNew: 69175K->316K(77440K), 0.0017968 secs] 189569K->120728K(267524K), 0.0018538 secs] [Times: user=0.01 sys=0.00, real=0.00 secs] 
2019-01-25T15:22:31.886+0000: [GC (Allocation Failure) 2019-01-25T15:22:31.886+0000: [ParNew: 69180K->258K(77440K), 0.0014924 secs] 189592K->120722K(267524K), 0.0015459 secs] [Times: user=0.00 sys=0.00, real=0.00 secs] 
2019-01-25T15:22:31.933+0000: [GC (Allocation Failure) 2019-01-25T15:22:31.933+0000: [ParNew: 69122K->492K(77440K), 0.0023820 secs] 189586K->120982K(267524K), 0.0024375 secs] [Times: user=0.00 sys=0.00, real=0.00 secs] 
2019-01-25T15:22:31.978+0000: [GC (Allocation Failure) 2019-01-25T15:22:31.978+0000: [ParNew: 69356K->537K(77440K), 0.0017942 secs] 189846K->121042K(267524K), 0.0018518 secs] [Times: user=0.00 sys=0.00, real=0.00 secs] 
2019-01-25T15:22:32.020+0000: [GC (Allocation Failure) 2019-01-25T15:22:32.021+0000: [ParNew: 69401K->537K(77440K), 0.0017832 secs] 189906K->121059K(267524K), 0.0018414 secs] [Times: user=0.00 sys=0.00, real=0.01 secs] 
2019-01-25T15:22:32.066+0000: [GC (Allocation Failure) 2019-01-25T15:22:32.066+0000: [ParNew: 69401K->498K(77440K), 0.0017960 secs] 189923K->121035K(267524K), 0.0018512 secs] [Times: user=0.00 sys=0.00, real=0.00 secs] 
2019-01-25T15:22:32.111+0000: [GC (Allocation Failure) 2019-01-25T15:22:32.111+0000: [ParNew: 69362K->478K(77440K), 0.0018118 secs] 189899K->121029K(267524K), 0.0018684 secs] [Times: user=0.01 sys=0.00, real=0.00 secs] 
2019-01-25T15:22:32.154+0000: [GC (Allocation Failure) 2019-01-25T15:22:32.155+0000: [ParNew: 69342K->515K(77440K), 0.0018309 secs] 189893K->121083K(267524K), 0.0018868 secs] [Times: user=0.01 sys=0.00, real=0.00 secs] 
2019-01-25T15:22:32.198+0000: [GC (Allocation Failure) 2019-01-25T15:22:32.198+0000: [ParNew: 69379K->228K(77440K), 0.0019886 secs] 189947K->121068K(267524K), 0.0020570 secs] [Times: user=0.01 sys=0.00, real=0.00 secs] 
2019-01-25T15:22:32.242+0000: [GC (Allocation Failure) 2019-01-25T15:22:32.242+0000: [ParNew: 69092K->250K(77440K), 0.0014747 secs] 189932K->121109K(267524K), 0.0015343 secs] [Times: user=0.00 sys=0.00, real=0.00 secs] 
2019-01-25T15:22:32.286+0000: [GC (Allocation Failure) 2019-01-25T15:22:32.286+0000: [ParNew: 69114K->334K(77440K), 0.0014589 secs] 189973K->121209K(267524K), 0.0015164 secs] [Times: user=0.01 sys=0.00, real=0.00 secs] 
2019-01-25T15:22:32.330+0000: [GC (Allocation Failure) 2019-01-25T15:22:32.330+0000: [ParNew: 69198K->336K(77440K), 0.0015147 secs] 190073K->121228K(267524K), 0.0015710 secs] [Times: user=0.00 sys=0.00, real=0.00 secs] 
2019-01-25T15:22:32.374+0000: [GC (Allocation Failure) 2019-01-25T15:22:32.374+0000: [ParNew: 69200K->271K(77440K), 0.0014838 secs] 190092K->121179K(267524K), 0.0015395 secs] [Times: user=0.01 sys=0.00, real=0.00 secs] 
2019-01-25T15:22:32.422+0000: [GC (Allocation Failure) 2019-01-25T15:22:32.422+0000: [ParNew: 69135K->275K(77440K), 0.0015071 secs] 190043K->121200K(267524K), 0.0015648 secs] [Times: user=0.01 sys=0.00, real=0.00 secs] 
2019-01-25T15:22:32.466+0000: [GC (Allocation Failure) 2019-01-25T15:22:32.466+0000: [ParNew: 69139K->326K(77440K), 0.0015054 secs] 190064K->121269K(267524K), 0.0015658 secs] [Times: user=0.01 sys=0.00, real=0.00 secs] 
2019-01-25T15:22:32.509+0000: [GC (Allocation Failure) 2019-01-25T15:22:32.509+0000: [ParNew: 69190K->305K(77440K), 0.0015076 secs] 190133K->121264K(267524K), 0.0015626 secs] [Times: user=0.01 sys=0.00, real=0.01 secs] 
2019-01-25T15:22:32.552+0000: [GC (Allocation Failure) 2019-01-25T15:22:32.552+0000: [ParNew: 69169K->245K(77440K), 0.0014903 secs] 190128K->121226K(267524K), 0.0015640 secs] [Times: user=0.00 sys=0.00, real=0.00 secs] 
2019-01-25T15:22:32.598+0000: [GC (Allocation Failure) 2019-01-25T15:22:32.598+0000: [ParNew: 69109K->263K(77440K), 0.0014718 secs] 190090K->121263K(267524K), 0.0015278 secs] [Times: user=0.01 sys=0.00, real=0.00 secs] 
2019-01-25T15:22:32.641+0000: [GC (Allocation Failure) 2019-01-25T15:22:32.641+0000: [ParNew: 69127K->263K(77440K), 0.0015012 secs] 190127K->121283K(267524K), 0.0015569 secs] [Times: user=0.01 sys=0.00, real=0.01 secs] 
2019-01-25T15:22:32.686+0000: [GC (Allocation Failure) 2019-01-25T15:22:32.686+0000: [ParNew: 69127K->378K(77440K), 0.0015245 secs] 190147K->121415K(267524K), 0.0015817 secs] [Times: user=0.00 sys=0.00, real=0.00 secs] 
2019-01-25T15:22:32.729+0000: [GC (Allocation Failure) 2019-01-25T15:22:32.729+0000: [ParNew: 69242K->278K(77440K), 0.0016415 secs] 190279K->121328K(267524K), 0.0016981 secs] [Times: user=0.01 sys=0.00, real=0.01 secs] 
2019-01-25T15:22:32.774+0000: [GC (Allocation Failure) 2019-01-25T15:22:32.774+0000: [ParNew: 69142K->231K(77440K), 0.0015461 secs] 190192K->121295K(267524K), 0.0016019 secs] [Times: user=0.00 sys=0.00, real=0.00 secs] 
2019-01-25T15:22:32.818+0000: [GC (Allocation Failure) 2019-01-25T15:22:32.818+0000: [ParNew: 69095K->294K(77440K), 0.0015088 secs] 190159K->121372K(267524K), 0.0015663 secs] [Times: user=0.00 sys=0.00, real=0.00 secs] 
2019-01-25T15:22:32.860+0000: [GC (Allocation Failure) 2019-01-25T15:22:32.860+0000: [ParNew: 69158K->307K(77440K), 0.0015746 secs] 190236K->121404K(267524K), 0.0016361 secs] [Times: user=0.01 sys=0.00, real=0.01 secs] 
2019-01-25T15:22:32.914+0000: [GC (Allocation Failure) 2019-01-25T15:22:32.914+0000: [ParNew: 69171K->265K(77440K), 0.0016105 secs] 190268K->121442K(267524K), 0.0016648 secs] [Times: user=0.01 sys=0.00, real=0.00 secs] 
2019-01-25T15:22:32.970+0000: [GC (Allocation Failure) 2019-01-25T15:22:32.970+0000: [ParNew: 69129K->316K(77440K), 0.0017463 secs] 190306K->121510K(267524K), 0.0017976 secs] [Times: user=0.01 sys=0.00, real=0.00 secs] 
2019-01-25T15:22:33.014+0000: [GC (Allocation Failure) 2019-01-25T15:22:33.014+0000: [ParNew: 69180K->297K(77440K), 0.0016838 secs] 190374K->121506K(267524K), 0.0017409 secs] [Times: user=0.01 sys=0.00, real=0.00 secs] 
2019-01-25T15:22:33.058+0000: [GC (Allocation Failure) 2019-01-25T15:22:33.058+0000: [ParNew: 69161K->366K(77440K), 0.0016724 secs] 190370K->121587K(267524K), 0.0017298 secs] [Times: user=0.00 sys=0.00, real=0.00 secs] 
2019-01-25T15:22:33.101+0000: [GC (Allocation Failure) 2019-01-25T15:22:33.101+0000: [ParNew: 69230K->292K(77440K), 0.0017458 secs] 190451K->121527K(267524K), 0.0018029 secs] [Times: user=0.01 sys=0.00, real=0.01 secs] 
2019-01-25T15:22:33.144+0000: [GC (Allocation Failure) 2019-01-25T15:22:33.144+0000: [ParNew: 69156K->374K(77440K), 0.0017687 secs] 190391K->121623K(267524K), 0.0018256 secs] [Times: user=0.01 sys=0.00, real=0.00 secs] 
2019-01-25T15:22:33.187+0000: [GC (Allocation Failure) 2019-01-25T15:22:33.187+0000: [ParNew: 69238K->362K(77440K), 0.0017920 secs] 190487K->121633K(267524K), 0.0018471 secs] [Times: user=0.01 sys=0.00, real=0.00 secs] 
2019-01-25T15:22:33.230+0000: [GC (Allocation Failure) 2019-01-25T15:22:33.230+0000: [ParNew: 69226K->273K(77440K), 0.0018501 secs] 190497K->121622K(267524K), 0.0019012 secs] [Times: user=0.01 sys=0.00, real=0.01 secs] 
2019-01-25T15:22:33.274+0000: [GC (Allocation Failure) 2019-01-25T15:22:33.274+0000: [ParNew: 69137K->296K(77440K), 0.0016080 secs] 190486K->121665K(267524K), 0.0016648 secs] [Times: user=0.01 sys=0.00, real=0.00 secs] 
2019-01-25T15:22:33.318+0000: [GC (Allocation Failure) 2019-01-25T15:22:33.318+0000: [ParNew: 69160K->209K(77440K), 0.0016753 secs] 190529K->121587K(267524K), 0.0017307 secs] [Times: user=0.00 sys=0.00, real=0.00 secs] 
2019-01-25T15:22:33.364+0000: [GC (Allocation Failure) 2019-01-25T15:22:33.364+0000: [ParNew: 69073K->286K(77440K), 0.0016067 secs] 190451K->121679K(267524K), 0.0016639 secs] [Times: user=0.00 sys=0.00, real=0.00 secs] 
2019-01-25T15:22:33.418+0000: [GC (Allocation Failure) 2019-01-25T15:22:33.418+0000: [ParNew: 69150K->279K(77440K), 0.0016559 secs] 190543K->121690K(267524K), 0.0017122 secs] [Times: user=0.01 sys=0.00, real=0.00 secs] 
2019-01-25T15:22:33.462+0000: [GC (Allocation Failure) 2019-01-25T15:22:33.462+0000: [ParNew: 69143K->255K(77440K), 0.0016407 secs] 190554K->121686K(267524K), 0.0016968 secs] [Times: user=0.01 sys=0.00, real=0.00 secs] 
2019-01-25T15:22:33.510+0000: [GC (Allocation Failure) 2019-01-25T15:22:33.510+0000: [ParNew: 69119K->186K(77440K), 0.0015955 secs] 190550K->121633K(267524K), 0.0016472 secs] [Times: user=0.00 sys=0.00, real=0.00 secs] 
2019-01-25T15:22:33.554+0000: [GC (Allocation Failure) 2019-01-25T15:22:33.554+0000: [ParNew: 69050K->172K(77440K), 0.0015791 secs] 190497K->121633K(267524K), 0.0016352 secs] [Times: user=0.01 sys=0.00, real=0.00 secs] 
2019-01-25T15:22:33.598+0000: [GC (Allocation Failure) 2019-01-25T15:22:33.598+0000: [ParNew: 69036K->227K(77440K), 0.0015956 secs] 190497K->121705K(267524K), 0.0016514 secs] [Times: user=0.01 sys=0.00, real=0.00 secs] 
2019-01-25T15:22:33.643+0000: [GC (Allocation Failure) 2019-01-25T15:22:33.644+0000: [ParNew: 69091K->246K(77440K), 0.0015992 secs] 190569K->121756K(267524K), 0.0016522 secs] [Times: user=0.00 sys=0.00, real=0.00 secs] 
2019-01-25T15:22:33.690+0000: [GC (Allocation Failure) 2019-01-25T15:22:33.690+0000: [ParNew: 69110K->200K(77440K), 0.0015862 secs] 190620K->121726K(267524K), 0.0016397 secs] [Times: user=0.01 sys=0.00, real=0.00 secs] 
2019-01-25T15:22:33.735+0000: [GC (Allocation Failure) 2019-01-25T15:22:33.735+0000: [ParNew: 69064K->264K(77440K), 0.0015900 secs] 190590K->121799K(267524K), 0.0016450 secs] [Times: user=0.01 sys=0.00, real=0.00 secs] 
2019-01-25T15:22:33.778+0000: [GC (Allocation Failure) 2019-01-25T15:22:33.778+0000: [ParNew: 69128K->224K(77440K), 0.0015480 secs] 190663K->121767K(267524K), 0.0016057 secs] [Times: user=0.01 sys=0.00, real=0.00 secs] 
2019-01-25T15:22:33.829+0000: [GC (Allocation Failure) 2019-01-25T15:22:33.829+0000: [ParNew: 69088K->154K(77440K), 0.0021190 secs] 190631K->121703K(267524K), 0.0021693 secs] [Times: user=0.00 sys=0.00, real=0.01 secs] 
2019-01-25T15:22:33.882+0000: [GC (Allocation Failure) 2019-01-25T15:22:33.882+0000: [ParNew: 69018K->212K(77440K), 0.0016042 secs] 190567K->121770K(267524K), 0.0016558 secs] [Times: user=0.01 sys=0.00, real=0.00 secs] 
2019-01-25T15:22:33.945+0000: [GC (Allocation Failure) 2019-01-25T15:22:33.945+0000: [ParNew: 69076K->211K(77440K), 0.0017090 secs] 190634K->121782K(267524K), 0.0017640 secs] [Times: user=0.01 sys=0.00, real=0.00 secs] 
2019-01-25T15:22:34.040+0000: [GC (Allocation Failure) 2019-01-25T15:22:34.040+0000: [ParNew: 69075K->537K(77440K), 0.0023692 secs] 190646K->122119K(267524K), 0.0024272 secs] [Times: user=0.00 sys=0.01, real=0.01 secs] 
2019-01-25T15:22:34.129+0000: [GC (Allocation Failure) 2019-01-25T15:22:34.129+0000: [ParNew: 69401K->318K(77440K), 0.0018940 secs] 190983K->121917K(267524K), 0.0019441 secs] [Times: user=0.01 sys=0.00, real=0.01 secs] 
2019-01-25T15:23:08.818+0000: [GC (Allocation Failure) 2019-01-25T15:23:08.818+0000: [ParNew: 68550K->2753K(77440K), 0.0233228 secs] 190149K->140745K(267524K), 0.0233877 secs] [Times: user=0.08 sys=0.01, real=0.02 secs] 
2019-01-25T15:23:08.846+0000: [GC (CMS Initial Mark) [1 CMS-initial-mark: 137991K(190084K)] 158810K(267524K), 0.0023909 secs] [Times: user=0.01 sys=0.00, real=0.00 secs] 
2019-01-25T15:23:08.848+0000: [CMS-concurrent-mark-start]
2019-01-25T15:23:08.947+0000: [CMS-concurrent-mark: 0.079/0.099 secs] [Times: user=0.29 sys=0.00, real=0.10 secs] 
2019-01-25T15:23:08.948+0000: [CMS-concurrent-preclean-start]
2019-01-25T15:23:08.950+0000: [CMS-concurrent-preclean: 0.002/0.002 secs] [Times: user=0.01 sys=0.00, real=0.01 secs] 
2019-01-25T15:23:08.950+0000: [CMS-concurrent-abortable-preclean-start]
2019-01-25T15:23:09.157+0000: [GC (Allocation Failure) 2019-01-25T15:23:09.157+0000: [ParNew: 71617K->4208K(77440K), 0.0288890 secs] 209609K->174988K(267524K), 0.0289669 secs] [Times: user=0.11 sys=0.01, real=0.03 secs] 
2019-01-25T15:23:09.499+0000: [GC (Allocation Failure) 2019-01-25T15:23:09.499+0000: [ParNew2019-01-25T15:23:09.561+0000: [CMS-concurrent-abortable-preclean: 0.300/0.610 secs] [Times: user=2.24 sys=0.04, real=0.60 secs] 
: 73057K->8576K(77440K), 0.1335548 secs] 243837K->200358K(270020K), 0.1336359 secs] [Times: user=0.48 sys=0.02, real=0.14 secs] 
2019-01-25T15:23:09.647+0000: [GC (CMS Final Remark) [YG occupancy: 18829 K (77440 K)]2019-01-25T15:23:09.647+0000: [Rescan (parallel) , 0.0202332 secs]2019-01-25T15:23:09.667+0000: [weak refs processing, 0.0001384 secs]2019-01-25T15:23:09.667+0000: [class unloading, 0.0094931 secs]2019-01-25T15:23:09.677+0000: [scrub symbol table, 0.0078603 secs]2019-01-25T15:23:09.684+0000: [scrub string table, 0.0005699 secs][1 CMS-remark: 191782K(192580K)] 210611K(270020K), 0.0386053 secs] [Times: user=0.09 sys=0.00, real=0.04 secs] 
2019-01-25T15:23:09.685+0000: [CMS-concurrent-sweep-start]
2019-01-25T15:23:09.731+0000: [CMS-concurrent-sweep: 0.031/0.045 secs] [Times: user=0.18 sys=0.00, real=0.05 secs] 
2019-01-25T15:23:09.731+0000: [CMS-concurrent-reset-start]
2019-01-25T15:23:09.743+0000: [CMS-concurrent-reset: 0.012/0.012 secs] [Times: user=0.05 sys=0.00, real=0.01 secs] 
2019-01-25T15:23:09.858+0000: [GC (Allocation Failure) 2019-01-25T15:23:09.858+0000: [ParNew: 76394K->8576K(77440K), 0.1020788 secs] 261985K->236041K(386760K), 0.1021482 secs] [Times: user=0.37 sys=0.01, real=0.10 secs] 
2019-01-25T15:23:09.961+0000: [GC (CMS Initial Mark) [1 CMS-initial-mark: 227465K(309320K)] 240823K(386760K), 0.0062845 secs] [Times: user=0.02 sys=0.00, real=0.01 secs] 
2019-01-25T15:23:09.967+0000: [CMS-concurrent-mark-start]
2019-01-25T15:23:10.123+0000: [CMS-concurrent-mark: 0.155/0.155 secs] [Times: user=0.61 sys=0.00, real=0.16 secs] 
2019-01-25T15:23:10.123+0000: [GC (Allocation Failure) 2019-01-25T15:23:10.123+0000: [ParNew: 70305K->8576K(77440K), 0.1167451 secs] 297771K->271076K(386760K), 0.1168015 secs] [Times: user=0.41 sys=0.03, real=0.11 secs] 
2019-01-25T15:23:10.240+0000: [CMS-concurrent-preclean-start]
2019-01-25T15:23:10.382+0000: [GC (Allocation Failure) 2019-01-25T15:23:10.382+0000: [ParNew: 77440K->8576K(77440K), 0.1074441 secs] 339940K->317659K(387336K), 0.1075050 secs] [Times: user=0.38 sys=0.03, real=0.10 secs] 
2019-01-25T15:23:10.494+0000: [CMS-concurrent-preclean: 0.144/0.254 secs] [Times: user=0.96 sys=0.03, real=0.26 secs] 
2019-01-25T15:23:10.494+0000: [CMS-concurrent-abortable-preclean-start]
2019-01-25T15:23:10.772+0000: [GC (Allocation Failure) 2019-01-25T15:23:10.772+0000: [ParNew: 77440K->7484K(77440K), 0.0585185 secs] 386523K->333343K(404172K), 0.0585744 secs] [Times: user=0.22 sys=0.01, real=0.06 secs] 
2019-01-25T15:23:10.899+0000: [GC (Allocation Failure) 2019-01-25T15:23:10.899+0000: [ParNew: 76348K->5246K(77440K), 0.0216602 secs] 402207K->335620K(408588K), 0.0217304 secs] [Times: user=0.08 sys=0.01, real=0.02 secs] 
2019-01-25T15:23:10.989+0000: [GC (Allocation Failure) 2019-01-25T15:23:10.989+0000: [ParNew: 74110K->1311K(77440K), 0.0013463 secs] 404484K->331685K(408588K), 0.0013913 secs] [Times: user=0.01 sys=0.00, real=0.01 secs] 
2019-01-25T15:23:10.991+0000: [CMS-concurrent-abortable-preclean: 0.409/0.497 secs] [Times: user=1.93 sys=0.02, real=0.50 secs] 
2019-01-25T15:23:10.994+0000: [GC (CMS Final Remark) [YG occupancy: 3525 K (77440 K)]2019-01-25T15:23:10.994+0000: [Rescan (parallel) , 0.0199234 secs]2019-01-25T15:23:11.014+0000: [weak refs processing, 0.0002018 secs]2019-01-25T15:23:11.014+0000: [class unloading, 0.0075952 secs]2019-01-25T15:23:11.022+0000: [scrub symbol table, 0.0078093 secs]2019-01-25T15:23:11.030+0000: [scrub string table, 0.0005804 secs][1 CMS-remark: 330373K(331148K)] 333899K(408588K), 0.0363028 secs] [Times: user=0.09 sys=0.01, real=0.04 secs] 
2019-01-25T15:23:11.031+0000: [CMS-concurrent-sweep-start]
2019-01-25T15:23:11.084+0000: [GC (Allocation Failure) 2019-01-25T15:23:11.084+0000: [ParNew: 70175K->328K(77440K), 0.0012771 secs] 393202K->323354K(408588K), 0.0013241 secs] [Times: user=0.00 sys=0.00, real=0.00 secs] 
2019-01-25T15:23:11.122+0000: [CMS-concurrent-sweep: 0.090/0.091 secs] [Times: user=0.36 sys=0.00, real=0.09 secs] 
2019-01-25T15:23:11.122+0000: [CMS-concurrent-reset-start]
2019-01-25T15:23:11.134+0000: [CMS-concurrent-reset: 0.012/0.012 secs] [Times: user=0.04 sys=0.00, real=0.01 secs] 
2019-01-25T15:23:11.142+0000: [GC (Allocation Failure) 2019-01-25T15:23:11.142+0000: [ParNew: 69192K->82K(77440K), 0.0017520 secs] 392218K->323108K(615820K), 0.0017976 secs] [Times: user=0.01 sys=0.00, real=0.00 secs] 
2019-01-25T15:23:11.185+0000: [GC (Allocation Failure) 2019-01-25T15:23:11.185+0000: [ParNew: 68946K->20K(77440K), 0.0017827 secs] 391972K->323047K(615820K), 0.0018279 secs] [Times: user=0.00 sys=0.00, real=0.00 secs] 
2019-01-25T15:23:11.228+0000: [GC (Allocation Failure) 2019-01-25T15:23:11.228+0000: [ParNew: 68884K->8K(77440K), 0.0017605 secs] 391911K->323034K(615820K), 0.0018074 secs] [Times: user=0.01 sys=0.00, real=0.00 secs] 
2019-01-25T15:23:11.274+0000: [GC (Allocation Failure) 2019-01-25T15:23:11.274+0000: [ParNew: 68872K->8K(77440K), 0.0017123 secs] 391898K->323034K(615820K), 0.0017582 secs] [Times: user=0.00 sys=0.00, real=0.00 secs] 
2019-01-25T15:23:11.318+0000: [GC (Allocation Failure) 2019-01-25T15:23:11.318+0000: [ParNew: 68872K->8K(77440K), 0.0017093 secs] 391898K->323034K(615820K), 0.0017578 secs] [Times: user=0.00 sys=0.00, real=0.00 secs] 
2019-01-25T15:23:11.465+0000: [GC (Allocation Failure) 2019-01-25T15:23:11.465+0000: [ParNew: 68872K->460K(77440K), 0.0032533 secs] 391898K->323487K(615820K), 0.0033093 secs] [Times: user=0.01 sys=0.00, real=0.00 secs] 
Heap
 par new generation   total 77440K, used 65282K [0x0000000680000000, 0x0000000685400000, 0x0000000694cc0000)
  eden space 68864K,  94% used [0x0000000680000000, 0x0000000683f4d578, 0x0000000684340000)
  from space 8576K,   5% used [0x0000000684340000, 0x00000006843b3378, 0x0000000684ba0000)
  to   space 8576K,   0% used [0x0000000684ba0000, 0x0000000684ba0000, 0x0000000685400000)
 concurrent mark-sweep generation total 538380K, used 323026K [0x0000000694cc0000, 0x00000006b5a83000, 0x00000007c0000000)
 Metaspace       used 62089K, capacity 62824K, committed 63284K, reserved 1103872K
  class space    used 7922K, capacity 8119K, committed 8244K, reserved 1048576K
