2019-01-25T15:24:32.286+0000: [GC (Allocation Failure) 2019-01-25T15:24:32.286+0000: [ParNew: 68864K->6778K(77440K), 0.0187032 secs] 68864K->6778K(249472K), 0.0187903 secs] [Times: user=0.02 sys=0.00, real=0.02 secs] 
2019-01-25T15:24:32.826+0000: [GC (Allocation Failure) 2019-01-25T15:24:32.826+0000: [ParNew: 75642K->4535K(77440K), 0.0354842 secs] 75642K->6926K(249472K), 0.0355691 secs] [Times: user=0.04 sys=0.01, real=0.03 secs] 
2019-01-25T15:24:33.483+0000: [GC (Allocation Failure) 2019-01-25T15:24:33.483+0000: [ParNew: 73399K->3347K(77440K), 0.0077359 secs] 75790K->5737K(249472K), 0.0078023 secs] [Times: user=0.01 sys=0.00, real=0.01 secs] 
2019-01-25T15:24:34.007+0000: [GC (Allocation Failure) 2019-01-25T15:24:34.007+0000: [ParNew: 72211K->3992K(77440K), 0.0058848 secs] 74601K->6382K(249472K), 0.0059495 secs] [Times: user=0.02 sys=0.00, real=0.01 secs] 
2019-01-25T15:24:34.344+0000: [GC (Allocation Failure) 2019-01-25T15:24:34.344+0000: [ParNew: 72856K->5364K(77440K), 0.0065298 secs] 75246K->7754K(249472K), 0.0065934 secs] [Times: user=0.01 sys=0.00, real=0.01 secs] 
2019-01-25T15:24:34.656+0000: [GC (Allocation Failure) 2019-01-25T15:24:34.656+0000: [ParNew: 63233K->5479K(77440K), 0.0668718 secs] 65624K->25016K(249472K), 0.0669375 secs] [Times: user=0.12 sys=0.01, real=0.07 secs] 
2019-01-25T15:24:34.726+0000: [GC (CMS Initial Mark) [1 CMS-initial-mark: 19537K(172032K)] 41634K(249472K), 0.0079707 secs] [Times: user=0.01 sys=0.00, real=0.01 secs] 
2019-01-25T15:24:34.734+0000: [CMS-concurrent-mark-start]
2019-01-25T15:24:34.807+0000: [CMS-concurrent-mark: 0.073/0.073 secs] [Times: user=0.11 sys=0.01, real=0.07 secs] 
2019-01-25T15:24:34.807+0000: [CMS-concurrent-preclean-start]
2019-01-25T15:24:34.808+0000: [CMS-concurrent-preclean: 0.001/0.001 secs] [Times: user=0.00 sys=0.00, real=0.00 secs] 
2019-01-25T15:24:34.808+0000: [CMS-concurrent-abortable-preclean-start]
2019-01-25T15:24:35.099+0000: [GC (Allocation Failure) 2019-01-25T15:24:35.100+0000: [ParNew: 74343K->5572K(77440K), 0.0191674 secs] 93880K->41494K(249472K), 0.0192257 secs] [Times: user=0.05 sys=0.01, real=0.02 secs] 
2019-01-25T15:24:35.380+0000: [CMS-concurrent-abortable-preclean: 0.281/0.572 secs] [Times: user=1.01 sys=0.03, real=0.57 secs] 
2019-01-25T15:24:35.381+0000: [GC (CMS Final Remark) [YG occupancy: 52772 K (77440 K)]2019-01-25T15:24:35.381+0000: [Rescan (parallel) , 0.0044246 secs]2019-01-25T15:24:35.385+0000: [weak refs processing, 0.0000485 secs]2019-01-25T15:24:35.385+0000: [class unloading, 0.0041755 secs]2019-01-25T15:24:35.389+0000: [scrub symbol table, 0.0041950 secs]2019-01-25T15:24:35.394+0000: [scrub string table, 0.0004523 secs][1 CMS-remark: 35921K(172032K)] 88694K(249472K), 0.0139782 secs] [Times: user=0.02 sys=0.00, real=0.02 secs] 
2019-01-25T15:24:35.402+0000: [CMS-concurrent-sweep-start]
2019-01-25T15:24:35.404+0000: [CMS-concurrent-sweep: 0.002/0.002 secs] [Times: user=0.01 sys=0.00, real=0.00 secs] 
2019-01-25T15:24:35.404+0000: [CMS-concurrent-reset-start]
2019-01-25T15:24:35.608+0000: [CMS-concurrent-reset: 0.195/0.204 secs] [Times: user=0.26 sys=0.15, real=0.20 secs] 
2019-01-25T15:24:35.765+0000: [GC (Allocation Failure) 2019-01-25T15:24:35.765+0000: [ParNew: 74436K->6115K(77440K), 0.0275693 secs] 110342K->42975K(249472K), 0.0276386 secs] [Times: user=0.06 sys=0.00, real=0.03 secs] 
2019-01-25T15:24:36.188+0000: [GC (Allocation Failure) 2019-01-25T15:24:36.188+0000: [ParNew: 74979K->4792K(77440K), 0.0708375 secs] 111839K->76258K(249472K), 0.0708972 secs] [Times: user=0.16 sys=0.02, real=0.07 secs] 
2019-01-25T15:24:36.259+0000: [GC (CMS Initial Mark) [1 CMS-initial-mark: 71465K(172032K)] 76537K(249472K), 0.0020937 secs] [Times: user=0.01 sys=0.00, real=0.00 secs] 
2019-01-25T15:24:36.261+0000: [CMS-concurrent-mark-start]
2019-01-25T15:24:36.307+0000: [CMS-concurrent-mark: 0.044/0.046 secs] [Times: user=0.10 sys=0.00, real=0.05 secs] 
2019-01-25T15:24:36.307+0000: [CMS-concurrent-preclean-start]
2019-01-25T15:24:36.308+0000: [CMS-concurrent-preclean: 0.001/0.001 secs] [Times: user=0.00 sys=0.00, real=0.00 secs] 
2019-01-25T15:24:36.311+0000: [GC (CMS Final Remark) [YG occupancy: 6444 K (77440 K)]2019-01-25T15:24:36.311+0000: [Rescan (parallel) , 0.0034795 secs]2019-01-25T15:24:36.314+0000: [weak refs processing, 0.0000399 secs]2019-01-25T15:24:36.314+0000: [class unloading, 0.0043674 secs]2019-01-25T15:24:36.319+0000: [scrub symbol table, 0.0034603 secs]2019-01-25T15:24:36.322+0000: [scrub string table, 0.0004803 secs][1 CMS-remark: 71465K(172032K)] 77909K(249472K), 0.0121436 secs] [Times: user=0.01 sys=0.00, real=0.01 secs] 
2019-01-25T15:24:36.323+0000: [CMS-concurrent-sweep-start]
2019-01-25T15:24:36.326+0000: [CMS-concurrent-sweep: 0.003/0.003 secs] [Times: user=0.01 sys=0.00, real=0.00 secs] 
2019-01-25T15:24:36.326+0000: [CMS-concurrent-reset-start]
2019-01-25T15:24:36.349+0000: [CMS-concurrent-reset: 0.020/0.023 secs] [Times: user=0.04 sys=0.00, real=0.02 secs] 
2019-01-25T15:24:36.840+0000: [GC (Allocation Failure) 2019-01-25T15:24:36.840+0000: [ParNew: 73656K->5602K(77440K), 0.0511379 secs] 145066K->93395K(249472K), 0.0512157 secs] [Times: user=0.07 sys=0.00, real=0.06 secs] 
2019-01-25T15:24:37.587+0000: [GC (Allocation Failure) 2019-01-25T15:24:37.588+0000: [ParNew: 74466K->7015K(77440K), 0.0130865 secs] 162259K->95095K(249472K), 0.0131643 secs] [Times: user=0.03 sys=0.00, real=0.01 secs] 
2019-01-25T15:24:37.993+0000: [GC (Allocation Failure) 2019-01-25T15:24:37.993+0000: [ParNew: 75879K->6155K(77440K), 0.0539479 secs] 163959K->96223K(249472K), 0.0540199 secs] [Times: user=0.06 sys=0.00, real=0.05 secs] 
2019-01-25T15:24:38.628+0000: [GC (Allocation Failure) 2019-01-25T15:24:38.628+0000: [ParNew: 75019K->4890K(77440K), 0.0265892 secs] 165087K->95587K(249472K), 0.0266693 secs] [Times: user=0.08 sys=0.00, real=0.03 secs] 
2019-01-25T15:24:38.934+0000: [GC (Allocation Failure) 2019-01-25T15:24:38.934+0000: [ParNew: 73754K->3742K(77440K), 0.0121426 secs] 164451K->94439K(249472K), 0.0122242 secs] [Times: user=0.03 sys=0.00, real=0.01 secs] 
2019-01-25T15:24:39.640+0000: [GC (Allocation Failure) 2019-01-25T15:24:39.640+0000: [ParNew: 72606K->6748K(77440K), 0.0199773 secs] 163303K->97445K(249472K), 0.0200590 secs] [Times: user=0.06 sys=0.00, real=0.02 secs] 
2019-01-25T15:24:40.297+0000: [GC (Allocation Failure) 2019-01-25T15:24:40.297+0000: [ParNew: 75612K->7563K(77440K), 0.0520062 secs] 166309K->100995K(249472K), 0.0520948 secs] [Times: user=0.11 sys=0.00, real=0.05 secs] 
2019-01-25T15:24:40.920+0000: [GC (Allocation Failure) 2019-01-25T15:24:40.920+0000: [ParNew: 76427K->5699K(77440K), 0.0469410 secs] 169859K->102002K(249472K), 0.0470233 secs] [Times: user=0.07 sys=0.00, real=0.05 secs] 
2019-01-25T15:24:40.967+0000: [GC (CMS Initial Mark) [1 CMS-initial-mark: 96303K(172032K)] 102893K(249472K), 0.0026096 secs] [Times: user=0.00 sys=0.00, real=0.00 secs] 
2019-01-25T15:24:40.969+0000: [CMS-concurrent-mark-start]
2019-01-25T15:24:41.026+0000: [CMS-concurrent-mark: 0.057/0.057 secs] [Times: user=0.08 sys=0.00, real=0.06 secs] 
2019-01-25T15:24:41.027+0000: [CMS-concurrent-preclean-start]
2019-01-25T15:24:41.029+0000: [CMS-concurrent-preclean: 0.002/0.002 secs] [Times: user=0.00 sys=0.00, real=0.00 secs] 
2019-01-25T15:24:41.029+0000: [CMS-concurrent-abortable-preclean-start]
2019-01-25T15:24:41.418+0000: [CMS-concurrent-abortable-preclean: 0.211/0.389 secs] [Times: user=0.74 sys=0.01, real=0.39 secs] 
2019-01-25T15:24:41.426+0000: [GC (CMS Final Remark) [YG occupancy: 47638 K (77440 K)]2019-01-25T15:24:41.426+0000: [Rescan (parallel) , 0.0170383 secs]2019-01-25T15:24:41.443+0000: [weak refs processing, 0.0000841 secs]2019-01-25T15:24:41.443+0000: [class unloading, 0.0076650 secs]2019-01-25T15:24:41.450+0000: [scrub symbol table, 0.0079835 secs]2019-01-25T15:24:41.458+0000: [scrub string table, 0.0007215 secs][1 CMS-remark: 96303K(172032K)] 143941K(249472K), 0.0338816 secs] [Times: user=0.08 sys=0.00, real=0.03 secs] 
2019-01-25T15:24:41.473+0000: [CMS-concurrent-sweep-start]
2019-01-25T15:24:41.482+0000: [CMS-concurrent-sweep: 0.008/0.008 secs] [Times: user=0.03 sys=0.00, real=0.00 secs] 
2019-01-25T15:24:41.482+0000: [CMS-concurrent-reset-start]
2019-01-25T15:24:41.501+0000: [CMS-concurrent-reset: 0.019/0.019 secs] [Times: user=0.03 sys=0.00, real=0.02 secs] 
2019-01-25T15:24:41.669+0000: [GC (Allocation Failure) 2019-01-25T15:24:41.669+0000: [ParNew: 74563K->3895K(77440K), 0.0096297 secs] 170380K->99712K(249472K), 0.0097110 secs] [Times: user=0.01 sys=0.00, real=0.01 secs] 
2019-01-25T15:24:42.606+0000: [GC (Allocation Failure) 2019-01-25T15:24:42.606+0000: [ParNew: 72759K->7619K(77440K), 0.0277881 secs] 168576K->103436K(249472K), 0.0278817 secs] [Times: user=0.06 sys=0.01, real=0.03 secs] 
2019-01-25T15:24:43.526+0000: [GC (Allocation Failure) 2019-01-25T15:24:43.526+0000: [ParNew: 76483K->6537K(77440K), 0.0434319 secs] 172300K->106957K(249472K), 0.0435347 secs] [Times: user=0.04 sys=0.01, real=0.04 secs] 
2019-01-25T15:24:44.297+0000: [GC (Allocation Failure) 2019-01-25T15:24:44.297+0000: [ParNew: 75401K->3744K(77440K), 0.0283232 secs] 175821K->104165K(249472K), 0.0283899 secs] [Times: user=0.05 sys=0.00, real=0.03 secs] 
2019-01-25T15:24:44.814+0000: [GC (Allocation Failure) 2019-01-25T15:24:44.814+0000: [ParNew: 72608K->6562K(77440K), 0.0332879 secs] 173029K->106982K(249472K), 0.0333714 secs] [Times: user=0.04 sys=0.00, real=0.03 secs] 
2019-01-25T15:24:45.313+0000: [GC (Allocation Failure) 2019-01-25T15:24:45.313+0000: [ParNew: 75426K->8390K(77440K), 0.0415132 secs] 175846K->111457K(249472K), 0.0416019 secs] [Times: user=0.07 sys=0.00, real=0.04 secs] 
2019-01-25T15:24:45.654+0000: [GC (Allocation Failure) 2019-01-25T15:24:45.654+0000: [ParNew: 77254K->8576K(77440K), 0.0531687 secs] 180321K->114854K(249472K), 0.0532342 secs] [Times: user=0.11 sys=0.01, real=0.05 secs] 
2019-01-25T15:24:45.978+0000: [GC (Allocation Failure) 2019-01-25T15:24:45.978+0000: [ParNew: 77440K->6931K(77440K), 0.1180994 secs] 183718K->120937K(249472K), 0.1181885 secs] [Times: user=0.15 sys=0.00, real=0.12 secs] 
2019-01-25T15:24:46.321+0000: [GC (Allocation Failure) 2019-01-25T15:24:46.321+0000: [ParNew: 75795K->6339K(77440K), 0.0503618 secs] 189801K->125049K(249472K), 0.0504458 secs] [Times: user=0.08 sys=0.00, real=0.06 secs] 
2019-01-25T15:24:46.533+0000: [GC (Allocation Failure) 2019-01-25T15:24:46.533+0000: [ParNew: 75203K->7903K(77440K), 0.0246254 secs] 193913K->126612K(249472K), 0.0247292 secs] [Times: user=0.06 sys=0.00, real=0.02 secs] 
2019-01-25T15:24:46.636+0000: [GC (Allocation Failure) 2019-01-25T15:24:46.636+0000: [ParNew: 76767K->7315K(77440K), 0.0748885 secs] 195476K->129568K(249472K), 0.0749591 secs] [Times: user=0.07 sys=0.00, real=0.08 secs] 
2019-01-25T15:24:46.734+0000: [GC (CMS Initial Mark) [1 CMS-initial-mark: 122253K(172032K)] 146030K(249472K), 0.0111562 secs] [Times: user=0.03 sys=0.00, real=0.01 secs] 
2019-01-25T15:24:46.745+0000: [CMS-concurrent-mark-start]
2019-01-25T15:24:46.826+0000: [GC (Allocation Failure) 2019-01-25T15:24:46.826+0000: [ParNew: 76179K->8576K(77440K), 0.0604647 secs] 198432K->135980K(249472K), 0.0605484 secs] [Times: user=0.08 sys=0.01, real=0.06 secs] 
2019-01-25T15:24:47.002+0000: [GC (Allocation Failure) 2019-01-25T15:24:47.002+0000: [ParNew: 77440K->4715K(77440K), 0.0695973 secs] 204844K->138636K(249472K), 0.0696689 secs] [Times: user=0.10 sys=0.00, real=0.07 secs] 
2019-01-25T15:24:47.245+0000: [CMS-concurrent-mark: 0.333/0.499 secs] [Times: user=0.88 sys=0.02, real=0.50 secs] 
2019-01-25T15:24:47.245+0000: [GC (Allocation Failure) 2019-01-25T15:24:47.245+0000: [ParNew: 73579K->7551K(77440K), 0.0236605 secs] 207500K->141472K(249472K), 0.0237190 secs] [Times: user=0.05 sys=0.00, real=0.02 secs] 
2019-01-25T15:24:47.269+0000: [CMS-concurrent-preclean-start]
2019-01-25T15:24:47.312+0000: [CMS-concurrent-preclean: 0.040/0.043 secs] [Times: user=0.13 sys=0.01, real=0.05 secs] 
2019-01-25T15:24:47.312+0000: [CMS-concurrent-abortable-preclean-start]
2019-01-25T15:24:47.404+0000: [GC (Allocation Failure) 2019-01-25T15:24:47.405+0000: [ParNew: 76415K->8536K(77440K), 0.0352902 secs] 210336K->144603K(249472K), 0.0353743 secs] [Times: user=0.10 sys=0.00, real=0.03 secs] 
2019-01-25T15:24:47.465+0000: [CMS-concurrent-abortable-preclean: 0.114/0.153 secs] [Times: user=0.32 sys=0.02, real=0.15 secs] 
2019-01-25T15:24:47.475+0000: [GC (CMS Final Remark) [YG occupancy: 22083 K (77440 K)]2019-01-25T15:24:47.475+0000: [Rescan (parallel) , 0.0403736 secs]2019-01-25T15:24:47.515+0000: [weak refs processing, 0.0002230 secs]2019-01-25T15:24:47.516+0000: [class unloading, 0.0228012 secs]2019-01-25T15:24:47.538+0000: [scrub symbol table, 0.0163864 secs]2019-01-25T15:24:47.555+0000: [scrub string table, 0.0007695 secs][1 CMS-remark: 136066K(172032K)] 158150K(249472K), 0.0810329 secs] [Times: user=0.12 sys=0.00, real=0.08 secs] 
2019-01-25T15:24:47.580+0000: [CMS-concurrent-sweep-start]
2019-01-25T15:24:47.671+0000: [GC (Allocation Failure) 2019-01-25T15:24:47.671+0000: [ParNew: 77400K->8576K(77440K), 0.0415585 secs] 211705K->146707K(249472K), 0.0416500 secs] [Times: user=0.09 sys=0.00, real=0.04 secs] 
2019-01-25T15:24:47.746+0000: [CMS-concurrent-sweep: 0.097/0.166 secs] [Times: user=0.34 sys=0.01, real=0.17 secs] 
2019-01-25T15:24:47.746+0000: [CMS-concurrent-reset-start]
2019-01-25T15:24:47.814+0000: [GC (Allocation Failure) 2019-01-25T15:24:47.814+0000: [ParNew: 77440K->5289K(77440K), 0.0415037 secs] 215571K->150551K(307660K), 0.0415820 secs] [Times: user=0.09 sys=0.00, real=0.04 secs] 
2019-01-25T15:24:47.858+0000: [CMS-concurrent-reset: 0.052/0.111 secs] [Times: user=0.23 sys=0.01, real=0.11 secs] 
2019-01-25T15:24:47.957+0000: [GC (Allocation Failure) 2019-01-25T15:24:47.957+0000: [ParNew: 74153K->8576K(77440K), 0.0450259 secs] 219415K->154243K(307660K), 0.0451001 secs] [Times: user=0.06 sys=0.00, real=0.05 secs] 
2019-01-25T15:24:48.102+0000: [GC (Allocation Failure) 2019-01-25T15:24:48.102+0000: [ParNew: 77440K->3555K(77440K), 0.0569460 secs] 223107K->157271K(307660K), 0.0570248 secs] [Times: user=0.10 sys=0.01, real=0.05 secs] 
2019-01-25T15:24:48.254+0000: [GC (Allocation Failure) 2019-01-25T15:24:48.254+0000: [ParNew: 72419K->6829K(77440K), 0.0192894 secs] 226135K->160545K(307660K), 0.0193554 secs] [Times: user=0.06 sys=0.00, real=0.02 secs] 
2019-01-25T15:24:48.353+0000: [GC (Allocation Failure) 2019-01-25T15:24:48.353+0000: [ParNew: 75693K->8576K(77440K), 0.0540715 secs] 229409K->164682K(307660K), 0.0541432 secs] [Times: user=0.09 sys=0.00, real=0.05 secs] 
2019-01-25T15:24:48.487+0000: [GC (Allocation Failure) 2019-01-25T15:24:48.487+0000: [ParNew: 74099K->8576K(77440K), 0.0678138 secs] 230206K->167395K(307660K), 0.0678902 secs] [Times: user=0.10 sys=0.01, real=0.07 secs] 
2019-01-25T15:24:48.649+0000: [GC (Allocation Failure) 2019-01-25T15:24:48.649+0000: [ParNew: 77440K->7978K(77440K), 0.0920944 secs] 236259K->174620K(307660K), 0.0921915 secs] [Times: user=0.14 sys=0.00, real=0.09 secs] 
2019-01-25T15:24:48.764+0000: [GC (CMS Initial Mark) [1 CMS-initial-mark: 166642K(230220K)] 182917K(307660K), 0.0210121 secs] [Times: user=0.02 sys=0.00, real=0.02 secs] 
2019-01-25T15:24:48.785+0000: [CMS-concurrent-mark-start]
2019-01-25T15:24:48.882+0000: [GC (Allocation Failure) 2019-01-25T15:24:48.882+0000: [ParNew: 76842K->8576K(77440K), 0.0861980 secs] 243484K->177872K(307660K), 0.0862654 secs] [Times: user=0.17 sys=0.00, real=0.08 secs] 
2019-01-25T15:24:49.062+0000: [GC (Allocation Failure) 2019-01-25T15:24:49.062+0000: [ParNew: 77440K->7895K(77440K), 0.0516581 secs] 246736K->180398K(307660K), 0.0517441 secs] [Times: user=0.10 sys=0.01, real=0.05 secs] 
2019-01-25T15:24:49.226+0000: [GC (Allocation Failure) 2019-01-25T15:24:49.227+0000: [ParNew: 76759K->8576K(77440K), 0.0588775 secs] 249262K->184349K(307660K), 0.0589783 secs] [Times: user=0.12 sys=0.00, real=0.06 secs] 
2019-01-25T15:24:49.404+0000: [GC (Allocation Failure) 2019-01-25T15:24:49.404+0000: [ParNew: 77440K->5984K(77440K), 0.0845243 secs] 253213K->189884K(307660K), 0.0846260 secs] [Times: user=0.12 sys=0.00, real=0.08 secs] 
2019-01-25T15:24:49.623+0000: [GC (Allocation Failure) 2019-01-25T15:24:49.623+0000: [ParNew: 74848K->5580K(77440K), 0.0246780 secs] 258748K->189480K(307660K), 0.0247438 secs] [Times: user=0.06 sys=0.00, real=0.02 secs] 
2019-01-25T15:24:49.679+0000: [CMS-concurrent-mark: 0.538/0.894 secs] [Times: user=1.82 sys=0.06, real=0.89 secs] 
2019-01-25T15:24:49.679+0000: [CMS-concurrent-preclean-start]
2019-01-25T15:24:49.747+0000: [CMS-concurrent-preclean: 0.062/0.068 secs] [Times: user=0.19 sys=0.01, real=0.07 secs] 
2019-01-25T15:24:49.747+0000: [CMS-concurrent-abortable-preclean-start]
2019-01-25T15:24:49.778+0000: [GC (Allocation Failure) 2019-01-25T15:24:49.778+0000: [ParNew: 74444K->8369K(77440K), 0.0988955 secs] 258344K->202540K(307660K), 0.0989727 secs] [Times: user=0.13 sys=0.00, real=0.10 secs] 
2019-01-25T15:24:50.018+0000: [GC (Allocation Failure) 2019-01-25T15:24:50.018+0000: [ParNew: 77233K->8576K(77440K), 0.0633605 secs] 271404K->205754K(307660K), 0.0634443 secs] [Times: user=0.13 sys=0.01, real=0.06 secs] 
2019-01-25T15:24:50.082+0000: [CMS-concurrent-abortable-preclean: 0.170/0.335 secs] [Times: user=0.59 sys=0.01, real=0.33 secs] 
2019-01-25T15:24:50.102+0000: [GC (CMS Final Remark) [YG occupancy: 18689 K (77440 K)]2019-01-25T15:24:50.102+0000: [Rescan (parallel) , 0.0449671 secs]2019-01-25T15:24:50.147+0000: [weak refs processing, 0.0002490 secs]2019-01-25T15:24:50.148+0000: [class unloading, 0.0088349 secs]2019-01-25T15:24:50.156+0000: [scrub symbol table, 0.0093473 secs]2019-01-25T15:24:50.166+0000: [scrub string table, 0.0007832 secs][1 CMS-remark: 197178K(230220K)] 215868K(307660K), 0.0643438 secs] [Times: user=0.11 sys=0.00, real=0.06 secs] 
2019-01-25T15:24:50.182+0000: [CMS-concurrent-sweep-start]
2019-01-25T15:24:50.298+0000: [GC (Allocation Failure) 2019-01-25T15:24:50.298+0000: [ParNew: 77440K->8576K(77440K), 0.0920165 secs] 266595K->201557K(307660K), 0.0921008 secs] [Times: user=0.13 sys=0.00, real=0.10 secs] 
2019-01-25T15:24:50.485+0000: [CMS-concurrent-sweep: 0.179/0.303 secs] [Times: user=0.57 sys=0.04, real=0.30 secs] 
2019-01-25T15:24:50.486+0000: [CMS-concurrent-reset-start]
2019-01-25T15:24:50.510+0000: [GC (Allocation Failure) 2019-01-25T15:24:50.510+0000: [ParNew: 77440K->8576K(77440K), 0.0624099 secs] 270421K->209129K(399076K), 0.0624913 secs] [Times: user=0.14 sys=0.00, real=0.06 secs] 
2019-01-25T15:24:50.582+0000: [CMS-concurrent-reset: 0.024/0.096 secs] [Times: user=0.16 sys=0.01, real=0.10 secs] 
2019-01-25T15:24:50.678+0000: [GC (Allocation Failure) 2019-01-25T15:24:50.678+0000: [ParNew: 77440K->8576K(77440K), 0.0469735 secs] 277993K->212693K(399076K), 0.0470412 secs] [Times: user=0.12 sys=0.00, real=0.05 secs] 
2019-01-25T15:24:50.841+0000: [GC (Allocation Failure) 2019-01-25T15:24:50.841+0000: [ParNew: 77440K->8576K(77440K), 0.0631267 secs] 281557K->215308K(399076K), 0.0632121 secs] [Times: user=0.11 sys=0.01, real=0.07 secs] 
2019-01-25T15:24:50.999+0000: [GC (Allocation Failure) 2019-01-25T15:24:50.999+0000: [ParNew: 77440K->8576K(77440K), 0.0753972 secs] 284172K->218486K(399076K), 0.0754817 secs] [Times: user=0.12 sys=0.00, real=0.08 secs] 
2019-01-25T15:24:51.170+0000: [GC (Allocation Failure) 2019-01-25T15:24:51.170+0000: [ParNew: 77440K->8576K(77440K), 0.0811533 secs] 287350K->221863K(399076K), 0.0812407 secs] [Times: user=0.15 sys=0.00, real=0.08 secs] 
2019-01-25T15:24:51.346+0000: [GC (Allocation Failure) 2019-01-25T15:24:51.346+0000: [ParNew: 77440K->8576K(77440K), 0.1030896 secs] 290727K->233587K(399076K), 0.1031709 secs] [Times: user=0.16 sys=0.00, real=0.10 secs] 
2019-01-25T15:24:51.558+0000: [GC (Allocation Failure) 2019-01-25T15:24:51.558+0000: [ParNew: 77440K->8576K(77440K), 0.1021887 secs] 302451K->240989K(399076K), 0.1022750 secs] [Times: user=0.19 sys=0.02, real=0.10 secs] 
2019-01-25T15:24:51.682+0000: [GC (CMS Initial Mark) [1 CMS-initial-mark: 232413K(321636K)] 251830K(399076K), 0.0102129 secs] [Times: user=0.03 sys=0.00, real=0.01 secs] 
2019-01-25T15:24:51.698+0000: [CMS-concurrent-mark-start]
2019-01-25T15:24:51.774+0000: [GC (Allocation Failure) 2019-01-25T15:24:51.774+0000: [ParNew: 77440K->7605K(77440K), 0.0922379 secs] 309853K->248440K(399076K), 0.0923183 secs] [Times: user=0.16 sys=0.00, real=0.09 secs] 
2019-01-25T15:24:51.974+0000: [GC (Allocation Failure) 2019-01-25T15:24:51.974+0000: [ParNew: 76469K->8025K(77440K), 0.0534855 secs] 317304K->254205K(399076K), 0.0535517 secs] [Times: user=0.14 sys=0.01, real=0.05 secs] 
2019-01-25T15:24:52.110+0000: [GC (Allocation Failure) 2019-01-25T15:24:52.110+0000: [ParNew: 76889K->6190K(77440K), 0.0612865 secs] 323069K->257123K(399076K), 0.0613616 secs] [Times: user=0.14 sys=0.01, real=0.06 secs] 
2019-01-25T15:24:52.307+0000: [GC (Allocation Failure) 2019-01-25T15:24:52.307+0000: [ParNew: 75054K->6721K(77440K), 0.0890367 secs] 325987K->261897K(399076K), 0.0891201 secs] [Times: user=0.15 sys=0.00, real=0.09 secs] 
2019-01-25T15:24:52.502+0000: [GC (Allocation Failure) 2019-01-25T15:24:52.502+0000: [ParNew: 75585K->5693K(77440K), 0.0740724 secs] 330761K->265452K(399076K), 0.0741661 secs] [Times: user=0.13 sys=0.01, real=0.07 secs] 
2019-01-25T15:24:52.678+0000: [GC (Allocation Failure) 2019-01-25T15:24:52.678+0000: [ParNew: 74557K->8576K(77440K), 0.0592780 secs] 334316K->268546K(399076K), 0.0593626 secs] [Times: user=0.12 sys=0.00, real=0.06 secs] 
2019-01-25T15:24:52.850+0000: [GC (Allocation Failure) 2019-01-25T15:24:52.850+0000: [ParNew: 77440K->7239K(77440K), 0.0869952 secs] 337410K->275537K(399076K), 0.0870994 secs] [Times: user=0.18 sys=0.00, real=0.08 secs] 
2019-01-25T15:24:53.031+0000: [GC (Allocation Failure) 2019-01-25T15:24:53.031+0000: [ParNew: 76103K->8576K(77440K), 0.0981848 secs] 344401K->277101K(399076K), 0.0982493 secs] [Times: user=0.13 sys=0.01, real=0.09 secs] 
2019-01-25T15:24:53.231+0000: [GC (Allocation Failure) 2019-01-25T15:24:53.231+0000: [ParNew: 77440K->8576K(77440K), 0.0928738 secs] 345965K->282021K(399076K), 0.0929586 secs] [Times: user=0.20 sys=0.00, real=0.09 secs] 
2019-01-25T15:24:53.415+0000: [GC (Allocation Failure) 2019-01-25T15:24:53.415+0000: [ParNew: 77440K->7741K(77440K), 0.0924208 secs] 350885K->305616K(399076K), 0.0925045 secs] [Times: user=0.22 sys=0.01, real=0.09 secs] 
2019-01-25T15:24:53.621+0000: [GC (Allocation Failure) 2019-01-25T15:24:53.621+0000: [ParNew: 76605K->8576K(77440K), 0.0654365 secs] 374480K->307324K(399076K), 0.0655077 secs] [Times: user=0.13 sys=0.01, real=0.07 secs] 
2019-01-25T15:24:53.846+0000: [GC (Allocation Failure) 2019-01-25T15:24:53.846+0000: [ParNew: 77440K->6819K(77440K), 0.1147018 secs] 376188K->313476K(399076K), 0.1147863 secs] [Times: user=0.20 sys=0.01, real=0.11 secs] 
2019-01-25T15:24:54.037+0000: [CMS-concurrent-mark: 1.281/2.339 secs] [Times: user=5.03 sys=0.13, real=2.34 secs] 
2019-01-25T15:24:54.037+0000: [CMS-concurrent-preclean-start]
2019-01-25T15:24:54.114+0000: [GC (Allocation Failure) 2019-01-25T15:24:54.114+0000: [ParNew: 75683K->6503K(77440K), 0.0764776 secs] 382340K->317775K(399076K), 0.0765602 secs] [Times: user=0.15 sys=0.00, real=0.08 secs] 
2019-01-25T15:24:54.293+0000: [GC (Allocation Failure) 2019-01-25T15:24:54.293+0000: [ParNew: 75367K->8576K(77440K), 0.0887912 secs] 386639K->328164K(399076K), 0.0888630 secs] [Times: user=0.14 sys=0.01, real=0.08 secs] 
2019-01-25T15:24:54.525+0000: [GC (Allocation Failure) 2019-01-25T15:24:54.525+0000: [ParNew: 77440K->8576K(77440K), 0.1227758 secs] 397028K->332832K(402340K), 0.1228641 secs] [Times: user=0.20 sys=0.00, real=0.12 secs] 
2019-01-25T15:24:54.766+0000: [GC (Allocation Failure) 2019-01-25T15:24:54.766+0000: [ParNew: 77440K->8576K(77440K), 0.1174783 secs] 401696K->337475K(406948K), 0.1175687 secs] [Times: user=0.18 sys=0.01, real=0.12 secs] 
2019-01-25T15:24:54.986+0000: [GC (Allocation Failure) 2019-01-25T15:24:54.986+0000: [ParNew: 77440K->8576K(77440K), 0.1086071 secs] 406339K->345082K(414628K), 0.1086927 secs] [Times: user=0.18 sys=0.01, real=0.11 secs] 
2019-01-25T15:24:55.097+0000: [CMS-concurrent-preclean: 0.428/1.060 secs] [Times: user=1.99 sys=0.08, real=1.06 secs] 
2019-01-25T15:24:55.102+0000: [GC (CMS Final Remark) [YG occupancy: 12404 K (77440 K)]2019-01-25T15:24:55.102+0000: [Rescan (parallel) , 0.0560963 secs]2019-01-25T15:24:55.159+0000: [weak refs processing, 0.0000467 secs]2019-01-25T15:24:55.159+0000: [class unloading, 0.0098616 secs]2019-01-25T15:24:55.168+0000: [scrub symbol table, 0.0095418 secs]2019-01-25T15:24:55.178+0000: [scrub string table, 0.0008329 secs][1 CMS-remark: 336506K(337188K)] 348911K(414628K), 0.0765479 secs] [Times: user=0.16 sys=0.00, real=0.07 secs] 
2019-01-25T15:24:55.190+0000: [CMS-concurrent-sweep-start]
2019-01-25T15:24:55.280+0000: [GC (Allocation Failure) 2019-01-25T15:24:55.280+0000: [ParNew: 77440K->7387K(77440K), 0.0858128 secs] 413387K->348151K(418852K), 0.0858831 secs] [Times: user=0.15 sys=0.00, real=0.09 secs] 
2019-01-25T15:24:55.466+0000: [GC (Allocation Failure) 2019-01-25T15:24:55.466+0000: [ParNew: 76251K->6004K(77440K), 0.0776730 secs] 405750K->340610K(418852K), 0.0777572 secs] [Times: user=0.15 sys=0.00, real=0.08 secs] 
2019-01-25T15:24:55.655+0000: [GC (Allocation Failure) 2019-01-25T15:24:55.655+0000: [ParNew: 74868K->8576K(77440K), 0.0882707 secs] 407426K->350592K(427048K), 0.0883727 secs] [Times: user=0.16 sys=0.01, real=0.09 secs] 
2019-01-25T15:24:55.889+0000: [GC (Allocation Failure) 2019-01-25T15:24:55.889+0000: [ParNew: 77440K->8576K(77440K), 0.0944598 secs] 419456K->359322K(428776K), 0.0945470 secs] [Times: user=0.20 sys=0.00, real=0.10 secs] 
2019-01-25T15:24:56.042+0000: [CMS-concurrent-sweep: 0.473/0.853 secs] [Times: user=1.79 sys=0.03, real=0.85 secs] 
2019-01-25T15:24:56.043+0000: [CMS-concurrent-reset-start]
2019-01-25T15:24:56.094+0000: [GC (Allocation Failure) 2019-01-25T15:24:56.094+0000: [ParNew: 77440K->8576K(77440K), 0.0651612 secs] 428186K->359644K(662020K), 0.0652368 secs] [Times: user=0.14 sys=0.01, real=0.06 secs] 
2019-01-25T15:24:56.160+0000: [CMS-concurrent-reset: 0.052/0.117 secs] [Times: user=0.24 sys=0.01, real=0.11 secs] 
2019-01-25T15:24:56.266+0000: [GC (Allocation Failure) 2019-01-25T15:24:56.266+0000: [ParNew: 77440K->8576K(77440K), 0.0972640 secs] 428508K->379943K(662020K), 0.0973368 secs] [Times: user=0.21 sys=0.01, real=0.10 secs] 
2019-01-25T15:24:56.373+0000: [GC (CMS Initial Mark) [1 CMS-initial-mark: 371367K(584580K)] 382998K(662020K), 0.0088861 secs] [Times: user=0.01 sys=0.00, real=0.01 secs] 
2019-01-25T15:24:56.386+0000: [CMS-concurrent-mark-start]
2019-01-25T15:24:56.510+0000: [GC (Allocation Failure) 2019-01-25T15:24:56.510+0000: [ParNew: 77440K->8576K(77440K), 0.0857871 secs] 448807K->383965K(662020K), 0.0858619 secs] [Times: user=0.21 sys=0.00, real=0.08 secs] 
2019-01-25T15:24:56.708+0000: [GC (Allocation Failure) 2019-01-25T15:24:56.708+0000: [ParNew: 77440K->8576K(77440K), 0.0979091 secs] 452829K->387457K(662020K), 0.0979884 secs] [Times: user=0.18 sys=0.00, real=0.10 secs] 
2019-01-25T15:24:56.903+0000: [GC (Allocation Failure) 2019-01-25T15:24:56.903+0000: [ParNew: 77440K->7865K(77440K), 0.1107935 secs] 456321K->394899K(662020K), 0.1108875 secs] [Times: user=0.23 sys=0.01, real=0.11 secs] 
2019-01-25T15:24:57.099+0000: [GC (Allocation Failure) 2019-01-25T15:24:57.099+0000: [ParNew: 76729K->7543K(77440K), 0.0630618 secs] 463763K->394578K(662020K), 0.0631406 secs] [Times: user=0.10 sys=0.00, real=0.06 secs] 
2019-01-25T15:24:57.294+0000: [GC (Allocation Failure) 2019-01-25T15:24:57.294+0000: [ParNew: 76407K->8576K(77440K), 0.1075618 secs] 463442K->399279K(662020K), 0.1076485 secs] [Times: user=0.18 sys=0.00, real=0.10 secs] 
2019-01-25T15:24:57.510+0000: [GC (Allocation Failure) 2019-01-25T15:24:57.510+0000: [ParNew: 77440K->8576K(77440K), 0.0972499 secs] 468143K->402353K(662020K), 0.0973317 secs] [Times: user=0.16 sys=0.00, real=0.09 secs] 
2019-01-25T15:24:57.704+0000: [GC (Allocation Failure) 2019-01-25T15:24:57.704+0000: [ParNew: 77440K->8576K(77440K), 0.1110569 secs] 471217K->406342K(662020K), 0.1111387 secs] [Times: user=0.20 sys=0.00, real=0.11 secs] 
2019-01-25T15:24:57.914+0000: [GC (Allocation Failure) 2019-01-25T15:24:57.914+0000: [ParNew: 77440K->8576K(77440K), 0.0854289 secs] 475206K->409935K(662020K), 0.0855115 secs] [Times: user=0.16 sys=0.00, real=0.08 secs] 
2019-01-25T15:24:58.090+0000: [GC (Allocation Failure) 2019-01-25T15:24:58.090+0000: [ParNew: 77440K->8576K(77440K), 0.0920367 secs] 478799K->413937K(662020K), 0.0921115 secs] [Times: user=0.16 sys=0.01, real=0.09 secs] 
2019-01-25T15:24:58.296+0000: [GC (Allocation Failure) 2019-01-25T15:24:58.296+0000: [ParNew: 77440K->8576K(77440K), 0.1158686 secs] 482801K->417819K(662020K), 0.1159622 secs] [Times: user=0.18 sys=0.01, real=0.12 secs] 
2019-01-25T15:24:58.507+0000: [GC (Allocation Failure) 2019-01-25T15:24:58.507+0000: [ParNew: 77440K->8576K(77440K), 0.0682946 secs] 486683K->421300K(662020K), 0.0683600 secs] [Times: user=0.17 sys=0.01, real=0.07 secs] 
2019-01-25T15:24:58.702+0000: [GC (Allocation Failure) 2019-01-25T15:24:58.702+0000: [ParNew: 77440K->7605K(77440K), 0.1149660 secs] 490164K->428171K(662020K), 0.1150379 secs] [Times: user=0.20 sys=0.01, real=0.11 secs] 
2019-01-25T15:24:58.926+0000: [GC (Allocation Failure) 2019-01-25T15:24:58.926+0000: [ParNew: 76469K->8576K(77440K), 0.0460371 secs] 497035K->429355K(662020K), 0.0461547 secs] [Times: user=0.11 sys=0.00, real=0.05 secs] 
2019-01-25T15:24:59.093+0000: [GC (Allocation Failure) 2019-01-25T15:24:59.093+0000: [ParNew: 77440K->8576K(77440K), 0.1040474 secs] 498219K->433994K(662020K), 0.1041205 secs] [Times: user=0.17 sys=0.01, real=0.10 secs] 
2019-01-25T15:24:59.298+0000: [GC (Allocation Failure) 2019-01-25T15:24:59.298+0000: [ParNew: 77440K->8576K(77440K), 0.1251813 secs] 502858K->453721K(662020K), 0.1252807 secs] [Times: user=0.21 sys=0.01, real=0.13 secs] 
2019-01-25T15:24:59.607+0000: [GC (Allocation Failure) 2019-01-25T15:24:59.607+0000: [ParNew: 77440K->8576K(77440K), 0.1011423 secs] 522585K->458468K(662020K), 0.1012220 secs] [Times: user=0.22 sys=0.00, real=0.10 secs] 
2019-01-25T15:24:59.780+0000: [CMS-concurrent-mark: 1.819/3.394 secs] [Times: user=6.93 sys=0.21, real=3.39 secs] 
2019-01-25T15:24:59.780+0000: [CMS-concurrent-preclean-start]
2019-01-25T15:24:59.824+0000: [GC (Allocation Failure) 2019-01-25T15:24:59.824+0000: [ParNew: 77440K->6906K(77440K), 0.1194322 secs] 527332K->463701K(662020K), 0.1194877 secs] [Times: user=0.23 sys=0.00, real=0.12 secs] 
2019-01-25T15:25:00.043+0000: [GC (Allocation Failure) 2019-01-25T15:25:00.043+0000: [ParNew: 75770K->7648K(77440K), 0.0967530 secs] 532565K->470250K(662020K), 0.0968349 secs] [Times: user=0.21 sys=0.01, real=0.09 secs] 
2019-01-25T15:25:00.241+0000: [GC (Allocation Failure) 2019-01-25T15:25:00.241+0000: [ParNew: 76512K->6444K(77440K), 0.0750046 secs] 539114K->473493K(662020K), 0.0750871 secs] [Times: user=0.15 sys=0.00, real=0.08 secs] 
2019-01-25T15:25:00.417+0000: [GC (Allocation Failure) 2019-01-25T15:25:00.417+0000: [ParNew: 75308K->8430K(77440K), 0.0734642 secs] 542357K->475478K(662020K), 0.0735367 secs] [Times: user=0.14 sys=0.00, real=0.08 secs] 
2019-01-25T15:25:00.589+0000: [GC (Allocation Failure) 2019-01-25T15:25:00.589+0000: [ParNew: 77294K->8002K(77440K), 0.1005339 secs] 544342K->482911K(662020K), 0.1006070 secs] [Times: user=0.22 sys=0.01, real=0.10 secs] 
2019-01-25T15:25:00.826+0000: [GC (Allocation Failure) 2019-01-25T15:25:00.826+0000: [ParNew: 76866K->8576K(77440K), 0.0839033 secs] 551775K->483590K(662020K), 0.0839891 secs] [Times: user=0.17 sys=0.01, real=0.09 secs] 
2019-01-25T15:25:01.010+0000: [GC (Allocation Failure) 2019-01-25T15:25:01.010+0000: [ParNew: 77440K->8181K(77440K), 0.0986447 secs] 552454K->490925K(662020K), 0.0987274 secs] [Times: user=0.19 sys=0.00, real=0.09 secs] 
2019-01-25T15:25:01.226+0000: [GC (Allocation Failure) 2019-01-25T15:25:01.226+0000: [ParNew: 77045K->8576K(77440K), 0.0462801 secs] 559789K->491498K(662020K), 0.0463665 secs] [Times: user=0.11 sys=0.00, real=0.05 secs] 
2019-01-25T15:25:01.349+0000: [CMS-concurrent-preclean: 0.706/1.569 secs] [Times: user=3.31 sys=0.13, real=1.57 secs] 
2019-01-25T15:25:01.349+0000: [CMS-concurrent-abortable-preclean-start]
2019-01-25T15:25:01.390+0000: [GC (Allocation Failure) 2019-01-25T15:25:01.390+0000: [ParNew: 77440K->8576K(77440K), 0.1053191 secs] 560362K->495727K(662020K), 0.1054026 secs] [Times: user=0.22 sys=0.00, real=0.10 secs] 
2019-01-25T15:25:01.618+0000: [GC (Allocation Failure) 2019-01-25T15:25:01.618+0000: [ParNew: 77440K->8576K(77440K), 0.1091285 secs] 564591K->499168K(662020K), 0.1092168 secs] [Times: user=0.18 sys=0.01, real=0.11 secs] 
2019-01-25T15:25:01.809+0000: [GC (Allocation Failure) 2019-01-25T15:25:01.809+0000: [ParNew: 77440K->8576K(77440K), 0.1023761 secs] 568032K->502693K(662020K), 0.1024739 secs] [Times: user=0.17 sys=0.00, real=0.11 secs] 
2019-01-25T15:25:02.014+0000: [GC (Allocation Failure) 2019-01-25T15:25:02.014+0000: [ParNew: 77440K->8576K(77440K), 0.1092685 secs] 571557K->506836K(662020K), 0.1093548 secs] [Times: user=0.19 sys=0.00, real=0.11 secs] 
2019-01-25T15:25:02.202+0000: [GC (Allocation Failure) 2019-01-25T15:25:02.202+0000: [ParNew: 77440K->8576K(77440K), 0.1672984 secs] 575700K->543231K(662020K), 0.1673793 secs] [Times: user=0.31 sys=0.01, real=0.16 secs] 
2019-01-25T15:25:02.516+0000: [GC (Allocation Failure) 2019-01-25T15:25:02.516+0000: [ParNew: 77440K->8183K(77440K), 0.0959583 secs] 612095K->546856K(662020K), 0.0960468 secs] [Times: user=0.16 sys=0.00, real=0.10 secs] 
2019-01-25T15:25:02.766+0000: [GC (Allocation Failure) 2019-01-25T15:25:02.766+0000: [ParNew: 77047K->7671K(77440K), 0.0560278 secs] 615720K->546345K(662020K), 0.0561132 secs] [Times: user=0.11 sys=0.00, real=0.06 secs] 
2019-01-25T15:25:02.826+0000: [CMS-concurrent-abortable-preclean: 0.616/1.477 secs] [Times: user=2.79 sys=0.10, real=1.48 secs] 
2019-01-25T15:25:02.837+0000: [GC (CMS Final Remark) [YG occupancy: 19511 K (77440 K)]2019-01-25T15:25:02.837+0000: [Rescan (parallel) , 0.1092045 secs]2019-01-25T15:25:02.946+0000: [weak refs processing, 0.0000493 secs]2019-01-25T15:25:02.946+0000: [class unloading, 0.0099868 secs]2019-01-25T15:25:02.956+0000: [scrub symbol table, 0.0238143 secs]2019-01-25T15:25:02.980+0000: [scrub string table, 0.0007930 secs][1 CMS-remark: 538673K(584580K)] 558184K(662020K), 0.1440359 secs] [Times: user=0.24 sys=0.00, real=0.14 secs] 
2019-01-25T15:25:02.981+0000: [CMS-concurrent-sweep-start]
2019-01-25T15:25:03.080+0000: [GC (Allocation Failure) 2019-01-25T15:25:03.080+0000: [ParNew: 76535K->8576K(77440K), 0.0947160 secs] 615157K->549327K(662020K), 0.0947887 secs] [Times: user=0.17 sys=0.01, real=0.10 secs] 
2019-01-25T15:25:03.290+0000: [GC (Allocation Failure) 2019-01-25T15:25:03.290+0000: [ParNew: 77440K->8065K(77440K), 0.0913865 secs] 618126K->552645K(662020K), 0.0914657 secs] [Times: user=0.18 sys=0.01, real=0.08 secs] 
2019-01-25T15:25:03.486+0000: [GC (Allocation Failure) 2019-01-25T15:25:03.487+0000: [ParNew: 76929K->7766K(77440K), 0.0652052 secs] 609220K->542954K(662020K), 0.0652710 secs] [Times: user=0.15 sys=0.00, real=0.07 secs] 
2019-01-25T15:25:03.702+0000: [GC (Allocation Failure) 2019-01-25T15:25:03.702+0000: [ParNew: 76630K->7031K(77440K), 0.1130326 secs] 607654K->541190K(662020K), 0.1131147 secs] [Times: user=0.16 sys=0.00, real=0.11 secs] 
2019-01-25T15:25:03.892+0000: [CMS-concurrent-sweep: 0.523/0.911 secs] [Times: user=1.78 sys=0.03, real=0.92 secs] 
2019-01-25T15:25:03.893+0000: [CMS-concurrent-reset-start]
2019-01-25T15:25:03.905+0000: [CMS-concurrent-reset: 0.012/0.012 secs] [Times: user=0.02 sys=0.00, real=0.01 secs] 
2019-01-25T15:25:03.974+0000: [GC (Allocation Failure) 2019-01-25T15:25:03.974+0000: [ParNew: 75895K->8253K(77440K), 0.1212299 secs] 610054K->544576K(967708K), 0.1213023 secs] [Times: user=0.17 sys=0.00, real=0.12 secs] 
2019-01-25T15:25:04.190+0000: [GC (Allocation Failure) 2019-01-25T15:25:04.190+0000: [ParNew: 77117K->8576K(77440K), 0.1466256 secs] 613440K->547156K(967708K), 0.1466866 secs] [Times: user=0.17 sys=0.00, real=0.14 secs] 
2019-01-25T15:25:04.431+0000: [GC (Allocation Failure) 2019-01-25T15:25:04.431+0000: [ParNew: 77440K->8576K(77440K), 0.0996352 secs] 616020K->550382K(967708K), 0.0997017 secs] [Times: user=0.23 sys=0.00, real=0.10 secs] 
2019-01-25T15:25:04.628+0000: [GC (Allocation Failure) 2019-01-25T15:25:04.628+0000: [ParNew: 77440K->8576K(77440K), 0.0932087 secs] 619246K->554281K(967708K), 0.0932924 secs] [Times: user=0.18 sys=0.00, real=0.09 secs] 
2019-01-25T15:25:04.798+0000: [GC (Allocation Failure) 2019-01-25T15:25:04.798+0000: [ParNew: 77440K->8576K(77440K), 0.1178424 secs] 623145K->558148K(967708K), 0.1179218 secs] [Times: user=0.21 sys=0.00, real=0.12 secs] 
2019-01-25T15:25:04.994+0000: [GC (Allocation Failure) 2019-01-25T15:25:04.994+0000: [ParNew: 77440K->7783K(77440K), 0.1110814 secs] 627012K->581630K(967708K), 0.1111812 secs] [Times: user=0.26 sys=0.00, real=0.11 secs] 
2019-01-25T15:25:05.133+0000: [GC (CMS Initial Mark) [1 CMS-initial-mark: 573847K(890268K)] 592467K(967708K), 0.0181271 secs] [Times: user=0.02 sys=0.00, real=0.02 secs] 
2019-01-25T15:25:05.151+0000: [CMS-concurrent-mark-start]
2019-01-25T15:25:05.270+0000: [GC (Allocation Failure) 2019-01-25T15:25:05.270+0000: [ParNew: 76647K->8576K(77440K), 0.0827067 secs] 650494K->583690K(967708K), 0.0827900 secs] [Times: user=0.18 sys=0.01, real=0.08 secs] 
2019-01-25T15:25:05.468+0000: [GC (Allocation Failure) 2019-01-25T15:25:05.468+0000: [ParNew: 77440K->7236K(77440K), 0.1473739 secs] 652554K->590755K(967708K), 0.1474415 secs] [Times: user=0.31 sys=0.02, real=0.15 secs] 
2019-01-25T15:25:05.714+0000: [GC (Allocation Failure) 2019-01-25T15:25:05.714+0000: [ParNew: 76100K->7674K(77440K), 0.1272924 secs] 659619K->596902K(967708K), 0.1273523 secs] [Times: user=0.20 sys=0.01, real=0.12 secs] 
2019-01-25T15:25:05.933+0000: [GC (Allocation Failure) 2019-01-25T15:25:05.933+0000: [ParNew: 76538K->8576K(77440K), 0.1039352 secs] 665766K->598132K(967708K), 0.1040070 secs] [Times: user=0.19 sys=0.00, real=0.10 secs] 
2019-01-25T15:25:06.133+0000: [GC (Allocation Failure) 2019-01-25T15:25:06.133+0000: [ParNew: 77440K->8552K(77440K), 0.1445490 secs] 666996K->606179K(967708K), 0.1446320 secs] [Times: user=0.25 sys=0.01, real=0.14 secs] 
2019-01-25T15:25:06.386+0000: [GC (Allocation Failure) 2019-01-25T15:25:06.386+0000: [ParNew: 77416K->7425K(77440K), 0.0938141 secs] 675043K->610625K(967708K), 0.0938937 secs] [Times: user=0.19 sys=0.02, real=0.09 secs] 
2019-01-25T15:25:06.589+0000: [GC (Allocation Failure) 2019-01-25T15:25:06.589+0000: [ParNew: 76289K->8576K(77440K), 0.1601673 secs] 679489K->616681K(967708K), 0.1602441 secs] [Times: user=0.28 sys=0.01, real=0.16 secs] 
2019-01-25T15:25:06.854+0000: [GC (Allocation Failure) 2019-01-25T15:25:06.854+0000: [ParNew: 77440K->8576K(77440K), 0.1140794 secs] 685545K->622236K(967708K), 0.1141638 secs] [Times: user=0.25 sys=0.01, real=0.11 secs] 
2019-01-25T15:25:07.072+0000: [GC (Allocation Failure) 2019-01-25T15:25:07.072+0000: [ParNew: 77440K->8576K(77440K), 0.1202986 secs] 691100K->628221K(967708K), 0.1203833 secs] [Times: user=0.28 sys=0.02, real=0.12 secs] 
2019-01-25T15:25:07.277+0000: [GC (Allocation Failure) 2019-01-25T15:25:07.277+0000: [ParNew: 77020K->7371K(77440K), 0.1097495 secs] 696666K->632831K(967708K), 0.1098271 secs] [Times: user=0.23 sys=0.01, real=0.11 secs] 
2019-01-25T15:25:07.494+0000: [GC (Allocation Failure) 2019-01-25T15:25:07.494+0000: [ParNew: 76235K->5041K(77440K), 0.1356539 secs] 701695K->667841K(967708K), 0.1357420 secs] [Times: user=0.26 sys=0.03, real=0.13 secs] 
2019-01-25T15:25:07.852+0000: [GC (Allocation Failure) 2019-01-25T15:25:07.852+0000: [ParNew: 73905K->6124K(77440K), 0.0973599 secs] 736705K->668925K(967708K), 0.0974426 secs] [Times: user=0.23 sys=0.00, real=0.09 secs] 
2019-01-25T15:25:08.146+0000: [GC (Allocation Failure) 2019-01-25T15:25:08.146+0000: [ParNew: 74988K->8576K(77440K), 0.1426528 secs] 737789K->673906K(967708K), 0.1427197 secs] [Times: user=0.19 sys=0.00, real=0.14 secs] 
2019-01-25T15:25:08.454+0000: [GC (Allocation Failure) 2019-01-25T15:25:08.454+0000: [ParNew: 77440K->6910K(77440K), 0.1384816 secs] 742770K->679527K(967708K), 0.1385669 secs] [Times: user=0.20 sys=0.02, real=0.14 secs] 
2019-01-25T15:25:08.732+0000: [GC (Allocation Failure) 2019-01-25T15:25:08.732+0000: [ParNew: 75774K->7521K(77440K), 0.1320582 secs] 748391K->684556K(967708K), 0.1321459 secs] [Times: user=0.18 sys=0.00, real=0.13 secs] 
2019-01-25T15:25:09.135+0000: [GC (Allocation Failure) 2019-01-25T15:25:09.135+0000: [ParNew: 76385K->6390K(77440K), 0.1126045 secs] 753420K->688520K(967708K), 0.1126920 secs] [Times: user=0.15 sys=0.00, real=0.11 secs] 
2019-01-25T15:25:09.394+0000: [GC (Allocation Failure) 2019-01-25T15:25:09.394+0000: [ParNew: 75254K->8576K(77440K), 0.0758533 secs] 757384K->691085K(967708K), 0.0759587 secs] [Times: user=0.13 sys=0.00, real=0.08 secs] 
2019-01-25T15:25:09.586+0000: [GC (Allocation Failure) 2019-01-25T15:25:09.586+0000: [ParNew: 77440K->8576K(77440K), 0.1169947 secs] 759949K->694724K(967708K), 0.1170803 secs] [Times: user=0.20 sys=0.01, real=0.12 secs] 
2019-01-25T15:25:09.876+0000: [GC (Allocation Failure) 2019-01-25T15:25:09.876+0000: [ParNew: 77440K->8576K(77440K), 0.1331838 secs] 763588K->698854K(967708K), 0.1332555 secs] [Times: user=0.21 sys=0.00, real=0.13 secs] 
2019-01-25T15:25:10.262+0000: [GC (Allocation Failure) 2019-01-25T15:25:10.262+0000: [ParNew: 77440K->8576K(77440K), 0.1146881 secs] 767718K->702333K(967708K), 0.1147576 secs] [Times: user=0.18 sys=0.01, real=0.11 secs] 
2019-01-25T15:25:10.527+0000: [GC (Allocation Failure) 2019-01-25T15:25:10.527+0000: [ParNew: 77440K->6318K(77440K), 0.0932951 secs] 771197K->708210K(967708K), 0.0933648 secs] [Times: user=0.16 sys=0.00, real=0.09 secs] 
2019-01-25T15:25:10.780+0000: [GC (Allocation Failure) 2019-01-25T15:25:10.780+0000: [ParNew: 75182K->6365K(77440K), 0.0551164 secs] 777074K->708257K(967708K), 0.0551798 secs] [Times: user=0.13 sys=0.00, real=0.06 secs] 
2019-01-25T15:25:10.943+0000: [GC (Allocation Failure) 2019-01-25T15:25:10.943+0000: [ParNew: 75229K->6881K(77440K), 0.0561701 secs] 777121K->711300K(967708K), 0.0562270 secs] [Times: user=0.16 sys=0.00, real=0.05 secs] 
2019-01-25T15:25:11.086+0000: [GC (Allocation Failure) 2019-01-25T15:25:11.086+0000: [ParNew: 75745K->6379K(77440K), 0.0482493 secs] 780164K->713505K(967708K), 0.0483066 secs] [Times: user=0.14 sys=0.01, real=0.05 secs] 
2019-01-25T15:25:11.244+0000: [GC (Allocation Failure) 2019-01-25T15:25:11.244+0000: [ParNew: 75243K->8576K(77440K), 0.0409959 secs] 782369K->715701K(967708K), 0.0410530 secs] [Times: user=0.11 sys=0.01, real=0.04 secs] 
2019-01-25T15:25:11.362+0000: [GC (Allocation Failure) 2019-01-25T15:25:11.362+0000: [ParNew: 77440K->8576K(77440K), 0.0349561 secs] 784565K->718212K(967708K), 0.0350231 secs] [Times: user=0.13 sys=0.00, real=0.04 secs] 
2019-01-25T15:25:11.475+0000: [GC (Allocation Failure) 2019-01-25T15:25:11.475+0000: [ParNew: 77440K->6153K(77440K), 0.0367020 secs] 787076K->719924K(967708K), 0.0367674 secs] [Times: user=0.14 sys=0.00, real=0.04 secs] 
2019-01-25T15:25:11.565+0000: [CMS-concurrent-mark: 3.490/6.414 secs] [Times: user=14.01 sys=0.30, real=6.41 secs] 
2019-01-25T15:25:11.565+0000: [CMS-concurrent-preclean-start]
2019-01-25T15:25:11.585+0000: [GC (Allocation Failure) 2019-01-25T15:25:11.585+0000: [ParNew: 75017K->8576K(77440K), 0.0380319 secs] 788788K->724675K(967708K), 0.0380988 secs] [Times: user=0.14 sys=0.00, real=0.04 secs] 
2019-01-25T15:25:11.703+0000: [GC (Allocation Failure) 2019-01-25T15:25:11.703+0000: [ParNew: 77440K->4526K(77440K), 0.0404216 secs] 793539K->729152K(967708K), 0.0404901 secs] [Times: user=0.15 sys=0.01, real=0.04 secs] 
2019-01-25T15:25:11.815+0000: [GC (Allocation Failure) 2019-01-25T15:25:11.815+0000: [ParNew: 73390K->6399K(77440K), 0.0222731 secs] 798016K->731025K(967708K), 0.0223396 secs] [Times: user=0.09 sys=0.00, real=0.02 secs] 
2019-01-25T15:25:11.923+0000: [GC (Allocation Failure) 2019-01-25T15:25:11.923+0000: [ParNew: 75263K->8281K(77440K), 0.0349394 secs] 799889K->735529K(967708K), 0.0350145 secs] [Times: user=0.14 sys=0.00, real=0.03 secs] 
2019-01-25T15:25:12.046+0000: [GC (Allocation Failure) 2019-01-25T15:25:12.046+0000: [ParNew: 77145K->8576K(77440K), 0.0354206 secs] 804393K->738147K(967708K), 0.0354865 secs] [Times: user=0.14 sys=0.00, real=0.03 secs] 
2019-01-25T15:25:12.169+0000: [GC (Allocation Failure) 2019-01-25T15:25:12.169+0000: [ParNew: 77440K->6967K(77440K), 0.0369371 secs] 807011K->739602K(967708K), 0.0370014 secs] [Times: user=0.14 sys=0.00, real=0.04 secs] 
2019-01-25T15:25:12.287+0000: [GC (Allocation Failure) 2019-01-25T15:25:12.287+0000: [ParNew: 75831K->6832K(77440K), 0.0358364 secs] 808466K->742110K(967708K), 0.0359007 secs] [Times: user=0.14 sys=0.00, real=0.04 secs] 
2019-01-25T15:25:12.411+0000: [GC (Allocation Failure) 2019-01-25T15:25:12.411+0000: [ParNew: 75696K->8576K(77440K), 0.0349007 secs] 810974K->746576K(967708K), 0.0349653 secs] [Times: user=0.14 sys=0.00, real=0.03 secs] 
2019-01-25T15:25:12.516+0000: [GC (Allocation Failure) 2019-01-25T15:25:12.517+0000: [ParNew: 77440K->5508K(77440K), 0.0325971 secs] 815440K->746218K(967708K), 0.0326623 secs] [Times: user=0.13 sys=0.00, real=0.03 secs] 
2019-01-25T15:25:12.636+0000: [GC (Allocation Failure) 2019-01-25T15:25:12.636+0000: [ParNew: 74372K->4701K(77440K), 0.0426353 secs] 815082K->748170K(967708K), 0.0427018 secs] [Times: user=0.15 sys=0.00, real=0.04 secs] 
2019-01-25T15:25:12.679+0000: [CMS-concurrent-preclean: 0.647/1.114 secs] [Times: user=4.24 sys=0.14, real=1.11 secs] 
2019-01-25T15:25:12.681+0000: [GC (CMS Final Remark) [YG occupancy: 7037 K (77440 K)]2019-01-25T15:25:12.681+0000: [Rescan (parallel) , 0.0425770 secs]2019-01-25T15:25:12.724+0000: [weak refs processing, 0.0000319 secs]2019-01-25T15:25:12.724+0000: [class unloading, 0.0070409 secs]2019-01-25T15:25:12.731+0000: [scrub symbol table, 0.0077207 secs]2019-01-25T15:25:12.739+0000: [scrub string table, 0.0005550 secs][1 CMS-remark: 743469K(890268K)] 750507K(967708K), 0.0580381 secs] [Times: user=0.17 sys=0.00, real=0.06 secs] 
2019-01-25T15:25:12.739+0000: [CMS-concurrent-sweep-start]
2019-01-25T15:25:12.809+0000: [GC (Allocation Failure) 2019-01-25T15:25:12.809+0000: [ParNew: 73565K->8226K(77440K), 0.0292480 secs] 817001K->751663K(967708K), 0.0293121 secs] [Times: user=0.11 sys=0.00, real=0.03 secs] 
2019-01-25T15:25:12.918+0000: [GC (Allocation Failure) 2019-01-25T15:25:12.918+0000: [ParNew: 77090K->6435K(77440K), 0.0377741 secs] 812334K->745563K(967708K), 0.0378404 secs] [Times: user=0.15 sys=0.00, real=0.04 secs] 
2019-01-25T15:25:13.043+0000: [GC (Allocation Failure) 2019-01-25T15:25:13.043+0000: [ParNew: 75299K->5732K(77440K), 0.0321753 secs] 789850K->723560K(967708K), 0.0322410 secs] [Times: user=0.12 sys=0.00, real=0.03 secs] 
2019-01-25T15:25:13.147+0000: [GC (Allocation Failure) 2019-01-25T15:25:13.147+0000: [ParNew: 74596K->4656K(77440K), 0.0267749 secs] 792228K->724459K(967708K), 0.0268415 secs] [Times: user=0.10 sys=0.00, real=0.03 secs] 
2019-01-25T15:25:13.250+0000: [GC (Allocation Failure) 2019-01-25T15:25:13.250+0000: [ParNew: 73520K->8140K(77440K), 0.0263614 secs] 793305K->727924K(967708K), 0.0264273 secs] [Times: user=0.11 sys=0.00, real=0.02 secs] 
2019-01-25T15:25:13.368+0000: [CMS-concurrent-sweep: 0.471/0.629 secs] [Times: user=2.44 sys=0.02, real=0.63 secs] 
2019-01-25T15:25:13.369+0000: [CMS-concurrent-reset-start]
2019-01-25T15:25:13.381+0000: [CMS-concurrent-reset: 0.012/0.012 secs] [Times: user=0.05 sys=0.00, real=0.01 secs] 
2019-01-25T15:25:13.410+0000: [GC (Allocation Failure) 2019-01-25T15:25:13.410+0000: [ParNew: 77004K->8576K(77440K), 0.0450744 secs] 796788K->732798K(1277084K), 0.0451393 secs] [Times: user=0.18 sys=0.00, real=0.04 secs] 
2019-01-25T15:25:13.546+0000: [GC (Allocation Failure) 2019-01-25T15:25:13.546+0000: [ParNew: 77440K->6964K(77440K), 0.0467608 secs] 801662K->737922K(1277084K), 0.0468383 secs] [Times: user=0.18 sys=0.00, real=0.05 secs] 
2019-01-25T15:25:13.669+0000: [GC (Allocation Failure) 2019-01-25T15:25:13.669+0000: [ParNew: 75828K->6815K(77440K), 0.0223969 secs] 806786K->737774K(1277084K), 0.0224620 secs] [Times: user=0.09 sys=0.00, real=0.03 secs] 
2019-01-25T15:25:13.812+0000: [GC (Allocation Failure) 2019-01-25T15:25:13.812+0000: [ParNew: 75679K->8576K(77440K), 0.0472814 secs] 806638K->754773K(1277084K), 0.0473490 secs] [Times: user=0.18 sys=0.00, real=0.04 secs] 
2019-01-25T15:25:13.872+0000: [GC (CMS Initial Mark) [1 CMS-initial-mark: 746197K(1199644K)] 761040K(1277084K), 0.0048203 secs] [Times: user=0.01 sys=0.00, real=0.00 secs] 
2019-01-25T15:25:13.877+0000: [CMS-concurrent-mark-start]
2019-01-25T15:25:14.010+0000: [GC (Allocation Failure) 2019-01-25T15:25:14.010+0000: [ParNew: 77440K->4809K(77440K), 0.0224201 secs] 823637K->751470K(1277084K), 0.0224866 secs] [Times: user=0.09 sys=0.00, real=0.02 secs] 
2019-01-25T15:25:14.309+0000: [GC (Allocation Failure) 2019-01-25T15:25:14.309+0000: [ParNew: 70191K->8576K(77440K), 0.0273598 secs] 816853K->755632K(1277084K), 0.0274389 secs] [Times: user=0.11 sys=0.00, real=0.03 secs] 
2019-01-25T15:25:15.821+0000: [GC (Allocation Failure) 2019-01-25T15:25:15.822+0000: [ParNew: 77440K->8576K(77440K), 0.0410721 secs] 824496K->770649K(1277084K), 0.0411267 secs] [Times: user=0.15 sys=0.00, real=0.05 secs] 
2019-01-25T15:25:16.470+0000: [CMS-concurrent-mark: 2.500/2.593 secs] [Times: user=10.24 sys=0.05, real=2.60 secs] 
2019-01-25T15:25:16.470+0000: [CMS-concurrent-preclean-start]
2019-01-25T15:25:16.669+0000: [CMS-concurrent-preclean: 0.192/0.199 secs] [Times: user=0.71 sys=0.02, real=0.19 secs] 
2019-01-25T15:25:16.669+0000: [CMS-concurrent-abortable-preclean-start]
2019-01-25T15:25:16.837+0000: [GC (Allocation Failure) 2019-01-25T15:25:16.837+0000: [ParNew: 77440K->1366K(77440K), 0.0114227 secs] 839513K->767570K(1277084K), 0.0114752 secs] [Times: user=0.04 sys=0.00, real=0.01 secs] 
2019-01-25T15:25:17.765+0000: [CMS-concurrent-abortable-preclean: 0.483/1.096 secs] [Times: user=1.93 sys=0.01, real=1.10 secs] 
2019-01-25T15:25:17.766+0000: [GC (CMS Final Remark) [YG occupancy: 40845 K (77440 K)]2019-01-25T15:25:17.766+0000: [Rescan (parallel) , 0.0357668 secs]2019-01-25T15:25:17.802+0000: [weak refs processing, 0.0000725 secs]2019-01-25T15:25:17.802+0000: [class unloading, 0.0071128 secs]2019-01-25T15:25:17.809+0000: [scrub symbol table, 0.0076628 secs]2019-01-25T15:25:17.816+0000: [scrub string table, 0.0005605 secs][1 CMS-remark: 766204K(1199644K)] 807049K(1277084K), 0.0513063 secs] [Times: user=0.15 sys=0.00, real=0.05 secs] 
2019-01-25T15:25:17.817+0000: [CMS-concurrent-sweep-start]
2019-01-25T15:25:18.088+0000: [CMS-concurrent-sweep: 0.271/0.271 secs] [Times: user=0.55 sys=0.01, real=0.27 secs] 
2019-01-25T15:25:18.088+0000: [CMS-concurrent-reset-start]
2019-01-25T15:25:18.099+0000: [CMS-concurrent-reset: 0.011/0.011 secs] [Times: user=0.02 sys=0.00, real=0.01 secs] 
2019-01-25T15:25:18.390+0000: [GC (Allocation Failure) 2019-01-25T15:25:18.390+0000: [ParNew: 70230K->8576K(77440K), 0.0312514 secs] 803639K->742044K(1299792K), 0.0313217 secs] [Times: user=0.06 sys=0.00, real=0.02 secs] 
2019-01-25T15:25:18.822+0000: [GC (Allocation Failure) 2019-01-25T15:25:18.822+0000: [ParNew: 74611K->2483K(77440K), 0.0441969 secs] 808079K->777075K(1299792K), 0.0442742 secs] [Times: user=0.10 sys=0.00, real=0.04 secs] 
2019-01-25T15:25:19.374+0000: [GC (Allocation Failure) 2019-01-25T15:25:19.374+0000: [ParNew: 71347K->8576K(77440K), 0.0508541 secs] 845939K->799769K(1299792K), 0.0509136 secs] [Times: user=0.08 sys=0.01, real=0.05 secs] 
2019-01-25T15:25:20.015+0000: [GC (Allocation Failure) 2019-01-25T15:25:20.015+0000: [ParNew: 77440K->8576K(77440K), 0.2462021 secs] 868633K->827975K(1299792K), 0.2462896 secs] [Times: user=0.32 sys=0.01, real=0.24 secs] 
2019-01-25T15:25:20.306+0000: [GC (GCLocker Initiated GC) 2019-01-25T15:25:20.306+0000: [ParNew: 13503K->4488K(77440K), 0.0537302 secs] 832903K->832463K(1299792K), 0.0538172 secs] [Times: user=0.07 sys=0.01, real=0.05 secs] 
2019-01-25T15:25:20.770+0000: [GC (Allocation Failure) 2019-01-25T15:25:20.770+0000: [ParNew: 73302K->8576K(77440K), 0.2687081 secs] 901277K->876507K(1299792K), 0.2687912 secs] [Times: user=0.43 sys=0.01, real=0.26 secs] 
2019-01-25T15:25:21.070+0000: [GC (CMS Initial Mark) [1 CMS-initial-mark: 867931K(1222352K)] 885525K(1299792K), 0.0288943 secs] [Times: user=0.03 sys=0.00, real=0.02 secs] 
2019-01-25T15:25:21.106+0000: [CMS-concurrent-mark-start]
2019-01-25T15:25:21.436+0000: [GC (Allocation Failure) 2019-01-25T15:25:21.436+0000: [ParNew: 77018K->8576K(77440K), 0.2845384 secs] 944950K->923161K(1299792K), 0.2846252 secs] [Times: user=0.51 sys=0.02, real=0.28 secs] 
2019-01-25T15:25:22.040+0000: [GC (Allocation Failure) 2019-01-25T15:25:22.040+0000: [ParNew: 77440K->8576K(77440K), 0.2186339 secs] 992025K->957086K(1299792K), 0.2187082 secs] [Times: user=0.30 sys=0.01, real=0.22 secs] 
2019-01-25T15:25:22.473+0000: [GC (Allocation Failure) 2019-01-25T15:25:22.473+0000: [ParNew: 77440K->6735K(77440K), 0.1391882 secs] 1025950K->980207K(1299792K), 0.1392679 secs] [Times: user=0.22 sys=0.00, real=0.14 secs] 
2019-01-25T15:25:22.774+0000: [CMS-concurrent-mark: 0.973/1.668 secs] [Times: user=3.23 sys=0.06, real=1.67 secs] 
2019-01-25T15:25:22.774+0000: [CMS-concurrent-preclean-start]
2019-01-25T15:25:22.806+0000: [GC (Allocation Failure) 2019-01-25T15:25:22.806+0000: [ParNew: 75599K->1685K(77440K), 0.0198845 secs] 1049071K->975157K(1299792K), 0.0199598 secs] [Times: user=0.03 sys=0.00, real=0.02 secs] 
2019-01-25T15:25:22.922+0000: [GC (Allocation Failure) 2019-01-25T15:25:22.922+0000: [ParNew: 70549K->321K(77440K), 0.0037201 secs] 1044021K->973793K(1299792K), 0.0037849 secs] [Times: user=0.01 sys=0.01, real=0.00 secs] 
2019-01-25T15:25:23.066+0000: [GC (Allocation Failure) 2019-01-25T15:25:23.066+0000: [ParNew: 69185K->86K(77440K), 0.0119171 secs] 1042657K->973557K(1299792K), 0.0119893 secs] [Times: user=0.01 sys=0.00, real=0.01 secs] 
2019-01-25T15:25:23.088+0000: [CMS-concurrent-preclean: 0.198/0.315 secs] [Times: user=0.54 sys=0.02, real=0.31 secs] 
2019-01-25T15:25:23.088+0000: [CMS-concurrent-abortable-preclean-start]
2019-01-25T15:25:23.178+0000: [GC (Allocation Failure) 2019-01-25T15:25:23.178+0000: [ParNew: 68950K->44K(77440K), 0.0055693 secs] 1042421K->973516K(1299792K), 0.0056325 secs] [Times: user=0.01 sys=0.00, real=0.01 secs] 
2019-01-25T15:25:23.274+0000: [GC (Allocation Failure) 2019-01-25T15:25:23.274+0000: [ParNew2019-01-25T15:25:23.287+0000: [CMS-concurrent-abortable-preclean: 0.007/0.199 secs] [Times: user=0.34 sys=0.02, real=0.20 secs] 
: 68908K->64K(77440K), 0.0203601 secs] 1042380K->973535K(1299792K), 0.0204174 secs] [Times: user=0.03 sys=0.00, real=0.02 secs] 
2019-01-25T15:25:23.310+0000: [GC (CMS Final Remark) [YG occupancy: 16669 K (77440 K)]2019-01-25T15:25:23.311+0000: [Rescan (parallel) , 0.0274577 secs]2019-01-25T15:25:23.338+0000: [weak refs processing, 0.0000880 secs]2019-01-25T15:25:23.338+0000: [class unloading, 0.0100511 secs]2019-01-25T15:25:23.348+0000: [scrub symbol table, 0.0079254 secs]2019-01-25T15:25:23.356+0000: [scrub string table, 0.0005781 secs][1 CMS-remark: 973471K(1222352K)] 990141K(1299792K), 0.0462864 secs] [Times: user=0.06 sys=0.00, real=0.04 secs] 
2019-01-25T15:25:23.357+0000: [CMS-concurrent-sweep-start]
2019-01-25T15:25:23.432+0000: [GC (Allocation Failure) 2019-01-25T15:25:23.432+0000: [ParNew: 68928K->12K(77440K), 0.0059651 secs] 1030156K->961281K(1299792K), 0.0060151 secs] [Times: user=0.02 sys=0.00, real=0.00 secs] 
2019-01-25T15:25:23.558+0000: [GC (Allocation Failure) 2019-01-25T15:25:23.558+0000: [ParNew: 68876K->4K(77440K), 0.0130265 secs] 1002656K->933784K(1299792K), 0.0130968 secs] [Times: user=0.02 sys=0.00, real=0.02 secs] 
2019-01-25T15:25:23.673+0000: [GC (Allocation Failure) 2019-01-25T15:25:23.673+0000: [ParNew: 68868K->6K(77440K), 0.0035754 secs] 979588K->910726K(1299792K), 0.0036340 secs] [Times: user=0.01 sys=0.00, real=0.00 secs] 
2019-01-25T15:25:24.082+0000: [GC (Allocation Failure) 2019-01-25T15:25:24.082+0000: [ParNew: 68866K->458K(77440K), 0.0680189 secs] 910687K->842278K(1299792K), 0.0681052 secs] [Times: user=0.09 sys=0.00, real=0.07 secs] 
2019-01-25T15:25:25.283+0000: [CMS-concurrent-sweep: 1.824/1.926 secs] [Times: user=3.41 sys=0.08, real=1.93 secs] 
2019-01-25T15:25:25.283+0000: [CMS-concurrent-reset-start]
2019-01-25T15:25:25.294+0000: [CMS-concurrent-reset: 0.011/0.011 secs] [Times: user=0.01 sys=0.00, real=0.01 secs] 
Heap
 par new generation   total 77440K, used 61214K [0x0000000680000000, 0x0000000685400000, 0x0000000694cc0000)
  eden space 68864K,  88% used [0x0000000680000000, 0x0000000683b54fa0, 0x0000000684340000)
  from space 8576K,   5% used [0x0000000684ba0000, 0x0000000684c129d8, 0x0000000685400000)
  to   space 8576K,   0% used [0x0000000684340000, 0x0000000684340000, 0x0000000684ba0000)
 concurrent mark-sweep generation total 1222352K, used 320811K [0x0000000694cc0000, 0x00000006df674000, 0x00000007c0000000)
 Metaspace       used 62059K, capacity 62810K, committed 63164K, reserved 1103872K
  class space    used 7917K, capacity 8116K, committed 8128K, reserved 1048576K
