2019-01-25T15:24:32.047+0000: [GC (Allocation Failure) 2019-01-25T15:24:32.047+0000: [ParNew: 68864K->6779K(77440K), 0.0088324 secs] 68864K->6779K(249472K), 0.0089275 secs] [Times: user=0.02 sys=0.00, real=0.01 secs] 
2019-01-25T15:24:32.440+0000: [GC (Allocation Failure) 2019-01-25T15:24:32.440+0000: [ParNew: 75643K->4526K(77440K), 0.0188052 secs] 75643K->6917K(249472K), 0.0188686 secs] [Times: user=0.07 sys=0.00, real=0.02 secs] 
2019-01-25T15:24:32.900+0000: [GC (Allocation Failure) 2019-01-25T15:24:32.900+0000: [ParNew: 73390K->3529K(77440K), 0.0047335 secs] 75781K->5921K(249472K), 0.0048062 secs] [Times: user=0.02 sys=0.00, real=0.01 secs] 
2019-01-25T15:24:33.175+0000: [GC (Allocation Failure) 2019-01-25T15:24:33.175+0000: [ParNew: 72393K->4369K(77440K), 0.0043891 secs] 74785K->6761K(249472K), 0.0044446 secs] [Times: user=0.02 sys=0.00, real=0.00 secs] 
2019-01-25T15:24:33.453+0000: [GC (Allocation Failure) 2019-01-25T15:24:33.453+0000: [ParNew: 73233K->5845K(77440K), 0.0060225 secs] 75625K->8236K(249472K), 0.0060709 secs] [Times: user=0.02 sys=0.00, real=0.00 secs] 
2019-01-25T15:24:33.669+0000: [GC (Allocation Failure) 2019-01-25T15:24:33.669+0000: [ParNew: 63730K->4831K(77440K), 0.0157842 secs] 66121K->24369K(249472K), 0.0158484 secs] [Times: user=0.05 sys=0.01, real=0.01 secs] 
2019-01-25T15:24:33.687+0000: [GC (CMS Initial Mark) [1 CMS-initial-mark: 19538K(172032K)] 40753K(249472K), 0.0015597 secs] [Times: user=0.00 sys=0.00, real=0.01 secs] 
2019-01-25T15:24:33.689+0000: [CMS-concurrent-mark-start]
2019-01-25T15:24:33.731+0000: [CMS-concurrent-mark: 0.042/0.042 secs] [Times: user=0.09 sys=0.00, real=0.04 secs] 
2019-01-25T15:24:33.731+0000: [CMS-concurrent-preclean-start]
2019-01-25T15:24:33.732+0000: [CMS-concurrent-preclean: 0.001/0.001 secs] [Times: user=0.00 sys=0.00, real=0.00 secs] 
2019-01-25T15:24:33.732+0000: [CMS-concurrent-abortable-preclean-start]
2019-01-25T15:24:33.943+0000: [GC (Allocation Failure) 2019-01-25T15:24:33.943+0000: [ParNew: 73695K->5425K(77440K), 0.0146799 secs] 93233K->41348K(249472K), 0.0147447 secs] [Times: user=0.06 sys=0.00, real=0.01 secs] 
2019-01-25T15:24:34.124+0000: [CMS-concurrent-abortable-preclean: 0.228/0.391 secs] [Times: user=0.83 sys=0.02, real=0.39 secs] 
2019-01-25T15:24:34.124+0000: [GC (CMS Final Remark) [YG occupancy: 41998 K (77440 K)]2019-01-25T15:24:34.124+0000: [Rescan (parallel) , 0.0071511 secs]2019-01-25T15:24:34.131+0000: [weak refs processing, 0.0000440 secs]2019-01-25T15:24:34.132+0000: [class unloading, 0.0041974 secs]2019-01-25T15:24:34.136+0000: [scrub symbol table, 0.0041103 secs]2019-01-25T15:24:34.140+0000: [scrub string table, 0.0004248 secs][1 CMS-remark: 35922K(172032K)] 77920K(249472K), 0.0166677 secs] [Times: user=0.03 sys=0.00, real=0.02 secs] 
2019-01-25T15:24:34.141+0000: [CMS-concurrent-sweep-start]
2019-01-25T15:24:34.143+0000: [CMS-concurrent-sweep: 0.002/0.002 secs] [Times: user=0.00 sys=0.00, real=0.00 secs] 
2019-01-25T15:24:34.143+0000: [CMS-concurrent-reset-start]
2019-01-25T15:24:34.280+0000: [CMS-concurrent-reset: 0.137/0.137 secs] [Times: user=0.13 sys=0.12, real=0.13 secs] 
2019-01-25T15:24:34.408+0000: [GC (Allocation Failure) 2019-01-25T15:24:34.408+0000: [ParNew: 74289K->7189K(77440K), 0.0087003 secs] 110196K->43967K(249472K), 0.0087538 secs] [Times: user=0.03 sys=0.01, real=0.01 secs] 
2019-01-25T15:24:34.694+0000: [GC (Allocation Failure) 2019-01-25T15:24:34.694+0000: [ParNew: 76053K->4843K(77440K), 0.0297816 secs] 112831K->76118K(249472K), 0.0298646 secs] [Times: user=0.10 sys=0.01, real=0.03 secs] 
2019-01-25T15:24:34.724+0000: [GC (CMS Initial Mark) [1 CMS-initial-mark: 71274K(172032K)] 76403K(249472K), 0.0016832 secs] [Times: user=0.00 sys=0.00, real=0.00 secs] 
2019-01-25T15:24:34.726+0000: [CMS-concurrent-mark-start]
2019-01-25T15:24:34.770+0000: [CMS-concurrent-mark: 0.044/0.044 secs] [Times: user=0.16 sys=0.01, real=0.05 secs] 
2019-01-25T15:24:34.770+0000: [CMS-concurrent-preclean-start]
2019-01-25T15:24:34.771+0000: [CMS-concurrent-preclean: 0.001/0.001 secs] [Times: user=0.00 sys=0.00, real=0.00 secs] 
2019-01-25T15:24:34.771+0000: [CMS-concurrent-abortable-preclean-start]
2019-01-25T15:24:34.899+0000: [CMS-concurrent-abortable-preclean: 0.028/0.128 secs] [Times: user=0.36 sys=0.01, real=0.12 secs] 
2019-01-25T15:24:34.901+0000: [GC (CMS Final Remark) [YG occupancy: 48274 K (77440 K)]2019-01-25T15:24:34.901+0000: [Rescan (parallel) , 0.0085427 secs]2019-01-25T15:24:34.909+0000: [weak refs processing, 0.0000337 secs]2019-01-25T15:24:34.909+0000: [class unloading, 0.0033956 secs]2019-01-25T15:24:34.913+0000: [scrub symbol table, 0.0034811 secs]2019-01-25T15:24:34.916+0000: [scrub string table, 0.0003600 secs][1 CMS-remark: 71274K(172032K)] 119549K(249472K), 0.0161237 secs] [Times: user=0.05 sys=0.00, real=0.01 secs] 
2019-01-25T15:24:34.917+0000: [CMS-concurrent-sweep-start]
2019-01-25T15:24:34.919+0000: [CMS-concurrent-sweep: 0.002/0.002 secs] [Times: user=0.00 sys=0.00, real=0.00 secs] 
2019-01-25T15:24:34.919+0000: [CMS-concurrent-reset-start]
2019-01-25T15:24:34.930+0000: [CMS-concurrent-reset: 0.011/0.011 secs] [Times: user=0.02 sys=0.00, real=0.02 secs] 
2019-01-25T15:24:35.076+0000: [GC (Allocation Failure) 2019-01-25T15:24:35.076+0000: [ParNew: 73707K->5227K(77440K), 0.0161540 secs] 144934K->92838K(249472K), 0.0162166 secs] [Times: user=0.06 sys=0.01, real=0.02 secs] 
2019-01-25T15:24:35.534+0000: [GC (Allocation Failure) 2019-01-25T15:24:35.534+0000: [ParNew: 74091K->7022K(77440K), 0.0116767 secs] 161702K->94947K(249472K), 0.0117745 secs] [Times: user=0.05 sys=0.00, real=0.01 secs] 
2019-01-25T15:24:35.852+0000: [GC (Allocation Failure) 2019-01-25T15:24:35.852+0000: [ParNew: 75886K->6908K(77440K), 0.0230219 secs] 163811K->96878K(249472K), 0.0231051 secs] [Times: user=0.08 sys=0.01, real=0.02 secs] 
2019-01-25T15:24:36.245+0000: [GC (Allocation Failure) 2019-01-25T15:24:36.246+0000: [ParNew: 75701K->5186K(77440K), 0.0061974 secs] 165670K->95788K(249472K), 0.0062563 secs] [Times: user=0.02 sys=0.00, real=0.01 secs] 
2019-01-25T15:24:36.388+0000: [GC (Allocation Failure) 2019-01-25T15:24:36.388+0000: [ParNew: 74050K->4367K(77440K), 0.0059212 secs] 164652K->94969K(249472K), 0.0060018 secs] [Times: user=0.02 sys=0.00, real=0.01 secs] 
2019-01-25T15:24:36.748+0000: [GC (Allocation Failure) 2019-01-25T15:24:36.748+0000: [ParNew: 69169K->6448K(77440K), 0.0132539 secs] 159771K->97050K(249472K), 0.0133439 secs] [Times: user=0.05 sys=0.00, real=0.02 secs] 
2019-01-25T15:24:36.968+0000: [GC (Allocation Failure) 2019-01-25T15:24:36.968+0000: [ParNew: 75312K->6314K(77440K), 0.0248520 secs] 165914K->116149K(249472K), 0.0249228 secs] [Times: user=0.08 sys=0.00, real=0.03 secs] 
2019-01-25T15:24:37.509+0000: [GC (Allocation Failure) 2019-01-25T15:24:37.509+0000: [ParNew: 75178K->6423K(77440K), 0.0089070 secs] 185013K->117458K(249472K), 0.0089713 secs] [Times: user=0.03 sys=0.00, real=0.00 secs] 
2019-01-25T15:24:37.793+0000: [GC (Allocation Failure) 2019-01-25T15:24:37.793+0000: [ParNew: 75287K->4734K(77440K), 0.0183515 secs] 186322K->119350K(249472K), 0.0184177 secs] [Times: user=0.05 sys=0.00, real=0.02 secs] 
2019-01-25T15:24:37.812+0000: [GC (CMS Initial Mark) [1 CMS-initial-mark: 114616K(172032K)] 119350K(249472K), 0.0013156 secs] [Times: user=0.00 sys=0.00, real=0.00 secs] 
2019-01-25T15:24:37.813+0000: [CMS-concurrent-mark-start]
2019-01-25T15:24:37.870+0000: [CMS-concurrent-mark: 0.055/0.057 secs] [Times: user=0.16 sys=0.02, real=0.06 secs] 
2019-01-25T15:24:37.870+0000: [CMS-concurrent-preclean-start]
2019-01-25T15:24:37.872+0000: [CMS-concurrent-preclean: 0.002/0.002 secs] [Times: user=0.00 sys=0.00, real=0.00 secs] 
2019-01-25T15:24:37.872+0000: [CMS-concurrent-abortable-preclean-start]
2019-01-25T15:24:38.121+0000: [GC (Allocation Failure) 2019-01-25T15:24:38.121+0000: [ParNew: 73598K->3143K(77440K), 0.0047602 secs] 188214K->117759K(249472K), 0.0048399 secs] [Times: user=0.01 sys=0.00, real=0.00 secs] 
2019-01-25T15:24:38.666+0000: [CMS-concurrent-abortable-preclean: 0.356/0.793 secs] [Times: user=2.27 sys=0.08, real=0.79 secs] 
2019-01-25T15:24:38.666+0000: [GC (CMS Final Remark) [YG occupancy: 40753 K (77440 K)]2019-01-25T15:24:38.666+0000: [Rescan (parallel) , 0.0077371 secs]2019-01-25T15:24:38.674+0000: [weak refs processing, 0.0001024 secs]2019-01-25T15:24:38.674+0000: [class unloading, 0.0074168 secs]2019-01-25T15:24:38.681+0000: [scrub symbol table, 0.0074696 secs]2019-01-25T15:24:38.689+0000: [scrub string table, 0.0005928 secs][1 CMS-remark: 114616K(172032K)] 155369K(249472K), 0.0236637 secs] [Times: user=0.04 sys=0.00, real=0.03 secs] 
2019-01-25T15:24:38.690+0000: [CMS-concurrent-sweep-start]
2019-01-25T15:24:38.700+0000: [CMS-concurrent-sweep: 0.009/0.010 secs] [Times: user=0.02 sys=0.00, real=0.00 secs] 
2019-01-25T15:24:38.700+0000: [CMS-concurrent-reset-start]
2019-01-25T15:24:38.711+0000: [CMS-concurrent-reset: 0.011/0.011 secs] [Times: user=0.03 sys=0.00, real=0.02 secs] 
2019-01-25T15:24:38.865+0000: [GC (Allocation Failure) 2019-01-25T15:24:38.865+0000: [ParNew: 72007K->6031K(77440K), 0.0056494 secs] 186101K->120125K(267600K), 0.0057153 secs] [Times: user=0.02 sys=0.00, real=0.01 secs] 
2019-01-25T15:24:39.289+0000: [GC (Allocation Failure) 2019-01-25T15:24:39.289+0000: [ParNew: 74895K->3940K(77440K), 0.0125160 secs] 188989K->121490K(267600K), 0.0125972 secs] [Times: user=0.05 sys=0.00, real=0.01 secs] 
2019-01-25T15:24:39.446+0000: [GC (Allocation Failure) 2019-01-25T15:24:39.446+0000: [ParNew: 72804K->760K(77440K), 0.0016553 secs] 190354K->118309K(267600K), 0.0017199 secs] [Times: user=0.00 sys=0.00, real=0.00 secs] 
2019-01-25T15:24:39.563+0000: [GC (Allocation Failure) 2019-01-25T15:24:39.563+0000: [ParNew: 69624K->661K(77440K), 0.0018150 secs] 187173K->118211K(267600K), 0.0018988 secs] [Times: user=0.00 sys=0.00, real=0.00 secs] 
2019-01-25T15:24:39.646+0000: [GC (Allocation Failure) 2019-01-25T15:24:39.646+0000: [ParNew: 69525K->477K(77440K), 0.0032173 secs] 187075K->118027K(267600K), 0.0032817 secs] [Times: user=0.01 sys=0.00, real=0.01 secs] 
2019-01-25T15:24:39.717+0000: [GC (Allocation Failure) 2019-01-25T15:24:39.717+0000: [ParNew: 69341K->796K(77440K), 0.0017775 secs] 186891K->118345K(267600K), 0.0018429 secs] [Times: user=0.01 sys=0.00, real=0.00 secs] 
2019-01-25T15:24:39.780+0000: [GC (Allocation Failure) 2019-01-25T15:24:39.780+0000: [ParNew: 69660K->898K(77440K), 0.0017363 secs] 187209K->118448K(267600K), 0.0018046 secs] [Times: user=0.00 sys=0.00, real=0.01 secs] 
2019-01-25T15:24:39.826+0000: [GC (Allocation Failure) 2019-01-25T15:24:39.826+0000: [ParNew: 69762K->552K(77440K), 0.0020416 secs] 187312K->118505K(267600K), 0.0021051 secs] [Times: user=0.01 sys=0.00, real=0.00 secs] 
2019-01-25T15:24:39.872+0000: [GC (Allocation Failure) 2019-01-25T15:24:39.872+0000: [ParNew: 69416K->287K(77440K), 0.0013427 secs] 187369K->118249K(267600K), 0.0014085 secs] [Times: user=0.01 sys=0.00, real=0.00 secs] 
2019-01-25T15:24:39.921+0000: [GC (Allocation Failure) 2019-01-25T15:24:39.921+0000: [ParNew: 69151K->229K(77440K), 0.0012625 secs] 187113K->118197K(267600K), 0.0013257 secs] [Times: user=0.00 sys=0.00, real=0.00 secs] 
2019-01-25T15:24:39.973+0000: [GC (Allocation Failure) 2019-01-25T15:24:39.973+0000: [ParNew: 69093K->253K(77440K), 0.0012913 secs] 187061K->118226K(267600K), 0.0013609 secs] [Times: user=0.00 sys=0.00, real=0.00 secs] 
2019-01-25T15:24:40.024+0000: [GC (Allocation Failure) 2019-01-25T15:24:40.025+0000: [ParNew: 69117K->185K(77440K), 0.0012375 secs] 187090K->118165K(267600K), 0.0013016 secs] [Times: user=0.00 sys=0.00, real=0.00 secs] 
2019-01-25T15:24:40.081+0000: [GC (Allocation Failure) 2019-01-25T15:24:40.081+0000: [ParNew: 69049K->218K(77440K), 0.0012405 secs] 187029K->118206K(267600K), 0.0013049 secs] [Times: user=0.00 sys=0.00, real=0.00 secs] 
2019-01-25T15:24:40.129+0000: [GC (Allocation Failure) 2019-01-25T15:24:40.129+0000: [ParNew: 69082K->167K(77440K), 0.0012367 secs] 187070K->118163K(267600K), 0.0013016 secs] [Times: user=0.00 sys=0.00, real=0.00 secs] 
2019-01-25T15:24:40.173+0000: [GC (Allocation Failure) 2019-01-25T15:24:40.173+0000: [ParNew: 69031K->168K(77440K), 0.0012926 secs] 187027K->118181K(267600K), 0.0013608 secs] [Times: user=0.01 sys=0.00, real=0.00 secs] 
2019-01-25T15:24:40.225+0000: [GC (Allocation Failure) 2019-01-25T15:24:40.225+0000: [ParNew: 69032K->189K(77440K), 0.0012293 secs] 187045K->118209K(267600K), 0.0013067 secs] [Times: user=0.00 sys=0.00, real=0.00 secs] 
2019-01-25T15:24:40.273+0000: [GC (Allocation Failure) 2019-01-25T15:24:40.273+0000: [ParNew: 69053K->195K(77440K), 0.0012635 secs] 187073K->118221K(267600K), 0.0013302 secs] [Times: user=0.01 sys=0.00, real=0.00 secs] 
2019-01-25T15:24:40.320+0000: [GC (Allocation Failure) 2019-01-25T15:24:40.320+0000: [ParNew: 69059K->214K(77440K), 0.0013236 secs] 187085K->118253K(267600K), 0.0013881 secs] [Times: user=0.01 sys=0.00, real=0.01 secs] 
2019-01-25T15:24:40.377+0000: [GC (Allocation Failure) 2019-01-25T15:24:40.377+0000: [ParNew: 69078K->245K(77440K), 0.0018852 secs] 187117K->118290K(267600K), 0.0019580 secs] [Times: user=0.00 sys=0.00, real=0.00 secs] 
2019-01-25T15:24:40.433+0000: [GC (Allocation Failure) 2019-01-25T15:24:40.433+0000: [ParNew: 68890K->234K(77440K), 0.0013546 secs] 186935K->118284K(267600K), 0.0014291 secs] [Times: user=0.01 sys=0.00, real=0.00 secs] 
2019-01-25T15:24:40.483+0000: [GC (Allocation Failure) 2019-01-25T15:24:40.483+0000: [ParNew: 69098K->268K(77440K), 0.0014193 secs] 187148K->118329K(267600K), 0.0014855 secs] [Times: user=0.00 sys=0.00, real=0.00 secs] 
2019-01-25T15:24:40.527+0000: [GC (Allocation Failure) 2019-01-25T15:24:40.527+0000: [ParNew: 69132K->165K(77440K), 0.0014386 secs] 187193K->118249K(267600K), 0.0015052 secs] [Times: user=0.01 sys=0.00, real=0.00 secs] 
2019-01-25T15:24:40.569+0000: [GC (Allocation Failure) 2019-01-25T15:24:40.569+0000: [ParNew: 69029K->221K(77440K), 0.0013595 secs] 187113K->118318K(267600K), 0.0014245 secs] [Times: user=0.01 sys=0.00, real=0.00 secs] 
2019-01-25T15:24:40.617+0000: [GC (Allocation Failure) 2019-01-25T15:24:40.617+0000: [ParNew: 69085K->305K(77440K), 0.0014477 secs] 187182K->118413K(267600K), 0.0015114 secs] [Times: user=0.01 sys=0.00, real=0.00 secs] 
2019-01-25T15:24:40.664+0000: [GC (Allocation Failure) 2019-01-25T15:24:40.664+0000: [ParNew: 69169K->272K(77440K), 0.0014222 secs] 187277K->118392K(267600K), 0.0014854 secs] [Times: user=0.01 sys=0.00, real=0.00 secs] 
2019-01-25T15:24:40.707+0000: [GC (Allocation Failure) 2019-01-25T15:24:40.707+0000: [ParNew: 69006K->300K(77440K), 0.0014746 secs] 187126K->118427K(267600K), 0.0015381 secs] [Times: user=0.00 sys=0.00, real=0.01 secs] 
2019-01-25T15:24:40.753+0000: [GC (Allocation Failure) 2019-01-25T15:24:40.753+0000: [ParNew: 69164K->375K(77440K), 0.0016030 secs] 187291K->118526K(267600K), 0.0016686 secs] [Times: user=0.00 sys=0.00, real=0.00 secs] 
2019-01-25T15:24:40.797+0000: [GC (Allocation Failure) 2019-01-25T15:24:40.797+0000: [ParNew: 69239K->377K(77440K), 0.0015689 secs] 187390K->118541K(267600K), 0.0016326 secs] [Times: user=0.00 sys=0.00, real=0.00 secs] 
2019-01-25T15:24:40.841+0000: [GC (Allocation Failure) 2019-01-25T15:24:40.841+0000: [ParNew: 69241K->457K(77440K), 0.0016720 secs] 187405K->118631K(267600K), 0.0017377 secs] [Times: user=0.01 sys=0.00, real=0.00 secs] 
2019-01-25T15:24:40.889+0000: [GC (Allocation Failure) 2019-01-25T15:24:40.889+0000: [ParNew: 69321K->516K(77440K), 0.0017547 secs] 187495K->118732K(267600K), 0.0018192 secs] [Times: user=0.01 sys=0.00, real=0.00 secs] 
2019-01-25T15:24:40.941+0000: [GC (Allocation Failure) 2019-01-25T15:24:40.941+0000: [ParNew: 69380K->521K(77440K), 0.0024355 secs] 187596K->118756K(267600K), 0.0025253 secs] [Times: user=0.01 sys=0.00, real=0.00 secs] 
2019-01-25T15:24:40.993+0000: [GC (Allocation Failure) 2019-01-25T15:24:40.993+0000: [ParNew: 69385K->546K(77440K), 0.0018285 secs] 187620K->118820K(267600K), 0.0018949 secs] [Times: user=0.00 sys=0.00, real=0.00 secs] 
2019-01-25T15:24:41.049+0000: [GC (Allocation Failure) 2019-01-25T15:24:41.049+0000: [ParNew: 69410K->539K(77440K), 0.0021694 secs] 187684K->118849K(267600K), 0.0022350 secs] [Times: user=0.00 sys=0.00, real=0.00 secs] 
2019-01-25T15:24:41.093+0000: [GC (Allocation Failure) 2019-01-25T15:24:41.093+0000: [ParNew: 69403K->570K(77440K), 0.0017723 secs] 187713K->118928K(267600K), 0.0018470 secs] [Times: user=0.00 sys=0.00, real=0.00 secs] 
2019-01-25T15:24:41.139+0000: [GC (Allocation Failure) 2019-01-25T15:24:41.139+0000: [ParNew: 69434K->563K(77440K), 0.0017909 secs] 187792K->119006K(267600K), 0.0018544 secs] [Times: user=0.00 sys=0.00, real=0.01 secs] 
2019-01-25T15:24:41.190+0000: [GC (Allocation Failure) 2019-01-25T15:24:41.190+0000: [ParNew: 69427K->679K(77440K), 0.0020246 secs] 187870K->119182K(267600K), 0.0020901 secs] [Times: user=0.01 sys=0.00, real=0.00 secs] 
2019-01-25T15:24:41.237+0000: [GC (Allocation Failure) 2019-01-25T15:24:41.237+0000: [ParNew: 69543K->682K(77440K), 0.0021010 secs] 188046K->119237K(267600K), 0.0021653 secs] [Times: user=0.01 sys=0.00, real=0.00 secs] 
2019-01-25T15:24:41.285+0000: [GC (Allocation Failure) 2019-01-25T15:24:41.285+0000: [ParNew: 69546K->657K(77440K), 0.0019762 secs] 188101K->119235K(267600K), 0.0020414 secs] [Times: user=0.01 sys=0.00, real=0.00 secs] 
2019-01-25T15:24:41.327+0000: [GC (Allocation Failure) 2019-01-25T15:24:41.327+0000: [ParNew: 69521K->668K(77440K), 0.0020314 secs] 188099K->119268K(267600K), 0.0020961 secs] [Times: user=0.01 sys=0.00, real=0.01 secs] 
2019-01-25T15:24:41.371+0000: [GC (Allocation Failure) 2019-01-25T15:24:41.371+0000: [ParNew: 69532K->694K(77440K), 0.0021631 secs] 188132K->119337K(267600K), 0.0022321 secs] [Times: user=0.01 sys=0.00, real=0.00 secs] 
2019-01-25T15:24:41.433+0000: [GC (Allocation Failure) 2019-01-25T15:24:41.433+0000: [ParNew: 69558K->623K(77440K), 0.0021572 secs] 188201K->119326K(267600K), 0.0022319 secs] [Times: user=0.00 sys=0.00, real=0.00 secs] 
2019-01-25T15:24:41.489+0000: [GC (Allocation Failure) 2019-01-25T15:24:41.489+0000: [ParNew: 69487K->409K(77440K), 0.0026725 secs] 188190K->119292K(267600K), 0.0027454 secs] [Times: user=0.01 sys=0.00, real=0.00 secs] 
2019-01-25T15:24:41.541+0000: [GC (Allocation Failure) 2019-01-25T15:24:41.541+0000: [ParNew: 69273K->541K(77440K), 0.0022280 secs] 188156K->119474K(267600K), 0.0022924 secs] [Times: user=0.01 sys=0.00, real=0.00 secs] 
2019-01-25T15:24:41.585+0000: [GC (Allocation Failure) 2019-01-25T15:24:41.585+0000: [ParNew: 69405K->405K(77440K), 0.0021642 secs] 188338K->119381K(267600K), 0.0022300 secs] [Times: user=0.01 sys=0.00, real=0.00 secs] 
2019-01-25T15:24:41.633+0000: [GC (Allocation Failure) 2019-01-25T15:24:41.633+0000: [ParNew: 69269K->397K(77440K), 0.0020598 secs] 188245K->119396K(267600K), 0.0021269 secs] [Times: user=0.01 sys=0.00, real=0.00 secs] 
2019-01-25T15:24:41.679+0000: [GC (Allocation Failure) 2019-01-25T15:24:41.679+0000: [ParNew: 69261K->349K(77440K), 0.0037367 secs] 188260K->119399K(267600K), 0.0038187 secs] [Times: user=0.01 sys=0.00, real=0.01 secs] 
2019-01-25T15:24:41.737+0000: [GC (Allocation Failure) 2019-01-25T15:24:41.737+0000: [ParNew: 69213K->691K(77440K), 0.0028514 secs] 188263K->119786K(267600K), 0.0029183 secs] [Times: user=0.00 sys=0.00, real=0.00 secs] 
2019-01-25T15:24:41.783+0000: [GC (Allocation Failure) 2019-01-25T15:24:41.784+0000: [ParNew: 69555K->825K(77440K), 0.0022692 secs] 188650K->119957K(267600K), 0.0023348 secs] [Times: user=0.01 sys=0.00, real=0.00 secs] 
2019-01-25T15:24:41.829+0000: [GC (Allocation Failure) 2019-01-25T15:24:41.829+0000: [ParNew: 69689K->685K(77440K), 0.0022384 secs] 188821K->119851K(267600K), 0.0023044 secs] [Times: user=0.01 sys=0.00, real=0.00 secs] 
2019-01-25T15:24:41.873+0000: [GC (Allocation Failure) 2019-01-25T15:24:41.873+0000: [ParNew: 69549K->750K(77440K), 0.0022676 secs] 188715K->119953K(267600K), 0.0023334 secs] [Times: user=0.01 sys=0.00, real=0.00 secs] 
2019-01-25T15:24:41.919+0000: [GC (Allocation Failure) 2019-01-25T15:24:41.919+0000: [ParNew: 69614K->740K(77440K), 0.0022362 secs] 188817K->119972K(267600K), 0.0023016 secs] [Times: user=0.01 sys=0.00, real=0.01 secs] 
2019-01-25T15:24:41.964+0000: [GC (Allocation Failure) 2019-01-25T15:24:41.964+0000: [ParNew: 69604K->772K(77440K), 0.0024598 secs] 188836K->120057K(267600K), 0.0025255 secs] [Times: user=0.01 sys=0.00, real=0.00 secs] 
2019-01-25T15:24:42.022+0000: [GC (Allocation Failure) 2019-01-25T15:24:42.022+0000: [ParNew: 69636K->454K(77440K), 0.0029479 secs] 188921K->120054K(267600K), 0.0030373 secs] [Times: user=0.01 sys=0.00, real=0.00 secs] 
2019-01-25T15:24:42.077+0000: [GC (Allocation Failure) 2019-01-25T15:24:42.077+0000: [ParNew: 69318K->479K(77440K), 0.0017897 secs] 188918K->120131K(267600K), 0.0018544 secs] [Times: user=0.00 sys=0.00, real=0.00 secs] 
2019-01-25T15:24:42.125+0000: [GC (Allocation Failure) 2019-01-25T15:24:42.125+0000: [ParNew: 69343K->477K(77440K), 0.0019175 secs] 188995K->120172K(267600K), 0.0019846 secs] [Times: user=0.01 sys=0.00, real=0.00 secs] 
2019-01-25T15:24:42.173+0000: [GC (Allocation Failure) 2019-01-25T15:24:42.173+0000: [ParNew: 69341K->477K(77440K), 0.0018360 secs] 189036K->120212K(267600K), 0.0019113 secs] [Times: user=0.01 sys=0.00, real=0.00 secs] 
2019-01-25T15:24:42.217+0000: [GC (Allocation Failure) 2019-01-25T15:24:42.217+0000: [ParNew: 69341K->527K(77440K), 0.0018121 secs] 189076K->120297K(267600K), 0.0018845 secs] [Times: user=0.01 sys=0.00, real=0.00 secs] 
2019-01-25T15:24:42.260+0000: [GC (Allocation Failure) 2019-01-25T15:24:42.260+0000: [ParNew: 69391K->587K(77440K), 0.0017958 secs] 189161K->120405K(267600K), 0.0018606 secs] [Times: user=0.01 sys=0.00, real=0.01 secs] 
2019-01-25T15:24:42.305+0000: [GC (Allocation Failure) 2019-01-25T15:24:42.305+0000: [ParNew: 69451K->485K(77440K), 0.0017407 secs] 189269K->120319K(267600K), 0.0018078 secs] [Times: user=0.01 sys=0.00, real=0.00 secs] 
2019-01-25T15:24:42.347+0000: [GC (Allocation Failure) 2019-01-25T15:24:42.347+0000: [ParNew: 69349K->527K(77440K), 0.0018049 secs] 189183K->120398K(267600K), 0.0018689 secs] [Times: user=0.01 sys=0.00, real=0.01 secs] 
2019-01-25T15:24:42.392+0000: [GC (Allocation Failure) 2019-01-25T15:24:42.392+0000: [ParNew: 69391K->583K(77440K), 0.0021362 secs] 189262K->120546K(267600K), 0.0022021 secs] [Times: user=0.01 sys=0.00, real=0.00 secs] 
2019-01-25T15:24:42.438+0000: [GC (Allocation Failure) 2019-01-25T15:24:42.438+0000: [ParNew: 69447K->465K(77440K), 0.0017552 secs] 189410K->120459K(267600K), 0.0018199 secs] [Times: user=0.00 sys=0.00, real=0.00 secs] 
2019-01-25T15:24:42.481+0000: [GC (Allocation Failure) 2019-01-25T15:24:42.481+0000: [ParNew: 69329K->518K(77440K), 0.0018103 secs] 189323K->120551K(267600K), 0.0018749 secs] [Times: user=0.01 sys=0.00, real=0.00 secs] 
2019-01-25T15:24:42.525+0000: [GC (Allocation Failure) 2019-01-25T15:24:42.525+0000: [ParNew: 69382K->416K(77440K), 0.0017233 secs] 189415K->120470K(267600K), 0.0017889 secs] [Times: user=0.01 sys=0.00, real=0.00 secs] 
2019-01-25T15:24:42.569+0000: [GC (Allocation Failure) 2019-01-25T15:24:42.569+0000: [ParNew: 69280K->387K(77440K), 0.0017898 secs] 189334K->120524K(267600K), 0.0018551 secs] [Times: user=0.01 sys=0.00, real=0.00 secs] 
2019-01-25T15:24:42.613+0000: [GC (Allocation Failure) 2019-01-25T15:24:42.613+0000: [ParNew: 69251K->559K(77440K), 0.0018657 secs] 189388K->120712K(267600K), 0.0019189 secs] [Times: user=0.01 sys=0.00, real=0.00 secs] 
2019-01-25T15:24:42.656+0000: [GC (Allocation Failure) 2019-01-25T15:24:42.656+0000: [ParNew: 69423K->565K(77440K), 0.0019913 secs] 189576K->120746K(267600K), 0.0020609 secs] [Times: user=0.01 sys=0.00, real=0.00 secs] 
2019-01-25T15:24:42.701+0000: [GC (Allocation Failure) 2019-01-25T15:24:42.701+0000: [ParNew: 69429K->654K(77440K), 0.0022459 secs] 189610K->120888K(267600K), 0.0023127 secs] [Times: user=0.01 sys=0.00, real=0.00 secs] 
2019-01-25T15:24:42.745+0000: [GC (Allocation Failure) 2019-01-25T15:24:42.745+0000: [ParNew: 69518K->694K(77440K), 0.0022328 secs] 189752K->120991K(267600K), 0.0022981 secs] [Times: user=0.01 sys=0.00, real=0.00 secs] 
2019-01-25T15:24:42.797+0000: [GC (Allocation Failure) 2019-01-25T15:24:42.797+0000: [ParNew: 69558K->1294K(77440K), 0.0029847 secs] 189855K->121623K(267600K), 0.0030502 secs] [Times: user=0.01 sys=0.00, real=0.00 secs] 
2019-01-25T15:24:42.849+0000: [GC (Allocation Failure) 2019-01-25T15:24:42.849+0000: [ParNew: 70158K->1272K(77440K), 0.0029538 secs] 190487K->121655K(267600K), 0.0030196 secs] [Times: user=0.01 sys=0.00, real=0.00 secs] 
2019-01-25T15:24:42.893+0000: [GC (Allocation Failure) 2019-01-25T15:24:42.893+0000: [ParNew: 70136K->1315K(77440K), 0.0030711 secs] 190519K->121758K(267600K), 0.0031354 secs] [Times: user=0.01 sys=0.00, real=0.00 secs] 
2019-01-25T15:24:42.941+0000: [GC (Allocation Failure) 2019-01-25T15:24:42.941+0000: [ParNew: 70179K->1246K(77440K), 0.0030504 secs] 190622K->121744K(267600K), 0.0031154 secs] [Times: user=0.01 sys=0.00, real=0.00 secs] 
2019-01-25T15:24:42.984+0000: [GC (Allocation Failure) 2019-01-25T15:24:42.984+0000: [ParNew: 70110K->1385K(77440K), 0.0034070 secs] 190608K->121974K(267600K), 0.0034898 secs] [Times: user=0.01 sys=0.00, real=0.00 secs] 
2019-01-25T15:24:43.028+0000: [GC (Allocation Failure) 2019-01-25T15:24:43.028+0000: [ParNew: 70249K->1237K(77440K), 0.0032800 secs] 190838K->121891K(267600K), 0.0033587 secs] [Times: user=0.01 sys=0.00, real=0.01 secs] 
2019-01-25T15:24:43.073+0000: [GC (Allocation Failure) 2019-01-25T15:24:43.073+0000: [ParNew: 70101K->880K(77440K), 0.0033505 secs] 190755K->122130K(267600K), 0.0034145 secs] [Times: user=0.01 sys=0.00, real=0.00 secs] 
2019-01-25T15:24:43.117+0000: [GC (Allocation Failure) 2019-01-25T15:24:43.117+0000: [ParNew: 69744K->950K(77440K), 0.0027224 secs] 190994K->122266K(267600K), 0.0027871 secs] [Times: user=0.01 sys=0.00, real=0.00 secs] 
2019-01-25T15:24:43.161+0000: [GC (Allocation Failure) 2019-01-25T15:24:43.161+0000: [ParNew: 69814K->974K(77440K), 0.0025476 secs] 191130K->122368K(267600K), 0.0026137 secs] [Times: user=0.01 sys=0.00, real=0.00 secs] 
2019-01-25T15:24:43.205+0000: [GC (Allocation Failure) 2019-01-25T15:24:43.205+0000: [ParNew: 69838K->998K(77440K), 0.0024913 secs] 191232K->122482K(267600K), 0.0025567 secs] [Times: user=0.01 sys=0.01, real=0.00 secs] 
2019-01-25T15:24:43.248+0000: [GC (Allocation Failure) 2019-01-25T15:24:43.248+0000: [ParNew: 69862K->670K(77440K), 0.0026851 secs] 191346K->122294K(267600K), 0.0027520 secs] [Times: user=0.01 sys=0.00, real=0.01 secs] 
2019-01-25T15:24:43.293+0000: [GC (Allocation Failure) 2019-01-25T15:24:43.293+0000: [ParNew: 69534K->799K(77440K), 0.0023301 secs] 191158K->122477K(267600K), 0.0023969 secs] [Times: user=0.01 sys=0.00, real=0.00 secs] 
2019-01-25T15:24:43.337+0000: [GC (Allocation Failure) 2019-01-25T15:24:43.337+0000: [ParNew: 69663K->758K(77440K), 0.0025263 secs] 191341K->122540K(267600K), 0.0025925 secs] [Times: user=0.01 sys=0.00, real=0.00 secs] 
2019-01-25T15:24:43.381+0000: [GC (Allocation Failure) 2019-01-25T15:24:43.381+0000: [ParNew: 69622K->734K(77440K), 0.0025084 secs] 191404K->122635K(267600K), 0.0025748 secs] [Times: user=0.01 sys=0.00, real=0.00 secs] 
2019-01-25T15:24:43.429+0000: [GC (Allocation Failure) 2019-01-25T15:24:43.429+0000: [ParNew: 69598K->682K(77440K), 0.0022989 secs] 191499K->122626K(267600K), 0.0023722 secs] [Times: user=0.01 sys=0.00, real=0.00 secs] 
2019-01-25T15:24:43.477+0000: [GC (Allocation Failure) 2019-01-25T15:24:43.477+0000: [ParNew: 69546K->675K(77440K), 0.0023063 secs] 191490K->122656K(267600K), 0.0023699 secs] [Times: user=0.01 sys=0.00, real=0.00 secs] 
2019-01-25T15:24:43.523+0000: [GC (Allocation Failure) 2019-01-25T15:24:43.523+0000: [ParNew: 69539K->653K(77440K), 0.0025023 secs] 191520K->122712K(267600K), 0.0025774 secs] [Times: user=0.01 sys=0.00, real=0.00 secs] 
2019-01-25T15:24:43.569+0000: [GC (Allocation Failure) 2019-01-25T15:24:43.569+0000: [ParNew: 69517K->754K(77440K), 0.0023047 secs] 191576K->122876K(267600K), 0.0023699 secs] [Times: user=0.01 sys=0.00, real=0.00 secs] 
2019-01-25T15:24:43.613+0000: [GC (Allocation Failure) 2019-01-25T15:24:43.613+0000: [ParNew: 69618K->788K(77440K), 0.0024255 secs] 191740K->123023K(267600K), 0.0024908 secs] [Times: user=0.01 sys=0.00, real=0.00 secs] 
2019-01-25T15:24:43.657+0000: [GC (Allocation Failure) 2019-01-25T15:24:43.657+0000: [ParNew: 69652K->672K(77440K), 0.0023731 secs] 191887K->122982K(267600K), 0.0024403 secs] [Times: user=0.00 sys=0.00, real=0.00 secs] 
2019-01-25T15:24:43.701+0000: [GC (Allocation Failure) 2019-01-25T15:24:43.701+0000: [ParNew: 69536K->728K(77440K), 0.0023744 secs] 191846K->123079K(267600K), 0.0024398 secs] [Times: user=0.01 sys=0.00, real=0.00 secs] 
2019-01-25T15:24:43.749+0000: [GC (Allocation Failure) 2019-01-25T15:24:43.749+0000: [ParNew: 69592K->927K(77440K), 0.0025014 secs] 191943K->123329K(267600K), 0.0025670 secs] [Times: user=0.01 sys=0.00, real=0.00 secs] 
2019-01-25T15:24:43.792+0000: [GC (Allocation Failure) 2019-01-25T15:24:43.792+0000: [ParNew: 69791K->830K(77440K), 0.0024345 secs] 192193K->123301K(267600K), 0.0025158 secs] [Times: user=0.01 sys=0.00, real=0.00 secs] 
2019-01-25T15:24:43.837+0000: [GC (Allocation Failure) 2019-01-25T15:24:43.837+0000: [ParNew: 69694K->669K(77440K), 0.0023906 secs] 192165K->123184K(267600K), 0.0024565 secs] [Times: user=0.01 sys=0.00, real=0.00 secs] 
2019-01-25T15:24:43.881+0000: [GC (Allocation Failure) 2019-01-25T15:24:43.881+0000: [ParNew: 69533K->624K(77440K), 0.0025160 secs] 192048K->123224K(267600K), 0.0025815 secs] [Times: user=0.01 sys=0.00, real=0.00 secs] 
2019-01-25T15:24:43.925+0000: [GC (Allocation Failure) 2019-01-25T15:24:43.925+0000: [ParNew: 69488K->740K(77440K), 0.0024155 secs] 192088K->123452K(267600K), 0.0024793 secs] [Times: user=0.01 sys=0.00, real=0.00 secs] 
2019-01-25T15:24:43.969+0000: [GC (Allocation Failure) 2019-01-25T15:24:43.969+0000: [ParNew: 69604K->559K(77440K), 0.0022764 secs] 192316K->123354K(267600K), 0.0023281 secs] [Times: user=0.01 sys=0.00, real=0.00 secs] 
2019-01-25T15:24:44.016+0000: [GC (Allocation Failure) 2019-01-25T15:24:44.016+0000: [ParNew: 69423K->502K(77440K), 0.0029037 secs] 192218K->123377K(267600K), 0.0029877 secs] [Times: user=0.01 sys=0.00, real=0.00 secs] 
2019-01-25T15:24:44.065+0000: [GC (Allocation Failure) 2019-01-25T15:24:44.065+0000: [ParNew: 69366K->402K(77440K), 0.0020054 secs] 192241K->123318K(267600K), 0.0020687 secs] [Times: user=0.00 sys=0.00, real=0.00 secs] 
2019-01-25T15:24:44.109+0000: [GC (Allocation Failure) 2019-01-25T15:24:44.109+0000: [ParNew: 69266K->452K(77440K), 0.0019924 secs] 192182K->123387K(267600K), 0.0020576 secs] [Times: user=0.00 sys=0.00, real=0.00 secs] 
2019-01-25T15:24:44.161+0000: [GC (Allocation Failure) 2019-01-25T15:24:44.161+0000: [ParNew: 69316K->345K(77440K), 0.0021246 secs] 192251K->123353K(267600K), 0.0021890 secs] [Times: user=0.01 sys=0.00, real=0.00 secs] 
2019-01-25T15:24:44.211+0000: [GC (Allocation Failure) 2019-01-25T15:24:44.211+0000: [ParNew: 69209K->1447K(77440K), 0.0039503 secs] 192217K->124501K(267600K), 0.0040140 secs] [Times: user=0.02 sys=0.00, real=0.00 secs] 
2019-01-25T15:24:44.260+0000: [GC (Allocation Failure) 2019-01-25T15:24:44.260+0000: [ParNew: 70311K->1390K(77440K), 0.0034770 secs] 193365K->124486K(267600K), 0.0035442 secs] [Times: user=0.01 sys=0.00, real=0.01 secs] 
2019-01-25T15:24:44.306+0000: [GC (Allocation Failure) 2019-01-25T15:24:44.306+0000: [ParNew: 70254K->1392K(77440K), 0.0034019 secs] 193350K->124523K(267600K), 0.0034746 secs] [Times: user=0.01 sys=0.00, real=0.01 secs] 
2019-01-25T15:24:44.361+0000: [GC (Allocation Failure) 2019-01-25T15:24:44.361+0000: [ParNew: 70256K->1315K(77440K), 0.0040662 secs] 193387K->124474K(267600K), 0.0041303 secs] [Times: user=0.02 sys=0.00, real=0.00 secs] 
2019-01-25T15:24:44.408+0000: [GC (Allocation Failure) 2019-01-25T15:24:44.409+0000: [ParNew: 70179K->1381K(77440K), 0.0033284 secs] 193338K->124584K(267600K), 0.0033930 secs] [Times: user=0.01 sys=0.00, real=0.00 secs] 
2019-01-25T15:24:44.454+0000: [GC (Allocation Failure) 2019-01-25T15:24:44.454+0000: [ParNew: 70245K->1336K(77440K), 0.0033324 secs] 193448K->124565K(267600K), 0.0033980 secs] [Times: user=0.01 sys=0.00, real=0.00 secs] 
2019-01-25T15:24:44.501+0000: [GC (Allocation Failure) 2019-01-25T15:24:44.501+0000: [ParNew: 70200K->526K(77440K), 0.0038673 secs] 193429K->124794K(267600K), 0.0039320 secs] [Times: user=0.01 sys=0.00, real=0.00 secs] 
2019-01-25T15:24:44.552+0000: [GC (Allocation Failure) 2019-01-25T15:24:44.552+0000: [ParNew: 69390K->828K(77440K), 0.0026320 secs] 193658K->125122K(267600K), 0.0027078 secs] [Times: user=0.01 sys=0.00, real=0.00 secs] 
2019-01-25T15:24:44.597+0000: [GC (Allocation Failure) 2019-01-25T15:24:44.597+0000: [ParNew: 69692K->971K(77440K), 0.0025150 secs] 193986K->125294K(267600K), 0.0025957 secs] [Times: user=0.01 sys=0.00, real=0.00 secs] 
2019-01-25T15:24:44.645+0000: [GC (Allocation Failure) 2019-01-25T15:24:44.645+0000: [ParNew: 69835K->952K(77440K), 0.0025504 secs] 194158K->125297K(267600K), 0.0026169 secs] [Times: user=0.01 sys=0.00, real=0.00 secs] 
2019-01-25T15:24:44.689+0000: [GC (Allocation Failure) 2019-01-25T15:24:44.689+0000: [ParNew: 69816K->868K(77440K), 0.0025016 secs] 194161K->125239K(267600K), 0.0025693 secs] [Times: user=0.01 sys=0.00, real=0.00 secs] 
2019-01-25T15:24:44.733+0000: [GC (Allocation Failure) 2019-01-25T15:24:44.733+0000: [ParNew: 69732K->859K(77440K), 0.0025113 secs] 194103K->125261K(267600K), 0.0025799 secs] [Times: user=0.01 sys=0.00, real=0.00 secs] 
2019-01-25T15:24:44.781+0000: [GC (Allocation Failure) 2019-01-25T15:24:44.781+0000: [ParNew: 69723K->520K(77440K), 0.0034693 secs] 194125K->125198K(267600K), 0.0035356 secs] [Times: user=0.01 sys=0.00, real=0.00 secs] 
2019-01-25T15:24:44.829+0000: [GC (Allocation Failure) 2019-01-25T15:24:44.829+0000: [ParNew: 69384K->400K(77440K), 0.0022028 secs] 194062K->125196K(267600K), 0.0022667 secs] [Times: user=0.01 sys=0.00, real=0.00 secs] 
2019-01-25T15:24:44.876+0000: [GC (Allocation Failure) 2019-01-25T15:24:44.877+0000: [ParNew: 69263K->328K(77440K), 0.0019095 secs] 194059K->125167K(267600K), 0.0019746 secs] [Times: user=0.00 sys=0.00, real=0.00 secs] 
2019-01-25T15:24:44.921+0000: [GC (Allocation Failure) 2019-01-25T15:24:44.921+0000: [ParNew: 69192K->280K(77440K), 0.0018406 secs] 194031K->125147K(267600K), 0.0019056 secs] [Times: user=0.01 sys=0.00, real=0.00 secs] 
2019-01-25T15:24:44.964+0000: [GC (Allocation Failure) 2019-01-25T15:24:44.964+0000: [ParNew: 69144K->319K(77440K), 0.0025047 secs] 194011K->125215K(267600K), 0.0025830 secs] [Times: user=0.01 sys=0.00, real=0.00 secs] 
2019-01-25T15:24:45.009+0000: [GC (Allocation Failure) 2019-01-25T15:24:45.009+0000: [ParNew: 69183K->289K(77440K), 0.0017319 secs] 194079K->125210K(267600K), 0.0017953 secs] [Times: user=0.01 sys=0.00, real=0.00 secs] 
2019-01-25T15:24:45.051+0000: [GC (Allocation Failure) 2019-01-25T15:24:45.051+0000: [ParNew: 69153K->338K(77440K), 0.0022408 secs] 194074K->125292K(267600K), 0.0023064 secs] [Times: user=0.01 sys=0.00, real=0.00 secs] 
2019-01-25T15:24:45.094+0000: [GC (Allocation Failure) 2019-01-25T15:24:45.094+0000: [ParNew: 69202K->427K(77440K), 0.0017276 secs] 194156K->125404K(267600K), 0.0017903 secs] [Times: user=0.01 sys=0.00, real=0.00 secs] 
2019-01-25T15:24:45.140+0000: [GC (Allocation Failure) 2019-01-25T15:24:45.140+0000: [ParNew: 69291K->263K(77440K), 0.0017158 secs] 194268K->125258K(267600K), 0.0017797 secs] [Times: user=0.01 sys=0.00, real=0.01 secs] 
2019-01-25T15:24:45.185+0000: [GC (Allocation Failure) 2019-01-25T15:24:45.185+0000: [ParNew: 69127K->369K(77440K), 0.0017057 secs] 194122K->125381K(267600K), 0.0017707 secs] [Times: user=0.00 sys=0.01, real=0.00 secs] 
2019-01-25T15:24:45.229+0000: [GC (Allocation Failure) 2019-01-25T15:24:45.229+0000: [ParNew: 69225K->333K(77440K), 0.0017325 secs] 194238K->125368K(267600K), 0.0017962 secs] [Times: user=0.01 sys=0.00, real=0.00 secs] 
2019-01-25T15:24:45.273+0000: [GC (Allocation Failure) 2019-01-25T15:24:45.273+0000: [ParNew: 69197K->306K(77440K), 0.0016934 secs] 194232K->125361K(267600K), 0.0017580 secs] [Times: user=0.01 sys=0.00, real=0.00 secs] 
2019-01-25T15:24:45.316+0000: [GC (Allocation Failure) 2019-01-25T15:24:45.316+0000: [ParNew: 69170K->392K(77440K), 0.0021661 secs] 194225K->125464K(267600K), 0.0022322 secs] [Times: user=0.01 sys=0.00, real=0.00 secs] 
2019-01-25T15:24:45.361+0000: [GC (Allocation Failure) 2019-01-25T15:24:45.361+0000: [ParNew: 69256K->560K(77440K), 0.0025831 secs] 194328K->125651K(267600K), 0.0026465 secs] [Times: user=0.00 sys=0.00, real=0.00 secs] 
2019-01-25T15:24:45.405+0000: [GC (Allocation Failure) 2019-01-25T15:24:45.405+0000: [ParNew: 69424K->517K(77440K), 0.0028145 secs] 194515K->125630K(267600K), 0.0028945 secs] [Times: user=0.01 sys=0.00, real=0.00 secs] 
2019-01-25T15:24:45.454+0000: [GC (Allocation Failure) 2019-01-25T15:24:45.454+0000: [ParNew: 69381K->659K(77440K), 0.0025157 secs] 194494K->125790K(267600K), 0.0025808 secs] [Times: user=0.01 sys=0.00, real=0.00 secs] 
2019-01-25T15:24:45.501+0000: [GC (Allocation Failure) 2019-01-25T15:24:45.501+0000: [ParNew: 69523K->902K(77440K), 0.0025488 secs] 194654K->126049K(267600K), 0.0026150 secs] [Times: user=0.01 sys=0.00, real=0.00 secs] 
2019-01-25T15:24:45.545+0000: [GC (Allocation Failure) 2019-01-25T15:24:45.545+0000: [ParNew: 69766K->850K(77440K), 0.0027582 secs] 194913K->126026K(267600K), 0.0028277 secs] [Times: user=0.01 sys=0.00, real=0.00 secs] 
2019-01-25T15:24:45.589+0000: [GC (Allocation Failure) 2019-01-25T15:24:45.589+0000: [ParNew: 69714K->966K(77440K), 0.0030809 secs] 194890K->126281K(267600K), 0.0031495 secs] [Times: user=0.01 sys=0.00, real=0.00 secs] 
2019-01-25T15:24:45.633+0000: [GC (Allocation Failure) 2019-01-25T15:24:45.634+0000: [ParNew: 69830K->830K(77440K), 0.0027194 secs] 195145K->126225K(267600K), 0.0027856 secs] [Times: user=0.01 sys=0.00, real=0.00 secs] 
2019-01-25T15:24:45.678+0000: [GC (Allocation Failure) 2019-01-25T15:24:45.678+0000: [ParNew: 69694K->852K(77440K), 0.0028367 secs] 195089K->126344K(267600K), 0.0029018 secs] [Times: user=0.01 sys=0.00, real=0.01 secs] 
2019-01-25T15:24:45.721+0000: [GC (Allocation Failure) 2019-01-25T15:24:45.721+0000: [ParNew: 69716K->788K(77440K), 0.0027830 secs] 195208K->126377K(267600K), 0.0028492 secs] [Times: user=0.01 sys=0.00, real=0.00 secs] 
2019-01-25T15:24:45.765+0000: [GC (Allocation Failure) 2019-01-25T15:24:45.765+0000: [ParNew: 69652K->715K(77440K), 0.0025999 secs] 195241K->126376K(267600K), 0.0026639 secs] [Times: user=0.01 sys=0.00, real=0.00 secs] 
2019-01-25T15:24:45.809+0000: [GC (Allocation Failure) 2019-01-25T15:24:45.809+0000: [ParNew: 69579K->765K(77440K), 0.0027961 secs] 195240K->126535K(267600K), 0.0028604 secs] [Times: user=0.01 sys=0.00, real=0.00 secs] 
2019-01-25T15:24:45.853+0000: [GC (Allocation Failure) 2019-01-25T15:24:45.853+0000: [ParNew: 69629K->870K(77440K), 0.0025365 secs] 195399K->126690K(267600K), 0.0026021 secs] [Times: user=0.01 sys=0.00, real=0.00 secs] 
2019-01-25T15:24:45.897+0000: [GC (Allocation Failure) 2019-01-25T15:24:45.897+0000: [ParNew: 69734K->798K(77440K), 0.0026117 secs] 195554K->126707K(267600K), 0.0026805 secs] [Times: user=0.01 sys=0.00, real=0.00 secs] 
2019-01-25T15:24:45.945+0000: [GC (Allocation Failure) 2019-01-25T15:24:45.945+0000: [ParNew: 69662K->524K(77440K), 0.0027989 secs] 195571K->126547K(267600K), 0.0028642 secs] [Times: user=0.00 sys=0.00, real=0.00 secs] 
2019-01-25T15:24:45.989+0000: [GC (Allocation Failure) 2019-01-25T15:24:45.989+0000: [ParNew: 69388K->568K(77440K), 0.0023093 secs] 195411K->126669K(267600K), 0.0023723 secs] [Times: user=0.01 sys=0.00, real=0.00 secs] 
2019-01-25T15:24:46.032+0000: [GC (Allocation Failure) 2019-01-25T15:24:46.032+0000: [ParNew: 69432K->432K(77440K), 0.0020922 secs] 195533K->126575K(267600K), 0.0021583 secs] [Times: user=0.00 sys=0.00, real=0.00 secs] 
2019-01-25T15:24:46.077+0000: [GC (Allocation Failure) 2019-01-25T15:24:46.077+0000: [ParNew: 69296K->352K(77440K), 0.0030863 secs] 195439K->126602K(267600K), 0.0031528 secs] [Times: user=0.01 sys=0.00, real=0.00 secs] 
2019-01-25T15:24:46.125+0000: [GC (Allocation Failure) 2019-01-25T15:24:46.125+0000: [ParNew: 69216K->686K(77440K), 0.0026462 secs] 195466K->126994K(267600K), 0.0027122 secs] [Times: user=0.01 sys=0.00, real=0.00 secs] 
2019-01-25T15:24:46.173+0000: [GC (Allocation Failure) 2019-01-25T15:24:46.173+0000: [ParNew: 69550K->779K(77440K), 0.0024831 secs] 195858K->127120K(267600K), 0.0025493 secs] [Times: user=0.01 sys=0.00, real=0.00 secs] 
2019-01-25T15:24:46.216+0000: [GC (Allocation Failure) 2019-01-25T15:24:46.216+0000: [ParNew: 69643K->892K(77440K), 0.0026109 secs] 195984K->127255K(267600K), 0.0026802 secs] [Times: user=0.01 sys=0.00, real=0.00 secs] 
2019-01-25T15:24:46.260+0000: [GC (Allocation Failure) 2019-01-25T15:24:46.260+0000: [ParNew: 69756K->887K(77440K), 0.0027706 secs] 196119K->127275K(267600K), 0.0028385 secs] [Times: user=0.01 sys=0.00, real=0.01 secs] 
2019-01-25T15:24:46.305+0000: [GC (Allocation Failure) 2019-01-25T15:24:46.305+0000: [ParNew: 69751K->1155K(77440K), 0.0027687 secs] 196139K->127567K(267600K), 0.0028330 secs] [Times: user=0.01 sys=0.00, real=0.00 secs] 
2019-01-25T15:24:46.349+0000: [GC (Allocation Failure) 2019-01-25T15:24:46.349+0000: [ParNew: 70019K->1083K(77440K), 0.0029100 secs] 196431K->127519K(267600K), 0.0029741 secs] [Times: user=0.02 sys=0.00, real=0.00 secs] 
2019-01-25T15:24:46.395+0000: [GC (Allocation Failure) 2019-01-25T15:24:46.395+0000: [ParNew: 69947K->1282K(77440K), 0.0042840 secs] 196383K->128028K(267600K), 0.0043476 secs] [Times: user=0.02 sys=0.00, real=0.00 secs] 
2019-01-25T15:24:46.441+0000: [GC (Allocation Failure) 2019-01-25T15:24:46.441+0000: [ParNew: 70146K->1207K(77440K), 0.0035044 secs] 196892K->128034K(267600K), 0.0035684 secs] [Times: user=0.01 sys=0.00, real=0.00 secs] 
2019-01-25T15:24:46.485+0000: [GC (Allocation Failure) 2019-01-25T15:24:46.485+0000: [ParNew: 70071K->1178K(77440K), 0.0028887 secs] 196898K->128097K(267600K), 0.0029551 secs] [Times: user=0.01 sys=0.00, real=0.00 secs] 
2019-01-25T15:24:46.529+0000: [GC (Allocation Failure) 2019-01-25T15:24:46.529+0000: [ParNew: 70042K->1058K(77440K), 0.0029879 secs] 196961K->128065K(267600K), 0.0030546 secs] [Times: user=0.01 sys=0.00, real=0.00 secs] 
2019-01-25T15:24:46.577+0000: [GC (Allocation Failure) 2019-01-25T15:24:46.577+0000: [ParNew: 69922K->1251K(77440K), 0.0029919 secs] 196929K->128326K(267600K), 0.0030574 secs] [Times: user=0.01 sys=0.00, real=0.00 secs] 
2019-01-25T15:24:46.625+0000: [GC (Allocation Failure) 2019-01-25T15:24:46.625+0000: [ParNew: 70115K->1130K(77440K), 0.0029596 secs] 197190K->128417K(267600K), 0.0030243 secs] [Times: user=0.01 sys=0.00, real=0.00 secs] 
2019-01-25T15:24:46.672+0000: [GC (Allocation Failure) 2019-01-25T15:24:46.672+0000: [ParNew: 69994K->745K(77440K), 0.0029912 secs] 197281K->128183K(267600K), 0.0030564 secs] [Times: user=0.01 sys=0.00, real=0.00 secs] 
2019-01-25T15:24:46.717+0000: [GC (Allocation Failure) 2019-01-25T15:24:46.717+0000: [ParNew: 69609K->822K(77440K), 0.0028801 secs] 197047K->128405K(267600K), 0.0029467 secs] [Times: user=0.01 sys=0.00, real=0.00 secs] 
2019-01-25T15:24:46.760+0000: [GC (Allocation Failure) 2019-01-25T15:24:46.760+0000: [ParNew: 69686K->829K(77440K), 0.0024207 secs] 197269K->128461K(267600K), 0.0024859 secs] [Times: user=0.01 sys=0.00, real=0.01 secs] 
2019-01-25T15:24:46.805+0000: [GC (Allocation Failure) 2019-01-25T15:24:46.805+0000: [ParNew: 69693K->667K(77440K), 0.0025503 secs] 197325K->128458K(267600K), 0.0026157 secs] [Times: user=0.01 sys=0.00, real=0.00 secs] 
2019-01-25T15:24:46.851+0000: [GC (Allocation Failure) 2019-01-25T15:24:46.851+0000: [ParNew: 69531K->540K(77440K), 0.0023605 secs] 197322K->128423K(267600K), 0.0024315 secs] [Times: user=0.00 sys=0.00, real=0.00 secs] 
2019-01-25T15:24:46.897+0000: [GC (Allocation Failure) 2019-01-25T15:24:46.897+0000: [ParNew: 69404K->499K(77440K), 0.0022880 secs] 197287K->128430K(267600K), 0.0023561 secs] [Times: user=0.01 sys=0.00, real=0.00 secs] 
2019-01-25T15:24:46.941+0000: [GC (Allocation Failure) 2019-01-25T15:24:46.941+0000: [ParNew: 69363K->2605K(77440K), 0.0055860 secs] 197294K->130577K(267600K), 0.0056519 secs] [Times: user=0.02 sys=0.00, real=0.00 secs] 
2019-01-25T15:24:46.988+0000: [GC (Allocation Failure) 2019-01-25T15:24:46.989+0000: [ParNew: 71469K->2813K(77440K), 0.0057376 secs] 199441K->130866K(267600K), 0.0058188 secs] [Times: user=0.02 sys=0.00, real=0.01 secs] 
2019-01-25T15:24:47.036+0000: [GC (Allocation Failure) 2019-01-25T15:24:47.036+0000: [ParNew: 71677K->2838K(77440K), 0.0056254 secs] 199730K->130916K(267600K), 0.0056976 secs] [Times: user=0.02 sys=0.00, real=0.01 secs] 
2019-01-25T15:24:47.085+0000: [GC (Allocation Failure) 2019-01-25T15:24:47.085+0000: [ParNew: 71702K->2716K(77440K), 0.0056232 secs] 199780K->130815K(267600K), 0.0056894 secs] [Times: user=0.02 sys=0.00, real=0.01 secs] 
2019-01-25T15:24:47.176+0000: [GC (Allocation Failure) 2019-01-25T15:24:47.176+0000: [ParNew: 71580K->2795K(77440K), 0.0058726 secs] 199679K->130952K(267600K), 0.0059269 secs] [Times: user=0.02 sys=0.00, real=0.01 secs] 
2019-01-25T15:24:47.233+0000: [GC (Allocation Failure) 2019-01-25T15:24:47.233+0000: [ParNew: 71659K->2807K(77440K), 0.0061803 secs] 199816K->131046K(267600K), 0.0062444 secs] [Times: user=0.02 sys=0.00, real=0.00 secs] 
2019-01-25T15:24:47.310+0000: [GC (Allocation Failure) 2019-01-25T15:24:47.310+0000: [ParNew: 71671K->1300K(77440K), 0.0070024 secs] 199910K->131664K(267600K), 0.0070579 secs] [Times: user=0.03 sys=0.00, real=0.00 secs] 
2019-01-25T15:24:47.397+0000: [GC (Allocation Failure) 2019-01-25T15:24:47.397+0000: [ParNew: 70164K->1297K(77440K), 0.0047618 secs] 200528K->131784K(267600K), 0.0048289 secs] [Times: user=0.02 sys=0.00, real=0.01 secs] 
2019-01-25T15:24:47.495+0000: [GC (Allocation Failure) 2019-01-25T15:24:47.495+0000: [ParNew: 70161K->1752K(77440K), 0.0045815 secs] 200648K->132316K(267600K), 0.0046473 secs] [Times: user=0.02 sys=0.00, real=0.00 secs] 
2019-01-25T15:25:22.027+0000: [GC (Allocation Failure) 2019-01-25T15:25:22.027+0000: [ParNew: 68521K->4596K(77440K), 0.0149354 secs] 199085K->135188K(267600K), 0.0150205 secs] [Times: user=0.06 sys=0.00, real=0.02 secs] 
2019-01-25T15:25:22.221+0000: [GC (Allocation Failure) 2019-01-25T15:25:22.221+0000: [ParNew: 73460K->5699K(77440K), 0.0328252 secs] 204052K->185560K(267600K), 0.0329081 secs] [Times: user=0.11 sys=0.02, real=0.03 secs] 
2019-01-25T15:25:22.257+0000: [GC (CMS Initial Mark) [1 CMS-initial-mark: 179860K(190160K)] 187580K(267600K), 0.0037087 secs] [Times: user=0.01 sys=0.00, real=0.00 secs] 
2019-01-25T15:25:22.260+0000: [CMS-concurrent-mark-start]
2019-01-25T15:25:22.403+0000: [CMS-concurrent-mark: 0.142/0.142 secs] [Times: user=0.56 sys=0.01, real=0.14 secs] 
2019-01-25T15:25:22.403+0000: [CMS-concurrent-preclean-start]
2019-01-25T15:25:22.405+0000: [CMS-concurrent-preclean: 0.002/0.002 secs] [Times: user=0.02 sys=0.00, real=0.00 secs] 
2019-01-25T15:25:22.405+0000: [CMS-concurrent-abortable-preclean-start]
2019-01-25T15:25:22.609+0000: [GC (Allocation Failure) 2019-01-25T15:25:22.609+0000: [ParNew: 74563K->8576K(77440K), 0.0539970 secs] 254424K->200727K(270288K), 0.0540789 secs] [Times: user=0.19 sys=0.01, real=0.05 secs] 
2019-01-25T15:25:22.904+0000: [GC (Allocation Failure) 2019-01-25T15:25:22.904+0000: [ParNew2019-01-25T15:25:22.934+0000: [CMS-concurrent-abortable-preclean: 0.274/0.530 secs] [Times: user=2.05 sys=0.02, real=0.53 secs] 
: 77440K->8576K(77440K), 0.1084242 secs] 269591K->237717K(307552K), 0.1085060 secs] [Times: user=0.39 sys=0.01, real=0.11 secs] 
2019-01-25T15:25:23.023+0000: [GC (CMS Final Remark) [YG occupancy: 14426 K (77440 K)]2019-01-25T15:25:23.023+0000: [Rescan (parallel) , 0.0258403 secs]2019-01-25T15:25:23.048+0000: [weak refs processing, 0.0001595 secs]2019-01-25T15:25:23.049+0000: [class unloading, 0.0097229 secs]2019-01-25T15:25:23.058+0000: [scrub symbol table, 0.0080504 secs]2019-01-25T15:25:23.066+0000: [scrub string table, 0.0005628 secs][1 CMS-remark: 229141K(230112K)] 243568K(307552K), 0.0446592 secs] [Times: user=0.12 sys=0.00, real=0.04 secs] 
2019-01-25T15:25:23.067+0000: [CMS-concurrent-sweep-start]
2019-01-25T15:25:23.129+0000: [CMS-concurrent-sweep: 0.052/0.061 secs] [Times: user=0.21 sys=0.01, real=0.07 secs] 
2019-01-25T15:25:23.129+0000: [CMS-concurrent-reset-start]
2019-01-25T15:25:23.141+0000: [CMS-concurrent-reset: 0.012/0.012 secs] [Times: user=0.05 sys=0.00, real=0.01 secs] 
2019-01-25T15:25:23.213+0000: [GC (Allocation Failure) 2019-01-25T15:25:23.213+0000: [ParNew: 77440K->8576K(77440K), 0.1186140 secs] 291361K->267549K(433980K), 0.1186912 secs] [Times: user=0.43 sys=0.02, real=0.12 secs] 
2019-01-25T15:25:23.346+0000: [GC (CMS Initial Mark) [1 CMS-initial-mark: 258973K(356540K)] 273274K(433980K), 0.0044403 secs] [Times: user=0.02 sys=0.00, real=0.01 secs] 
2019-01-25T15:25:23.350+0000: [CMS-concurrent-mark-start]
2019-01-25T15:25:23.484+0000: [GC (Allocation Failure) 2019-01-25T15:25:23.484+0000: [ParNew: 75086K->8576K(77440K), 0.1138781 secs] 334060K->312504K(433980K), 0.1139653 secs] [Times: user=0.43 sys=0.02, real=0.11 secs] 
2019-01-25T15:25:23.804+0000: [CMS-concurrent-mark: 0.339/0.454 secs] [Times: user=1.75 sys=0.03, real=0.45 secs] 
2019-01-25T15:25:23.804+0000: [CMS-concurrent-preclean-start]
2019-01-25T15:25:23.861+0000: [GC (Allocation Failure) 2019-01-25T15:25:23.861+0000: [ParNew: 77440K->8576K(77440K), 0.0862343 secs] 381368K->332072K(433980K), 0.0862957 secs] [Times: user=0.32 sys=0.01, real=0.08 secs] 
2019-01-25T15:25:24.051+0000: [GC (Allocation Failure) 2019-01-25T15:25:24.051+0000: [ParNew: 77440K->8534K(77440K), 0.0326042 secs] 400936K->340610K(433980K), 0.0326666 secs] [Times: user=0.12 sys=0.01, real=0.03 secs] 
2019-01-25T15:25:24.140+0000: [GC (Allocation Failure) 2019-01-25T15:25:24.141+0000: [ParNew: 77398K->1600K(77440K), 0.0013869 secs] 409474K->333676K(433980K), 0.0014497 secs] [Times: user=0.01 sys=0.00, real=0.01 secs] 
2019-01-25T15:25:24.168+0000: [CMS-concurrent-preclean: 0.235/0.364 secs] [Times: user=1.36 sys=0.03, real=0.36 secs] 
2019-01-25T15:25:24.168+0000: [CMS-concurrent-abortable-preclean-start]
2019-01-25T15:25:24.195+0000: [GC (Allocation Failure) 2019-01-25T15:25:24.195+0000: [ParNew: 70464K->400K(77440K), 0.0014258 secs] 402540K->332476K(433980K), 0.0014733 secs] [Times: user=0.00 sys=0.00, real=0.00 secs] 
2019-01-25T15:25:24.241+0000: [GC (Allocation Failure) 2019-01-25T15:25:24.241+0000: [ParNew: 69264K->100K(77440K), 0.0013597 secs] 401340K->332176K(433980K), 0.0014114 secs] [Times: user=0.00 sys=0.00, real=0.00 secs] 
2019-01-25T15:25:24.285+0000: [GC (Allocation Failure) 2019-01-25T15:25:24.285+0000: [ParNew: 68964K->25K(77440K), 0.0014207 secs] 401040K->332101K(433980K), 0.0014709 secs] [Times: user=0.01 sys=0.00, real=0.00 secs] 
2019-01-25T15:25:24.329+0000: [GC (Allocation Failure) 2019-01-25T15:25:24.329+0000: [ParNew: 68889K->6K(77440K), 0.0013474 secs] 400965K->332082K(433980K), 0.0013981 secs] [Times: user=0.01 sys=0.00, real=0.00 secs] 
2019-01-25T15:25:24.373+0000: [GC (Allocation Failure) 2019-01-25T15:25:24.373+0000: [ParNew: 68870K->6K(77440K), 0.0013583 secs] 400946K->332082K(433980K), 0.0014102 secs] [Times: user=0.01 sys=0.00, real=0.00 secs] 
2019-01-25T15:25:24.416+0000: [GC (Allocation Failure) 2019-01-25T15:25:24.416+0000: [ParNew: 68870K->6K(77440K), 0.0014580 secs] 400946K->332082K(433980K), 0.0015118 secs] [Times: user=0.01 sys=0.00, real=0.00 secs] 
2019-01-25T15:25:24.457+0000: [CMS-concurrent-abortable-preclean: 0.009/0.289 secs] [Times: user=1.06 sys=0.03, real=0.28 secs] 
2019-01-25T15:25:24.458+0000: [GC (CMS Final Remark) [YG occupancy: 48752 K (77440 K)]2019-01-25T15:25:24.458+0000: [Rescan (parallel) , 0.0151894 secs]2019-01-25T15:25:24.473+0000: [weak refs processing, 0.0002804 secs]2019-01-25T15:25:24.474+0000: [class unloading, 0.0094989 secs]2019-01-25T15:25:24.483+0000: [scrub symbol table, 0.0079485 secs]2019-01-25T15:25:24.491+0000: [scrub string table, 0.0005866 secs][1 CMS-remark: 332076K(356540K)] 380828K(433980K), 0.0336790 secs] [Times: user=0.08 sys=0.00, real=0.04 secs] 
2019-01-25T15:25:24.492+0000: [CMS-concurrent-sweep-start]
2019-01-25T15:25:24.521+0000: [GC (Allocation Failure) 2019-01-25T15:25:24.521+0000: [ParNew: 68870K->264K(77440K), 0.0034110 secs] 399849K->331243K(433980K), 0.0034827 secs] [Times: user=0.01 sys=0.00, real=0.00 secs] 
2019-01-25T15:25:24.670+0000: [CMS-concurrent-sweep: 0.174/0.178 secs] [Times: user=0.66 sys=0.02, real=0.18 secs] 
2019-01-25T15:25:24.670+0000: [CMS-concurrent-reset-start]
2019-01-25T15:25:24.682+0000: [CMS-concurrent-reset: 0.012/0.012 secs] [Times: user=0.04 sys=0.00, real=0.01 secs] 
2019-01-25T15:25:25.424+0000: [GC (Allocation Failure) 2019-01-25T15:25:25.424+0000: [ParNew: 69128K->1237K(77440K), 0.0028524 secs] 386823K->318931K(606932K), 0.0029175 secs] [Times: user=0.01 sys=0.00, real=0.00 secs] 
Heap
 par new generation   total 77440K, used 9314K [0x0000000680000000, 0x0000000685400000, 0x0000000694cc0000)
  eden space 68864K,  11% used [0x0000000680000000, 0x00000006807e34b0, 0x0000000684340000)
  from space 8576K,  14% used [0x0000000684ba0000, 0x0000000684cd5458, 0x0000000685400000)
  to   space 8576K,   0% used [0x0000000684340000, 0x0000000684340000, 0x0000000684ba0000)
 concurrent mark-sweep generation total 529492K, used 317694K [0x0000000694cc0000, 0x00000006b51d5000, 0x00000007c0000000)
 Metaspace       used 62071K, capacity 62798K, committed 63196K, reserved 1103872K
  class space    used 7920K, capacity 8114K, committed 8184K, reserved 1048576K
