2019-01-25T15:24:32.271+0000: [GC (Allocation Failure) 2019-01-25T15:24:32.271+0000: [ParNew: 68864K->6790K(77440K), 0.0202311 secs] 68864K->6790K(249472K), 0.0203139 secs] [Times: user=0.03 sys=0.01, real=0.02 secs] 
2019-01-25T15:24:32.839+0000: [GC (Allocation Failure) 2019-01-25T15:24:32.839+0000: [ParNew: 75654K->4542K(77440K), 0.0292197 secs] 75654K->6934K(249472K), 0.0292726 secs] [Times: user=0.06 sys=0.00, real=0.03 secs] 
2019-01-25T15:24:33.485+0000: [GC (Allocation Failure) 2019-01-25T15:24:33.485+0000: [ParNew: 73406K->3539K(77440K), 0.0064770 secs] 75798K->5930K(249472K), 0.0065246 secs] [Times: user=0.01 sys=0.00, real=0.01 secs] 
2019-01-25T15:24:33.943+0000: [GC (Allocation Failure) 2019-01-25T15:24:33.943+0000: [ParNew: 72403K->4362K(77440K), 0.0086177 secs] 74794K->6753K(249472K), 0.0086876 secs] [Times: user=0.02 sys=0.00, real=0.01 secs] 
2019-01-25T15:24:34.268+0000: [GC (Allocation Failure) 2019-01-25T15:24:34.268+0000: [ParNew: 73226K->5362K(77440K), 0.0067203 secs] 75617K->7753K(249472K), 0.0067907 secs] [Times: user=0.01 sys=0.00, real=0.01 secs] 
2019-01-25T15:24:34.513+0000: [GC (Allocation Failure) 2019-01-25T15:24:34.513+0000: [ParNew: 63381K->5479K(77440K), 0.0465581 secs] 65772K->25019K(249472K), 0.0466259 secs] [Times: user=0.08 sys=0.02, real=0.04 secs] 
2019-01-25T15:24:34.563+0000: [GC (CMS Initial Mark) [1 CMS-initial-mark: 19539K(172032K)] 41636K(249472K), 0.0029367 secs] [Times: user=0.01 sys=0.00, real=0.00 secs] 
2019-01-25T15:24:34.566+0000: [CMS-concurrent-mark-start]
2019-01-25T15:24:34.619+0000: [CMS-concurrent-mark: 0.053/0.053 secs] [Times: user=0.07 sys=0.01, real=0.05 secs] 
2019-01-25T15:24:34.619+0000: [CMS-concurrent-preclean-start]
2019-01-25T15:24:34.620+0000: [CMS-concurrent-preclean: 0.001/0.001 secs] [Times: user=0.01 sys=0.00, real=0.00 secs] 
2019-01-25T15:24:34.620+0000: [CMS-concurrent-abortable-preclean-start]
2019-01-25T15:24:34.878+0000: [GC (Allocation Failure) 2019-01-25T15:24:34.878+0000: [ParNew: 74343K->5152K(77440K), 0.0289581 secs] 93883K->41076K(249472K), 0.0290178 secs] [Times: user=0.07 sys=0.01, real=0.03 secs] 
2019-01-25T15:24:35.133+0000: [CMS-concurrent-abortable-preclean: 0.243/0.512 secs] [Times: user=0.86 sys=0.05, real=0.52 secs] 
2019-01-25T15:24:35.134+0000: [GC (CMS Final Remark) [YG occupancy: 48002 K (77440 K)]2019-01-25T15:24:35.134+0000: [Rescan (parallel) , 0.0062397 secs]2019-01-25T15:24:35.141+0000: [weak refs processing, 0.0000480 secs]2019-01-25T15:24:35.141+0000: [class unloading, 0.0039599 secs]2019-01-25T15:24:35.145+0000: [scrub symbol table, 0.0040569 secs]2019-01-25T15:24:35.149+0000: [scrub string table, 0.0004151 secs][1 CMS-remark: 35923K(172032K)] 83925K(249472K), 0.0153383 secs] [Times: user=0.02 sys=0.00, real=0.01 secs] 
2019-01-25T15:24:35.150+0000: [CMS-concurrent-sweep-start]
2019-01-25T15:24:35.152+0000: [CMS-concurrent-sweep: 0.002/0.002 secs] [Times: user=0.01 sys=0.00, real=0.00 secs] 
2019-01-25T15:24:35.152+0000: [CMS-concurrent-reset-start]
2019-01-25T15:24:35.451+0000: [CMS-concurrent-reset: 0.292/0.299 secs] [Times: user=0.52 sys=0.21, real=0.30 secs] 
2019-01-25T15:24:35.572+0000: [GC (Allocation Failure) 2019-01-25T15:24:35.572+0000: [ParNew: 74016K->6762K(77440K), 0.0259480 secs] 109924K->43625K(249472K), 0.0260199 secs] [Times: user=0.05 sys=0.00, real=0.02 secs] 
2019-01-25T15:24:35.966+0000: [GC (Allocation Failure) 2019-01-25T15:24:35.966+0000: [ParNew: 75626K->4812K(77440K), 0.0700462 secs] 112489K->76279K(249472K), 0.0701088 secs] [Times: user=0.13 sys=0.00, real=0.07 secs] 
2019-01-25T15:24:36.052+0000: [GC (CMS Initial Mark) [1 CMS-initial-mark: 71467K(172032K)] 77111K(249472K), 0.0023857 secs] [Times: user=0.01 sys=0.00, real=0.00 secs] 
2019-01-25T15:24:36.054+0000: [CMS-concurrent-mark-start]
2019-01-25T15:24:36.163+0000: [CMS-concurrent-mark: 0.100/0.109 secs] [Times: user=0.22 sys=0.00, real=0.11 secs] 
2019-01-25T15:24:36.163+0000: [CMS-concurrent-preclean-start]
2019-01-25T15:24:36.165+0000: [CMS-concurrent-preclean: 0.001/0.001 secs] [Times: user=0.00 sys=0.00, real=0.00 secs] 
2019-01-25T15:24:36.165+0000: [CMS-concurrent-abortable-preclean-start]
2019-01-25T15:24:36.335+0000: [CMS-concurrent-abortable-preclean: 0.065/0.170 secs] [Times: user=0.23 sys=0.01, real=0.17 secs] 
2019-01-25T15:24:36.335+0000: [GC (CMS Final Remark) [YG occupancy: 46134 K (77440 K)]2019-01-25T15:24:36.335+0000: [Rescan (parallel) , 0.0096135 secs]2019-01-25T15:24:36.345+0000: [weak refs processing, 0.0000537 secs]2019-01-25T15:24:36.345+0000: [class unloading, 0.0046700 secs]2019-01-25T15:24:36.350+0000: [scrub symbol table, 0.0047304 secs]2019-01-25T15:24:36.354+0000: [scrub string table, 0.0004977 secs][1 CMS-remark: 71467K(172032K)] 117602K(249472K), 0.0199643 secs] [Times: user=0.02 sys=0.00, real=0.02 secs] 
2019-01-25T15:24:36.355+0000: [CMS-concurrent-sweep-start]
2019-01-25T15:24:36.359+0000: [CMS-concurrent-sweep: 0.004/0.004 secs] [Times: user=0.01 sys=0.00, real=0.00 secs] 
2019-01-25T15:24:36.359+0000: [CMS-concurrent-reset-start]
2019-01-25T15:24:36.376+0000: [CMS-concurrent-reset: 0.013/0.017 secs] [Times: user=0.02 sys=0.00, real=0.02 secs] 
2019-01-25T15:24:36.561+0000: [GC (Allocation Failure) 2019-01-25T15:24:36.561+0000: [ParNew: 73676K->5230K(77440K), 0.0162251 secs] 145090K->93029K(249472K), 0.0162995 secs] [Times: user=0.06 sys=0.00, real=0.02 secs] 
2019-01-25T15:24:37.232+0000: [GC (Allocation Failure) 2019-01-25T15:24:37.232+0000: [ParNew: 74094K->5483K(77440K), 0.0640540 secs] 161893K->127741K(249472K), 0.0641375 secs] [Times: user=0.12 sys=0.01, real=0.06 secs] 
2019-01-25T15:24:37.302+0000: [GC (CMS Initial Mark) [1 CMS-initial-mark: 122258K(172032K)] 128726K(249472K), 0.0025438 secs] [Times: user=0.01 sys=0.00, real=0.00 secs] 
2019-01-25T15:24:37.305+0000: [CMS-concurrent-mark-start]
2019-01-25T15:24:37.414+0000: [CMS-concurrent-mark: 0.087/0.109 secs] [Times: user=0.18 sys=0.01, real=0.11 secs] 
2019-01-25T15:24:37.414+0000: [CMS-concurrent-preclean-start]
2019-01-25T15:24:37.416+0000: [CMS-concurrent-preclean: 0.001/0.001 secs] [Times: user=0.00 sys=0.00, real=0.00 secs] 
2019-01-25T15:24:37.416+0000: [CMS-concurrent-abortable-preclean-start]
2019-01-25T15:24:37.793+0000: [GC (Allocation Failure) 2019-01-25T15:24:37.793+0000: [ParNew2019-01-25T15:24:37.805+0000: [CMS-concurrent-abortable-preclean: 0.088/0.389 secs] [Times: user=0.71 sys=0.01, real=0.39 secs] 
: 74347K->5206K(77440K), 0.0121464 secs] 196605K->127465K(249472K), 0.0122229 secs] [Times: user=0.03 sys=0.00, real=0.01 secs] 
2019-01-25T15:24:37.805+0000: [GC (CMS Final Remark) [YG occupancy: 5849 K (77440 K)]2019-01-25T15:24:37.805+0000: [Rescan (parallel) , 0.0200539 secs]2019-01-25T15:24:37.826+0000: [weak refs processing, 0.0000839 secs]2019-01-25T15:24:37.826+0000: [class unloading, 0.0056657 secs]2019-01-25T15:24:37.831+0000: [scrub symbol table, 0.0055905 secs]2019-01-25T15:24:37.837+0000: [scrub string table, 0.0005386 secs][1 CMS-remark: 122258K(172032K)] 128107K(249472K), 0.0321948 secs] [Times: user=0.03 sys=0.00, real=0.03 secs] 
2019-01-25T15:24:37.838+0000: [CMS-concurrent-sweep-start]
2019-01-25T15:24:37.842+0000: [CMS-concurrent-sweep: 0.004/0.004 secs] [Times: user=0.02 sys=0.00, real=0.01 secs] 
2019-01-25T15:24:37.842+0000: [CMS-concurrent-reset-start]
2019-01-25T15:24:37.859+0000: [CMS-concurrent-reset: 0.012/0.016 secs] [Times: user=0.04 sys=0.00, real=0.01 secs] 
2019-01-25T15:24:38.142+0000: [GC (Allocation Failure) 2019-01-25T15:24:38.142+0000: [ParNew: 74070K->5700K(77440K), 0.0215135 secs] 195999K->129031K(280656K), 0.0215979 secs] [Times: user=0.06 sys=0.00, real=0.02 secs] 
2019-01-25T15:24:38.686+0000: [GC (Allocation Failure) 2019-01-25T15:24:38.686+0000: [ParNew: 74564K->4267K(77440K), 0.0245747 secs] 197895K->127597K(280656K), 0.0246595 secs] [Times: user=0.04 sys=0.00, real=0.03 secs] 
2019-01-25T15:24:39.241+0000: [GC (Allocation Failure) 2019-01-25T15:24:39.241+0000: [ParNew: 73131K->6018K(77440K), 0.0229515 secs] 196461K->129348K(280656K), 0.0230325 secs] [Times: user=0.03 sys=0.00, real=0.03 secs] 
2019-01-25T15:24:39.753+0000: [GC (Allocation Failure) 2019-01-25T15:24:39.753+0000: [ParNew: 74882K->7834K(77440K), 0.0121714 secs] 198212K->132008K(280656K), 0.0122396 secs] [Times: user=0.03 sys=0.00, real=0.01 secs] 
2019-01-25T15:24:40.534+0000: [GC (Allocation Failure) 2019-01-25T15:24:40.534+0000: [ParNew: 76698K->7729K(77440K), 0.0239350 secs] 200872K->134541K(280656K), 0.0240042 secs] [Times: user=0.04 sys=0.00, real=0.02 secs] 
2019-01-25T15:24:40.957+0000: [GC (Allocation Failure) 2019-01-25T15:24:40.958+0000: [ParNew: 76593K->5326K(77440K), 0.0331356 secs] 203405K->136005K(280656K), 0.0332146 secs] [Times: user=0.07 sys=0.00, real=0.04 secs] 
2019-01-25T15:24:41.427+0000: [GC (Allocation Failure) 2019-01-25T15:24:41.427+0000: [ParNew: 74190K->2880K(77440K), 0.0061669 secs] 204869K->133559K(280656K), 0.0062318 secs] [Times: user=0.01 sys=0.00, real=0.01 secs] 
2019-01-25T15:24:42.370+0000: [GC (Allocation Failure) 2019-01-25T15:24:42.370+0000: [ParNew: 71744K->5884K(77440K), 0.0278102 secs] 202423K->136563K(280656K), 0.0278786 secs] [Times: user=0.04 sys=0.00, real=0.02 secs] 
2019-01-25T15:24:43.150+0000: [GC (Allocation Failure) 2019-01-25T15:24:43.150+0000: [ParNew: 74748K->4272K(77440K), 0.0248434 secs] 205427K->138376K(280656K), 0.0249229 secs] [Times: user=0.05 sys=0.00, real=0.03 secs] 
2019-01-25T15:24:43.182+0000: [GC (CMS Initial Mark) [1 CMS-initial-mark: 134103K(203216K)] 139291K(280656K), 0.0044098 secs] [Times: user=0.01 sys=0.00, real=0.00 secs] 
2019-01-25T15:24:43.187+0000: [CMS-concurrent-mark-start]
2019-01-25T15:24:43.434+0000: [CMS-concurrent-mark: 0.247/0.247 secs] [Times: user=0.55 sys=0.00, real=0.25 secs] 
2019-01-25T15:24:43.434+0000: [CMS-concurrent-preclean-start]
2019-01-25T15:24:43.436+0000: [CMS-concurrent-preclean: 0.002/0.002 secs] [Times: user=0.00 sys=0.00, real=0.00 secs] 
2019-01-25T15:24:43.436+0000: [CMS-concurrent-abortable-preclean-start]
2019-01-25T15:24:43.734+0000: [GC (Allocation Failure) 2019-01-25T15:24:43.734+0000: [ParNew: 73136K->1458K(77440K), 0.0360632 secs] 207240K->135561K(280656K), 0.0361463 secs] [Times: user=0.05 sys=0.00, real=0.03 secs] 
2019-01-25T15:24:44.149+0000: [CMS-concurrent-abortable-preclean: 0.193/0.713 secs] [Times: user=1.38 sys=0.01, real=0.71 secs] 
2019-01-25T15:24:44.166+0000: [GC (CMS Final Remark) [YG occupancy: 68006 K (77440 K)]2019-01-25T15:24:44.166+0000: [Rescan (parallel) , 0.1112237 secs]2019-01-25T15:24:44.277+0000: [weak refs processing, 0.0001458 secs]2019-01-25T15:24:44.277+0000: [class unloading, 0.0125263 secs]2019-01-25T15:24:44.290+0000: [scrub symbol table, 0.0130682 secs]2019-01-25T15:24:44.303+0000: [scrub string table, 0.0007691 secs][1 CMS-remark: 134103K(203216K)] 202110K(280656K), 0.1383063 secs] [Times: user=0.20 sys=0.00, real=0.14 secs] 
2019-01-25T15:24:44.304+0000: [CMS-concurrent-sweep-start]
2019-01-25T15:24:44.316+0000: [CMS-concurrent-sweep: 0.011/0.011 secs] [Times: user=0.03 sys=0.00, real=0.01 secs] 
2019-01-25T15:24:44.316+0000: [GC (Allocation Failure) 2019-01-25T15:24:44.316+0000: [ParNew: 70322K->2297K(77440K), 0.0096976 secs] 203266K->135242K(280656K), 0.0097395 secs] [Times: user=0.03 sys=0.00, real=0.01 secs] 
2019-01-25T15:24:44.362+0000: [CMS-concurrent-reset-start]
2019-01-25T15:24:44.389+0000: [CMS-concurrent-reset: 0.027/0.027 secs] [Times: user=0.06 sys=0.00, real=0.02 secs] 
2019-01-25T15:24:44.614+0000: [GC (Allocation Failure) 2019-01-25T15:24:44.614+0000: [ParNew: 71161K->3416K(77440K), 0.0203534 secs] 204106K->136361K(299016K), 0.0204380 secs] [Times: user=0.03 sys=0.00, real=0.02 secs] 
2019-01-25T15:24:44.853+0000: [GC (Allocation Failure) 2019-01-25T15:24:44.853+0000: [ParNew: 72280K->4569K(77440K), 0.0369361 secs] 205225K->137513K(299016K), 0.0370079 secs] [Times: user=0.04 sys=0.00, real=0.04 secs] 
2019-01-25T15:24:45.090+0000: [GC (Allocation Failure) 2019-01-25T15:24:45.090+0000: [ParNew: 73433K->3714K(77440K), 0.0280391 secs] 206377K->136658K(299016K), 0.0281241 secs] [Times: user=0.02 sys=0.00, real=0.02 secs] 
2019-01-25T15:24:45.270+0000: [GC (Allocation Failure) 2019-01-25T15:24:45.270+0000: [ParNew: 72578K->4870K(77440K), 0.0167954 secs] 205522K->138410K(299016K), 0.0168844 secs] [Times: user=0.02 sys=0.00, real=0.01 secs] 
2019-01-25T15:24:45.354+0000: [GC (Allocation Failure) 2019-01-25T15:24:45.354+0000: [ParNew: 73734K->4691K(77440K), 0.0232178 secs] 207274K->138646K(299016K), 0.0232881 secs] [Times: user=0.03 sys=0.00, real=0.02 secs] 
2019-01-25T15:24:45.530+0000: [GC (Allocation Failure) 2019-01-25T15:24:45.530+0000: [ParNew: 73555K->5524K(77440K), 0.0320665 secs] 207510K->139933K(299016K), 0.0321616 secs] [Times: user=0.04 sys=0.00, real=0.03 secs] 
2019-01-25T15:24:45.654+0000: [GC (Allocation Failure) 2019-01-25T15:24:45.654+0000: [ParNew: 74388K->5213K(77440K), 0.0321659 secs] 208797K->140128K(299016K), 0.0322419 secs] [Times: user=0.04 sys=0.00, real=0.03 secs] 
2019-01-25T15:24:45.847+0000: [GC (Allocation Failure) 2019-01-25T15:24:45.847+0000: [ParNew: 74077K->6347K(77440K), 0.0289122 secs] 208992K->141683K(299016K), 0.0289943 secs] [Times: user=0.04 sys=0.00, real=0.03 secs] 
2019-01-25T15:24:46.014+0000: [GC (Allocation Failure) 2019-01-25T15:24:46.014+0000: [ParNew: 75211K->7291K(77440K), 0.0415282 secs] 210547K->143778K(299016K), 0.0416073 secs] [Times: user=0.05 sys=0.00, real=0.04 secs] 
2019-01-25T15:24:46.211+0000: [GC (Allocation Failure) 2019-01-25T15:24:46.211+0000: [ParNew: 76155K->6446K(77440K), 0.0719974 secs] 212642K->144594K(299016K), 0.0720863 secs] [Times: user=0.07 sys=0.00, real=0.07 secs] 
2019-01-25T15:24:46.414+0000: [GC (Allocation Failure) 2019-01-25T15:24:46.414+0000: [ParNew: 75310K->5082K(77440K), 0.0485102 secs] 213458K->145024K(299016K), 0.0486196 secs] [Times: user=0.05 sys=0.00, real=0.05 secs] 
2019-01-25T15:24:46.598+0000: [GC (Allocation Failure) 2019-01-25T15:24:46.598+0000: [ParNew: 73946K->7409K(77440K), 0.0378957 secs] 213888K->147351K(299016K), 0.0379861 secs] [Times: user=0.04 sys=0.00, real=0.04 secs] 
2019-01-25T15:24:46.726+0000: [GC (Allocation Failure) 2019-01-25T15:24:46.726+0000: [ParNew: 76273K->7100K(77440K), 0.0562724 secs] 216215K->148210K(299016K), 0.0563522 secs] [Times: user=0.06 sys=0.00, real=0.06 secs] 
2019-01-25T15:24:46.867+0000: [GC (Allocation Failure) 2019-01-25T15:24:46.867+0000: [ParNew: 75964K->5491K(77440K), 0.0188336 secs] 217074K->149330K(299016K), 0.0189078 secs] [Times: user=0.04 sys=0.00, real=0.02 secs] 
2019-01-25T15:24:46.996+0000: [GC (Allocation Failure) 2019-01-25T15:24:46.996+0000: [ParNew: 74355K->6468K(77440K), 0.0299467 secs] 218194K->150307K(299016K), 0.0300161 secs] [Times: user=0.06 sys=0.00, real=0.03 secs] 
2019-01-25T15:24:47.156+0000: [GC (Allocation Failure) 2019-01-25T15:24:47.156+0000: [ParNew: 75332K->6765K(77440K), 0.0388261 secs] 219171K->152001K(299016K), 0.0389211 secs] [Times: user=0.08 sys=0.01, real=0.04 secs] 
2019-01-25T15:24:47.269+0000: [GC (Allocation Failure) 2019-01-25T15:24:47.269+0000: [ParNew: 75629K->6375K(77440K), 0.0372017 secs] 220865K->151611K(299016K), 0.0372652 secs] [Times: user=0.04 sys=0.00, real=0.04 secs] 
2019-01-25T15:24:47.439+0000: [GC (Allocation Failure) 2019-01-25T15:24:47.439+0000: [ParNew: 75239K->6082K(77440K), 0.0360861 secs] 220475K->152643K(299016K), 0.0361598 secs] [Times: user=0.06 sys=0.00, real=0.04 secs] 
2019-01-25T15:24:47.548+0000: [GC (Allocation Failure) 2019-01-25T15:24:47.549+0000: [ParNew: 74946K->7585K(77440K), 0.0382302 secs] 221507K->156198K(299016K), 0.0382943 secs] [Times: user=0.07 sys=0.00, real=0.04 secs] 
2019-01-25T15:24:47.672+0000: [GC (Allocation Failure) 2019-01-25T15:24:47.672+0000: [ParNew: 76449K->5543K(77440K), 0.0412839 secs] 225062K->157211K(299016K), 0.0413531 secs] [Times: user=0.06 sys=0.00, real=0.04 secs] 
2019-01-25T15:24:47.832+0000: [GC (Allocation Failure) 2019-01-25T15:24:47.832+0000: [ParNew: 74407K->6239K(77440K), 0.0216334 secs] 226075K->157907K(299016K), 0.0217166 secs] [Times: user=0.03 sys=0.00, real=0.02 secs] 
2019-01-25T15:24:47.930+0000: [GC (Allocation Failure) 2019-01-25T15:24:47.930+0000: [ParNew: 75103K->4288K(77440K), 0.0274093 secs] 226771K->159025K(299016K), 0.0274918 secs] [Times: user=0.04 sys=0.00, real=0.02 secs] 
2019-01-25T15:24:48.048+0000: [GC (Allocation Failure) 2019-01-25T15:24:48.048+0000: [ParNew: 73152K->5613K(77440K), 0.0227558 secs] 227889K->160350K(299016K), 0.0228523 secs] [Times: user=0.04 sys=0.00, real=0.03 secs] 
2019-01-25T15:24:48.143+0000: [GC (Allocation Failure) 2019-01-25T15:24:48.143+0000: [ParNew: 74477K->5669K(77440K), 0.0140938 secs] 229214K->160407K(299016K), 0.0141753 secs] [Times: user=0.04 sys=0.00, real=0.01 secs] 
2019-01-25T15:24:48.274+0000: [GC (Allocation Failure) 2019-01-25T15:24:48.274+0000: [ParNew: 74533K->5808K(77440K), 0.0488960 secs] 229271K->161457K(299016K), 0.0489678 secs] [Times: user=0.05 sys=0.00, real=0.05 secs] 
2019-01-25T15:24:48.345+0000: [GC (CMS Initial Mark) [1 CMS-initial-mark: 155648K(221576K)] 173955K(299016K), 0.0165601 secs] [Times: user=0.02 sys=0.00, real=0.02 secs] 
2019-01-25T15:24:48.362+0000: [CMS-concurrent-mark-start]
2019-01-25T15:24:48.465+0000: [GC (Allocation Failure) 2019-01-25T15:24:48.465+0000: [ParNew: 74672K->7489K(77440K), 0.0222786 secs] 230321K->164327K(299016K), 0.0223772 secs] [Times: user=0.05 sys=0.00, real=0.02 secs] 
2019-01-25T15:24:48.613+0000: [CMS-concurrent-mark: 0.222/0.251 secs] [Times: user=0.49 sys=0.00, real=0.25 secs] 
2019-01-25T15:24:48.613+0000: [GC (Allocation Failure) 2019-01-25T15:24:48.613+0000: [ParNew: 76353K->8442K(77440K), 0.0356571 secs] 233191K->166750K(299016K), 0.0357220 secs] [Times: user=0.07 sys=0.00, real=0.03 secs] 
2019-01-25T15:24:48.649+0000: [CMS-concurrent-preclean-start]
2019-01-25T15:24:48.687+0000: [CMS-concurrent-preclean: 0.037/0.038 secs] [Times: user=0.07 sys=0.01, real=0.04 secs] 
2019-01-25T15:24:48.687+0000: [CMS-concurrent-abortable-preclean-start]
2019-01-25T15:24:48.740+0000: [GC (Allocation Failure) 2019-01-25T15:24:48.740+0000: [ParNew: 77306K->6679K(77440K), 0.0246352 secs] 235614K->168727K(299016K), 0.0247026 secs] [Times: user=0.06 sys=0.00, real=0.03 secs] 
2019-01-25T15:24:48.823+0000: [CMS-concurrent-abortable-preclean: 0.109/0.135 secs] [Times: user=0.32 sys=0.01, real=0.14 secs] 
2019-01-25T15:24:48.842+0000: [GC (CMS Final Remark) [YG occupancy: 45409 K (77440 K)]2019-01-25T15:24:48.842+0000: [Rescan (parallel) , 0.0379681 secs]2019-01-25T15:24:48.880+0000: [weak refs processing, 0.0002731 secs]2019-01-25T15:24:48.880+0000: [class unloading, 0.0124569 secs]2019-01-25T15:24:48.893+0000: [scrub symbol table, 0.0093194 secs]2019-01-25T15:24:48.902+0000: [scrub string table, 0.0008856 secs][1 CMS-remark: 162048K(221576K)] 207458K(299016K), 0.0611944 secs] [Times: user=0.09 sys=0.00, real=0.06 secs] 
2019-01-25T15:24:48.903+0000: [CMS-concurrent-sweep-start]
2019-01-25T15:24:48.946+0000: [GC (Allocation Failure) 2019-01-25T15:24:48.946+0000: [ParNew: 75543K->6632K(77440K), 0.0524638 secs] 235535K->166625K(299016K), 0.0525530 secs] [Times: user=0.06 sys=0.00, real=0.05 secs] 
2019-01-25T15:24:49.043+0000: [CMS-concurrent-sweep: 0.079/0.140 secs] [Times: user=0.22 sys=0.01, real=0.14 secs] 
2019-01-25T15:24:49.044+0000: [CMS-concurrent-reset-start]
2019-01-25T15:24:49.078+0000: [CMS-concurrent-reset: 0.034/0.034 secs] [Times: user=0.06 sys=0.00, real=0.03 secs] 
2019-01-25T15:24:49.113+0000: [GC (Allocation Failure) 2019-01-25T15:24:49.113+0000: [ParNew: 75496K->6822K(77440K), 0.0455898 secs] 235233K->169398K(343668K), 0.0456623 secs] [Times: user=0.07 sys=0.00, real=0.04 secs] 
2019-01-25T15:24:49.262+0000: [GC (Allocation Failure) 2019-01-25T15:24:49.262+0000: [ParNew: 75686K->7075K(77440K), 0.0224487 secs] 238262K->170697K(343668K), 0.0225342 secs] [Times: user=0.05 sys=0.00, real=0.02 secs] 
2019-01-25T15:24:49.395+0000: [GC (Allocation Failure) 2019-01-25T15:24:49.395+0000: [ParNew: 75939K->6869K(77440K), 0.0361193 secs] 239561K->171722K(343668K), 0.0362011 secs] [Times: user=0.09 sys=0.00, real=0.04 secs] 
2019-01-25T15:24:49.518+0000: [GC (Allocation Failure) 2019-01-25T15:24:49.518+0000: [ParNew: 75733K->6105K(77440K), 0.0361023 secs] 240586K->173859K(343668K), 0.0361915 secs] [Times: user=0.05 sys=0.00, real=0.04 secs] 
2019-01-25T15:24:49.623+0000: [GC (Allocation Failure) 2019-01-25T15:24:49.623+0000: [ParNew: 74969K->6322K(77440K), 0.0442739 secs] 242723K->174076K(343668K), 0.0443474 secs] [Times: user=0.06 sys=0.00, real=0.04 secs] 
2019-01-25T15:24:49.778+0000: [GC (Allocation Failure) 2019-01-25T15:24:49.778+0000: [ParNew: 75186K->6060K(77440K), 0.0269981 secs] 242940K->174801K(343668K), 0.0270692 secs] [Times: user=0.07 sys=0.00, real=0.03 secs] 
2019-01-25T15:24:49.877+0000: [GC (Allocation Failure) 2019-01-25T15:24:49.877+0000: [ParNew: 74924K->6662K(77440K), 0.0303414 secs] 243665K->176449K(343668K), 0.0304185 secs] [Times: user=0.05 sys=0.00, real=0.03 secs] 
2019-01-25T15:24:50.018+0000: [GC (Allocation Failure) 2019-01-25T15:24:50.018+0000: [ParNew: 75526K->6693K(77440K), 0.0484320 secs] 245313K->177966K(343668K), 0.0485037 secs] [Times: user=0.08 sys=0.00, real=0.05 secs] 
2019-01-25T15:24:50.154+0000: [GC (Allocation Failure) 2019-01-25T15:24:50.154+0000: [ParNew: 75557K->7247K(77440K), 0.0470215 secs] 246830K->178520K(343668K), 0.0470891 secs] [Times: user=0.09 sys=0.00, real=0.04 secs] 
2019-01-25T15:24:50.298+0000: [GC (Allocation Failure) 2019-01-25T15:24:50.298+0000: [ParNew: 76111K->6262K(77440K), 0.0281243 secs] 247384K->178652K(343668K), 0.0281894 secs] [Times: user=0.05 sys=0.00, real=0.03 secs] 
2019-01-25T15:24:50.412+0000: [GC (Allocation Failure) 2019-01-25T15:24:50.412+0000: [ParNew: 75126K->6056K(77440K), 0.0382200 secs] 247516K->179293K(343668K), 0.0383475 secs] [Times: user=0.05 sys=0.00, real=0.04 secs] 
2019-01-25T15:24:50.538+0000: [GC (Allocation Failure) 2019-01-25T15:24:50.538+0000: [ParNew: 74920K->8576K(77440K), 0.0336674 secs] 248157K->182824K(343668K), 0.0337526 secs] [Times: user=0.07 sys=0.00, real=0.04 secs] 
2019-01-25T15:24:50.678+0000: [GC (Allocation Failure) 2019-01-25T15:24:50.678+0000: [ParNew: 77437K->6710K(77440K), 0.0467486 secs] 251686K->183857K(343668K), 0.0468249 secs] [Times: user=0.07 sys=0.00, real=0.05 secs] 
2019-01-25T15:24:50.853+0000: [GC (Allocation Failure) 2019-01-25T15:24:50.853+0000: [ParNew: 75574K->5128K(77440K), 0.0254358 secs] 252721K->182918K(343668K), 0.0255174 secs] [Times: user=0.05 sys=0.00, real=0.02 secs] 
2019-01-25T15:24:50.970+0000: [GC (Allocation Failure) 2019-01-25T15:24:50.970+0000: [ParNew: 73992K->3583K(77440K), 0.0288035 secs] 251782K->184448K(343668K), 0.0288893 secs] [Times: user=0.07 sys=0.00, real=0.02 secs] 
2019-01-25T15:24:51.073+0000: [GC (Allocation Failure) 2019-01-25T15:24:51.073+0000: [ParNew: 72447K->5156K(77440K), 0.0330079 secs] 253312K->186021K(343668K), 0.0330965 secs] [Times: user=0.05 sys=0.00, real=0.03 secs] 
2019-01-25T15:24:51.202+0000: [GC (Allocation Failure) 2019-01-25T15:24:51.202+0000: [ParNew: 74020K->6193K(77440K), 0.0252452 secs] 254885K->187058K(343668K), 0.0253304 secs] [Times: user=0.05 sys=0.00, real=0.02 secs] 
2019-01-25T15:24:51.304+0000: [GC (Allocation Failure) 2019-01-25T15:24:51.304+0000: [ParNew: 75057K->5739K(77440K), 0.0646904 secs] 255922K->187966K(343668K), 0.0647766 secs] [Times: user=0.06 sys=0.00, real=0.06 secs] 
2019-01-25T15:24:51.454+0000: [GC (Allocation Failure) 2019-01-25T15:24:51.454+0000: [ParNew: 74603K->4643K(77440K), 0.0443798 secs] 256830K->188054K(343668K), 0.0444512 secs] [Times: user=0.06 sys=0.00, real=0.04 secs] 
2019-01-25T15:24:51.582+0000: [GC (Allocation Failure) 2019-01-25T15:24:51.582+0000: [ParNew: 73507K->6428K(77440K), 0.0368866 secs] 256918K->191074K(343668K), 0.0369693 secs] [Times: user=0.07 sys=0.00, real=0.03 secs] 
2019-01-25T15:24:51.726+0000: [GC (Allocation Failure) 2019-01-25T15:24:51.726+0000: [ParNew: 75292K->5976K(77440K), 0.0405703 secs] 259938K->192751K(343668K), 0.0406694 secs] [Times: user=0.06 sys=0.01, real=0.04 secs] 
2019-01-25T15:24:51.770+0000: [GC (CMS Initial Mark) [1 CMS-initial-mark: 186775K(266228K)] 196707K(343668K), 0.0154495 secs] [Times: user=0.01 sys=0.00, real=0.01 secs] 
2019-01-25T15:24:51.786+0000: [CMS-concurrent-mark-start]
2019-01-25T15:24:51.910+0000: [GC (Allocation Failure) 2019-01-25T15:24:51.910+0000: [ParNew: 74840K->5876K(77440K), 0.0362873 secs] 261615K->193530K(343668K), 0.0363708 secs] [Times: user=0.04 sys=0.00, real=0.03 secs] 
2019-01-25T15:24:52.110+0000: [GC (Allocation Failure) 2019-01-25T15:24:52.110+0000: [ParNew: 74740K->3664K(77440K), 0.0609531 secs] 262394K->194087K(343668K), 0.0610350 secs] [Times: user=0.10 sys=0.00, real=0.06 secs] 
2019-01-25T15:24:52.315+0000: [GC (Allocation Failure) 2019-01-25T15:24:52.315+0000: [ParNew: 72528K->4543K(77440K), 0.0205958 secs] 262951K->194966K(343668K), 0.0206604 secs] [Times: user=0.03 sys=0.00, real=0.02 secs] 
2019-01-25T15:24:52.442+0000: [GC (Allocation Failure) 2019-01-25T15:24:52.442+0000: [ParNew: 73407K->4733K(77440K), 0.0308173 secs] 263830K->195156K(343668K), 0.0309024 secs] [Times: user=0.04 sys=0.00, real=0.03 secs] 
2019-01-25T15:24:52.544+0000: [GC (Allocation Failure) 2019-01-25T15:24:52.544+0000: [ParNew: 73597K->8576K(77440K), 0.0311122 secs] 264020K->199748K(343668K), 0.0311859 secs] [Times: user=0.07 sys=0.00, real=0.03 secs] 
2019-01-25T15:24:52.678+0000: [CMS-concurrent-mark: 0.659/0.891 secs] [Times: user=1.51 sys=0.05, real=0.89 secs] 
2019-01-25T15:24:52.678+0000: [CMS-concurrent-preclean-start]
2019-01-25T15:24:52.715+0000: [GC (Allocation Failure) 2019-01-25T15:24:52.715+0000: [ParNew: 77440K->3368K(77440K), 0.0235221 secs] 268612K->202055K(343668K), 0.0235914 secs] [Times: user=0.07 sys=0.00, real=0.02 secs] 
2019-01-25T15:24:52.850+0000: [GC (Allocation Failure) 2019-01-25T15:24:52.850+0000: [ParNew: 72232K->1910K(77440K), 0.0199506 secs] 270919K->200597K(343668K), 0.0200160 secs] [Times: user=0.02 sys=0.00, real=0.02 secs] 
2019-01-25T15:24:52.870+0000: [CMS-concurrent-preclean: 0.114/0.193 secs] [Times: user=0.34 sys=0.02, real=0.20 secs] 
2019-01-25T15:24:52.873+0000: [GC (CMS Final Remark) [YG occupancy: 2986 K (77440 K)]2019-01-25T15:24:52.873+0000: [Rescan (parallel) , 0.0133512 secs]2019-01-25T15:24:52.886+0000: [weak refs processing, 0.0000493 secs]2019-01-25T15:24:52.886+0000: [class unloading, 0.0096567 secs]2019-01-25T15:24:52.896+0000: [scrub symbol table, 0.0172281 secs]2019-01-25T15:24:52.913+0000: [scrub string table, 0.0007380 secs][1 CMS-remark: 198686K(266228K)] 201673K(343668K), 0.0411587 secs] [Times: user=0.04 sys=0.00, real=0.04 secs] 
2019-01-25T15:24:52.919+0000: [CMS-concurrent-sweep-start]
2019-01-25T15:24:53.010+0000: [GC (Allocation Failure) 2019-01-25T15:24:53.010+0000: [ParNew: 70774K->2835K(77440K), 0.0204124 secs] 268159K->200220K(343668K), 0.0204958 secs] [Times: user=0.03 sys=0.00, real=0.02 secs] 
2019-01-25T15:24:53.086+0000: [CMS-concurrent-sweep: 0.146/0.167 secs] [Times: user=0.35 sys=0.02, real=0.17 secs] 
2019-01-25T15:24:53.086+0000: [CMS-concurrent-reset-start]
2019-01-25T15:24:53.106+0000: [GC (Allocation Failure) 2019-01-25T15:24:53.106+0000: [ParNew: 71699K->3974K(77440K), 0.0395167 secs] 266011K->198287K(401296K), 0.0395989 secs] [Times: user=0.04 sys=0.00, real=0.04 secs] 
2019-01-25T15:24:53.151+0000: [CMS-concurrent-reset: 0.020/0.064 secs] [Times: user=0.10 sys=0.01, real=0.07 secs] 
2019-01-25T15:24:53.274+0000: [GC (Allocation Failure) 2019-01-25T15:24:53.274+0000: [ParNew: 72838K->8440K(77440K), 0.0278630 secs] 267151K->202753K(401296K), 0.0279448 secs] [Times: user=0.06 sys=0.00, real=0.03 secs] 
2019-01-25T15:24:53.430+0000: [GC (Allocation Failure) 2019-01-25T15:24:53.430+0000: [ParNew: 77304K->2926K(77440K), 0.0530441 secs] 271617K->204393K(401296K), 0.0531319 secs] [Times: user=0.08 sys=0.01, real=0.05 secs] 
2019-01-25T15:24:53.586+0000: [GC (Allocation Failure) 2019-01-25T15:24:53.586+0000: [ParNew: 71790K->2073K(77440K), 0.0352174 secs] 273257K->203540K(401296K), 0.0353028 secs] [Times: user=0.03 sys=0.00, real=0.03 secs] 
2019-01-25T15:24:53.738+0000: [GC (Allocation Failure) 2019-01-25T15:24:53.738+0000: [ParNew: 70937K->2909K(77440K), 0.0278963 secs] 272404K->204375K(401296K), 0.0279998 secs] [Times: user=0.04 sys=0.00, real=0.03 secs] 
2019-01-25T15:24:53.880+0000: [GC (Allocation Failure) 2019-01-25T15:24:53.880+0000: [ParNew: 71773K->3017K(77440K), 0.0146669 secs] 273239K->204483K(401296K), 0.0147468 secs] [Times: user=0.03 sys=0.00, real=0.02 secs] 
2019-01-25T15:24:53.995+0000: [GC (Allocation Failure) 2019-01-25T15:24:53.995+0000: [ParNew: 71881K->4150K(77440K), 0.0267340 secs] 273347K->205616K(401296K), 0.0268194 secs] [Times: user=0.04 sys=0.00, real=0.03 secs] 
2019-01-25T15:24:54.126+0000: [GC (Allocation Failure) 2019-01-25T15:24:54.126+0000: [ParNew: 73014K->4915K(77440K), 0.0279441 secs] 274480K->206381K(401296K), 0.0280115 secs] [Times: user=0.05 sys=0.00, real=0.03 secs] 
2019-01-25T15:24:54.249+0000: [GC (Allocation Failure) 2019-01-25T15:24:54.249+0000: [ParNew: 73779K->6281K(77440K), 0.0436823 secs] 275245K->208458K(401296K), 0.0437649 secs] [Times: user=0.05 sys=0.00, real=0.05 secs] 
2019-01-25T15:24:54.382+0000: [GC (Allocation Failure) 2019-01-25T15:24:54.382+0000: [ParNew: 75145K->8576K(77440K), 0.0687067 secs] 277322K->211737K(401296K), 0.0687903 secs] [Times: user=0.07 sys=0.00, real=0.08 secs] 
2019-01-25T15:24:54.547+0000: [GC (Allocation Failure) 2019-01-25T15:24:54.547+0000: [ParNew: 77440K->3857K(77440K), 0.0503692 secs] 280601K->215032K(401296K), 0.0504525 secs] [Times: user=0.13 sys=0.00, real=0.05 secs] 
2019-01-25T15:24:54.686+0000: [GC (Allocation Failure) 2019-01-25T15:24:54.686+0000: [ParNew: 72721K->3006K(77440K), 0.0196086 secs] 283896K->214181K(401296K), 0.0196933 secs] [Times: user=0.03 sys=0.00, real=0.02 secs] 
2019-01-25T15:24:54.786+0000: [GC (Allocation Failure) 2019-01-25T15:24:54.786+0000: [ParNew: 71870K->4389K(77440K), 0.0311811 secs] 283045K->215564K(401296K), 0.0312597 secs] [Times: user=0.06 sys=0.00, real=0.03 secs] 
2019-01-25T15:24:54.882+0000: [GC (Allocation Failure) 2019-01-25T15:24:54.882+0000: [ParNew: 73253K->5277K(77440K), 0.0438067 secs] 284428K->216452K(401296K), 0.0439080 secs] [Times: user=0.05 sys=0.00, real=0.04 secs] 
2019-01-25T15:24:55.014+0000: [GC (Allocation Failure) 2019-01-25T15:24:55.014+0000: [ParNew: 74141K->5970K(77440K), 0.0242949 secs] 285316K->218535K(401296K), 0.0243786 secs] [Times: user=0.06 sys=0.00, real=0.02 secs] 
2019-01-25T15:24:55.138+0000: [GC (Allocation Failure) 2019-01-25T15:24:55.138+0000: [ParNew: 74834K->5630K(77440K), 0.0209039 secs] 287399K->218195K(401296K), 0.0209789 secs] [Times: user=0.06 sys=0.00, real=0.02 secs] 
2019-01-25T15:24:55.246+0000: [GC (Allocation Failure) 2019-01-25T15:24:55.246+0000: [ParNew: 74494K->6497K(77440K), 0.0342895 secs] 287059K->220072K(401296K), 0.0343699 secs] [Times: user=0.07 sys=0.00, real=0.03 secs] 
2019-01-25T15:24:55.365+0000: [GC (Allocation Failure) 2019-01-25T15:24:55.365+0000: [ParNew: 75361K->8576K(77440K), 0.0497635 secs] 288936K->222959K(401296K), 0.0498406 secs] [Times: user=0.08 sys=0.01, real=0.05 secs] 
2019-01-25T15:24:55.516+0000: [GC (Allocation Failure) 2019-01-25T15:24:55.516+0000: [ParNew: 77440K->7873K(77440K), 0.0907368 secs] 291823K->224005K(401296K), 0.0908244 secs] [Times: user=0.14 sys=0.01, real=0.09 secs] 
2019-01-25T15:24:55.687+0000: [GC (Allocation Failure) 2019-01-25T15:24:55.687+0000: [ParNew: 76737K->5604K(77440K), 0.0563976 secs] 292869K->223767K(401296K), 0.0564786 secs] [Times: user=0.09 sys=0.00, real=0.06 secs] 
2019-01-25T15:24:55.863+0000: [GC (Allocation Failure) 2019-01-25T15:24:55.863+0000: [ParNew: 74468K->4778K(77440K), 0.0264308 secs] 292631K->224612K(401296K), 0.0265127 secs] [Times: user=0.06 sys=0.00, real=0.02 secs] 
2019-01-25T15:24:55.981+0000: [GC (Allocation Failure) 2019-01-25T15:24:55.981+0000: [ParNew: 73642K->5760K(77440K), 0.0332935 secs] 293476K->225595K(401296K), 0.0333676 secs] [Times: user=0.07 sys=0.00, real=0.04 secs] 
2019-01-25T15:24:56.122+0000: [GC (Allocation Failure) 2019-01-25T15:24:56.122+0000: [ParNew: 74624K->5808K(77440K), 0.0370356 secs] 294459K->227551K(401296K), 0.0371150 secs] [Times: user=0.07 sys=0.01, real=0.03 secs] 
2019-01-25T15:24:56.230+0000: [GC (Allocation Failure) 2019-01-25T15:24:56.230+0000: [ParNew: 74672K->6607K(77440K), 0.0361233 secs] 296415K->229193K(401296K), 0.0362391 secs] [Times: user=0.07 sys=0.00, real=0.03 secs] 
2019-01-25T15:24:56.363+0000: [GC (Allocation Failure) 2019-01-25T15:24:56.363+0000: [ParNew: 75471K->5661K(77440K), 0.0432820 secs] 298057K->228960K(401296K), 0.0433562 secs] [Times: user=0.06 sys=0.00, real=0.04 secs] 
2019-01-25T15:24:56.510+0000: [GC (Allocation Failure) 2019-01-25T15:24:56.510+0000: [ParNew: 74525K->4606K(77440K), 0.0523544 secs] 297824K->229292K(401296K), 0.0524251 secs] [Times: user=0.06 sys=0.00, real=0.05 secs] 
2019-01-25T15:24:56.678+0000: [GC (Allocation Failure) 2019-01-25T15:24:56.678+0000: [ParNew: 73470K->7211K(77440K), 0.0300112 secs] 298156K->231897K(401296K), 0.0300919 secs] [Times: user=0.06 sys=0.00, real=0.03 secs] 
2019-01-25T15:24:56.790+0000: [GC (Allocation Failure) 2019-01-25T15:24:56.790+0000: [ParNew: 76075K->6720K(77440K), 0.0590748 secs] 300761K->232724K(401296K), 0.0591704 secs] [Times: user=0.07 sys=0.00, real=0.06 secs] 
2019-01-25T15:24:56.938+0000: [GC (Allocation Failure) 2019-01-25T15:24:56.938+0000: [ParNew: 75584K->5889K(77440K), 0.0456717 secs] 301588K->231894K(401296K), 0.0457521 secs] [Times: user=0.06 sys=0.00, real=0.05 secs] 
2019-01-25T15:24:57.080+0000: [GC (Allocation Failure) 2019-01-25T15:24:57.080+0000: [ParNew: 74753K->6263K(77440K), 0.0461522 secs] 300758K->233325K(401296K), 0.0462362 secs] [Times: user=0.07 sys=0.00, real=0.05 secs] 
2019-01-25T15:24:57.127+0000: [GC (CMS Initial Mark) [1 CMS-initial-mark: 227062K(323856K)] 234033K(401296K), 0.0028979 secs] [Times: user=0.00 sys=0.00, real=0.00 secs] 
2019-01-25T15:24:57.138+0000: [CMS-concurrent-mark-start]
2019-01-25T15:24:57.214+0000: [GC (Allocation Failure) 2019-01-25T15:24:57.214+0000: [ParNew: 75127K->5413K(77440K), 0.0348268 secs] 302189K->233280K(401296K), 0.0349118 secs] [Times: user=0.06 sys=0.00, real=0.03 secs] 
2019-01-25T15:24:57.335+0000: [GC (Allocation Failure) 2019-01-25T15:24:57.335+0000: [ParNew: 74277K->4154K(77440K), 0.0365386 secs] 302144K->232735K(401296K), 0.0366223 secs] [Times: user=0.06 sys=0.01, real=0.04 secs] 
2019-01-25T15:24:57.494+0000: [GC (Allocation Failure) 2019-01-25T15:24:57.494+0000: [ParNew: 73018K->4914K(77440K), 0.0455035 secs] 301599K->234138K(401296K), 0.0455880 secs] [Times: user=0.09 sys=0.00, real=0.04 secs] 
2019-01-25T15:24:57.634+0000: [GC (Allocation Failure) 2019-01-25T15:24:57.634+0000: [ParNew: 73778K->5567K(77440K), 0.0402838 secs] 303002K->235488K(401296K), 0.0403693 secs] [Times: user=0.06 sys=0.00, real=0.04 secs] 
2019-01-25T15:24:57.767+0000: [GC (Allocation Failure) 2019-01-25T15:24:57.767+0000: [ParNew: 74431K->5308K(77440K), 0.0262549 secs] 304352K->235945K(401296K), 0.0263378 secs] [Times: user=0.06 sys=0.00, real=0.03 secs] 
2019-01-25T15:24:57.913+0000: [GC (Allocation Failure) 2019-01-25T15:24:57.913+0000: [ParNew: 74172K->4152K(77440K), 0.0453227 secs] 304809K->235538K(401296K), 0.0453984 secs] [Times: user=0.06 sys=0.00, real=0.04 secs] 
2019-01-25T15:24:58.057+0000: [CMS-concurrent-mark: 0.663/0.919 secs] [Times: user=1.80 sys=0.03, real=0.92 secs] 
2019-01-25T15:24:58.066+0000: [GC (Allocation Failure) 2019-01-25T15:24:58.066+0000: [ParNew: 73016K->4106K(77440K), 0.0242897 secs] 304402K->235994K(401296K), 0.0243514 secs] [Times: user=0.05 sys=0.00, real=0.03 secs] 
2019-01-25T15:24:58.093+0000: [CMS-concurrent-preclean-start]
2019-01-25T15:24:58.149+0000: [CMS-concurrent-preclean: 0.052/0.056 secs] [Times: user=0.12 sys=0.00, real=0.05 secs] 
2019-01-25T15:24:58.149+0000: [CMS-concurrent-abortable-preclean-start]
2019-01-25T15:24:58.217+0000: [GC (Allocation Failure) 2019-01-25T15:24:58.217+0000: [ParNew: 72970K->4197K(77440K), 0.0373811 secs] 304858K->236575K(401296K), 0.0374652 secs] [Times: user=0.06 sys=0.00, real=0.04 secs] 
2019-01-25T15:24:58.342+0000: [GC (Allocation Failure) 2019-01-25T15:24:58.342+0000: [ParNew: 73061K->4163K(77440K), 0.0300723 secs] 305439K->236981K(401296K), 0.0301555 secs] [Times: user=0.05 sys=0.00, real=0.03 secs] 
2019-01-25T15:24:58.478+0000: [GC (Allocation Failure) 2019-01-25T15:24:58.478+0000: [ParNew: 73027K->4312K(77440K), 0.0285627 secs] 305845K->237670K(401296K), 0.0286458 secs] [Times: user=0.05 sys=0.00, real=0.03 secs] 
2019-01-25T15:24:58.521+0000: [CMS-concurrent-abortable-preclean: 0.205/0.372 secs] [Times: user=0.69 sys=0.03, real=0.37 secs] 
2019-01-25T15:24:58.530+0000: [GC (CMS Final Remark) [YG occupancy: 13863 K (77440 K)]2019-01-25T15:24:58.530+0000: [Rescan (parallel) , 0.0394358 secs]2019-01-25T15:24:58.570+0000: [weak refs processing, 0.0000442 secs]2019-01-25T15:24:58.570+0000: [class unloading, 0.0079770 secs]2019-01-25T15:24:58.578+0000: [scrub symbol table, 0.0220097 secs]2019-01-25T15:24:58.600+0000: [scrub string table, 0.0008031 secs][1 CMS-remark: 233357K(323856K)] 247220K(401296K), 0.0704537 secs] [Times: user=0.07 sys=0.00, real=0.06 secs] 
2019-01-25T15:24:58.606+0000: [CMS-concurrent-sweep-start]
2019-01-25T15:24:58.696+0000: [GC (Allocation Failure) 2019-01-25T15:24:58.696+0000: [ParNew: 73176K->5395K(77440K), 0.0377754 secs] 304434K->237034K(401296K), 0.0378577 secs] [Times: user=0.05 sys=0.00, real=0.04 secs] 
2019-01-25T15:24:58.846+0000: [GC (Allocation Failure) 2019-01-25T15:24:58.846+0000: [ParNew: 74259K->6052K(77440K), 0.0306946 secs] 301784K->234123K(401296K), 0.0307803 secs] [Times: user=0.06 sys=0.00, real=0.03 secs] 
2019-01-25T15:24:58.903+0000: [CMS-concurrent-sweep: 0.212/0.297 secs] [Times: user=0.56 sys=0.01, real=0.30 secs] 
2019-01-25T15:24:58.903+0000: [CMS-concurrent-reset-start]
2019-01-25T15:24:58.939+0000: [CMS-concurrent-reset: 0.036/0.036 secs] [Times: user=0.05 sys=0.01, real=0.03 secs] 
2019-01-25T15:24:58.972+0000: [GC (Allocation Failure) 2019-01-25T15:24:58.972+0000: [ParNew: 74916K->5702K(77440K), 0.0504435 secs] 302987K->234151K(457560K), 0.0505172 secs] [Times: user=0.05 sys=0.00, real=0.05 secs] 
2019-01-25T15:24:59.093+0000: [GC (Allocation Failure) 2019-01-25T15:24:59.093+0000: [ParNew: 74566K->7024K(77440K), 0.0411585 secs] 303015K->235881K(457560K), 0.0412226 secs] [Times: user=0.05 sys=0.00, real=0.04 secs] 
2019-01-25T15:24:59.196+0000: [GC (Allocation Failure) 2019-01-25T15:24:59.196+0000: [ParNew: 75888K->7452K(77440K), 0.0542026 secs] 304745K->236907K(457560K), 0.0542897 secs] [Times: user=0.06 sys=0.00, real=0.06 secs] 
2019-01-25T15:24:59.338+0000: [GC (Allocation Failure) 2019-01-25T15:24:59.338+0000: [ParNew: 76316K->8576K(77440K), 0.0362390 secs] 305771K->238798K(457560K), 0.0363246 secs] [Times: user=0.07 sys=0.00, real=0.04 secs] 
2019-01-25T15:24:59.474+0000: [GC (Allocation Failure) 2019-01-25T15:24:59.474+0000: [ParNew: 77440K->6662K(77440K), 0.0489035 secs] 307662K->238560K(457560K), 0.0489877 secs] [Times: user=0.07 sys=0.00, real=0.05 secs] 
2019-01-25T15:24:59.594+0000: [GC (Allocation Failure) 2019-01-25T15:24:59.594+0000: [ParNew: 75526K->5005K(77440K), 0.0603530 secs] 307424K->246367K(457560K), 0.0604385 secs] [Times: user=0.08 sys=0.01, real=0.06 secs] 
2019-01-25T15:24:59.771+0000: [GC (Allocation Failure) 2019-01-25T15:24:59.771+0000: [ParNew: 73869K->7817K(77440K), 0.0456800 secs] 315231K->249180K(457560K), 0.0457894 secs] [Times: user=0.07 sys=0.00, real=0.04 secs] 
2019-01-25T15:24:59.914+0000: [GC (Allocation Failure) 2019-01-25T15:24:59.914+0000: [ParNew: 76681K->7768K(77440K), 0.0443562 secs] 318044K->250293K(457560K), 0.0444388 secs] [Times: user=0.08 sys=0.01, real=0.04 secs] 
2019-01-25T15:25:00.078+0000: [GC (Allocation Failure) 2019-01-25T15:25:00.078+0000: [ParNew: 76632K->7729K(77440K), 0.0479956 secs] 319157K->251594K(457560K), 0.0480779 secs] [Times: user=0.08 sys=0.00, real=0.05 secs] 
2019-01-25T15:25:00.229+0000: [GC (Allocation Failure) 2019-01-25T15:25:00.229+0000: [ParNew: 76593K->7674K(77440K), 0.0533736 secs] 320458K->252614K(457560K), 0.0534470 secs] [Times: user=0.08 sys=0.00, real=0.06 secs] 
2019-01-25T15:25:00.354+0000: [GC (Allocation Failure) 2019-01-25T15:25:00.354+0000: [ParNew: 76538K->7775K(77440K), 0.0623945 secs] 321478K->254492K(457560K), 0.0624820 secs] [Times: user=0.09 sys=0.00, real=0.06 secs] 
2019-01-25T15:25:00.534+0000: [GC (Allocation Failure) 2019-01-25T15:25:00.534+0000: [ParNew: 76639K->5303K(77440K), 0.0543693 secs] 323356K->254193K(457560K), 0.0544491 secs] [Times: user=0.08 sys=0.00, real=0.05 secs] 
2019-01-25T15:25:00.690+0000: [GC (Allocation Failure) 2019-01-25T15:25:00.690+0000: [ParNew: 74167K->6036K(77440K), 0.0569002 secs] 323057K->256135K(457560K), 0.0569820 secs] [Times: user=0.08 sys=0.00, real=0.06 secs] 
2019-01-25T15:25:00.854+0000: [GC (Allocation Failure) 2019-01-25T15:25:00.854+0000: [ParNew: 74900K->6616K(77440K), 0.0323866 secs] 324999K->256715K(457560K), 0.0324724 secs] [Times: user=0.06 sys=0.00, real=0.03 secs] 
2019-01-25T15:25:00.984+0000: [GC (Allocation Failure) 2019-01-25T15:25:00.985+0000: [ParNew: 75480K->7517K(77440K), 0.0491946 secs] 325579K->259481K(457560K), 0.0492802 secs] [Times: user=0.11 sys=0.00, real=0.05 secs] 
2019-01-25T15:25:01.142+0000: [GC (Allocation Failure) 2019-01-25T15:25:01.142+0000: [ParNew: 76381K->5830K(77440K), 0.0475919 secs] 328345K->259356K(457560K), 0.0476775 secs] [Times: user=0.08 sys=0.00, real=0.04 secs] 
2019-01-25T15:25:01.272+0000: [GC (Allocation Failure) 2019-01-25T15:25:01.272+0000: [ParNew: 74694K->8576K(77440K), 0.0821890 secs] 328220K->263624K(457560K), 0.0822658 secs] [Times: user=0.10 sys=0.00, real=0.08 secs] 
2019-01-25T15:25:01.442+0000: [GC (Allocation Failure) 2019-01-25T15:25:01.442+0000: [ParNew: 77440K->4321K(77440K), 0.0895343 secs] 332488K->276249K(457560K), 0.0896200 secs] [Times: user=0.14 sys=0.00, real=0.09 secs] 
2019-01-25T15:25:01.550+0000: [GC (CMS Initial Mark) [1 CMS-initial-mark: 271927K(380120K)] 283677K(457560K), 0.0040794 secs] [Times: user=0.01 sys=0.00, real=0.00 secs] 
2019-01-25T15:25:01.554+0000: [CMS-concurrent-mark-start]
2019-01-25T15:25:01.646+0000: [GC (Allocation Failure) 2019-01-25T15:25:01.646+0000: [ParNew: 73185K->5943K(77440K), 0.0363692 secs] 345113K->277870K(457560K), 0.0364532 secs] [Times: user=0.07 sys=0.00, real=0.04 secs] 
2019-01-25T15:25:01.809+0000: [GC (Allocation Failure) 2019-01-25T15:25:01.809+0000: [ParNew: 73279K->7346K(77440K), 0.0697846 secs] 345207K->281592K(457560K), 0.0698487 secs] [Times: user=0.10 sys=0.00, real=0.07 secs] 
2019-01-25T15:25:01.990+0000: [GC (Allocation Failure) 2019-01-25T15:25:01.990+0000: [ParNew: 76210K->4984K(77440K), 0.0764858 secs] 350456K->289971K(457560K), 0.0765715 secs] [Times: user=0.11 sys=0.01, real=0.07 secs] 
2019-01-25T15:25:02.174+0000: [GC (Allocation Failure) 2019-01-25T15:25:02.174+0000: [ParNew: 73848K->8576K(77440K), 0.0504786 secs] 358835K->293563K(457560K), 0.0505660 secs] [Times: user=0.08 sys=0.00, real=0.05 secs] 
2019-01-25T15:25:02.326+0000: [GC (Allocation Failure) 2019-01-25T15:25:02.326+0000: [ParNew: 77440K->7212K(77440K), 0.0430451 secs] 362427K->294831K(457560K), 0.0431247 secs] [Times: user=0.11 sys=0.00, real=0.04 secs] 
2019-01-25T15:25:02.490+0000: [GC (Allocation Failure) 2019-01-25T15:25:02.490+0000: [ParNew: 76076K->8576K(77440K), 0.0266401 secs] 363695K->297605K(457560K), 0.0267214 secs] [Times: user=0.10 sys=0.00, real=0.02 secs] 
2019-01-25T15:25:02.650+0000: [GC (Allocation Failure) 2019-01-25T15:25:02.650+0000: [ParNew: 77440K->8466K(77440K), 0.0765170 secs] 366469K->299630K(457560K), 0.0766008 secs] [Times: user=0.12 sys=0.00, real=0.07 secs] 
2019-01-25T15:25:02.845+0000: [CMS-concurrent-mark: 0.888/1.291 secs] [Times: user=2.57 sys=0.05, real=1.29 secs] 
2019-01-25T15:25:02.846+0000: [GC (Allocation Failure) 2019-01-25T15:25:02.846+0000: [ParNew: 77330K->8576K(77440K), 0.0806860 secs] 368494K->301718K(457560K), 0.0807515 secs] [Times: user=0.13 sys=0.00, real=0.08 secs] 
2019-01-25T15:25:02.926+0000: [CMS-concurrent-preclean-start]
2019-01-25T15:25:03.026+0000: [GC (Allocation Failure) 2019-01-25T15:25:03.026+0000: [ParNew: 77440K->6277K(77440K), 0.0551284 secs] 370582K->303371K(457560K), 0.0552140 secs] [Times: user=0.10 sys=0.00, real=0.05 secs] 
2019-01-25T15:25:03.174+0000: [GC (Allocation Failure) 2019-01-25T15:25:03.174+0000: [ParNew: 75141K->6529K(77440K), 0.0561055 secs] 372235K->303624K(457560K), 0.0561941 secs] [Times: user=0.07 sys=0.00, real=0.06 secs] 
2019-01-25T15:25:03.330+0000: [GC (Allocation Failure) 2019-01-25T15:25:03.330+0000: [ParNew: 75393K->5706K(77440K), 0.0508449 secs] 372488K->305190K(457560K), 0.0509240 secs] [Times: user=0.10 sys=0.00, real=0.04 secs] 
2019-01-25T15:25:03.486+0000: [GC (Allocation Failure) 2019-01-25T15:25:03.487+0000: [ParNew: 74570K->8393K(77440K), 0.0663328 secs] 374054K->307876K(457560K), 0.0663986 secs] [Times: user=0.08 sys=0.00, real=0.07 secs] 
2019-01-25T15:25:03.562+0000: [CMS-concurrent-preclean: 0.335/0.636 secs] [Times: user=1.19 sys=0.06, real=0.64 secs] 
2019-01-25T15:25:03.607+0000: [GC (CMS Final Remark) [YG occupancy: 31239 K (77440 K)]2019-01-25T15:25:03.607+0000: [Rescan (parallel) , 0.0600631 secs]2019-01-25T15:25:03.667+0000: [weak refs processing, 0.0000446 secs]2019-01-25T15:25:03.667+0000: [class unloading, 0.0099750 secs]2019-01-25T15:25:03.677+0000: [scrub symbol table, 0.0090030 secs]2019-01-25T15:25:03.686+0000: [scrub string table, 0.0008016 secs][1 CMS-remark: 299483K(380120K)] 330723K(457560K), 0.0800626 secs] [Times: user=0.12 sys=0.00, real=0.08 secs] 
2019-01-25T15:25:03.738+0000: [CMS-concurrent-sweep-start]
2019-01-25T15:25:03.772+0000: [GC (Allocation Failure) 2019-01-25T15:25:03.772+0000: [ParNew: 77257K->7617K(77440K), 0.0969780 secs] 376740K->308200K(457560K), 0.0970607 secs] [Times: user=0.12 sys=0.00, real=0.09 secs] 
2019-01-25T15:25:03.973+0000: [GC (Allocation Failure) 2019-01-25T15:25:03.974+0000: [ParNew: 76481K->7111K(77440K), 0.0690591 secs] 377063K->310618K(457560K), 0.0691329 secs] [Times: user=0.11 sys=0.00, real=0.07 secs] 
2019-01-25T15:25:04.142+0000: [GC (Allocation Failure) 2019-01-25T15:25:04.142+0000: [ParNew: 75975K->5951K(77440K), 0.0480867 secs] 369242K->299217K(457560K), 0.0481678 secs] [Times: user=0.08 sys=0.00, real=0.05 secs] 
2019-01-25T15:25:04.275+0000: [CMS-concurrent-sweep: 0.317/0.537 secs] [Times: user=0.95 sys=0.04, real=0.54 secs] 
2019-01-25T15:25:04.275+0000: [CMS-concurrent-reset-start]
2019-01-25T15:25:04.286+0000: [GC (Allocation Failure) 2019-01-25T15:25:04.286+0000: [ParNew: 74815K->7084K(77440K), 0.0507997 secs] 368080K->301633K(566216K), 0.0508754 secs] [Times: user=0.08 sys=0.00, real=0.05 secs] 
2019-01-25T15:25:04.359+0000: [CMS-concurrent-reset: 0.020/0.084 secs] [Times: user=0.13 sys=0.00, real=0.08 secs] 
2019-01-25T15:25:04.446+0000: [GC (Allocation Failure) 2019-01-25T15:25:04.446+0000: [ParNew: 75948K->6333K(77440K), 0.0564582 secs] 370497K->302502K(566216K), 0.0565419 secs] [Times: user=0.09 sys=0.00, real=0.06 secs] 
2019-01-25T15:25:04.588+0000: [GC (Allocation Failure) 2019-01-25T15:25:04.588+0000: [ParNew: 75197K->7319K(77440K), 0.0619814 secs] 371366K->304644K(566216K), 0.0620661 secs] [Times: user=0.10 sys=0.01, real=0.07 secs] 
2019-01-25T15:25:04.754+0000: [GC (Allocation Failure) 2019-01-25T15:25:04.754+0000: [ParNew: 76183K->6000K(77440K), 0.0439871 secs] 373508K->304506K(566216K), 0.0440721 secs] [Times: user=0.08 sys=0.00, real=0.04 secs] 
2019-01-25T15:25:04.883+0000: [GC (Allocation Failure) 2019-01-25T15:25:04.883+0000: [ParNew: 74864K->6700K(77440K), 0.0321070 secs] 373370K->306363K(566216K), 0.0321819 secs] [Times: user=0.08 sys=0.00, real=0.03 secs] 
2019-01-25T15:25:04.997+0000: [GC (Allocation Failure) 2019-01-25T15:25:04.997+0000: [ParNew: 75564K->5704K(77440K), 0.0485993 secs] 375227K->305368K(566216K), 0.0486731 secs] [Times: user=0.06 sys=0.00, real=0.05 secs] 
2019-01-25T15:25:05.133+0000: [GC (Allocation Failure) 2019-01-25T15:25:05.133+0000: [ParNew: 74568K->5961K(77440K), 0.0461032 secs] 374232K->306900K(566216K), 0.0461762 secs] [Times: user=0.09 sys=0.00, real=0.04 secs] 
2019-01-25T15:25:05.273+0000: [GC (Allocation Failure) 2019-01-25T15:25:05.273+0000: [ParNew: 74825K->7911K(77440K), 0.0557631 secs] 375764K->308850K(566216K), 0.0558329 secs] [Times: user=0.08 sys=0.00, real=0.05 secs] 
2019-01-25T15:25:05.438+0000: [GC (Allocation Failure) 2019-01-25T15:25:05.438+0000: [ParNew: 76775K->7063K(77440K), 0.0305134 secs] 377714K->309096K(566216K), 0.0305965 secs] [Times: user=0.08 sys=0.00, real=0.03 secs] 
2019-01-25T15:25:05.566+0000: [GC (Allocation Failure) 2019-01-25T15:25:05.566+0000: [ParNew: 75927K->6003K(77440K), 0.0467318 secs] 377960K->308800K(566216K), 0.0468172 secs] [Times: user=0.08 sys=0.00, real=0.05 secs] 
2019-01-25T15:25:05.714+0000: [GC (Allocation Failure) 2019-01-25T15:25:05.714+0000: [ParNew: 74867K->6133K(77440K), 0.0369546 secs] 377664K->310219K(566216K), 0.0370275 secs] [Times: user=0.08 sys=0.00, real=0.04 secs] 
2019-01-25T15:25:05.846+0000: [GC (Allocation Failure) 2019-01-25T15:25:05.846+0000: [ParNew: 74997K->6027K(77440K), 0.0578833 secs] 379083K->310885K(566216K), 0.0579550 secs] [Times: user=0.09 sys=0.00, real=0.06 secs] 
2019-01-25T15:25:06.002+0000: [GC (Allocation Failure) 2019-01-25T15:25:06.002+0000: [ParNew: 74891K->7537K(77440K), 0.0522917 secs] 379749K->313372K(566216K), 0.0523731 secs] [Times: user=0.09 sys=0.00, real=0.05 secs] 
2019-01-25T15:25:06.178+0000: [GC (Allocation Failure) 2019-01-25T15:25:06.178+0000: [ParNew: 76401K->5315K(77440K), 0.0446951 secs] 382236K->313008K(566216K), 0.0447831 secs] [Times: user=0.09 sys=0.00, real=0.05 secs] 
2019-01-25T15:25:06.310+0000: [GC (Allocation Failure) 2019-01-25T15:25:06.310+0000: [ParNew: 74179K->5870K(77440K), 0.0483315 secs] 381872K->314688K(566216K), 0.0484146 secs] [Times: user=0.08 sys=0.00, real=0.04 secs] 
2019-01-25T15:25:06.452+0000: [GC (Allocation Failure) 2019-01-25T15:25:06.452+0000: [ParNew: 74734K->6559K(77440K), 0.0581106 secs] 383552K->315377K(566216K), 0.0581908 secs] [Times: user=0.08 sys=0.00, real=0.06 secs] 
2019-01-25T15:25:06.609+0000: [GC (Allocation Failure) 2019-01-25T15:25:06.609+0000: [ParNew: 75423K->6165K(77440K), 0.0495353 secs] 384241K->316068K(566216K), 0.0496157 secs] [Times: user=0.08 sys=0.00, real=0.05 secs] 
2019-01-25T15:25:06.714+0000: [GC (Allocation Failure) 2019-01-25T15:25:06.715+0000: [ParNew: 75029K->4952K(77440K), 0.0719501 secs] 384932K->316119K(566216K), 0.0720264 secs] [Times: user=0.09 sys=0.00, real=0.07 secs] 
2019-01-25T15:25:06.886+0000: [GC (Allocation Failure) 2019-01-25T15:25:06.886+0000: [ParNew: 73816K->6667K(77440K), 0.0478669 secs] 384983K->317835K(566216K), 0.0479506 secs] [Times: user=0.07 sys=0.00, real=0.05 secs] 
2019-01-25T15:25:07.042+0000: [GC (Allocation Failure) 2019-01-25T15:25:07.043+0000: [ParNew: 75531K->5980K(77440K), 0.0622861 secs] 386699K->318084K(566216K), 0.0623700 secs] [Times: user=0.11 sys=0.00, real=0.06 secs] 
2019-01-25T15:25:07.234+0000: [GC (Allocation Failure) 2019-01-25T15:25:07.234+0000: [ParNew: 74844K->7272K(77440K), 0.0612056 secs] 386948K->320291K(566216K), 0.0612909 secs] [Times: user=0.08 sys=0.01, real=0.06 secs] 
2019-01-25T15:25:07.378+0000: [GC (Allocation Failure) 2019-01-25T15:25:07.378+0000: [ParNew: 76136K->6323K(77440K), 0.0499103 secs] 389155K->321107K(566216K), 0.0499842 secs] [Times: user=0.09 sys=0.00, real=0.05 secs] 
2019-01-25T15:25:07.522+0000: [GC (Allocation Failure) 2019-01-25T15:25:07.522+0000: [ParNew: 75187K->5717K(77440K), 0.0460471 secs] 389971K->321082K(566216K), 0.0461333 secs] [Times: user=0.07 sys=0.00, real=0.04 secs] 
2019-01-25T15:25:07.698+0000: [GC (Allocation Failure) 2019-01-25T15:25:07.698+0000: [ParNew: 74581K->8022K(77440K), 0.0521063 secs] 389946K->324026K(566216K), 0.0521965 secs] [Times: user=0.07 sys=0.00, real=0.06 secs] 
2019-01-25T15:25:07.852+0000: [GC (Allocation Failure) 2019-01-25T15:25:07.852+0000: [ParNew: 76886K->5965K(77440K), 0.0562250 secs] 392890K->322848K(566216K), 0.0563087 secs] [Times: user=0.09 sys=0.00, real=0.05 secs] 
2019-01-25T15:25:08.057+0000: [GC (Allocation Failure) 2019-01-25T15:25:08.057+0000: [ParNew: 74829K->6180K(77440K), 0.0738945 secs] 391712K->324268K(566216K), 0.0739779 secs] [Times: user=0.08 sys=0.00, real=0.08 secs] 
2019-01-25T15:25:08.372+0000: [GC (Allocation Failure) 2019-01-25T15:25:08.372+0000: [ParNew: 75044K->8576K(77440K), 0.0563992 secs] 393132K->327731K(566216K), 0.0564844 secs] [Times: user=0.11 sys=0.00, real=0.05 secs] 
2019-01-25T15:25:08.662+0000: [GC (Allocation Failure) 2019-01-25T15:25:08.662+0000: [ParNew: 77440K->5496K(77440K), 0.0699829 secs] 396595K->326309K(566216K), 0.0700724 secs] [Times: user=0.10 sys=0.00, real=0.07 secs] 
2019-01-25T15:25:10.036+0000: [GC (GCLocker Initiated GC) 2019-01-25T15:25:10.036+0000: [ParNew: 74392K->8576K(77440K), 0.0549524 secs] 395205K->330480K(566216K), 0.0550288 secs] [Times: user=0.10 sys=0.00, real=0.06 secs] 
2019-01-25T15:25:18.386+0000: [GC (Allocation Failure) 2019-01-25T15:25:18.387+0000: [ParNew: 77440K->4635K(77440K), 0.0360511 secs] 399344K->328996K(566216K), 0.0361347 secs] [Times: user=0.08 sys=0.00, real=0.04 secs] 
2019-01-25T15:25:18.690+0000: [GC (Allocation Failure) 2019-01-25T15:25:18.690+0000: [ParNew: 64278K->5166K(77440K), 0.0692847 secs] 388639K->362295K(566216K), 0.0693603 secs] [Times: user=0.13 sys=0.01, real=0.06 secs] 
2019-01-25T15:25:18.766+0000: [GC (CMS Initial Mark) [1 CMS-initial-mark: 357128K(488776K)] 380531K(566216K), 0.0118095 secs] [Times: user=0.02 sys=0.00, real=0.01 secs] 
2019-01-25T15:25:18.781+0000: [CMS-concurrent-mark-start]
2019-01-25T15:25:18.966+0000: [CMS-concurrent-mark: 0.154/0.185 secs] [Times: user=0.31 sys=0.01, real=0.19 secs] 
2019-01-25T15:25:18.977+0000: [CMS-concurrent-preclean-start]
2019-01-25T15:25:18.979+0000: [CMS-concurrent-preclean: 0.003/0.003 secs] [Times: user=0.00 sys=0.00, real=0.00 secs] 
2019-01-25T15:25:18.980+0000: [CMS-concurrent-abortable-preclean-start]
2019-01-25T15:25:19.374+0000: [GC (Allocation Failure) 2019-01-25T15:25:19.374+0000: [ParNew2019-01-25T15:25:19.454+0000: [CMS-concurrent-abortable-preclean: 0.252/0.474 secs] [Times: user=0.96 sys=0.02, real=0.48 secs] 
: 74030K->8576K(77440K), 0.0842554 secs] 431159K->383401K(566216K), 0.0843232 secs] [Times: user=0.12 sys=0.02, real=0.08 secs] 
2019-01-25T15:25:19.483+0000: [GC (CMS Final Remark) [YG occupancy: 10743 K (77440 K)]2019-01-25T15:25:19.483+0000: [Rescan (parallel) , 0.0149402 secs]2019-01-25T15:25:19.498+0000: [weak refs processing, 0.0000923 secs]2019-01-25T15:25:19.498+0000: [class unloading, 0.0105959 secs]2019-01-25T15:25:19.509+0000: [scrub symbol table, 0.0217708 secs]2019-01-25T15:25:19.531+0000: [scrub string table, 0.0008106 secs][1 CMS-remark: 374825K(488776K)] 385568K(566216K), 0.0484489 secs] [Times: user=0.04 sys=0.00, real=0.05 secs] 
2019-01-25T15:25:19.532+0000: [CMS-concurrent-sweep-start]
2019-01-25T15:25:20.258+0000: [GC (Allocation Failure) 2019-01-25T15:25:20.258+0000: [ParNew: 77121K->8576K(77440K), 0.1715973 secs] 329090K->287765K(566216K), 0.1716849 secs] [Times: user=0.32 sys=0.00, real=0.17 secs] 
2019-01-25T15:25:20.733+0000: [CMS-concurrent-sweep: 0.950/1.202 secs] [Times: user=2.49 sys=0.02, real=1.20 secs] 
2019-01-25T15:25:20.734+0000: [CMS-concurrent-reset-start]
2019-01-25T15:25:20.745+0000: [CMS-concurrent-reset: 0.011/0.011 secs] [Times: user=0.04 sys=0.00, real=0.01 secs] 
2019-01-25T15:25:20.955+0000: [GC (Allocation Failure) 2019-01-25T15:25:20.955+0000: [ParNew: 77440K->8576K(77440K), 0.1855756 secs] 287495K->258891K(566216K), 0.1856609 secs] [Times: user=0.40 sys=0.00, real=0.18 secs] 
2019-01-25T15:25:21.511+0000: [GC (Allocation Failure) 2019-01-25T15:25:21.511+0000: [ParNew: 77440K->8576K(77440K), 0.2556688 secs] 327755K->308951K(566216K), 0.2557545 secs] [Times: user=0.48 sys=0.00, real=0.25 secs] 
2019-01-25T15:25:21.786+0000: [GC (CMS Initial Mark) [1 CMS-initial-mark: 300375K(488776K)] 311175K(566216K), 0.0056073 secs] [Times: user=0.02 sys=0.00, real=0.01 secs] 
2019-01-25T15:25:21.792+0000: [CMS-concurrent-mark-start]
2019-01-25T15:25:22.211+0000: [GC (Allocation Failure) 2019-01-25T15:25:22.211+0000: [ParNew: 77440K->8576K(77440K), 0.3343562 secs] 377815K->346424K(566216K), 0.3344267 secs] [Times: user=0.45 sys=0.00, real=0.33 secs] 
2019-01-25T15:25:22.866+0000: [CMS-concurrent-mark: 0.689/1.074 secs] [Times: user=1.98 sys=0.02, real=1.07 secs] 
2019-01-25T15:25:22.866+0000: [CMS-concurrent-preclean-start]
2019-01-25T15:25:22.896+0000: [GC (Allocation Failure) 2019-01-25T15:25:22.896+0000: [ParNew: 77440K->8328K(77440K), 0.0864344 secs] 415288K->354748K(566216K), 0.0865037 secs] [Times: user=0.16 sys=0.00, real=0.09 secs] 
2019-01-25T15:25:23.111+0000: [GC (Allocation Failure) 2019-01-25T15:25:23.111+0000: [ParNew: 77192K->1051K(77440K), 0.0043014 secs] 423612K->347472K(566216K), 0.0043631 secs] [Times: user=0.01 sys=0.00, real=0.00 secs] 
2019-01-25T15:25:23.222+0000: [GC (Allocation Failure) 2019-01-25T15:25:23.222+0000: [ParNew: 69915K->410K(77440K), 0.0029904 secs] 416336K->346831K(566216K), 0.0030530 secs] [Times: user=0.01 sys=0.00, real=0.00 secs] 
2019-01-25T15:25:23.261+0000: [CMS-concurrent-preclean: 0.271/0.395 secs] [Times: user=0.82 sys=0.03, real=0.39 secs] 
2019-01-25T15:25:23.261+0000: [CMS-concurrent-abortable-preclean-start]
2019-01-25T15:25:23.294+0000: [GC (Allocation Failure) 2019-01-25T15:25:23.295+0000: [ParNew: 69274K->206K(77440K), 0.0159176 secs] 415695K->346627K(566216K), 0.0159709 secs] [Times: user=0.02 sys=0.00, real=0.02 secs] 
2019-01-25T15:25:23.311+0000: [CMS-concurrent-abortable-preclean: 0.013/0.050 secs] [Times: user=0.12 sys=0.00, real=0.06 secs] 
2019-01-25T15:25:23.326+0000: [GC (CMS Final Remark) [YG occupancy: 16806 K (77440 K)]2019-01-25T15:25:23.326+0000: [Rescan (parallel) , 0.0132772 secs]2019-01-25T15:25:23.339+0000: [weak refs processing, 0.0000344 secs]2019-01-25T15:25:23.339+0000: [class unloading, 0.0097700 secs]2019-01-25T15:25:23.349+0000: [scrub symbol table, 0.0078656 secs]2019-01-25T15:25:23.357+0000: [scrub string table, 0.0007549 secs][1 CMS-remark: 346420K(488776K)] 363227K(566216K), 0.0319210 secs] [Times: user=0.05 sys=0.00, real=0.03 secs] 
2019-01-25T15:25:23.378+0000: [CMS-concurrent-sweep-start]
2019-01-25T15:25:23.433+0000: [GC (Allocation Failure) 2019-01-25T15:25:23.433+0000: [ParNew: 69070K->147K(77440K), 0.0057312 secs] 415087K->346164K(566216K), 0.0057875 secs] [Times: user=0.00 sys=0.00, real=0.00 secs] 
2019-01-25T15:25:23.522+0000: [GC (Allocation Failure) 2019-01-25T15:25:23.522+0000: [ParNew: 69011K->114K(77440K), 0.0158839 secs] 415025K->346128K(566216K), 0.0159520 secs] [Times: user=0.01 sys=0.00, real=0.01 secs] 
2019-01-25T15:25:23.622+0000: [GC (Allocation Failure) 2019-01-25T15:25:23.622+0000: [ParNew: 68978K->53K(77440K), 0.0060895 secs] 414992K->346185K(566216K), 0.0061550 secs] [Times: user=0.01 sys=0.00, real=0.00 secs] 
2019-01-25T15:25:23.757+0000: [GC (Allocation Failure) 2019-01-25T15:25:23.757+0000: [ParNew: 68917K->179K(77440K), 0.0043832 secs] 400827K->332090K(566216K), 0.0044368 secs] [Times: user=0.01 sys=0.00, real=0.00 secs] 
2019-01-25T15:25:23.802+0000: [CMS-concurrent-sweep: 0.275/0.424 secs] [Times: user=0.81 sys=0.03, real=0.43 secs] 
2019-01-25T15:25:23.803+0000: [CMS-concurrent-reset-start]
2019-01-25T15:25:23.826+0000: [CMS-concurrent-reset: 0.024/0.024 secs] [Times: user=0.05 sys=0.00, real=0.02 secs] 
2019-01-25T15:25:23.923+0000: [GC (Allocation Failure) 2019-01-25T15:25:23.923+0000: [ParNew: 69043K->119K(77440K), 0.0037828 secs] 394337K->325413K(619596K), 0.0038451 secs] [Times: user=0.01 sys=0.00, real=0.00 secs] 
2019-01-25T15:25:24.416+0000: [GC (Allocation Failure) 2019-01-25T15:25:24.416+0000: [ParNew: 68983K->408K(77440K), 0.0036132 secs] 394277K->325701K(619596K), 0.0036845 secs] [Times: user=0.01 sys=0.00, real=0.00 secs] 
Heap
 par new generation   total 77440K, used 52324K [0x0000000680000000, 0x0000000685400000, 0x0000000694cc0000)
  eden space 68864K,  75% used [0x0000000680000000, 0x00000006832b31f0, 0x0000000684340000)
  from space 8576K,   4% used [0x0000000684340000, 0x00000006843a6118, 0x0000000684ba0000)
  to   space 8576K,   0% used [0x0000000684ba0000, 0x0000000684ba0000, 0x0000000685400000)
 concurrent mark-sweep generation total 542156K, used 325293K [0x0000000694cc0000, 0x00000006b5e33000, 0x00000007c0000000)
 Metaspace       used 62036K, capacity 62780K, committed 63024K, reserved 1103872K
  class space    used 7921K, capacity 8111K, committed 8240K, reserved 1048576K
