2019-01-25T15:24:31.084+0000: [GC (Allocation Failure) 2019-01-25T15:24:31.084+0000: [ParNew: 68864K->6793K(77440K), 0.0074074 secs] 68864K->6793K(249472K), 0.0074895 secs] [Times: user=0.02 sys=0.01, real=0.01 secs] 
2019-01-25T15:24:31.403+0000: [GC (Allocation Failure) 2019-01-25T15:24:31.403+0000: [ParNew: 75657K->4536K(77440K), 0.0175786 secs] 75657K->6928K(249472K), 0.0176291 secs] [Times: user=0.05 sys=0.00, real=0.02 secs] 
2019-01-25T15:24:31.849+0000: [GC (Allocation Failure) 2019-01-25T15:24:31.849+0000: [ParNew: 73400K->3537K(77440K), 0.0039145 secs] 75792K->5928K(249472K), 0.0039652 secs] [Times: user=0.01 sys=0.00, real=0.00 secs] 
2019-01-25T15:24:32.175+0000: [GC (Allocation Failure) 2019-01-25T15:24:32.175+0000: [ParNew: 72401K->4360K(77440K), 0.0042085 secs] 74792K->6752K(249472K), 0.0042566 secs] [Times: user=0.01 sys=0.00, real=0.00 secs] 
2019-01-25T15:24:32.442+0000: [GC (Allocation Failure) 2019-01-25T15:24:32.442+0000: [ParNew: 73224K->5842K(77440K), 0.0049243 secs] 75616K->8233K(249472K), 0.0049749 secs] [Times: user=0.02 sys=0.00, real=0.01 secs] 
2019-01-25T15:24:32.660+0000: [GC (Allocation Failure) 2019-01-25T15:24:32.660+0000: [ParNew: 63730K->4830K(77440K), 0.0145741 secs] 66121K->24366K(249472K), 0.0146210 secs] [Times: user=0.05 sys=0.01, real=0.02 secs] 
2019-01-25T15:24:32.677+0000: [GC (CMS Initial Mark) [1 CMS-initial-mark: 19536K(172032K)] 40750K(249472K), 0.0014284 secs] [Times: user=0.01 sys=0.00, real=0.00 secs] 
2019-01-25T15:24:32.678+0000: [CMS-concurrent-mark-start]
2019-01-25T15:24:32.717+0000: [CMS-concurrent-mark: 0.039/0.039 secs] [Times: user=0.08 sys=0.01, real=0.04 secs] 
2019-01-25T15:24:32.718+0000: [CMS-concurrent-preclean-start]
2019-01-25T15:24:32.718+0000: [CMS-concurrent-preclean: 0.001/0.001 secs] [Times: user=0.00 sys=0.00, real=0.00 secs] 
2019-01-25T15:24:32.718+0000: [CMS-concurrent-abortable-preclean-start]
2019-01-25T15:24:32.905+0000: [GC (Allocation Failure) 2019-01-25T15:24:32.905+0000: [ParNew: 73694K->5421K(77440K), 0.0145045 secs] 93230K->41342K(249472K), 0.0145578 secs] [Times: user=0.05 sys=0.00, real=0.02 secs] 
2019-01-25T15:24:33.072+0000: [CMS-concurrent-abortable-preclean: 0.165/0.354 secs] [Times: user=0.68 sys=0.03, real=0.35 secs] 
2019-01-25T15:24:33.073+0000: [GC (CMS Final Remark) [YG occupancy: 55335 K (77440 K)]2019-01-25T15:24:33.073+0000: [Rescan (parallel) , 0.0046636 secs]2019-01-25T15:24:33.077+0000: [weak refs processing, 0.0000326 secs]2019-01-25T15:24:33.077+0000: [class unloading, 0.0029078 secs]2019-01-25T15:24:33.080+0000: [scrub symbol table, 0.0030150 secs]2019-01-25T15:24:33.083+0000: [scrub string table, 0.0003011 secs][1 CMS-remark: 35920K(172032K)] 91256K(249472K), 0.0112901 secs] [Times: user=0.02 sys=0.00, real=0.01 secs] 
2019-01-25T15:24:33.084+0000: [CMS-concurrent-sweep-start]
2019-01-25T15:24:33.085+0000: [CMS-concurrent-sweep: 0.001/0.001 secs] [Times: user=0.00 sys=0.00, real=0.00 secs] 
2019-01-25T15:24:33.085+0000: [CMS-concurrent-reset-start]
2019-01-25T15:24:33.250+0000: [CMS-concurrent-reset: 0.164/0.165 secs] [Times: user=0.36 sys=0.16, real=0.17 secs] 
2019-01-25T15:24:33.304+0000: [GC (Allocation Failure) 2019-01-25T15:24:33.304+0000: [ParNew: 74285K->7210K(77440K), 0.0090226 secs] 110190K->43984K(249472K), 0.0090810 secs] [Times: user=0.04 sys=0.00, real=0.01 secs] 
2019-01-25T15:24:33.495+0000: [GC (Allocation Failure) 2019-01-25T15:24:33.495+0000: [ParNew: 76074K->4907K(77440K), 0.0569143 secs] 112848K->76182K(249472K), 0.0569743 secs] [Times: user=0.20 sys=0.02, real=0.05 secs] 
2019-01-25T15:24:33.555+0000: [GC (CMS Initial Mark) [1 CMS-initial-mark: 71275K(172032K)] 76855K(249472K), 0.0043431 secs] [Times: user=0.02 sys=0.00, real=0.00 secs] 
2019-01-25T15:24:33.559+0000: [CMS-concurrent-mark-start]
2019-01-25T15:24:33.609+0000: [CMS-concurrent-mark: 0.050/0.050 secs] [Times: user=0.17 sys=0.01, real=0.05 secs] 
2019-01-25T15:24:33.609+0000: [CMS-concurrent-preclean-start]
2019-01-25T15:24:33.610+0000: [CMS-concurrent-preclean: 0.001/0.001 secs] [Times: user=0.01 sys=0.00, real=0.00 secs] 
2019-01-25T15:24:33.610+0000: [CMS-concurrent-abortable-preclean-start]
2019-01-25T15:24:33.890+0000: [GC (Allocation Failure) 2019-01-25T15:24:33.890+0000: [ParNew: 73771K->4823K(77440K), 0.0138072 secs] 145046K->92482K(249472K), 0.0138753 secs] [Times: user=0.04 sys=0.01, real=0.01 secs] 
2019-01-25T15:24:34.243+0000: [CMS-concurrent-abortable-preclean: 0.166/0.633 secs] [Times: user=1.94 sys=0.06, real=0.63 secs] 
2019-01-25T15:24:34.243+0000: [GC (CMS Final Remark) [YG occupancy: 47654 K (77440 K)]2019-01-25T15:24:34.243+0000: [Rescan (parallel) , 0.0101311 secs]2019-01-25T15:24:34.254+0000: [weak refs processing, 0.0000455 secs]2019-01-25T15:24:34.254+0000: [class unloading, 0.0057310 secs]2019-01-25T15:24:34.259+0000: [scrub symbol table, 0.0051685 secs]2019-01-25T15:24:34.265+0000: [scrub string table, 0.0005506 secs][1 CMS-remark: 87659K(172032K)] 135313K(249472K), 0.0221028 secs] [Times: user=0.06 sys=0.00, real=0.02 secs] 
2019-01-25T15:24:34.266+0000: [CMS-concurrent-sweep-start]
2019-01-25T15:24:34.269+0000: [CMS-concurrent-sweep: 0.003/0.003 secs] [Times: user=0.00 sys=0.00, real=0.00 secs] 
2019-01-25T15:24:34.269+0000: [CMS-concurrent-reset-start]
2019-01-25T15:24:34.281+0000: [CMS-concurrent-reset: 0.011/0.011 secs] [Times: user=0.05 sys=0.00, real=0.01 secs] 
2019-01-25T15:24:34.377+0000: [GC (Allocation Failure) 2019-01-25T15:24:34.377+0000: [ParNew: 73687K->6398K(77440K), 0.0087034 secs] 161293K->94316K(249472K), 0.0087756 secs] [Times: user=0.03 sys=0.00, real=0.01 secs] 
2019-01-25T15:24:34.592+0000: [GC (Allocation Failure) 2019-01-25T15:24:34.592+0000: [ParNew: 75262K->6112K(77440K), 0.0134117 secs] 163180K->96149K(249472K), 0.0134717 secs] [Times: user=0.05 sys=0.00, real=0.01 secs] 
2019-01-25T15:24:34.882+0000: [GC (Allocation Failure) 2019-01-25T15:24:34.882+0000: [ParNew: 74933K->4762K(77440K), 0.0101994 secs] 164970K->95380K(249472K), 0.0102579 secs] [Times: user=0.03 sys=0.00, real=0.01 secs] 
2019-01-25T15:24:35.031+0000: [GC (Allocation Failure) 2019-01-25T15:24:35.031+0000: [ParNew: 73626K->3419K(77440K), 0.0084283 secs] 164244K->94037K(249472K), 0.0084870 secs] [Times: user=0.03 sys=0.00, real=0.01 secs] 
2019-01-25T15:24:35.434+0000: [GC (Allocation Failure) 2019-01-25T15:24:35.434+0000: [ParNew: 72282K->7298K(77440K), 0.0068532 secs] 162900K->97916K(249472K), 0.0069109 secs] [Times: user=0.02 sys=0.00, real=0.01 secs] 
2019-01-25T15:24:35.819+0000: [GC (Allocation Failure) 2019-01-25T15:24:35.819+0000: [ParNew: 76162K->8575K(77440K), 0.0185424 secs] 166780K->101900K(249472K), 0.0186101 secs] [Times: user=0.06 sys=0.00, real=0.02 secs] 
2019-01-25T15:24:36.203+0000: [GC (Allocation Failure) 2019-01-25T15:24:36.203+0000: [ParNew: 77439K->6789K(77440K), 0.0125522 secs] 170764K->102021K(249472K), 0.0126071 secs] [Times: user=0.04 sys=0.00, real=0.02 secs] 
2019-01-25T15:24:36.465+0000: [GC (Allocation Failure) 2019-01-25T15:24:36.466+0000: [ParNew: 75653K->5465K(77440K), 0.0128449 secs] 170885K->102256K(249472K), 0.0129056 secs] [Times: user=0.04 sys=0.01, real=0.02 secs] 
2019-01-25T15:24:37.050+0000: [GC (Allocation Failure) 2019-01-25T15:24:37.050+0000: [ParNew: 74329K->7274K(77440K), 0.0209014 secs] 171120K->104065K(249472K), 0.0209700 secs] [Times: user=0.03 sys=0.00, real=0.02 secs] 
2019-01-25T15:24:37.545+0000: [GC (Allocation Failure) 2019-01-25T15:24:37.545+0000: [ParNew: 76138K->8448K(77440K), 0.0121179 secs] 172929K->107603K(249472K), 0.0121874 secs] [Times: user=0.05 sys=0.00, real=0.02 secs] 
2019-01-25T15:24:37.559+0000: [GC (CMS Initial Mark) [1 CMS-initial-mark: 99154K(172032K)] 108781K(249472K), 0.0019640 secs] [Times: user=0.01 sys=0.00, real=0.00 secs] 
2019-01-25T15:24:37.561+0000: [CMS-concurrent-mark-start]
2019-01-25T15:24:37.661+0000: [CMS-concurrent-mark: 0.100/0.100 secs] [Times: user=0.39 sys=0.00, real=0.10 secs] 
2019-01-25T15:24:37.661+0000: [CMS-concurrent-preclean-start]
2019-01-25T15:24:37.678+0000: [CMS-concurrent-preclean: 0.018/0.018 secs] [Times: user=0.07 sys=0.00, real=0.02 secs] 
2019-01-25T15:24:37.678+0000: [CMS-concurrent-abortable-preclean-start]
2019-01-25T15:24:37.878+0000: [GC (Allocation Failure) 2019-01-25T15:24:37.878+0000: [ParNew: 77312K->2777K(77440K), 0.0052598 secs] 176467K->103985K(249472K), 0.0053296 secs] [Times: user=0.01 sys=0.00, real=0.00 secs] 
2019-01-25T15:24:38.023+0000: [GC (Allocation Failure) 2019-01-25T15:24:38.023+0000: [ParNew: 71641K->1490K(77440K), 0.0054394 secs] 172849K->102698K(249472K), 0.0055211 secs] [Times: user=0.01 sys=0.00, real=0.01 secs] 
2019-01-25T15:24:38.170+0000: [GC (Allocation Failure) 2019-01-25T15:24:38.170+0000: [ParNew: 70354K->1918K(77440K), 0.0033872 secs] 171562K->103126K(249472K), 0.0034461 secs] [Times: user=0.01 sys=0.00, real=0.00 secs] 
2019-01-25T15:24:38.269+0000: [GC (Allocation Failure) 2019-01-25T15:24:38.269+0000: [ParNew: 70782K->2037K(77440K), 0.0035110 secs] 171990K->103246K(249472K), 0.0035810 secs] [Times: user=0.02 sys=0.00, real=0.00 secs] 
2019-01-25T15:24:38.363+0000: [GC (Allocation Failure) 2019-01-25T15:24:38.364+0000: [ParNew: 70901K->2061K(77440K), 0.0028479 secs] 172110K->103269K(249472K), 0.0029207 secs] [Times: user=0.01 sys=0.00, real=0.01 secs] 
2019-01-25T15:24:38.424+0000: [GC (Allocation Failure) 2019-01-25T15:24:38.424+0000: [ParNew: 70925K->1469K(77440K), 0.0035097 secs] 172133K->103889K(249472K), 0.0035662 secs] [Times: user=0.01 sys=0.00, real=0.01 secs] 
2019-01-25T15:24:38.428+0000: [CMS-concurrent-abortable-preclean: 0.276/0.749 secs] [Times: user=2.90 sys=0.03, real=0.75 secs] 
2019-01-25T15:24:38.430+0000: [GC (CMS Final Remark) [YG occupancy: 2537 K (77440 K)]2019-01-25T15:24:38.430+0000: [Rescan (parallel) , 0.0016162 secs]2019-01-25T15:24:38.431+0000: [weak refs processing, 0.0000587 secs]2019-01-25T15:24:38.431+0000: [class unloading, 0.0083547 secs]2019-01-25T15:24:38.440+0000: [scrub symbol table, 0.0075541 secs]2019-01-25T15:24:38.447+0000: [scrub string table, 0.0004748 secs][1 CMS-remark: 102420K(172032K)] 104957K(249472K), 0.0184164 secs] [Times: user=0.03 sys=0.00, real=0.02 secs] 
2019-01-25T15:24:38.449+0000: [CMS-concurrent-sweep-start]
2019-01-25T15:24:38.460+0000: [CMS-concurrent-sweep: 0.012/0.012 secs] [Times: user=0.04 sys=0.00, real=0.01 secs] 
2019-01-25T15:24:38.460+0000: [CMS-concurrent-reset-start]
2019-01-25T15:24:38.473+0000: [CMS-concurrent-reset: 0.013/0.013 secs] [Times: user=0.04 sys=0.00, real=0.01 secs] 
2019-01-25T15:24:38.498+0000: [GC (Allocation Failure) 2019-01-25T15:24:38.498+0000: [ParNew: 70333K->521K(77440K), 0.0015133 secs] 171114K->101333K(249472K), 0.0015646 secs] [Times: user=0.00 sys=0.00, real=0.00 secs] 
2019-01-25T15:24:38.547+0000: [GC (Allocation Failure) 2019-01-25T15:24:38.547+0000: [ParNew: 69385K->521K(77440K), 0.0014563 secs] 170197K->101360K(249472K), 0.0015131 secs] [Times: user=0.01 sys=0.00, real=0.00 secs] 
2019-01-25T15:24:38.598+0000: [GC (Allocation Failure) 2019-01-25T15:24:38.598+0000: [ParNew: 69385K->364K(77440K), 0.0015130 secs] 170224K->101238K(249472K), 0.0015678 secs] [Times: user=0.01 sys=0.00, real=0.00 secs] 
2019-01-25T15:24:38.646+0000: [GC (Allocation Failure) 2019-01-25T15:24:38.646+0000: [ParNew: 69228K->478K(77440K), 0.0014539 secs] 170102K->101386K(249472K), 0.0015104 secs] [Times: user=0.00 sys=0.00, real=0.00 secs] 
2019-01-25T15:24:38.694+0000: [GC (Allocation Failure) 2019-01-25T15:24:38.694+0000: [ParNew: 69342K->555K(77440K), 0.0014540 secs] 170250K->101495K(249472K), 0.0015101 secs] [Times: user=0.00 sys=0.00, real=0.00 secs] 
2019-01-25T15:24:38.747+0000: [GC (Allocation Failure) 2019-01-25T15:24:38.748+0000: [ParNew: 69419K->438K(77440K), 0.0014665 secs] 170359K->101408K(249472K), 0.0015225 secs] [Times: user=0.00 sys=0.00, real=0.00 secs] 
2019-01-25T15:24:38.798+0000: [GC (Allocation Failure) 2019-01-25T15:24:38.798+0000: [ParNew: 69302K->597K(77440K), 0.0015201 secs] 170272K->101601K(249472K), 0.0015774 secs] [Times: user=0.00 sys=0.00, real=0.00 secs] 
2019-01-25T15:24:38.844+0000: [GC (Allocation Failure) 2019-01-25T15:24:38.844+0000: [ParNew: 69461K->513K(77440K), 0.0023107 secs] 170465K->101558K(249472K), 0.0023883 secs] [Times: user=0.00 sys=0.00, real=0.01 secs] 
2019-01-25T15:24:38.898+0000: [GC (Allocation Failure) 2019-01-25T15:24:38.898+0000: [ParNew: 69377K->640K(77440K), 0.0015099 secs] 170422K->101732K(249472K), 0.0015782 secs] [Times: user=0.01 sys=0.00, real=0.00 secs] 
2019-01-25T15:24:38.944+0000: [GC (Allocation Failure) 2019-01-25T15:24:38.944+0000: [ParNew: 69504K->559K(77440K), 0.0015388 secs] 170596K->101687K(249472K), 0.0015843 secs] [Times: user=0.00 sys=0.01, real=0.01 secs] 
2019-01-25T15:24:38.997+0000: [GC (Allocation Failure) 2019-01-25T15:24:38.997+0000: [ParNew: 69423K->457K(77440K), 0.0015541 secs] 170551K->101637K(249472K), 0.0016118 secs] [Times: user=0.00 sys=0.00, real=0.00 secs] 
2019-01-25T15:24:39.054+0000: [GC (Allocation Failure) 2019-01-25T15:24:39.054+0000: [ParNew: 69321K->499K(77440K), 0.0021300 secs] 170501K->101717K(249472K), 0.0022010 secs] [Times: user=0.01 sys=0.00, real=0.00 secs] 
2019-01-25T15:24:39.116+0000: [GC (Allocation Failure) 2019-01-25T15:24:39.116+0000: [ParNew: 69363K->392K(77440K), 0.0031166 secs] 170581K->101678K(249472K), 0.0031905 secs] [Times: user=0.01 sys=0.00, real=0.00 secs] 
2019-01-25T15:24:39.183+0000: [GC (Allocation Failure) 2019-01-25T15:24:39.183+0000: [ParNew: 69256K->297K(77440K), 0.0020475 secs] 170542K->101652K(249472K), 0.0021227 secs] [Times: user=0.01 sys=0.00, real=0.00 secs] 
2019-01-25T15:24:39.230+0000: [GC (Allocation Failure) 2019-01-25T15:24:39.230+0000: [ParNew: 69161K->356K(77440K), 0.0014995 secs] 170516K->101740K(249472K), 0.0015554 secs] [Times: user=0.00 sys=0.00, real=0.00 secs] 
2019-01-25T15:24:39.274+0000: [GC (Allocation Failure) 2019-01-25T15:24:39.274+0000: [ParNew: 69220K->404K(77440K), 0.0015008 secs] 170604K->101815K(249472K), 0.0015590 secs] [Times: user=0.01 sys=0.00, real=0.00 secs] 
2019-01-25T15:24:39.320+0000: [GC (Allocation Failure) 2019-01-25T15:24:39.320+0000: [ParNew: 69268K->425K(77440K), 0.0015201 secs] 170679K->101894K(249472K), 0.0015776 secs] [Times: user=0.01 sys=0.00, real=0.00 secs] 
2019-01-25T15:24:39.366+0000: [GC (Allocation Failure) 2019-01-25T15:24:39.366+0000: [ParNew: 69289K->370K(77440K), 0.0015085 secs] 170758K->101868K(249472K), 0.0015651 secs] [Times: user=0.01 sys=0.00, real=0.00 secs] 
2019-01-25T15:24:39.413+0000: [GC (Allocation Failure) 2019-01-25T15:24:39.413+0000: [ParNew: 69234K->372K(77440K), 0.0014498 secs] 170732K->101892K(249472K), 0.0015071 secs] [Times: user=0.01 sys=0.00, real=0.01 secs] 
2019-01-25T15:24:39.458+0000: [GC (Allocation Failure) 2019-01-25T15:24:39.458+0000: [ParNew: 69236K->359K(77440K), 0.0015601 secs] 170756K->101907K(249472K), 0.0016178 secs] [Times: user=0.01 sys=0.00, real=0.00 secs] 
2019-01-25T15:24:39.506+0000: [GC (Allocation Failure) 2019-01-25T15:24:39.506+0000: [ParNew: 69223K->373K(77440K), 0.0014466 secs] 170771K->101946K(249472K), 0.0015019 secs] [Times: user=0.01 sys=0.00, real=0.00 secs] 
2019-01-25T15:24:39.549+0000: [GC (Allocation Failure) 2019-01-25T15:24:39.549+0000: [ParNew: 69237K->388K(77440K), 0.0015889 secs] 170810K->101992K(249472K), 0.0016434 secs] [Times: user=0.00 sys=0.00, real=0.00 secs] 
2019-01-25T15:24:39.594+0000: [GC (Allocation Failure) 2019-01-25T15:24:39.594+0000: [ParNew: 69252K->361K(77440K), 0.0015355 secs] 170856K->102033K(249472K), 0.0015908 secs] [Times: user=0.00 sys=0.00, real=0.00 secs] 
2019-01-25T15:24:39.642+0000: [GC (Allocation Failure) 2019-01-25T15:24:39.642+0000: [ParNew: 69225K->476K(77440K), 0.0016083 secs] 170897K->102182K(249472K), 0.0016646 secs] [Times: user=0.01 sys=0.00, real=0.00 secs] 
2019-01-25T15:24:39.688+0000: [GC (Allocation Failure) 2019-01-25T15:24:39.688+0000: [ParNew: 69340K->508K(77440K), 0.0016139 secs] 171046K->102243K(249472K), 0.0016690 secs] [Times: user=0.00 sys=0.00, real=0.00 secs] 
2019-01-25T15:24:39.734+0000: [GC (Allocation Failure) 2019-01-25T15:24:39.734+0000: [ParNew: 69372K->465K(77440K), 0.0016191 secs] 171107K->102230K(249472K), 0.0016740 secs] [Times: user=0.00 sys=0.00, real=0.00 secs] 
2019-01-25T15:24:39.778+0000: [GC (Allocation Failure) 2019-01-25T15:24:39.778+0000: [ParNew: 69329K->565K(77440K), 0.0016190 secs] 171094K->102352K(249472K), 0.0016860 secs] [Times: user=0.01 sys=0.00, real=0.00 secs] 
2019-01-25T15:24:39.823+0000: [GC (Allocation Failure) 2019-01-25T15:24:39.823+0000: [ParNew: 69429K->535K(77440K), 0.0017423 secs] 171216K->102358K(249472K), 0.0017992 secs] [Times: user=0.01 sys=0.00, real=0.00 secs] 
2019-01-25T15:24:39.878+0000: [GC (Allocation Failure) 2019-01-25T15:24:39.878+0000: [ParNew: 69399K->620K(77440K), 0.0016913 secs] 171222K->102477K(249472K), 0.0017478 secs] [Times: user=0.01 sys=0.00, real=0.00 secs] 
2019-01-25T15:24:39.925+0000: [GC (Allocation Failure) 2019-01-25T15:24:39.925+0000: [ParNew: 69484K->423K(77440K), 0.0016974 secs] 171341K->102439K(249472K), 0.0017545 secs] [Times: user=0.00 sys=0.00, real=0.01 secs] 
2019-01-25T15:24:39.971+0000: [GC (Allocation Failure) 2019-01-25T15:24:39.971+0000: [ParNew: 69287K->543K(77440K), 0.0016988 secs] 171303K->102594K(249472K), 0.0017552 secs] [Times: user=0.00 sys=0.00, real=0.00 secs] 
2019-01-25T15:24:40.016+0000: [GC (Allocation Failure) 2019-01-25T15:24:40.016+0000: [ParNew: 69407K->579K(77440K), 0.0016770 secs] 171458K->102656K(249472K), 0.0017492 secs] [Times: user=0.00 sys=0.00, real=0.00 secs] 
2019-01-25T15:24:40.068+0000: [GC (Allocation Failure) 2019-01-25T15:24:40.068+0000: [ParNew: 69443K->546K(77440K), 0.0048477 secs] 171520K->102657K(249472K), 0.0049136 secs] [Times: user=0.01 sys=0.00, real=0.00 secs] 
2019-01-25T15:24:40.138+0000: [GC (Allocation Failure) 2019-01-25T15:24:40.138+0000: [ParNew: 69410K->493K(77440K), 0.0021691 secs] 171521K->102639K(249472K), 0.0022280 secs] [Times: user=0.01 sys=0.00, real=0.00 secs] 
2019-01-25T15:24:40.182+0000: [GC (Allocation Failure) 2019-01-25T15:24:40.182+0000: [ParNew: 69357K->402K(77440K), 0.0016777 secs] 171503K->102641K(249472K), 0.0017352 secs] [Times: user=0.01 sys=0.00, real=0.00 secs] 
2019-01-25T15:24:40.229+0000: [GC (Allocation Failure) 2019-01-25T15:24:40.229+0000: [ParNew: 69266K->469K(77440K), 0.0016276 secs] 171505K->102741K(249472K), 0.0016833 secs] [Times: user=0.00 sys=0.00, real=0.00 secs] 
2019-01-25T15:24:40.272+0000: [GC (Allocation Failure) 2019-01-25T15:24:40.272+0000: [ParNew: 69333K->290K(77440K), 0.0016347 secs] 171605K->102656K(249472K), 0.0016903 secs] [Times: user=0.00 sys=0.00, real=0.01 secs] 
2019-01-25T15:24:40.319+0000: [GC (Allocation Failure) 2019-01-25T15:24:40.319+0000: [ParNew: 69154K->338K(77440K), 0.0016879 secs] 171520K->102738K(249472K), 0.0017452 secs] [Times: user=0.01 sys=0.00, real=0.00 secs] 
2019-01-25T15:24:40.382+0000: [GC (Allocation Failure) 2019-01-25T15:24:40.382+0000: [ParNew: 69202K->261K(77440K), 0.0025394 secs] 171602K->102695K(249472K), 0.0026043 secs] [Times: user=0.00 sys=0.00, real=0.00 secs] 
2019-01-25T15:24:40.430+0000: [GC (Allocation Failure) 2019-01-25T15:24:40.430+0000: [ParNew: 69125K->361K(77440K), 0.0017183 secs] 171559K->102831K(249472K), 0.0017753 secs] [Times: user=0.01 sys=0.00, real=0.00 secs] 
2019-01-25T15:24:40.474+0000: [GC (Allocation Failure) 2019-01-25T15:24:40.474+0000: [ParNew: 69225K->353K(77440K), 0.0017216 secs] 171695K->102860K(249472K), 0.0017786 secs] [Times: user=0.00 sys=0.00, real=0.00 secs] 
2019-01-25T15:24:40.519+0000: [GC (Allocation Failure) 2019-01-25T15:24:40.519+0000: [ParNew: 69217K->280K(77440K), 0.0016152 secs] 171724K->102820K(249472K), 0.0016706 secs] [Times: user=0.00 sys=0.00, real=0.00 secs] 
2019-01-25T15:24:40.562+0000: [GC (Allocation Failure) 2019-01-25T15:24:40.562+0000: [ParNew: 69144K->392K(77440K), 0.0016165 secs] 171684K->102965K(249472K), 0.0016721 secs] [Times: user=0.01 sys=0.00, real=0.00 secs] 
2019-01-25T15:24:40.618+0000: [GC (Allocation Failure) 2019-01-25T15:24:40.618+0000: [ParNew: 69256K->256K(77440K), 0.0019538 secs] 171829K->102855K(249472K), 0.0020119 secs] [Times: user=0.01 sys=0.00, real=0.00 secs] 
2019-01-25T15:24:40.670+0000: [GC (Allocation Failure) 2019-01-25T15:24:40.670+0000: [ParNew: 69120K->294K(77440K), 0.0016439 secs] 171719K->102925K(249472K), 0.0017050 secs] [Times: user=0.01 sys=0.00, real=0.00 secs] 
2019-01-25T15:24:40.718+0000: [GC (Allocation Failure) 2019-01-25T15:24:40.718+0000: [ParNew: 69158K->334K(77440K), 0.0016400 secs] 171789K->102994K(249472K), 0.0016969 secs] [Times: user=0.01 sys=0.00, real=0.00 secs] 
2019-01-25T15:24:40.775+0000: [GC (Allocation Failure) 2019-01-25T15:24:40.775+0000: [ParNew: 69198K->368K(77440K), 0.0016658 secs] 171858K->103060K(249472K), 0.0017231 secs] [Times: user=0.01 sys=0.00, real=0.00 secs] 
2019-01-25T15:24:40.822+0000: [GC (Allocation Failure) 2019-01-25T15:24:40.822+0000: [ParNew: 69232K->322K(77440K), 0.0015532 secs] 171924K->103036K(249472K), 0.0016086 secs] [Times: user=0.01 sys=0.00, real=0.00 secs] 
2019-01-25T15:24:40.870+0000: [GC (Allocation Failure) 2019-01-25T15:24:40.870+0000: [ParNew: 69186K->396K(77440K), 0.0016278 secs] 171900K->103139K(249472K), 0.0016827 secs] [Times: user=0.01 sys=0.00, real=0.00 secs] 
2019-01-25T15:24:40.913+0000: [GC (Allocation Failure) 2019-01-25T15:24:40.913+0000: [ParNew: 69260K->393K(77440K), 0.0016854 secs] 172003K->103168K(249472K), 0.0017413 secs] [Times: user=0.01 sys=0.00, real=0.01 secs] 
2019-01-25T15:24:40.957+0000: [GC (Allocation Failure) 2019-01-25T15:24:40.957+0000: [ParNew: 69257K->337K(77440K), 0.0016010 secs] 172032K->103143K(249472K), 0.0016563 secs] [Times: user=0.01 sys=0.00, real=0.00 secs] 
2019-01-25T15:24:41.006+0000: [GC (Allocation Failure) 2019-01-25T15:24:41.006+0000: [ParNew: 69201K->382K(77440K), 0.0016413 secs] 172007K->103219K(249472K), 0.0016992 secs] [Times: user=0.00 sys=0.00, real=0.00 secs] 
2019-01-25T15:24:41.049+0000: [GC (Allocation Failure) 2019-01-25T15:24:41.049+0000: [ParNew: 69246K->368K(77440K), 0.0017489 secs] 172083K->103238K(249472K), 0.0018041 secs] [Times: user=0.00 sys=0.00, real=0.00 secs] 
2019-01-25T15:24:41.098+0000: [GC (Allocation Failure) 2019-01-25T15:24:41.098+0000: [ParNew: 69232K->363K(77440K), 0.0016076 secs] 172102K->103264K(249472K), 0.0016641 secs] [Times: user=0.00 sys=0.00, real=0.00 secs] 
2019-01-25T15:24:41.146+0000: [GC (Allocation Failure) 2019-01-25T15:24:41.146+0000: [ParNew: 69227K->403K(77440K), 0.0017257 secs] 172128K->103340K(249472K), 0.0017814 secs] [Times: user=0.01 sys=0.00, real=0.00 secs] 
2019-01-25T15:24:41.191+0000: [GC (Allocation Failure) 2019-01-25T15:24:41.191+0000: [ParNew: 69267K->484K(77440K), 0.0018238 secs] 172204K->103457K(249472K), 0.0018803 secs] [Times: user=0.01 sys=0.00, real=0.00 secs] 
2019-01-25T15:24:41.238+0000: [GC (Allocation Failure) 2019-01-25T15:24:41.238+0000: [ParNew: 69348K->633K(77440K), 0.0019235 secs] 172321K->103636K(249472K), 0.0019781 secs] [Times: user=0.01 sys=0.00, real=0.00 secs] 
2019-01-25T15:24:41.284+0000: [GC (Allocation Failure) 2019-01-25T15:24:41.284+0000: [ParNew: 69497K->737K(77440K), 0.0020677 secs] 172500K->103771K(249472K), 0.0021340 secs] [Times: user=0.01 sys=0.00, real=0.01 secs] 
2019-01-25T15:24:41.334+0000: [GC (Allocation Failure) 2019-01-25T15:24:41.334+0000: [ParNew: 69601K->769K(77440K), 0.0019733 secs] 172635K->103840K(249472K), 0.0020310 secs] [Times: user=0.00 sys=0.00, real=0.00 secs] 
2019-01-25T15:24:41.382+0000: [GC (Allocation Failure) 2019-01-25T15:24:41.382+0000: [ParNew: 69633K->853K(77440K), 0.0020095 secs] 172704K->103962K(249472K), 0.0020676 secs] [Times: user=0.00 sys=0.00, real=0.00 secs] 
2019-01-25T15:24:41.429+0000: [GC (Allocation Failure) 2019-01-25T15:24:41.429+0000: [ParNew: 69717K->791K(77440K), 0.0018998 secs] 172826K->103933K(249472K), 0.0019541 secs] [Times: user=0.01 sys=0.00, real=0.00 secs] 
2019-01-25T15:24:41.476+0000: [GC (Allocation Failure) 2019-01-25T15:24:41.476+0000: [ParNew: 69655K->646K(77440K), 0.0019248 secs] 172797K->103948K(249472K), 0.0019939 secs] [Times: user=0.01 sys=0.00, real=0.00 secs] 
2019-01-25T15:24:41.529+0000: [GC (Allocation Failure) 2019-01-25T15:24:41.529+0000: [ParNew: 69510K->736K(77440K), 0.0019918 secs] 172812K->104196K(249472K), 0.0020489 secs] [Times: user=0.01 sys=0.00, real=0.00 secs] 
2019-01-25T15:24:41.574+0000: [GC (Allocation Failure) 2019-01-25T15:24:41.574+0000: [ParNew: 69600K->526K(77440K), 0.0020379 secs] 173060K->104150K(249472K), 0.0020925 secs] [Times: user=0.00 sys=0.00, real=0.00 secs] 
2019-01-25T15:24:41.622+0000: [GC (Allocation Failure) 2019-01-25T15:24:41.622+0000: [ParNew: 69390K->590K(77440K), 0.0018798 secs] 173014K->104254K(249472K), 0.0019358 secs] [Times: user=0.01 sys=0.00, real=0.00 secs] 
2019-01-25T15:24:41.665+0000: [GC (Allocation Failure) 2019-01-25T15:24:41.665+0000: [ParNew: 69454K->640K(77440K), 0.0018515 secs] 173118K->104339K(249472K), 0.0019072 secs] [Times: user=0.01 sys=0.00, real=0.01 secs] 
2019-01-25T15:24:41.710+0000: [GC (Allocation Failure) 2019-01-25T15:24:41.710+0000: [ParNew: 69504K->552K(77440K), 0.0018456 secs] 173203K->104281K(249472K), 0.0019018 secs] [Times: user=0.01 sys=0.00, real=0.00 secs] 
2019-01-25T15:24:41.754+0000: [GC (Allocation Failure) 2019-01-25T15:24:41.754+0000: [ParNew: 69416K->586K(77440K), 0.0018917 secs] 173145K->104356K(249472K), 0.0019471 secs] [Times: user=0.01 sys=0.00, real=0.00 secs] 
2019-01-25T15:24:41.805+0000: [GC (Allocation Failure) 2019-01-25T15:24:41.805+0000: [ParNew: 69450K->435K(77440K), 0.0019229 secs] 173220K->104382K(249472K), 0.0019799 secs] [Times: user=0.01 sys=0.00, real=0.01 secs] 
2019-01-25T15:24:41.849+0000: [GC (Allocation Failure) 2019-01-25T15:24:41.849+0000: [ParNew: 69299K->495K(77440K), 0.0019458 secs] 173246K->104476K(249472K), 0.0020012 secs] [Times: user=0.01 sys=0.00, real=0.00 secs] 
2019-01-25T15:24:41.893+0000: [GC (Allocation Failure) 2019-01-25T15:24:41.893+0000: [ParNew: 69359K->533K(77440K), 0.0019702 secs] 173340K->104546K(249472K), 0.0020266 secs] [Times: user=0.01 sys=0.00, real=0.01 secs] 
2019-01-25T15:24:41.946+0000: [GC (Allocation Failure) 2019-01-25T15:24:41.946+0000: [ParNew: 69397K->429K(77440K), 0.0023991 secs] 173410K->104476K(249472K), 0.0024559 secs] [Times: user=0.00 sys=0.00, real=0.01 secs] 
2019-01-25T15:24:42.006+0000: [GC (Allocation Failure) 2019-01-25T15:24:42.006+0000: [ParNew: 69293K->410K(77440K), 0.0024578 secs] 173340K->104497K(249472K), 0.0025115 secs] [Times: user=0.01 sys=0.00, real=0.00 secs] 
2019-01-25T15:24:42.061+0000: [GC (Allocation Failure) 2019-01-25T15:24:42.061+0000: [ParNew: 69274K->373K(77440K), 0.0019503 secs] 173361K->104494K(249472K), 0.0020057 secs] [Times: user=0.00 sys=0.00, real=0.00 secs] 
2019-01-25T15:24:42.106+0000: [GC (Allocation Failure) 2019-01-25T15:24:42.106+0000: [ParNew: 69237K->460K(77440K), 0.0019497 secs] 173358K->104617K(249472K), 0.0020052 secs] [Times: user=0.01 sys=0.00, real=0.00 secs] 
2019-01-25T15:24:42.150+0000: [GC (Allocation Failure) 2019-01-25T15:24:42.150+0000: [ParNew: 69324K->434K(77440K), 0.0019489 secs] 173481K->104631K(249472K), 0.0020050 secs] [Times: user=0.01 sys=0.01, real=0.00 secs] 
2019-01-25T15:24:42.195+0000: [GC (Allocation Failure) 2019-01-25T15:24:42.195+0000: [ParNew: 69298K->292K(77440K), 0.0018820 secs] 173495K->104528K(249472K), 0.0019383 secs] [Times: user=0.01 sys=0.00, real=0.00 secs] 
2019-01-25T15:24:42.238+0000: [GC (Allocation Failure) 2019-01-25T15:24:42.238+0000: [ParNew: 69156K->403K(77440K), 0.0018148 secs] 173392K->104671K(249472K), 0.0018705 secs] [Times: user=0.00 sys=0.00, real=0.00 secs] 
2019-01-25T15:24:42.282+0000: [GC (Allocation Failure) 2019-01-25T15:24:42.282+0000: [ParNew: 69267K->405K(77440K), 0.0017509 secs] 173535K->104707K(249472K), 0.0018102 secs] [Times: user=0.01 sys=0.00, real=0.00 secs] 
2019-01-25T15:24:42.325+0000: [GC (Allocation Failure) 2019-01-25T15:24:42.325+0000: [ParNew: 69269K->283K(77440K), 0.0017582 secs] 173571K->104618K(249472K), 0.0018132 secs] [Times: user=0.01 sys=0.00, real=0.01 secs] 
2019-01-25T15:24:42.370+0000: [GC (Allocation Failure) 2019-01-25T15:24:42.370+0000: [ParNew: 69147K->350K(77440K), 0.0021225 secs] 173482K->104722K(249472K), 0.0021779 secs] [Times: user=0.01 sys=0.00, real=0.00 secs] 
2019-01-25T15:24:42.418+0000: [GC (Allocation Failure) 2019-01-25T15:24:42.418+0000: [ParNew: 69214K->368K(77440K), 0.0017949 secs] 173586K->104773K(249472K), 0.0018509 secs] [Times: user=0.00 sys=0.00, real=0.00 secs] 
2019-01-25T15:24:42.461+0000: [GC (Allocation Failure) 2019-01-25T15:24:42.461+0000: [ParNew: 69232K->347K(77440K), 0.0018894 secs] 173637K->104779K(249472K), 0.0019451 secs] [Times: user=0.00 sys=0.00, real=0.00 secs] 
2019-01-25T15:24:42.505+0000: [GC (Allocation Failure) 2019-01-25T15:24:42.505+0000: [ParNew: 69211K->371K(77440K), 0.0018144 secs] 173643K->104832K(249472K), 0.0018698 secs] [Times: user=0.00 sys=0.00, real=0.01 secs] 
2019-01-25T15:24:42.548+0000: [GC (Allocation Failure) 2019-01-25T15:24:42.548+0000: [ParNew: 69235K->346K(77440K), 0.0020162 secs] 173696K->104834K(249472K), 0.0020711 secs] [Times: user=0.00 sys=0.00, real=0.00 secs] 
2019-01-25T15:24:42.594+0000: [GC (Allocation Failure) 2019-01-25T15:24:42.594+0000: [ParNew: 69210K->401K(77440K), 0.0019076 secs] 173698K->104923K(249472K), 0.0019633 secs] [Times: user=0.01 sys=0.00, real=0.00 secs] 
2019-01-25T15:24:42.637+0000: [GC (Allocation Failure) 2019-01-25T15:24:42.637+0000: [ParNew: 69265K->368K(77440K), 0.0018963 secs] 173787K->104921K(249472K), 0.0019527 secs] [Times: user=0.01 sys=0.00, real=0.00 secs] 
2019-01-25T15:24:42.681+0000: [GC (Allocation Failure) 2019-01-25T15:24:42.681+0000: [ParNew: 69232K->432K(77440K), 0.0019911 secs] 173785K->105019K(249472K), 0.0020473 secs] [Times: user=0.00 sys=0.00, real=0.00 secs] 
2019-01-25T15:24:42.726+0000: [GC (Allocation Failure) 2019-01-25T15:24:42.726+0000: [ParNew: 69296K->444K(77440K), 0.0018856 secs] 173883K->105064K(249472K), 0.0019395 secs] [Times: user=0.01 sys=0.00, real=0.00 secs] 
2019-01-25T15:24:42.774+0000: [GC (Allocation Failure) 2019-01-25T15:24:42.774+0000: [ParNew: 69308K->471K(77440K), 0.0018595 secs] 173928K->105117K(249472K), 0.0019156 secs] [Times: user=0.01 sys=0.00, real=0.00 secs] 
2019-01-25T15:24:42.822+0000: [GC (Allocation Failure) 2019-01-25T15:24:42.822+0000: [ParNew: 69335K->382K(77440K), 0.0018552 secs] 173981K->105059K(249472K), 0.0019125 secs] [Times: user=0.00 sys=0.00, real=0.00 secs] 
2019-01-25T15:24:42.870+0000: [GC (Allocation Failure) 2019-01-25T15:24:42.870+0000: [ParNew: 69246K->299K(77440K), 0.0018352 secs] 173923K->105012K(249472K), 0.0018902 secs] [Times: user=0.00 sys=0.00, real=0.00 secs] 
2019-01-25T15:24:42.914+0000: [GC (Allocation Failure) 2019-01-25T15:24:42.914+0000: [ParNew: 69163K->353K(77440K), 0.0017548 secs] 173876K->105107K(249472K), 0.0018099 secs] [Times: user=0.00 sys=0.00, real=0.00 secs] 
2019-01-25T15:24:42.958+0000: [GC (Allocation Failure) 2019-01-25T15:24:42.958+0000: [ParNew: 69217K->385K(77440K), 0.0018120 secs] 173971K->105173K(249472K), 0.0018677 secs] [Times: user=0.01 sys=0.00, real=0.00 secs] 
2019-01-25T15:24:43.003+0000: [GC (Allocation Failure) 2019-01-25T15:24:43.003+0000: [ParNew: 69249K->423K(77440K), 0.0018476 secs] 174037K->105244K(249472K), 0.0019126 secs] [Times: user=0.01 sys=0.00, real=0.00 secs] 
2019-01-25T15:24:43.047+0000: [GC (Allocation Failure) 2019-01-25T15:24:43.047+0000: [ParNew: 69287K->394K(77440K), 0.0017638 secs] 174108K->105235K(249472K), 0.0018223 secs] [Times: user=0.00 sys=0.00, real=0.00 secs] 
2019-01-25T15:24:43.091+0000: [GC (Allocation Failure) 2019-01-25T15:24:43.091+0000: [ParNew: 69258K->381K(77440K), 0.0018021 secs] 174099K->105247K(249472K), 0.0018575 secs] [Times: user=0.01 sys=0.00, real=0.00 secs] 
2019-01-25T15:24:43.139+0000: [GC (Allocation Failure) 2019-01-25T15:24:43.139+0000: [ParNew: 69245K->421K(77440K), 0.0019022 secs] 174111K->105311K(249472K), 0.0019585 secs] [Times: user=0.00 sys=0.00, real=0.00 secs] 
2019-01-25T15:24:43.184+0000: [GC (Allocation Failure) 2019-01-25T15:24:43.184+0000: [ParNew: 69285K->461K(77440K), 0.0019483 secs] 174175K->105378K(249472K), 0.0019952 secs] [Times: user=0.01 sys=0.00, real=0.01 secs] 
2019-01-25T15:24:43.228+0000: [GC (Allocation Failure) 2019-01-25T15:24:43.228+0000: [ParNew: 69325K->531K(77440K), 0.0019748 secs] 174242K->105483K(249472K), 0.0020298 secs] [Times: user=0.00 sys=0.00, real=0.00 secs] 
2019-01-25T15:24:43.274+0000: [GC (Allocation Failure) 2019-01-25T15:24:43.274+0000: [ParNew: 69395K->373K(77440K), 0.0019750 secs] 174347K->105363K(249472K), 0.0020312 secs] [Times: user=0.00 sys=0.00, real=0.00 secs] 
2019-01-25T15:24:43.322+0000: [GC (Allocation Failure) 2019-01-25T15:24:43.322+0000: [ParNew: 69237K->491K(77440K), 0.0019028 secs] 174227K->105519K(249472K), 0.0019688 secs] [Times: user=0.00 sys=0.00, real=0.00 secs] 
2019-01-25T15:24:43.365+0000: [GC (Allocation Failure) 2019-01-25T15:24:43.365+0000: [ParNew: 69355K->311K(77440K), 0.0019272 secs] 174383K->105373K(249472K), 0.0019817 secs] [Times: user=0.00 sys=0.00, real=0.01 secs] 
2019-01-25T15:24:43.422+0000: [GC (Allocation Failure) 2019-01-25T15:24:43.422+0000: [ParNew: 69175K->357K(77440K), 0.0031592 secs] 174237K->105457K(249472K), 0.0032245 secs] [Times: user=0.01 sys=0.00, real=0.00 secs] 
2019-01-25T15:24:43.479+0000: [GC (Allocation Failure) 2019-01-25T15:24:43.479+0000: [ParNew: 69221K->349K(77440K), 0.0037507 secs] 174321K->105493K(249472K), 0.0038070 secs] [Times: user=0.01 sys=0.00, real=0.00 secs] 
2019-01-25T15:24:43.539+0000: [GC (Allocation Failure) 2019-01-25T15:24:43.539+0000: [ParNew: 69213K->355K(77440K), 0.0113713 secs] 174357K->105536K(249472K), 0.0114275 secs] [Times: user=0.00 sys=0.00, real=0.01 secs] 
2019-01-25T15:24:43.611+0000: [GC (Allocation Failure) 2019-01-25T15:24:43.611+0000: [ParNew: 69219K->342K(77440K), 0.0024522 secs] 174400K->105559K(249472K), 0.0025042 secs] [Times: user=0.01 sys=0.00, real=0.00 secs] 
2019-01-25T15:24:43.678+0000: [GC (Allocation Failure) 2019-01-25T15:24:43.678+0000: [ParNew: 69206K->275K(77440K), 0.0023758 secs] 174423K->105528K(249472K), 0.0024437 secs] [Times: user=0.00 sys=0.00, real=0.00 secs] 
2019-01-25T15:24:43.738+0000: [GC (Allocation Failure) 2019-01-25T15:24:43.738+0000: [ParNew: 69139K->403K(77440K), 0.0022433 secs] 174392K->105688K(249472K), 0.0023005 secs] [Times: user=0.01 sys=0.00, real=0.00 secs] 
2019-01-25T15:24:43.790+0000: [GC (Allocation Failure) 2019-01-25T15:24:43.790+0000: [ParNew: 69267K->379K(77440K), 0.0018047 secs] 174552K->105684K(249472K), 0.0018824 secs] [Times: user=0.01 sys=0.01, real=0.00 secs] 
2019-01-25T15:24:43.837+0000: [GC (Allocation Failure) 2019-01-25T15:24:43.837+0000: [ParNew: 69243K->415K(77440K), 0.0018736 secs] 174548K->105747K(249472K), 0.0019308 secs] [Times: user=0.00 sys=0.00, real=0.00 secs] 
2019-01-25T15:24:43.881+0000: [GC (Allocation Failure) 2019-01-25T15:24:43.881+0000: [ParNew: 69279K->351K(77440K), 0.0018281 secs] 174611K->105712K(249472K), 0.0018852 secs] [Times: user=0.01 sys=0.00, real=0.00 secs] 
2019-01-25T15:24:43.926+0000: [GC (Allocation Failure) 2019-01-25T15:24:43.926+0000: [ParNew: 69215K->416K(77440K), 0.0018454 secs] 174576K->105810K(249472K), 0.0018944 secs] [Times: user=0.00 sys=0.00, real=0.00 secs] 
2019-01-25T15:24:43.974+0000: [GC (Allocation Failure) 2019-01-25T15:24:43.974+0000: [ParNew: 69280K->659K(77440K), 0.0020343 secs] 174674K->106087K(249472K), 0.0020883 secs] [Times: user=0.00 sys=0.00, real=0.00 secs] 
2019-01-25T15:24:44.018+0000: [GC (Allocation Failure) 2019-01-25T15:24:44.018+0000: [ParNew: 69523K->963K(77440K), 0.0021769 secs] 174951K->106431K(249472K), 0.0022332 secs] [Times: user=0.00 sys=0.00, real=0.00 secs] 
2019-01-25T15:24:44.061+0000: [GC (Allocation Failure) 2019-01-25T15:24:44.061+0000: [ParNew: 69827K->863K(77440K), 0.0021051 secs] 175295K->106366K(249472K), 0.0021611 secs] [Times: user=0.00 sys=0.00, real=0.00 secs] 
2019-01-25T15:24:44.106+0000: [GC (Allocation Failure) 2019-01-25T15:24:44.106+0000: [ParNew: 69727K->804K(77440K), 0.0024059 secs] 175230K->106346K(249472K), 0.0024609 secs] [Times: user=0.01 sys=0.00, real=0.00 secs] 
2019-01-25T15:24:44.154+0000: [GC (Allocation Failure) 2019-01-25T15:24:44.154+0000: [ParNew: 69668K->932K(77440K), 0.0021506 secs] 175210K->106503K(249472K), 0.0022054 secs] [Times: user=0.01 sys=0.00, real=0.00 secs] 
2019-01-25T15:24:44.202+0000: [GC (Allocation Failure) 2019-01-25T15:24:44.202+0000: [ParNew: 69796K->884K(77440K), 0.0020972 secs] 175367K->106496K(249472K), 0.0021525 secs] [Times: user=0.01 sys=0.00, real=0.00 secs] 
2019-01-25T15:24:44.246+0000: [GC (Allocation Failure) 2019-01-25T15:24:44.246+0000: [ParNew: 69748K->625K(77440K), 0.0020556 secs] 175360K->106522K(249472K), 0.0021110 secs] [Times: user=0.00 sys=0.00, real=0.00 secs] 
2019-01-25T15:24:44.290+0000: [GC (Allocation Failure) 2019-01-25T15:24:44.290+0000: [ParNew: 69489K->421K(77440K), 0.0020401 secs] 175386K->106608K(249472K), 0.0020950 secs] [Times: user=0.00 sys=0.00, real=0.00 secs] 
2019-01-25T15:24:44.338+0000: [GC (Allocation Failure) 2019-01-25T15:24:44.338+0000: [ParNew: 69285K->596K(77440K), 0.0019545 secs] 175472K->106809K(249472K), 0.0020125 secs] [Times: user=0.01 sys=0.00, real=0.00 secs] 
2019-01-25T15:24:44.381+0000: [GC (Allocation Failure) 2019-01-25T15:24:44.381+0000: [ParNew: 69460K->660K(77440K), 0.0019861 secs] 175673K->106901K(249472K), 0.0020413 secs] [Times: user=0.01 sys=0.00, real=0.00 secs] 
2019-01-25T15:24:44.426+0000: [GC (Allocation Failure) 2019-01-25T15:24:44.426+0000: [ParNew: 69524K->655K(77440K), 0.0019767 secs] 175765K->106928K(249472K), 0.0020327 secs] [Times: user=0.00 sys=0.00, real=0.00 secs] 
2019-01-25T15:24:44.470+0000: [GC (Allocation Failure) 2019-01-25T15:24:44.470+0000: [ParNew: 69519K->632K(77440K), 0.0019835 secs] 175792K->106939K(249472K), 0.0020382 secs] [Times: user=0.01 sys=0.00, real=0.00 secs] 
2019-01-25T15:24:44.516+0000: [GC (Allocation Failure) 2019-01-25T15:24:44.516+0000: [ParNew: 69496K->926K(77440K), 0.0022394 secs] 175803K->107263K(249472K), 0.0022940 secs] [Times: user=0.00 sys=0.00, real=0.00 secs] 
2019-01-25T15:24:44.559+0000: [GC (Allocation Failure) 2019-01-25T15:24:44.559+0000: [ParNew: 69790K->933K(77440K), 0.0022062 secs] 176127K->107304K(249472K), 0.0022611 secs] [Times: user=0.01 sys=0.00, real=0.00 secs] 
2019-01-25T15:24:44.605+0000: [GC (Allocation Failure) 2019-01-25T15:24:44.605+0000: [ParNew: 69797K->733K(77440K), 0.0022042 secs] 176168K->107389K(249472K), 0.0022593 secs] [Times: user=0.01 sys=0.00, real=0.01 secs] 
2019-01-25T15:24:44.650+0000: [GC (Allocation Failure) 2019-01-25T15:24:44.650+0000: [ParNew: 69597K->630K(77440K), 0.0020600 secs] 176253K->107321K(249472K), 0.0021147 secs] [Times: user=0.01 sys=0.00, real=0.00 secs] 
2019-01-25T15:24:44.694+0000: [GC (Allocation Failure) 2019-01-25T15:24:44.694+0000: [ParNew: 69494K->705K(77440K), 0.0020418 secs] 176185K->107428K(249472K), 0.0020977 secs] [Times: user=0.00 sys=0.00, real=0.00 secs] 
2019-01-25T15:24:44.738+0000: [GC (Allocation Failure) 2019-01-25T15:24:44.738+0000: [ParNew: 69569K->592K(77440K), 0.0023595 secs] 176292K->107350K(249472K), 0.0024156 secs] [Times: user=0.01 sys=0.00, real=0.00 secs] 
2019-01-25T15:24:44.786+0000: [GC (Allocation Failure) 2019-01-25T15:24:44.786+0000: [ParNew: 69456K->472K(77440K), 0.0020155 secs] 176214K->107517K(249472K), 0.0020722 secs] [Times: user=0.00 sys=0.00, real=0.00 secs] 
2019-01-25T15:24:44.829+0000: [GC (Allocation Failure) 2019-01-25T15:24:44.829+0000: [ParNew: 69336K->441K(77440K), 0.0018865 secs] 176381K->107519K(249472K), 0.0019420 secs] [Times: user=0.00 sys=0.00, real=0.00 secs] 
2019-01-25T15:24:44.874+0000: [GC (Allocation Failure) 2019-01-25T15:24:44.874+0000: [ParNew: 69305K->443K(77440K), 0.0019095 secs] 176383K->107555K(249472K), 0.0019670 secs] [Times: user=0.01 sys=0.00, real=0.00 secs] 
2019-01-25T15:24:44.922+0000: [GC (Allocation Failure) 2019-01-25T15:24:44.922+0000: [ParNew: 69307K->396K(77440K), 0.0018449 secs] 176419K->107542K(249472K), 0.0019012 secs] [Times: user=0.01 sys=0.00, real=0.00 secs] 
2019-01-25T15:24:44.966+0000: [GC (Allocation Failure) 2019-01-25T15:24:44.966+0000: [ParNew: 69260K->370K(77440K), 0.0018476 secs] 176406K->107551K(249472K), 0.0019026 secs] [Times: user=0.01 sys=0.00, real=0.00 secs] 
2019-01-25T15:24:45.008+0000: [GC (Allocation Failure) 2019-01-25T15:24:45.008+0000: [ParNew: 69234K->388K(77440K), 0.0018242 secs] 176415K->107601K(249472K), 0.0018803 secs] [Times: user=0.01 sys=0.00, real=0.00 secs] 
2019-01-25T15:24:45.054+0000: [GC (Allocation Failure) 2019-01-25T15:24:45.054+0000: [ParNew: 69252K->278K(77440K), 0.0018563 secs] 176465K->107523K(249472K), 0.0019117 secs] [Times: user=0.01 sys=0.00, real=0.00 secs] 
2019-01-25T15:24:45.098+0000: [GC (Allocation Failure) 2019-01-25T15:24:45.098+0000: [ParNew: 69142K->357K(77440K), 0.0018218 secs] 176387K->107632K(249472K), 0.0018769 secs] [Times: user=0.01 sys=0.00, real=0.00 secs] 
2019-01-25T15:24:45.145+0000: [GC (Allocation Failure) 2019-01-25T15:24:45.145+0000: [ParNew: 69221K->334K(77440K), 0.0018112 secs] 176496K->107634K(249472K), 0.0018665 secs] [Times: user=0.01 sys=0.00, real=0.01 secs] 
2019-01-25T15:24:45.190+0000: [GC (Allocation Failure) 2019-01-25T15:24:45.190+0000: [ParNew: 69198K->361K(77440K), 0.0018013 secs] 176498K->107693K(249472K), 0.0018593 secs] [Times: user=0.00 sys=0.00, real=0.00 secs] 
2019-01-25T15:24:45.232+0000: [GC (Allocation Failure) 2019-01-25T15:24:45.232+0000: [ParNew: 69223K->404K(77440K), 0.0018107 secs] 176554K->107759K(249472K), 0.0018665 secs] [Times: user=0.01 sys=0.00, real=0.01 secs] 
2019-01-25T15:24:45.278+0000: [GC (Allocation Failure) 2019-01-25T15:24:45.278+0000: [ParNew: 69268K->364K(77440K), 0.0018129 secs] 176623K->107744K(249472K), 0.0018680 secs] [Times: user=0.01 sys=0.00, real=0.00 secs] 
2019-01-25T15:24:45.322+0000: [GC (Allocation Failure) 2019-01-25T15:24:45.322+0000: [ParNew: 69228K->437K(77440K), 0.0018533 secs] 176608K->107843K(249472K), 0.0019147 secs] [Times: user=0.01 sys=0.00, real=0.00 secs] 
2019-01-25T15:24:45.366+0000: [GC (Allocation Failure) 2019-01-25T15:24:45.366+0000: [ParNew: 69301K->317K(77440K), 0.0018562 secs] 176707K->107763K(249472K), 0.0019142 secs] [Times: user=0.01 sys=0.00, real=0.00 secs] 
2019-01-25T15:24:45.410+0000: [GC (Allocation Failure) 2019-01-25T15:24:45.410+0000: [ParNew: 69181K->395K(77440K), 0.0018064 secs] 176627K->107876K(249472K), 0.0018626 secs] [Times: user=0.00 sys=0.00, real=0.00 secs] 
2019-01-25T15:24:45.454+0000: [GC (Allocation Failure) 2019-01-25T15:24:45.454+0000: [ParNew: 69259K->361K(77440K), 0.0018727 secs] 176740K->107876K(249472K), 0.0019433 secs] [Times: user=0.00 sys=0.00, real=0.01 secs] 
2019-01-25T15:24:45.498+0000: [GC (Allocation Failure) 2019-01-25T15:24:45.498+0000: [ParNew: 69225K->324K(77440K), 0.0021355 secs] 176740K->107870K(249472K), 0.0021907 secs] [Times: user=0.01 sys=0.00, real=0.00 secs] 
2019-01-25T15:24:45.546+0000: [GC (Allocation Failure) 2019-01-25T15:24:45.546+0000: [ParNew: 69188K->410K(77440K), 0.0018595 secs] 176734K->107993K(249472K), 0.0019118 secs] [Times: user=0.01 sys=0.00, real=0.00 secs] 
2019-01-25T15:24:45.589+0000: [GC (Allocation Failure) 2019-01-25T15:24:45.589+0000: [ParNew: 69274K->363K(77440K), 0.0018146 secs] 176857K->107971K(249472K), 0.0018713 secs] [Times: user=0.01 sys=0.00, real=0.00 secs] 
2019-01-25T15:24:45.633+0000: [GC (Allocation Failure) 2019-01-25T15:24:45.633+0000: [ParNew: 69227K->455K(77440K), 0.0019169 secs] 176835K->108094K(249472K), 0.0019756 secs] [Times: user=0.01 sys=0.00, real=0.01 secs] 
2019-01-25T15:24:45.706+0000: [GC (Allocation Failure) 2019-01-25T15:24:45.706+0000: [ParNew: 69319K->359K(77440K), 0.0019916 secs] 176958K->108030K(249472K), 0.0020451 secs] [Times: user=0.01 sys=0.00, real=0.00 secs] 
2019-01-25T15:24:45.779+0000: [GC (Allocation Failure) 2019-01-25T15:24:45.779+0000: [ParNew: 69223K->453K(77440K), 0.0020267 secs] 176894K->108157K(249472K), 0.0020827 secs] [Times: user=0.01 sys=0.00, real=0.00 secs] 
2019-01-25T15:24:45.860+0000: [GC (Allocation Failure) 2019-01-25T15:24:45.860+0000: [ParNew: 69317K->637K(77440K), 0.0029659 secs] 177021K->108377K(249472K), 0.0030203 secs] [Times: user=0.01 sys=0.00, real=0.00 secs] 
2019-01-25T15:24:46.005+0000: [GC (Allocation Failure) 2019-01-25T15:24:46.005+0000: [ParNew: 69501K->603K(77440K), 0.0024948 secs] 177241K->108381K(249472K), 0.0025418 secs] [Times: user=0.01 sys=0.00, real=0.01 secs] 
2019-01-25T15:24:46.104+0000: [GC (Allocation Failure) 2019-01-25T15:24:46.104+0000: [ParNew: 69467K->379K(77440K), 0.0027680 secs] 177245K->108195K(249472K), 0.0028260 secs] [Times: user=0.01 sys=0.00, real=0.01 secs] 
2019-01-25T15:25:21.881+0000: [GC (Allocation Failure) 2019-01-25T15:25:21.881+0000: [ParNew: 69243K->865K(77440K), 0.0044587 secs] 177059K->108718K(249472K), 0.0045327 secs] [Times: user=0.02 sys=0.00, real=0.00 secs] 
2019-01-25T15:25:22.411+0000: [GC (Allocation Failure) 2019-01-25T15:25:22.411+0000: [ParNew: 56784K->3038K(77440K), 0.0180797 secs] 164637K->143719K(249472K), 0.0181348 secs] [Times: user=0.06 sys=0.01, real=0.02 secs] 
2019-01-25T15:25:22.435+0000: [GC (CMS Initial Mark) [1 CMS-initial-mark: 140681K(172032K)] 177967K(249472K), 0.0020554 secs] [Times: user=0.00 sys=0.00, real=0.00 secs] 
2019-01-25T15:25:22.442+0000: [CMS-concurrent-mark-start]
2019-01-25T15:25:22.513+0000: [CMS-concurrent-mark: 0.068/0.072 secs] [Times: user=0.19 sys=0.00, real=0.07 secs] 
2019-01-25T15:25:22.514+0000: [CMS-concurrent-preclean-start]
2019-01-25T15:25:22.516+0000: [CMS-concurrent-preclean: 0.002/0.002 secs] [Times: user=0.00 sys=0.00, real=0.00 secs] 
2019-01-25T15:25:22.516+0000: [CMS-concurrent-abortable-preclean-start]
2019-01-25T15:25:22.660+0000: [GC (Allocation Failure) 2019-01-25T15:25:22.660+0000: [ParNew2019-01-25T15:25:22.685+0000: [CMS-concurrent-abortable-preclean: 0.063/0.169 secs] [Times: user=0.63 sys=0.02, real=0.16 secs] 
: 71902K->4724K(77440K), 0.0256047 secs] 212583K->178201K(265860K), 0.0256777 secs] [Times: user=0.08 sys=0.01, real=0.02 secs] 
2019-01-25T15:25:22.698+0000: [GC (CMS Final Remark) [YG occupancy: 8497 K (77440 K)]2019-01-25T15:25:22.698+0000: [Rescan (parallel) , 0.0042805 secs]2019-01-25T15:25:22.702+0000: [weak refs processing, 0.0001228 secs]2019-01-25T15:25:22.702+0000: [class unloading, 0.0087869 secs]2019-01-25T15:25:22.711+0000: [scrub symbol table, 0.0076432 secs]2019-01-25T15:25:22.719+0000: [scrub string table, 0.0005517 secs][1 CMS-remark: 173476K(188420K)] 181973K(265860K), 0.0215086 secs] [Times: user=0.04 sys=0.00, real=0.02 secs] 
2019-01-25T15:25:22.730+0000: [CMS-concurrent-sweep-start]
2019-01-25T15:25:22.785+0000: [CMS-concurrent-sweep: 0.024/0.055 secs] [Times: user=0.20 sys=0.00, real=0.05 secs] 
2019-01-25T15:25:22.785+0000: [CMS-concurrent-reset-start]
2019-01-25T15:25:22.801+0000: [CMS-concurrent-reset: 0.016/0.016 secs] [Times: user=0.06 sys=0.00, real=0.02 secs] 
2019-01-25T15:25:23.086+0000: [GC (Allocation Failure) 2019-01-25T15:25:23.086+0000: [ParNew: 73588K->8576K(77440K), 0.0880112 secs] 237840K->192687K(351196K), 0.0880769 secs] [Times: user=0.32 sys=0.01, real=0.09 secs] 
2019-01-25T15:25:23.301+0000: [GC (Allocation Failure) 2019-01-25T15:25:23.301+0000: [ParNew: 77440K->8576K(77440K), 0.1044363 secs] 261551K->234854K(351196K), 0.1045063 secs] [Times: user=0.37 sys=0.03, real=0.11 secs] 
2019-01-25T15:25:23.415+0000: [GC (CMS Initial Mark) [1 CMS-initial-mark: 226278K(273756K)] 242869K(351196K), 0.0094129 secs] [Times: user=0.02 sys=0.00, real=0.00 secs] 
2019-01-25T15:25:23.424+0000: [CMS-concurrent-mark-start]
2019-01-25T15:25:23.590+0000: [CMS-concurrent-mark: 0.165/0.165 secs] [Times: user=0.66 sys=0.00, real=0.17 secs] 
2019-01-25T15:25:23.590+0000: [GC (Allocation Failure) 2019-01-25T15:25:23.590+0000: [ParNew: 77406K->8576K(77440K), 0.1376359 secs] 303685K->275954K(351196K), 0.1376914 secs] [Times: user=0.52 sys=0.01, real=0.14 secs] 
2019-01-25T15:25:23.728+0000: [CMS-concurrent-preclean-start]
2019-01-25T15:25:23.841+0000: [CMS-concurrent-preclean: 0.112/0.113 secs] [Times: user=0.44 sys=0.01, real=0.11 secs] 
2019-01-25T15:25:23.842+0000: [CMS-concurrent-abortable-preclean-start]
2019-01-25T15:25:23.850+0000: [GC (Allocation Failure) 2019-01-25T15:25:23.850+0000: [ParNew: 77440K->8576K(77440K), 0.1056555 secs] 344818K->324585K(394156K), 0.1057097 secs] [Times: user=0.38 sys=0.02, real=0.11 secs] 
2019-01-25T15:25:24.195+0000: [GC (Allocation Failure) 2019-01-25T15:25:24.195+0000: [ParNew: 77440K->8381K(77440K), 0.0465131 secs] 393449K->332700K(402604K), 0.0465684 secs] [Times: user=0.15 sys=0.02, real=0.04 secs] 
2019-01-25T15:25:24.241+0000: [CMS-concurrent-abortable-preclean: 0.236/0.400 secs] [Times: user=1.52 sys=0.05, real=0.40 secs] 
2019-01-25T15:25:24.252+0000: [GC (CMS Final Remark) [YG occupancy: 18472 K (77440 K)]2019-01-25T15:25:24.252+0000: [Rescan (parallel) , 0.0298622 secs]2019-01-25T15:25:24.282+0000: [weak refs processing, 0.0001836 secs]2019-01-25T15:25:24.282+0000: [class unloading, 0.0075810 secs]2019-01-25T15:25:24.289+0000: [scrub symbol table, 0.0077391 secs]2019-01-25T15:25:24.297+0000: [scrub string table, 0.0005713 secs][1 CMS-remark: 324319K(325164K)] 342792K(402604K), 0.0461251 secs] [Times: user=0.13 sys=0.00, real=0.05 secs] 
2019-01-25T15:25:24.305+0000: [CMS-concurrent-sweep-start]
2019-01-25T15:25:24.362+0000: [GC (Allocation Failure) 2019-01-25T15:25:24.362+0000: [ParNew: 77245K->3839K(77440K), 0.0186084 secs] 394951K->326235K(402604K), 0.0186561 secs] [Times: user=0.07 sys=0.00, real=0.02 secs] 
2019-01-25T15:25:24.423+0000: [CMS-concurrent-sweep: 0.097/0.118 secs] [Times: user=0.45 sys=0.02, real=0.12 secs] 
2019-01-25T15:25:24.424+0000: [CMS-concurrent-reset-start]
2019-01-25T15:25:24.435+0000: [CMS-concurrent-reset: 0.011/0.011 secs] [Times: user=0.06 sys=0.00, real=0.02 secs] 
2019-01-25T15:25:24.438+0000: [GC (Allocation Failure) 2019-01-25T15:25:24.438+0000: [ParNew: 72703K->959K(77440K), 0.0017174 secs] 393243K->321499K(611676K), 0.0017581 secs] [Times: user=0.00 sys=0.00, real=0.00 secs] 
2019-01-25T15:25:24.486+0000: [GC (Allocation Failure) 2019-01-25T15:25:24.486+0000: [ParNew: 69823K->240K(77440K), 0.0016792 secs] 390363K->320780K(611676K), 0.0017251 secs] [Times: user=0.01 sys=0.00, real=0.00 secs] 
2019-01-25T15:25:24.529+0000: [GC (Allocation Failure) 2019-01-25T15:25:24.529+0000: [ParNew: 69104K->60K(77440K), 0.0017011 secs] 389644K->320600K(611676K), 0.0017543 secs] [Times: user=0.01 sys=0.00, real=0.00 secs] 
2019-01-25T15:25:24.572+0000: [GC (Allocation Failure) 2019-01-25T15:25:24.572+0000: [ParNew: 68924K->15K(77440K), 0.0016822 secs] 389464K->320555K(611676K), 0.0017461 secs] [Times: user=0.00 sys=0.01, real=0.01 secs] 
2019-01-25T15:25:24.615+0000: [GC (Allocation Failure) 2019-01-25T15:25:24.615+0000: [ParNew: 68879K->8K(77440K), 0.0016803 secs] 389419K->320548K(611676K), 0.0017274 secs] [Times: user=0.01 sys=0.00, real=0.00 secs] 
2019-01-25T15:25:24.658+0000: [GC (Allocation Failure) 2019-01-25T15:25:24.658+0000: [ParNew: 68872K->8K(77440K), 0.0016884 secs] 389412K->320548K(611676K), 0.0017383 secs] [Times: user=0.00 sys=0.00, real=0.00 secs] 
2019-01-25T15:25:24.702+0000: [GC (Allocation Failure) 2019-01-25T15:25:24.702+0000: [ParNew: 68872K->8K(77440K), 0.0016833 secs] 389412K->320548K(611676K), 0.0017299 secs] [Times: user=0.01 sys=0.00, real=0.00 secs] 
2019-01-25T15:25:25.010+0000: [GC (Allocation Failure) 2019-01-25T15:25:25.010+0000: [ParNew: 68872K->460K(77440K), 0.0021708 secs] 389412K->321000K(611676K), 0.0022192 secs] [Times: user=0.00 sys=0.00, real=0.00 secs] 
Heap
 par new generation   total 77440K, used 53258K [0x0000000680000000, 0x0000000685400000, 0x0000000694cc0000)
  eden space 68864K,  76% used [0x0000000680000000, 0x000000068338fa88, 0x0000000684340000)
  from space 8576K,   5% used [0x0000000684ba0000, 0x0000000684c13020, 0x0000000685400000)
  to   space 8576K,   0% used [0x0000000684340000, 0x0000000684340000, 0x0000000684ba0000)
 concurrent mark-sweep generation total 534236K, used 320540K [0x0000000694cc0000, 0x00000006b5677000, 0x00000007c0000000)
 Metaspace       used 61763K, capacity 62508K, committed 62704K, reserved 1103872K
  class space    used 7870K, capacity 8082K, committed 8208K, reserved 1048576K
